Epoch	Duration				Loss Step Train			Loss Full Train			Loss Step Test			Loss Full Test
0		30.85083459999987		17.027116775512695		17.943902387161256		1.9806350721359254		3.9612701442718508
1		34.13396339999963		16.423337936401367		17.16262819766998		2.648775359916687		5.297550719833374
2		33.21493229999942		14.713480949401855		15.033308051605225		2.5608178800582886		5.121635760116577
3		33.3508082999997		14.474628448486328		14.649454631690979		5.896028513145446		11.792057026290893
4		33.58075950000057		17.349212646484375		17.49383402824402		2.0656509387969972		4.1313018775939945
5		33.32741349999924		15.742894172668457		15.518307219429015		1.103961722946167		2.207923445892334
6		33.38941749999867		17.86161994934082		16.795418505249025		1.0333182392120361		2.0666364784240723
7		33.21800670000084		12.452438354492188		12.369887625160217		1.0198583209991454		2.039716641998291
8		33.134227999998984		13.49118709564209		13.3862040259552		1.0450788427352906		2.0901576854705812
9		33.10518459999912		12.026138305664062		12.499198081665039		1.0305174045562744		2.0610348091125488
10		33.028287799999816		15.67325496673584		20.228251664199828		1.1106827317237855		2.221365463447571
11		33.01992539999992		6.8231611251831055		10.59503865535736		1.2817334573745727		2.5634669147491453
12		33.13628349999999		2.2215492725372314		3.182903035507202		0.8699735342025757		1.7399470684051515
13		33.0192705999998		1.7660971879959106		2.2864015573501586		0.997333860206604		1.994667720413208
14		33.24083669999891		1.584446668624878		2.052221318321228		0.7219455227851868		1.4438910455703735
15		33.29349150000053		1.5974794626235962		2.0440988938140867		0.6922517087936402		1.3845034175872803
16		33.07280139999966		1.4969046115875244		1.9323306471443176		0.5678812387466431		1.1357624774932862
17		33.07798670000011		1.3872432708740234		1.8138956698989868		0.5399602252006531		1.0799204504013062
18		33.18792849999954		1.3935861587524414		1.813395282611847		0.7218676536083222		1.4437353072166443
19		33.20770269999957		1.389846682548523		1.8025582344055175		0.5857673855543136		1.1715347711086272
20		33.24601840000105		1.3427696228027344		1.7456705692481995		2.7403057985305788		5.4806115970611575
21		33.24975740000082		1.392642617225647		1.7944249263572694		0.4633104051113129		0.9266208102226258
22		33.51928550000048		1.256110429763794		1.653911844177246		0.5202441123485565		1.040488224697113
23		33.39894129999993		1.2924307584762573		1.6984526496505736		0.41493018476963045		0.8298603695392609
24		33.355157599999075		1.227351427078247		1.621622434425354		0.4141566793203354		0.8283133586406708
25		33.266081300000224		1.3243801593780518		1.716533802433014		0.38486054978370665		0.7697210995674133
26		33.370512899999085		1.2467504739761353		1.636163574142456		0.41089554858207705		0.8217910971641541
27		33.350475899998855		1.4927306175231934		1.823733203983307		0.3965306554317474		0.7930613108634949
28		33.45606039999984		1.1895755529403687		1.5721268674468993		0.37194174036979677		0.7438834807395935
29		33.7465721999979		1.105978012084961		1.4929672522068023		0.9137499987840653		1.8274999975681305
30		33.674609699999564		1.1302632093429565		1.5110604401874543		0.5181825320243836		1.0363650640487672
31		33.29161480000039		1.1720294952392578		1.5543002305984497		0.3475297440767288		0.6950594881534576
32		33.56263210000179		1.1881779432296753		1.5677764879703522		0.31836788272857663		0.6367357654571533
33		33.153687300000456		1.126224398612976		1.5053911609745025		0.7156216558456421		1.4312433116912842
34		33.224621900000784		1.1950844526290894		1.5741642505073548		0.329000802564621		0.658001605129242
35		33.523032900000544		1.0913734436035156		1.4676335936260223		0.36976449360847474		0.7395289872169495
36		33.37186599999768		1.110583782196045		1.4893923872375487		0.32398906457424165		0.6479781291484833
37		33.30335980000018		1.1696112155914307		1.5471173331832886		0.3605080389499664		0.7210160778999328
38		33.434303900001396		1.0537948608398438		1.4294496952438354		0.2899496883511543		0.5798993767023086
39		33.36399490000258		1.1594429016113281		1.5299184779930115		0.4689922457695007		0.9379844915390014
40		33.437373599997954		1.1435375213623047		1.5102285888957978		0.27197309416532517		0.5439461883306503
41		33.19659500000125		1.0432394742965698		1.4192107419395448		0.3995861267566681		0.7991722535133362
42		33.31407600000239		1.091418743133545		1.4623641113567352		0.32257371113300326		0.6451474222660065
43		33.58821000000171		1.090738296508789		1.460241937980652		0.6739534599781036		1.3479069199562073
44		33.34053330000097		1.1406309604644775		1.5107896760463715		0.26294964859485626		0.5258992971897125
45		33.414784299999155		1.1651034355163574		1.5219093552684784		0.25747995430231096		0.5149599086046219
46		33.3170597999997		1.0646095275878906		1.431648787059784		0.2802337185740471		0.5604674371480942
47		33.624005900001066		1.1348425149917603		1.5039620036220551		0.2980245245099068		0.5960490490198136
48		33.30487250000078		1.0621120929718018		1.4296574584293364		0.2548987578749657		0.5097975157499314
49		33.40847719999874		1.1199522018432617		1.4899315256214143		0.5018197448730469		1.0036394897460938
50		33.340624799999205		1.2206913232803345		1.5655611914348602		0.3078332931518555		0.615666586303711
51		30.971259800000553		1.0176416635513306		1.3865600447368622		0.6035154309988022		1.2070308619976045
52		29.79618219999975		1.0730611085891724		1.432641399974823		0.2879756525039673		0.5759513050079346
53		29.872817799998302		1.0315821170806885		1.3978847291183472		0.2363044872045517		0.4726089744091034
54		30.140208699998766		1.0967527627944946		1.4623849728679656		0.40083025604486466		0.8016605120897293
55		30.38117929999862		1.0167584419250488		1.380675646314621		0.24240229984521866		0.4848045996904373
56		29.79790259999936		1.1361221075057983		1.4937387487792968		0.25019761029481885		0.5003952205896377
57		30.04814560000159		1.0507097244262695		1.4188410921525956		0.224798597407341		0.449597194814682
58		30.065577699999267		1.021011233329773		1.3858591584777833		0.2837202591300011		0.5674405182600022
59		29.752215200001956		1.0598697662353516		1.4203795116615296		0.22988270415067671		0.45976540830135343
60		30.042971700000635		1.0075384378433228		1.3745304943466186		0.22678109970092775		0.4535621994018555
61		29.66166499999963		1.0440720319747925		1.4116377105712892		0.22229215809106828		0.44458431618213656
62		29.911280699998315		0.9779256582260132		1.3441230214691162		0.2747421650409698		0.5494843300819396
63		29.923006900000473		1.0796054601669312		1.446215985751152		0.28663605828285216		0.5732721165657043
64		30.025253099996917		1.0315204858779907		1.3999869468593598		0.23235230615139008		0.46470461230278015
65		30.004680900001404		1.1539472341537476		1.516417741689682		0.5282746128320694		1.056549225664139
66		30.01811000000089		1.0000417232513428		1.3661207080125808		0.23744363108873368		0.47488726217746735
67		30.29156789999979		1.0501285791397095		1.4141087075519563		0.29991421518325806		0.5998284303665161
68		29.854059100001905		1.073691964149475		1.433910352282524		0.21273312895298005		0.4254662579059601
69		29.762761099998897		1.0556696653366089		1.4162136353349686		0.2437447247028351		0.4874894494056702
70		30.229043700001057		1.02028489112854		1.3842580565166474		0.33083125996589663		0.6616625199317933
71		30.16676880000159		1.0453706979751587		1.4062975659942627		0.203129352414608		0.406258704829216
72		29.819361000001663		1.0090972185134888		1.375267993593216		0.253984300339222		0.507968600678444
73		29.82835740000155		0.9993458986282349		1.3634205652999878		0.22615134382247926		0.4523026876449585
74		29.926190199999837		1.0033236742019653		1.372510746626854		0.2065503379404545		0.413100675880909
75		29.947069800000463		0.9627814888954163		1.3325871243143081		0.19540569586753845		0.3908113917350769
76		29.98345580000023		0.9686228632926941		1.3346635657835006		0.41814513965845107		0.8362902793169021
77		30.125416800001403		1.0918699502944946		1.4445666224908829		0.1915522735595703		0.3831045471191406
78		30.10961359999783		1.0921677350997925		1.4472884288740158		0.44232445249557495		0.8846489049911499
79		29.97518829999899		1.0300287008285522		1.3968649482250213		0.9760224066734314		1.9520448133468629
80		30.078053299999738		0.9523142576217651		1.3134327662420273		0.23447239606380463		0.46894479212760926
81		29.692908900000475		0.9812515377998352		1.3436476814556122		0.2061574534058571		0.4123149068117142
82		30.403553200001625		0.9810460805892944		1.3493042157363893		0.2575712252855301		0.5151424505710602
83		29.99644790000093		0.9555916786193848		1.3199575947952271		0.22382682027816772		0.44765364055633544
84		29.81966850000026		0.9694704413414001		1.3380888445234298		0.18446671263575554		0.3689334252715111
85		30.076219700000365		1.0571120977401733		1.4099314787340165		0.20537984102368353		0.41075968204736707
86		29.730128799998056		0.9732054471969604		1.3389376629400254		0.24370640227794646		0.4874128045558929
87		29.878724400001374		1.0413734912872314		1.400344117565155		0.23424528084993362		0.46849056169986725
88		29.707930399999896		1.0194034576416016		1.38386840344429		0.2492939764380455		0.498587952876091
89		29.650793300002988		0.979361355304718		1.34103913233757		0.18321546573638917		0.36643093147277833
90		29.833881599999586		0.9508466720581055		1.3159709508895874		0.20419273888468742		0.40838547776937484
91		30.175012900002912		0.9823194146156311		1.347328924460411		0.3064278688430786		0.6128557376861572
92		29.936653199998545		1.026232361793518		1.3884567971134185		0.22614047784805297		0.45228095569610594
93		29.711194200001046		1.0332562923431396		1.397322526369095		0.27712705355882644		0.5542541071176529
94		29.72794200000135		0.989533543586731		1.353479303984642		0.3754035917520523		0.7508071835041046
95		29.941544099998282		0.987415611743927		1.3466248190307617		0.18085057376027108		0.36170114752054217
96		29.841908599999442		0.9993079304695129		1.3658079427862166		0.48086833406686785		0.9617366681337357
97		29.779838900001778		0.9997939467430115		1.3601976466798782		0.19799585074186324		0.3959917014837265
98		29.83313470000212		1.0416882038116455		1.3906645205688477		0.20169317086935043		0.40338634173870086
99		29.879877499999566		0.9427275657653809		1.3045403706550598		0.2520622005105019		0.5041244010210038
100		30.05576690000089		1.0793226957321167		1.4369587860012054		0.18620681279301643		0.37241362558603286
101		29.946780999998737		0.9259734153747559		1.2921677598285675		0.3114290403842926		0.6228580807685852
102		30.326557499996852		0.9576651453971863		1.3242845111894608		0.17741125785708428		0.35482251571416856
103		30.07581410000057		1.0867661237716675		1.4457859305047989		0.23602049996852875		0.4720409999370575
104		29.676353599999857		0.960388720035553		1.3244545448446274		0.35637895451784135		0.7127579090356827
105		30.01229119999698		1.0275321006774902		1.3876408196258545		0.3642416759252548		0.7284833518505096
106		29.51676840000073		0.9483467936515808		1.3101351799821854		0.2337090459704399		0.4674180919408798
107		29.9037356000008		0.9713013768196106		1.3311361170387268		0.641449268579483		1.282898537158966
108		29.845527299999958		0.951988160610199		1.3211777583408355		0.234960415828228		0.469920831656456
109		30.120657700001175		0.9170369505882263		1.2796242352199554		0.17296127987504006		0.3459225597500801
110		29.902391499999794		0.9957302808761597		1.360684805288315		0.17342570537924767		0.34685141075849535
111		29.94149549999929		0.9123672246932983		1.27605623670578		0.18455316045880318		0.36910632091760637
112		30.185809900001914		0.9928687214851379		1.3549165780687331		0.18590124235749245		0.3718024847149849
113		30.34423710000192		0.9252772927284241		1.2860287511110307		0.1823350623190403		0.3646701246380806
114		30.29198760000145		0.9864896535873413		1.3530829003810882		0.2076011427283287		0.4152022854566574
115		30.517406399998436		0.9603151082992554		1.3254211191511154		0.19075071704983712		0.38150143409967424
116		29.779541899999458		0.9425516128540039		1.3047810714912416		0.20324101793766022		0.40648203587532045
117		29.91581260000021		1.0227417945861816		1.3847997691631317		0.6946957666993141		1.3893915333986282
118		29.917149099997914		0.9063102602958679		1.2725233003902436		0.1809942776441574		0.3619885552883148
119		29.892826599996624		1.0142351388931274		1.3758657668399812		0.4539661414146423		0.9079322828292846
120		30.13592780000181		0.9329676032066345		1.2979844705820083		0.3593625386953354		0.7187250773906708
121		30.011443799998233		0.914500892162323		1.2750402774000167		0.18173966799974442		0.36347933599948884
122		29.874537100000452		0.9310392141342163		1.293960013604164		0.3259023402452469		0.6518046804904938
123		30.142790999998397		0.9119150638580322		1.2793996810388566		0.16556008900403976		0.3311201780080795
124		29.73352850000083		1.004504919052124		1.3736477379846572		0.16768048224449159		0.33536096448898317
125		29.839041700000962		0.9364549517631531		1.2985713760900497		0.1640880791604519		0.3281761583209038
126		30.299512499997945		0.9448664784431458		1.3034997393655776		0.5911603396058083		1.1823206792116165
127		30.4164380000002		0.9426219463348389		1.3066015175914765		0.20638870463371276		0.4127774092674255
128		30.054063299998234		0.9356767535209656		1.2997792611646652		0.30256091969013216		0.6051218393802643
129		29.890074999999342		0.8702653050422668		1.2317504327106477		0.2747810207247734		0.5495620414495468
130		29.99483709999913		0.99418705701828		1.3554205282735825		0.18507955782413482		0.37015911564826964
131		30.007663200001844		0.9060652256011963		1.2796028340291976		0.6777903653860092		1.3555807307720185
132		29.837220099998376		0.9953895807266235		1.340338738641739		0.19546382406949997		0.39092764813899994
133		30.122505800001818		0.9177628755569458		1.2835588542842864		0.22022675607204437		0.44045351214408873
134		30.16828069999974		0.8949551582336426		1.2596521084928514		0.2205268954873085		0.441053790974617
135		30.0064472999984		0.9663630723953247		1.3252374429798126		0.1746185962855816		0.3492371925711632
136		30.025521799998387		0.8928698897361755		1.2613187504673005		0.16370318295955658		0.32740636591911315
137		29.91829019999932		0.9155706763267517		1.2786358782815934		0.1753341105759144		0.3506682211518288
138		30.054775199998403		0.9245415925979614		1.2907714917707442		0.15994907746315		0.3198981549263
139		30.419089700000768		0.9552369117736816		1.3158338242483139		0.16876036605238914		0.3375207321047783
140		30.16764289999992		0.8892202973365784		1.2516896033477782		0.19249149265885354		0.3849829853177071
141		29.91382650000014		0.8927546739578247		1.2594104945278168		0.15982823940515517		0.31965647881031034
142		30.047702599997137		0.9511739611625671		1.3070939303159714		0.15722076532840729		0.31444153065681457
143		30.109212199997273		0.9136655926704407		1.2784960090494155		0.16570711855888368		0.33141423711776735
144		29.87559660000261		0.8706904649734497		1.2360415790557862		0.17563322468996048		0.35126644937992096
145		30.181906300000264		0.9564505219459534		1.3261433683252335		0.2868790732741356		0.5737581465482712
146		30.14135979999992		0.911367654800415		1.2776135110902787		0.1752969871878624		0.3505939743757248
147		30.097510200001125		0.9105345010757446		1.2735700807237624		0.2635181711435318		0.5270363422870636
148		30.109216699998797		0.8796878457069397		1.24632781894207		0.15529641426205634		0.3105928285241127
149		30.081838099999004		0.9898382425308228		1.3534558927869798		0.15659816545844077		0.31319633091688154
150		30.166493199998513		0.8778342604637146		1.2406965673065184		0.16941706779003143		0.33883413558006287
151		30.12496480000118		0.9047158360481262		1.274165865893364		0.1781409983575344		0.3562819967150688
152		29.994577200002823		0.9091825485229492		1.279209185385704		0.22629924948215485		0.4525984989643097
153		30.081216000002314		0.8742176294326782		1.2415585947847367		0.36660926625728607		0.7332185325145721
154		30.0125315999976		0.9232785105705261		1.2827873452472687		0.25606861901879313		0.5121372380375863
155		29.90213369999765		0.917648434638977		1.2754845735979081		0.3998953551530838		0.7997907103061676
156		29.99983599999905		0.9309303760528564		1.298028638572693		0.3636685521245003		0.7273371042490006
157		30.165629800001625		0.8739482760429382		1.2369126056480408		0.2566875085413456		0.5133750170826912
158		29.881076100002247		0.94288569688797		1.3146854327011108		0.17179168783426285		0.3435833756685257
159		30.15206070000204		0.8727223873138428		1.2376132040929795		0.27495332823991775		0.5499066564798355
160		30.060584499999095		0.888035774230957		1.2515700669574739		0.45467704874277115		0.9093540974855423
161		30.048781199999212		0.8883981704711914		1.2498751568984985		0.16408198978304864		0.3281639795660973
162		30.072738000002573		0.9566140174865723		1.3250285473966599		0.16306527094244957		0.32613054188489915
163		30.441155999997136		0.8595761656761169		1.226055521144867		0.1581608980000019		0.3163217960000038
164		30.35071590000007		0.90228670835495		1.2647652071237565		0.15692000208497048		0.31384000416994096
165		30.003217999998014		0.8987981081008911		1.2653402457094192		0.15286514948606492		0.30573029897212983
166		30.279833399999916		0.9329438209533691		1.2936718999910355		0.17719439210891724		0.3543887842178345
167		30.17767620000086		0.8779317736625671		1.2406062201976775		0.1501766629397869		0.3003533258795738
168		29.978983299999527		0.8722895383834839		1.2325238949775696		0.16633187206983566		0.3326637441396713
169		30.083696400000917		0.8765132427215576		1.2407928945064544		0.1713654570519924		0.3427309141039848
170		29.989324599999236		0.8677757382392883		1.2316857407474517		0.1538305906713009		0.3076611813426018
171		30.128297600000224		0.8975635766983032		1.2612756206941604		0.28023938739299775		0.5604787747859955
172		30.22710780000125		0.8486263751983643		1.2108093654155732		0.15626159229278563		0.31252318458557127
173		30.127157000002626		0.9116058349609375		1.287124081530571		0.6948125001788139		1.3896250003576278
174		30.373245200000383		0.9251042604446411		1.2858226509690285		0.16149373752474785		0.3229874750494957
175		30.382981999999174		0.8427337408065796		1.2028793577623367		0.15143055794239044		0.3028611158847809
176		30.013723000000027		0.9135486483573914		1.2705189742708207		0.181231822347641		0.362463644695282
177		29.99707280000075		0.8919432759284973		1.255809289803505		0.14981514548659325		0.2996302909731865
178		30.033818599997176		0.9832394123077393		1.33104625664711		0.15251934153437616		0.3050386830687523
179		29.9214221000002		0.873971164226532		1.2407932482099533		0.1656338463306427		0.3312676926612854
180		29.887550499999634		0.8535131812095642		1.2176626930046082		0.15781621252298356		0.3156324250459671
181		30.22616410000046		0.8621600270271301		1.2244705486679077		0.15367224380970002		0.30734448761940003
182		30.171568300000217		0.877931535243988		1.242637887854576		0.16180695424079894		0.3236139084815979
183		30.080859300000157		0.8518702387809753		1.2192835347604751		0.2181355559825897		0.4362711119651794
184		30.070625699998345		0.8532630801200867		1.2128973667430878		0.1832071916937828		0.3664143833875656
185		30.252798199999233		0.8898933529853821		1.2530472950172424		0.18060983899831773		0.36121967799663546
186		30.215924399999494		0.8625255823135376		1.2321466754722594		0.22465158427953721		0.44930316855907443
187		30.306791099999828		0.9014021158218384		1.2656850333309173		0.14739680629968643		0.29479361259937287
188		30.083057600000757		0.8534523248672485		1.2157086190128326		0.18004335305690766		0.3600867061138153
189		29.904974699999002		0.8726454377174377		1.2350936788702012		0.15351963248252867		0.30703926496505735
190		29.839540999997553		0.8855088353157043		1.2418582995986938		0.26226088582277296		0.5245217716455459
191		30.093929800001206		0.8562796711921692		1.2205504106283187		0.29838114888072015		0.5967622977614403
192		30.191858000001957		0.8531440496444702		1.2189316318178176		0.16280854132175446		0.3256170826435089
193		30.0459821000004		0.9049961566925049		1.2715053408384323		0.1447638134121895		0.289527626824379
194		30.19065000000046		0.8559160232543945		1.2195536223506926		0.14722230340242387		0.29444460680484774
195		30.20225830000345		0.8405802249908447		1.2063998264169693		0.15885535012483598		0.31771070024967196
196		30.012360500000796		0.8586447238922119		1.2260704111766816		0.14749820219278337		0.29499640438556674
197		30.13891270000022		0.8640099763870239		1.2259710502290726		0.16315553255081178		0.32631106510162355
198		30.30391150000287		0.8507101535797119		1.21289347802639		0.14553997396826743		0.29107994793653486
199		30.254849099997955		0.8719954490661621		1.2327942972803116		0.14438933339715004		0.2887786667943001
200		30.083317600001465		0.8241893649101257		1.1870976563739777		0.3966589580476284		0.7933179160952568
201		30.31561800000054		0.8806449174880981		1.2420379804563522		0.14893712087869646		0.2978742417573929
202		30.268843699999707		0.8236814141273499		1.1900221601200103		0.1445238821208477		0.2890477642416954
203		29.903588299999683		0.8898590207099915		1.2514308694791794		0.16316266359090806		0.3263253271818161
204		30.097522100000788		0.8374896049499512		1.2052191865301132		0.21789619743824004		0.4357923948764801
205		30.015468599998712		0.8252944350242615		1.1895958246135712		0.1446454489290714		0.2892908978581428
206		30.03213329999926		0.8961825370788574		1.2667182947587967		0.15742243477106094		0.3148448695421219
207		30.242772899997362		0.8251928091049194		1.1864359952020644		0.14616835102438927		0.29233670204877854
208		30.121138899998186		0.872079610824585		1.238477865319252		0.15979348167181015		0.3195869633436203
209		30.005875099999685		0.8606475591659546		1.222791475458145		0.3115565021514893		0.6231130043029786
210		30.50048500000048		0.8317705392837524		1.1981148750495911		0.14363353161215783		0.28726706322431567
211		30.366458100001182		0.8371127247810364		1.1989260445022583		0.38970044956803324		0.7794008991360665
212		30.127728799998295		0.835915744304657		1.202057194943428		0.1429056085050106		0.2858112170100212
213		29.697152300002926		0.8385543823242188		1.2007615562629699		0.17480108112096787		0.34960216224193574
214		30.078986800002895		0.8180935978889465		1.1824203980207444		0.18178694673180582		0.36357389346361163
215		29.999973099998897		0.8702454566955566		1.233054550652504		0.21685929238200188		0.43371858476400377
216		30.0259595000025		0.873442530632019		1.2392684456110001		0.19068878331780434		0.3813775666356087
217		29.95351799999844		0.8438335657119751		1.2071606806087494		0.14977950944900512		0.29955901889801023
218		30.210010700000566		0.8397538065910339		1.204135659995079		0.14533990109562875		0.2906798021912575
219		29.816851300001872		0.8332653641700745		1.1983885147190094		0.15767385665774344		0.3153477133154869
220		30.33074179999676		0.8522656559944153		1.215792435412407		0.14500497146844865		0.2900099429368973
221		30.104746299999533		0.8397062420845032		1.2019791754603386		0.15525610263347625		0.3105122052669525
222		30.41240370000014		0.8334412574768066		1.1924327173995972		0.2140186052083969		0.4280372104167938
223		30.3774642999997		0.8249819874763489		1.1893255689620972		0.14114013448357582		0.28228026896715164
224		29.889313700001367		0.8518232703208923		1.216269503569603		0.13969505805969237		0.27939011611938475
225		30.019431699998677		0.8200409412384033		1.183377130432129		0.1843455275595188		0.3686910551190376
226		30.15088839999953		0.8399738073348999		1.2020078079199792		0.14235075325965882		0.28470150651931764
227		30.009033999998792		0.8191240429878235		1.1830537754249573		0.15078109178543092		0.30156218357086184
228		29.92626499999824		0.8184243440628052		1.1839720288705826		0.14718105002641677		0.29436210005283353
229		30.01135140000042		0.8263598084449768		1.1908995936489106		0.1846549612224102		0.3693099224448204
230		30.427759400001378		0.8420489430427551		1.2077265103435517		0.1429317034959793		0.2858634069919586
231		30.271129000000656		0.8160213828086853		1.1789878684949875		0.150005055052042		0.300010110104084
232		30.165494200002286		0.8319284319877625		1.192798055627346		0.15299933565855026		0.3059986713171005
233		30.13111680000293		0.8456171154975891		1.2068731457662583		0.14074916859269143		0.28149833718538286
234		30.43019980000099		0.8012264370918274		1.16314759806633		0.20204047315716744		0.4040809463143349
235		30.11638650000168		0.8252584338188171		1.1903283579826356		0.140875010317564		0.281750020635128
236		30.123364400002174		0.8108379244804382		1.1730875053977967		0.17643158264756204		0.35286316529512407
237		30.030465799998638		0.825943648815155		1.1885346947145463		0.1518365556538105		0.303673111307621
238		30.04319039999973		0.8196595311164856		1.1839313935709		0.18826767293214797		0.37653534586429593
239		30.751192199997604		0.812018632888794		1.1735064756393432		0.1404933978319168		0.2809867956638336
240		30.273003499998595		0.8076850771903992		1.1725825251245499		0.15001055511236192		0.30002111022472383
241		30.550389399999403		0.8215720057487488		1.183493979229927		0.138032778185606		0.276065556371212
242		30.354997000002186		0.8281134963035583		1.1869415986919403		0.1653683783531189		0.3307367567062378
243		30.366711499998928		0.8400995135307312		1.2044441829919814		0.1377560562968254		0.2755121125936508
244		30.167900000000373		0.8064945936203003		1.1699882439923286		0.40843381416797636		0.8168676283359527
245		30.544726800002536		0.8023865222930908		1.1649385377788544		0.1375028332710266		0.2750056665420532
246		31.019021399999474		0.816837728023529		1.1781885790657998		0.13752890149354935		0.2750578029870987
247		30.515717499998573		0.8166925311088562		1.1772513736391068		0.20531498751044272		0.41062997502088544
248		30.097244299999147		0.8047362565994263		1.1642343812394143		0.16856601798534393		0.33713203597068786
249		30.499580100000458		0.8047983646392822		1.1664816716766357		0.17935247661471368		0.35870495322942736
250		30.562503100001777		0.8287336230278015		1.1891001842331885		0.1368208762526512		0.2736417525053024
251		30.607610800001567		0.7963096499443054		1.1553293283295631		0.14042852390408517		0.28085704780817033
252		30.468421099998523		0.8110759258270264		1.175770819721222		0.14192152145504952		0.28384304291009904
253		30.500774300002377		0.8126350045204163		1.175632496290207		0.1398496268749237		0.2796992537498474
254		30.357528600001388		0.810910701751709		1.175805684671402		0.15475270562171936		0.3095054112434387
255		30.37216179999814		0.7996829748153687		1.1622743332338332		0.17741164383888244		0.3548232876777649
256		30.442048299999442		0.8220263123512268		1.1864833970689774		0.14976059970259667		0.29952119940519334
257		30.80895910000254		0.8064975738525391		1.1698382496881485		0.2338807791352272		0.4677615582704544
258		30.90704320000077		0.7932102680206299		1.150679576253891		0.1358306245267391		0.2716612490534782
259		30.51940299999842		0.8125120401382446		1.1751069418287277		0.1361499851703644		0.2722999703407288
260		30.301681500000996		0.8177776336669922		1.1792751955842973		0.15098057909011842		0.30196115818023683
261		30.563016299998708		0.8004133105278015		1.160397888457775		0.13526920394301414		0.2705384078860283
262		30.411168700000417		0.7922203540802002		1.1520034543204307		0.24510771911740303		0.49021543823480607
263		30.5630127000004		0.7958394289016724		1.1579999319934844		0.14659133359789847		0.29318266719579694
264		30.49001860000135		0.806550920009613		1.1705857466053962		0.13511419186592102		0.27022838373184205
265		30.367289599998912		0.7830924987792969		1.1455549273347854		0.1356736128628254		0.2713472257256508
266		30.535803299997497		0.7912097573280334		1.1522161842870713		0.13837139101624488		0.27674278203248975
267		30.516679500000464		0.7974087595939636		1.1574800921440125		0.13520728310346602		0.27041456620693205
268		30.725913899997977		0.7986071705818176		1.160927442150116		0.279097746104002		0.558195492208004
269		30.642393099999026		0.7890825867652893		1.1494091209363937		0.13545490906834604		0.27090981813669207
270		30.773953099997016		0.7936728000640869		1.1530981318306923		0.15051619985699655		0.3010323997139931
271		30.68196870000247		0.7940769195556641		1.1585995844364165		0.13414710224866866		0.2682942044973373
272		30.50980459999846		0.7892991900444031		1.1503889190483094		0.14842392780184746		0.2968478556036949
273		30.508897399999114		0.7924867868423462		1.156274326581955		0.1354140806555748		0.2708281613111496
274		30.918046599999798		0.7843014001846313		1.1419369872140885		0.1340258125782013		0.2680516251564026
275		30.233180599996558		0.7844180464744568		1.144911803061962		0.22699134190678597		0.45398268381357193
276		30.33369820000007		0.7874151468276978		1.1457028894233703		0.23013394144177438		0.46026788288354875
277		30.394461500000034		0.7958725094795227		1.1550401085281372		0.20816703901290892		0.41633407802581784
278		30.36353539999982		0.7887354493141174		1.15131634983778		0.13584557456970214		0.2716911491394043
279		30.61049769999954		0.790856122970581		1.150128781747818		0.13347970141172408		0.26695940282344816
280		30.629017100000056		0.7889125347137451		1.1489500579810143		0.1383468430161476		0.2766936860322952
281		30.934976199998346		0.7867240309715271		1.1439988360834121		0.1326889454305172		0.2653778908610344
282		30.74457419999817		0.7891364097595215		1.1510158028054238		0.1337435839533806		0.2674871679067612
283		30.40561549999984		0.7751739621162415		1.133371608133316		0.13275409939885138		0.26550819879770277
284		30.79718899999716		0.7902962565422058		1.1545956369352341		0.16236872150301934		0.3247374430060387
285		30.506578100001207		0.7840535044670105		1.1465413434314728		0.13842190353870393		0.27684380707740786
286		30.551626100001158		0.780933678150177		1.1434971324896812		0.1326794001698494		0.2653588003396988
287		30.595909700001357		0.7740234136581421		1.132651526272297		0.14360959988832472		0.28721919977664945
288		30.603497100000823		0.7828232049942017		1.1426025734114647		0.13203346655368806		0.2640669331073761
289		30.66376930000115		0.778056800365448		1.133067773003578		0.13594301188588143		0.27188602377176285
290		30.695105599999806		0.7963946461677551		1.1575826986336708		0.13204322555065154		0.2640864511013031
291		30.84139530000175		0.7897776961326599		1.1497926277732848		0.13972654586434363		0.27945309172868726
292		30.794234699998924		0.7735303044319153		1.1326670555353164		0.13219029814600944		0.2643805962920189
293		31.174641300000076		0.7757021188735962		1.13473832447052		0.13618498479127883		0.27236996958255766
294		30.480849799998396		0.7883354425430298		1.1496695612764358		0.13209838401675225		0.2641967680335045
295		30.460536599999614		0.7803472280502319		1.1380688306546212		0.13737031533122063		0.27474063066244125
296		30.90833869999915		0.7828675508499146		1.1402590338230134		0.13487219673395157		0.26974439346790313
297		30.45778319999954		0.7767552137374878		1.133218459482193		0.13137110821008682		0.26274221642017365
298		30.64081090000036		0.7783171534538269		1.1383624119281768		0.13275040392279625		0.2655008078455925
299		30.45235749999847		0.7723228931427002		1.1280412599611283		0.1858342138171196		0.3716684276342392
300		30.706588200002443		0.7749630212783813		1.136176547923088		0.1318181421369314		0.2636362842738628
301		30.34270010000182		0.7769379615783691		1.133431648437977		0.13258289993405342		0.26516579986810684
302		30.70130070000232		0.7744076251983643		1.132239060201645		0.13716365762352944		0.2743273152470589
303		30.821864199999254		0.7715083956718445		1.127877691898346		0.1310828506052494		0.2621657012104988
304		30.36313599999994		0.7740917205810547		1.1325205884289742		0.24683399301171302		0.49366798602342604
305		30.602589800000715		0.7799665927886963		1.1418602106738092		0.13125268891453742		0.26250537782907485
306		30.393846799997846		0.76678866147995		1.1220106423950196		0.20110094024538994		0.4022018804907799
307		30.6259613000002		0.7699281573295593		1.1274935342669488		0.13163088682293891		0.26326177364587783
308		30.73438510000051		0.7663564085960388		1.1257051028251648		0.13080839886069298		0.26161679772138596
309		30.822890900002676		0.7711440920829773		1.1308440326356888		0.1316600593626499		0.2633201187252998
310		30.521903400000156		0.7743037343025208		1.1320889247345924		0.13063706946372985		0.2612741389274597
311		30.718067800000426		0.7689073085784912		1.1250994576954843		0.13086677482128142		0.26173354964256285
312		30.66281119999985		0.7671158909797668		1.1237111446523667		0.13026672809720038		0.26053345619440077
313		30.192431399998895		0.7684515714645386		1.1240845957255363		0.13199249633252622		0.26398499266505243
314		30.290822200000548		0.7695986032485962		1.125904042673111		0.13357881265878677		0.26715762531757353
315		30.561897800002043		0.7675831317901611		1.1245476530694962		0.13033487132787705		0.2606697426557541
316		30.7131195999973		0.770868182182312		1.128229979031086		0.1343944235920906		0.2687888471841812
317		30.58258399999977		0.7683908939361572		1.1239590376448632		0.13307783495187758		0.26615566990375517
318		30.566075499998988		0.7701898217201233		1.125369724879265		0.12993481367230417		0.25986962734460833
319		30.29926350000096		0.7689454555511475		1.1261496708869934		0.1301600312232971		0.2603200624465942
320		31.192881099999795		0.7622084021568298		1.1164380677175523		0.1303846255838871		0.2607692511677742
321		30.95415629999843		0.7780590653419495		1.1366430822181701		0.13531116020679473		0.27062232041358947
322		30.663518999997905		0.7687014937400818		1.1263808149433137		0.12989087655544282		0.25978175311088564
323		30.339726000001974		0.7633433938026428		1.117565167453289		0.12977170000076294		0.25954340000152587
324		30.552307900001324		0.7672709226608276		1.124360420768261		0.1299574728369713		0.2599149456739426
325		30.60329020000063		0.7659994959831238		1.1238497375965117		0.12981961366534234		0.2596392273306847
326		30.482685999999376		0.7649800777435303		1.1184073513841628		0.12999327758550644		0.2599865551710129
327		30.497731200001		0.7638285756111145		1.118616075003147		0.12965646483004092		0.25931292966008185
328		30.901986099997885		0.7657469511032104		1.122261155834198		0.12964860278964044		0.2592972055792809
329		30.908415999998397		0.7659923434257507		1.1203971904182435		0.1302477024793625		0.260495404958725
330		30.601633199999924		0.7626879215240479		1.1185571447968483		0.13096470428705215		0.2619294085741043
331		30.68174859999999		0.7625188231468201		1.1179231573820114		0.12949025396704675		0.2589805079340935
332		30.63019340000028		0.762374758720398		1.1160873624682426		0.13087800931930543		0.26175601863861087
333		30.857293000000936		0.7617270350456238		1.1192099728512763		0.12924498356580735		0.2584899671316147
334		30.584163200001058		0.7644696831703186		1.1193850839090347		0.12944038454294204		0.2588807690858841
335		30.660491899998306		0.7668988108634949		1.1226100962233543		0.12920049494206906		0.2584009898841381
336		30.709849400001985		0.7638493776321411		1.1197946143317223		0.13136170451641083		0.26272340903282165
337		30.700154199999815		0.7646954655647278		1.1193611953282356		0.12899703592061995		0.2579940718412399
338		30.767157099999167		0.7630773186683655		1.116199839055538		0.128949603626132		0.257899207252264
339		30.956374100001995		0.7641302943229675		1.1174806461691857		0.1292573010802269		0.2585146021604538
340		31.216288100000384		0.7630250453948975		1.1186621054697037		0.12898563136458396		0.2579712627291679
341		30.678549599997496		0.761447548866272		1.116448523621559		0.13048166928589344		0.2609633385717869
342		30.68745790000321		0.7644543647766113		1.1176345972967148		0.12953214275836944		0.2590642855167389
343		30.581744600000093		0.766488254070282		1.1178937789463996		0.1288334165930748		0.2576668331861496
344		30.837757500001317		0.7647824883460999		1.118604503376484		0.12877776709496974		0.2575555341899395
345		30.703413499999442		0.761796236038208		1.1149688740229606		0.12870314236283303		0.25740628472566607
346		30.80480879999959		0.7593057751655579		1.1154896265912055		0.13017138957083224		0.2603427791416645
347		30.482313100001193		0.7594885230064392		1.1126242611026764		0.1286674033969641		0.2573348067939282
348		30.52723369999876		0.7595168352127075		1.1148190625596046		0.12871876181960107		0.25743752363920214
349		30.745663000001514		0.7599296569824219		1.1151338120222092		0.1290312047213316		0.2580624094426632
350		30.86234069999773		0.7616894245147705		1.1157324335837364		0.13024327009022235		0.2604865401804447
351		30.775930099996913		0.7637174129486084		1.117163973815441		0.1286927775502205		0.257385555100441
352		30.67657429999963		0.7606106996536255		1.1143905129241944		0.13910240532159807		0.27820481064319613
353		30.597268800000165		0.7607671022415161		1.113605637099743		0.1296273375928402		0.2592546751856804
354		30.506713200000377		0.7592380046844482		1.1137526309204102		0.12967142885029315		0.2593428577005863
355		30.518411600001855		0.7624601125717163		1.1156922121357917		0.12980121134519576		0.2596024226903915
356		30.68486320000011		0.7609260082244873		1.11516358566761		0.12903587386608123		0.25807174773216246
357		30.69434530000217		0.7622301578521729		1.1157430655956269		0.15776805255413057		0.31553610510826113
358		30.751080599999113		0.7604091167449951		1.1136791974163056		0.1285543349534273		0.2571086699068546
359		30.58827999999994		0.7620375752449036		1.1122891211175918		0.1292800705432892		0.2585601410865784
360		30.807726099999854		0.7604597210884094		1.1131924682450294		0.12854280841946603		0.25708561683893205
361		30.770296799997595		0.7591150403022766		1.1102036283016206		0.12849249135255814		0.25698498270511627
362		30.744011800001317		0.7591947317123413		1.1123257869768142		0.12857577160596848		0.25715154321193695
363		31.082447600001615		0.7608521580696106		1.112648571510315		0.1284278201162815		0.256855640232563
364		30.69141379999928		0.7610887885093689		1.111601236319542		0.12844585615992546		0.2568917123198509
365		30.61158179999984		0.758970320224762		1.112295922203064		0.12838428874611854		0.2567685774922371
366		30.75692110000091		0.760352373123169		1.1137700222468376		0.12842341963648796		0.2568468392729759
367		30.730287499998667		0.7596191167831421		1.11161062063694		0.12870522686243058		0.25741045372486115
368		30.92117800000051		0.7594069838523865		1.1109715346741675		0.12835453820824624		0.2567090764164925
369		30.610483899999963		0.7598335146903992		1.1131345377278328		0.12837135530114174		0.2567427106022835
370		29.96973109999817		0.7608856558799744		1.1122891353774071		0.1284123863518238		0.2568247727036476
371		30.25574069999857		0.7602109313011169		1.1110929177045823		0.1289839402884245		0.257967880576849
372		30.248412600001757		0.7591233253479004		1.1105255807971954		0.12835434741675852		0.25670869483351705
373		30.230109100000846		0.7604246139526367		1.1112455566835404		0.1283993963778019		0.2567987927556038
374		30.615873900002043		0.7590727806091309		1.110311095585823		0.12839065323472024		0.2567813064694405
375		30.574821399997745		0.7595924735069275		1.1111813752722741		0.12832761600017548		0.25665523200035095
376		30.233507299999474		0.7588726878166199		1.1111233366060258		0.1282856768131256		0.2565713536262512
377		29.86834850000014		0.758674681186676		1.111111783542633		0.12830083048939706		0.2566016609787941
378		30.29437230000258		0.7593350410461426		1.1132179280233383		0.12827480575442315		0.2565496115088463
379		30.24287910000203		0.7596349716186523		1.1112010862970352		0.12833432945609094		0.2566686589121819
380		30.21410509999987		0.7606425881385803		1.1107626185441017		0.12852343319058418		0.25704686638116836
381		30.211808399999427		0.7595340609550476		1.1089588710069656		0.12829565982818603		0.25659131965637205
382		30.29117910000059		0.7592390179634094		1.113036788625717		0.12833008173704147		0.25666016347408294
383		30.071055799999158		0.7597111463546753		1.1106377507996559		0.12825987850129605		0.2565197570025921
384		30.323537700001907		0.7591607570648193		1.110464048113823		0.12826316361725332		0.25652632723450663
385		30.04670570000235		0.7587684392929077		1.1096740207052231		0.1284009670317173		0.2568019340634346
386		30.46180629999799		0.7607603073120117		1.1120374080586433		0.12824394038915635		0.2564878807783127
387		30.64621050000278		0.7579742670059204		1.1101077102565766		0.12837815755009652		0.25675631510019303
388		30.344055699999444		0.7604721784591675		1.1117121893954276		0.12826171258389948		0.25652342516779897
389		30.265993299999536		0.7591696977615356		1.1092795772099495		0.12826251079440118		0.25652502158880236
390		30.471148900000117		0.7591864466667175		1.1098338656759261		0.12828716157972814		0.2565743231594563
391		30.05398419999983		0.7597764730453491		1.111448284676075		0.12823290958106517		0.25646581916213035
392		30.389561399999366		0.7587123513221741		1.1106071573019027		0.1282572730690241		0.2565145461380482
393		30.340127300001768		0.7594174742698669		1.1115889286065102		0.1283036977350712		0.2566073954701424
394		30.177664700000605		0.7595202922821045		1.112646743466854		0.12824457846283913		0.25648915692567825
395		29.915065699999104		0.7580016255378723		1.1097185441946984		0.12825000101029874		0.2565000020205975
396		30.420652900000277		0.760323703289032		1.11082571778059		0.12826267090439797		0.25652534180879594
397		30.457593399998586		0.7585002779960632		1.1092577450442314		0.12825502550005913		0.25651005100011826
398		30.345513799999026		0.7600271701812744		1.1096672790765763		0.1282530635625124		0.2565061271250248
399		30.509604200000467		0.7604221105575562		1.1119610160279274		0.12825165266990662		0.25650330533981325