Epoch	Duration				Loss Step Train			Loss Full Train			Loss Step Test			Loss Full Test
0		19.677252298017265		15.984882354736328		16.931648510017396		1.3306410543441773		2.6612821086883547
1		18.625129455991555		23.161176681518555		23.39227256324768		2.1591322074890136		4.318264414978027
2		18.706874542025616		16.18804931640625		15.820621543693543		1.4113584125518799		2.8227168251037598
3		18.8720217240043		20.609786987304688		20.475776912403106		1.0825405403137207		2.1650810806274414
4		18.866269574995385		20.343652725219727		19.146287514457704		1.0833719118118286		2.166743823623657
5		18.87331614998402		20.306556701660156		17.866449305763243		1.197926659011841		2.395853318023682
6		18.65186855799402		19.462244033813477		17.707075947151186		1.5370089115142822		3.0740178230285644
7		18.67289002900361		21.356767654418945		26.295188476715087		0.9912252969741822		1.9824505939483643
8		18.704401841998333		14.31025505065918		19.611152818756103		0.8739742225646973		1.7479484451293945
9		18.766767611989053		1.9298325777053833		2.5625560634613036		0.7211513615131379		1.4423027230262757
10		18.83654712999123		2.041241407394409		2.5646416250610353		1.0122086970329285		2.024417394065857
11		18.755483144981554		1.5151398181915283		1.9432755888938904		0.7293391030311585		1.458678206062317
12		18.647079280024627		1.3869962692260742		1.7929245404815675		0.6226045999526978		1.2452091999053956
13		18.76111029202002		1.374127745628357		1.7658813705825807		0.4088437910795212		0.8176875821590424
14		18.75044922399684		1.2650891542434692		1.6427599444198608		0.4135701416969299		0.8271402833938598
15		18.80011940098484		1.4823440313339233		1.8553600332069398		0.3945256059408188		0.7890512118816376
16		18.76763963897247		1.2076449394226074		1.5688765424346924		0.3920558954715729		0.7841117909431458
17		18.8708510909928		1.2219666242599487		1.5900892355537415		0.34926072793006896		0.6985214558601379
18		18.793395746004535		1.2740753889083862		1.6395133500099182		0.32666474997997286		0.6533294999599457
19		18.967900107003516		1.1029138565063477		1.4590981565856933		0.29923038301467897		0.5984607660293579
20		19.026931164000416		1.1713756322860718		1.5256095422935485		0.3033403386831284		0.6066806773662567
21		19.17013852999662		1.1921570301055908		1.5479277271842957		0.29254600341320036		0.5850920068264007
22		18.950298760988517		1.0946145057678223		1.4495575208187104		0.4516292371273041		0.9032584742546081
23		18.893335664004553		1.210828423500061		1.570192629108429		0.3650706926584244		0.7301413853168488
24		18.944186759996228		1.141165018081665		1.4869680239582062		0.26229451748132704		0.5245890349626541
25		18.987504445016384		1.0473861694335938		1.3954471966266633		0.2793103862524033		0.5586207725048066
26		19.22130194300553		1.133190393447876		1.4883720637702942		0.2806344452857971		0.5612688905715942
27		18.819536092982162		1.1645550727844238		1.5087911614131928		0.6957827948093415		1.391565589618683
28		18.899341270007426		1.0523484945297241		1.4004110200023652		0.23605168150663375		0.4721033630132675
29		19.04874057599227		1.1278914213180542		1.4773541953659057		0.379482070851326		0.758964141702652
30		19.053562344022794		1.0957144498825073		1.4460492987918854		0.9560671956062317		1.9121343912124633
31		18.98618354598875		1.0839513540267944		1.4318886311340333		0.22460085965394974		0.4492017193078995
32		19.019441770011326		1.1255742311477661		1.4763671972751617		0.22706688612699508		0.45413377225399015
33		19.07435315300245		1.1034778356552124		1.4488100742816925		0.6217316537380219		1.2434633074760437
34		19.072702703007963		1.0887402296066284		1.4393839837360383		0.23534570994377135		0.4706914198875427
35		18.98208910500398		1.094673752784729		1.4371037837696075		0.2298379454612732		0.4596758909225464
36		18.808543898980133		1.1367498636245728		1.477516801404953		0.2172570302605629		0.4345140605211258
37		18.905947774008382		0.978448748588562		1.324285201010704		0.2145247648715973		0.4290495297431946
38		19.058928831014782		1.0645644664764404		1.4210833217811585		0.21807736274003983		0.43615472548007966
39		18.8648459110118		1.0422084331512451		1.38974636844635		0.2435826209783554		0.4871652419567108
40		18.776416767010232		1.0790455341339111		1.4230957200574874		0.25521890963315963		0.5104378192663193
41		19.019203421019483		1.0427093505859375		1.3902529393959044		0.19944618933200836		0.3988923786640167
42		19.196367286000168		1.0138272047042847		1.3647987783527373		0.21147095868587493		0.42294191737174985
43		19.141825981001602		1.0443289279937744		1.3921714135932923		0.5859628564119339		1.1719257128238678
44		19.305107792984927		1.0189043283462524		1.3658400296783448		0.2063374007821083		0.4126748015642166
45		19.192254141002195		1.0207000970840454		1.3698039787340164		0.20524921607971192		0.41049843215942383
46		19.173405200010166		1.103231430053711		1.4495460548210144		0.1917793639421463		0.3835587278842926
47		18.91382424798212		1.0071347951889038		1.3560474323558807		0.18402249233722687		0.36804498467445373
48		18.918372998014092		0.9883609414100647		1.3404603620767594		0.23173313024044037		0.46346626048088074
49		18.862080191989662		1.040987491607666		1.3968445292234422		0.18277351661920546		0.3655470332384109
50		19.142738182010362		1.021981120109558		1.3688566911268234		0.2002821662068367		0.4005643324136734
51		19.21368950197939		0.9885810613632202		1.338822896399498		0.32161681122779845		0.6432336224555969
52		19.14195275201928		1.0443211793899536		1.396983377275467		0.25178954768180845		0.5035790953636169
53		19.09145873200032		0.9977786540985107		1.346773681035042		0.20051678339242934		0.4010335667848587
54		19.023092166986316		1.0021218061447144		1.3508503423118592		0.17593573777675628		0.35187147555351256
55		19.044624849018874		1.0061966180801392		1.3425514114570618		0.28308653416633606		0.5661730683326721
56		19.10865864099469		0.988872766494751		1.3437194181489944		0.18504642252922057		0.37009284505844114
57		19.037363176990766		1.1087311506271362		1.4576478282880783		0.22626617180109024		0.4525323436021805
58		18.95278271997813		0.979886531829834		1.3207272273206712		0.18063484612703323		0.36126969225406647
59		19.33417105898843		1.0313738584518433		1.3798139050531388		0.1725738235116005		0.345147647023201
60		19.26996018999489		1.0286222696304321		1.3790905247592926		0.18982567631006242		0.37965135262012484
61		19.21990374001325		1.03213632106781		1.386830597910881		0.4119866622686386		0.8239733245372772
62		18.92779350199271		1.0172783136367798		1.3677846126413344		0.217320709335804		0.434641418671608
63		19.19323449197691		1.0038692951202393		1.347842455906868		0.2027845527768135		0.405569105553627
64		19.23283193600946		1.0278100967407227		1.3739471092796325		0.18112333635091782		0.36224667270183564
65		19.23171833300148		0.9497873783111572		1.291436452331543		0.18905188672542572		0.37810377345085144
66		18.9519316549995		1.102489709854126		1.4514038596582413		0.40306012330055235		0.8061202466011047
67		19.01602479198482		1.0105992555618286		1.3625855323123932		0.1861624792575836		0.3723249585151672
68		18.954134403000353		0.9792632460594177		1.3256113092708588		0.16830648452043534		0.3366129690408707
69		19.044162072998006		1.0064440965652466		1.3436802606487275		0.2809461926817894		0.5618923853635788
70		19.058520206977846		0.9412052035331726		1.291479953494072		0.3202903572320938		0.6405807144641876
71		19.167097053985344		0.9301419258117676		1.280427048511505		0.1624099778473377		0.3248199556946754
72		19.068243405985413		1.1128743886947632		1.4598976047182084		0.17585449681282042		0.35170899362564084
73		19.126005816011457		0.9917570948600769		1.3312376702976227		0.1673936845779419		0.3347873691558838
74		19.142472603009082		0.9775121808052063		1.3216855497598647		0.161585497713089		0.323170995426178
75		19.101409091992537		1.1120295524597168		1.4498289242839812		0.17174276229143143		0.34348552458286286
76		19.18054405998555		1.0424307584762573		1.3883015626144408		0.1977168652653694		0.3954337305307388
77		19.243785218015546		0.9885663986206055		1.3343566975879668		0.18696891881227493		0.37393783762454985
78		19.25161816700711		1.0189038515090942		1.3524755094909668		0.1732628934264183		0.3465257868528366
79		19.144418404990574		0.9561701416969299		1.3059693658018112		0.24143416751623153		0.48286833503246307
80		18.984874741989188		0.9735790491104126		1.3211709413814545		0.16004982405900955		0.3200996481180191
81		18.895925505989		1.0693492889404297		1.4217025740289688		0.14743581222295762		0.29487162444591525
82		19.04139270001906		0.9501897692680359		1.28964297352314		0.15573147233128548		0.31146294466257096
83		19.057928329973947		0.9216153025627136		1.2647478351259231		0.3021549064993858		0.6043098129987716
84		19.025656890997197		1.0563273429870605		1.401756903219223		0.15692726722955705		0.3138545344591141
85		19.124101164983585		0.9843318462371826		1.325717927927971		0.2992042922496796		0.5984085844993592
86		18.996979645977262		0.9426417946815491		1.282761586766243		0.1450214891731739		0.2900429783463478
87		18.97169384098379		0.9667023420333862		1.308043721728325		0.18331660497784616		0.3666332099556923
88		19.131892859993968		1.0392922163009644		1.383172587275505		0.334155135011673		0.668310270023346
89		19.076192090986297		1.030920386314392		1.3723329243946076		0.14249623282551765		0.2849924656510353
90		18.951734256988857		0.9636977910995483		1.3094569286489486		0.15828093333244322		0.31656186666488645
91		18.98245956300525		0.8959656953811646		1.2470686866664886		0.14324912925958633		0.28649825851917265
92		19.076663693995215		1.0377765893936157		1.3851342657089234		0.1520394991338253		0.3040789982676506
93		19.187982728006318		0.9854587912559509		1.327615371851921		0.18513312689065933		0.37026625378131867
94		19.179143594024936		0.947909414768219		1.2893611465978623		0.13827372803688048		0.27654745607376097
95		19.14985247902223		1.0840846300125122		1.4261034646940232		0.14253875536322594		0.2850775107264519
96		19.162236787000438		0.9486629962921143		1.2900088520765305		0.14527552927732468		0.29055105855464936
97		19.10236581400386		0.9217500686645508		1.265716238269806		0.2061207053542137		0.4122414107084274
98		19.098223470005905		1.0029677152633667		1.3422011373329163		0.16563193236589432		0.33126386473178865
99		19.05660739701125		0.9425422549247742		1.2903369495821		0.13653273807764052		0.27306547615528104
100		19.04708774900064		0.9492517709732056		1.2906681699180602		0.2236685366868973		0.4473370733737946
101		19.076181318989256		0.9382747411727905		1.274678530344963		0.1356234795331955		0.271246959066391
102		19.029858158988645		1.0007259845733643		1.3426169339942933		0.14300208036899567		0.28600416073799134
103		19.034160983981565		0.9278280735015869		1.2849061913585662		0.14684811583161353		0.29369623166322706
104		19.341949092020513		0.9701660871505737		1.3230040356206894		0.14999550448656082		0.29999100897312164
105		19.305049148009857		0.9349783062934875		1.2735350869369506		0.15897844986319543		0.31795689972639085
106		18.97193832899211		0.9534579515457153		1.302662909631729		0.13796469075083734		0.2759293815016747
107		19.05282484702184		1.2129206657409668		1.5656948910284043		0.18973249727487565		0.3794649945497513
108		19.060579066019272		0.9584800601005554		1.3069713776922225		0.19892533215284347		0.39785066430568694
109		19.001675500010606		0.9367462396621704		1.2910154894638062		0.1381073016822338		0.2762146033644676
110		19.065748171007726		0.9276001453399658		1.2620310789585114		0.14259452840685843		0.28518905681371687
111		19.04436593101127		0.9421167969703674		1.28300581302166		0.15007507928609848		0.30015015857219696
112		19.00836303899996		0.994583010673523		1.347656512236595		0.2468185921430588		0.4936371842861176
113		19.03080475301249		0.9690318703651428		1.3146072073078157		0.153582186961174		0.307164373922348
114		19.083848343987484		0.9723538160324097		1.3241876269960404		0.3080550342440605		0.616110068488121
115		19.170499778003432		0.9486292004585266		1.294940043168068		0.13579927362203598		0.27159854724407195
116		19.216958174016327		0.9434670209884644		1.2923459569215774		0.25949325646162036		0.5189865129232407
117		19.20855805001338		0.9597163796424866		1.3010874622297286		0.1535305022060871		0.3070610044121742
118		19.297591611015378		0.950288712978363		1.2877346715307236		0.1258528084039688		0.2517056168079376
119		19.354226850002306		1.027663230895996		1.3722595526647567		0.17769667163491248		0.35539334326982497
120		19.3785581359989		0.9157400727272034		1.2646557759332657		0.13555542513728142		0.27111085027456283
121		19.272391970007448		0.941689133644104		1.2897309237098693		0.19525354993343352		0.39050709986686705
122		19.160986775008496		1.0053566694259644		1.3379947441291808		0.1530205698609352		0.3060411397218704
123		19.04693007800961		0.9317106604576111		1.2710708700752258		0.15820659346580504		0.3164131869316101
124		19.415668047004147		1.0077723264694214		1.3550146462154389		0.4848699012756348		0.9697398025512696
125		19.388089290005155		0.9612765312194824		1.295762343196869		0.12710639913082122		0.25421279826164245
126		19.328977781988215		0.9671237468719482		1.3120937760305404		0.1712070516228676		0.3424141032457352
127		19.20647095600725		0.9633240103721619		1.3061953742361068		0.2046695515871048		0.4093391031742096
128		19.114457684016088		0.9592130780220032		1.315927257671356		0.16875659047365188		0.33751318094730376
129		19.163575743004913		0.9456522464752197		1.3032228362417222		0.26742834554314615		0.5348566910862923
130		19.132603631995153		0.9350257515907288		1.2689613251924514		0.1629224092066288		0.3258448184132576
131		19.440550612984225		0.9293513298034668		1.2818028143072129		0.12636693346500397		0.25273386693000793
132		19.437130475998856		0.9555503129959106		1.289754354557991		0.12204150962233544		0.24408301924467088
133		19.400963280990254		0.9594785571098328		1.308714872455597		0.14472554723620415		0.2894510944724083
134		19.41664222200052		0.9418697357177734		1.2838615090847016		0.21398858106136323		0.42797716212272646
135		19.035985344991786		0.9371150732040405		1.2918413144159318		0.12407275332808494		0.24814550665616988
136		19.042482632008614		0.9362025260925293		1.2839000869560242		0.1378862949192524		0.2757725898385048
137		19.12237589500728		0.9569234848022461		1.3087036874771119		0.2002144349038601		0.4004288698077202
138		19.102053607988637		0.951744794845581		1.2961584801054		0.13374215890169144		0.2674843178033829
139		19.10607585500111		0.9597408175468445		1.3131468043088912		0.1322592361986637		0.2645184723973274
140		19.247567541024182		0.9484084844589233		1.2995722166776658		0.168155658608675		0.33631131721735
141		19.213052275998052		0.989543080329895		1.3331774200057984		0.14473310984373092		0.28946621968746183
142		19.244303679995937		0.9014588594436646		1.2430253435325622		0.12279342691898346		0.2455868538379669
143		19.31645966100041		0.9640684723854065		1.3121065933465959		0.12666712465882302		0.25333424931764603
144		19.134237512975233		0.9209520220756531		1.2668852929472922		0.12406423786878586		0.2481284757375717
145		19.20495107199531		0.9651637077331543		1.314552033262253		0.11891922953724861		0.23783845907449722
146		19.298910328012425		0.9656563997268677		1.3064242156648636		0.2189355774641037		0.4378711549282074
147		19.179221687983954		0.9044314622879028		1.2439995280981064		0.13828443272709848		0.27656886545419695
148		19.09847193901078		0.9755467772483826		1.3209798745965957		0.14673434937000274		0.2934686987400055
149		19.222433672985062		0.9140294194221497		1.2677312621498107		0.12349786749482154		0.24699573498964308
150		19.325079828005983		0.9301574230194092		1.2621972276926041		0.11747348445653916		0.2349469689130783
151		19.147721665998688		1.0393699407577515		1.37898744890213		0.1613445936024189		0.3226891872048378
152		19.158436362980865		0.909866452217102		1.2513732199764251		0.11518258792161941		0.23036517584323882
153		19.09242551200441		1.0067869424819946		1.3453169024610518		0.12099741920828819		0.24199483841657637
154		19.240346230973955		0.9402573108673096		1.2916000540351869		0.8578430859565734		1.7156861719131469
155		19.251769209979102		0.9619801044464111		1.3131832925510407		0.12218926746845245		0.2443785349369049
156		19.374185012013186		0.9151528477668762		1.258309072921276		0.11364343348145485		0.2272868669629097
157		19.284909005014924		0.8760831952095032		1.231866672539711		0.15048032459020613		0.30096064918041227
158		19.26858689900837		0.9491819143295288		1.3090447702479362		0.3809489887237549		0.7618979774475098
159		19.105720908002695		0.9270586371421814		1.2715127417421341		0.13279446006417275		0.2655889201283455
160		19.089843095018296		0.8916164040565491		1.2312079091978072		0.11400085433125495		0.2280017086625099
161		19.098775079008192		0.9519574046134949		1.300127609024048		0.15151660609245302		0.30303321218490603
162		19.11517825201736		0.9197210669517517		1.2754121343755722		0.14946674954295158		0.29893349908590316
163		19.186314442020375		0.9151596426963806		1.2724973597288132		0.11864504195451736		0.23729008390903472
164		19.11741762602469		0.92546546459198		1.2748459281444549		0.1395861956357956		0.2791723912715912
165		19.104335607989924		0.9305359721183777		1.2632946943736076		0.14826204188466072		0.29652408376932143
166		19.152950374991633		0.997421383857727		1.3371175797462462		0.15967424706220626		0.3193484941244125
167		19.10772084002383		0.8817573189735413		1.2247787299990653		0.11938917207121849		0.23877834414243698
168		19.164538159995573		0.9487798810005188		1.2910062050390243		0.297523635917902		0.595047271835804
169		19.049540378007805		0.929387092590332		1.2734435418844223		0.13095844176411628		0.26191688352823256
170		19.155971692001913		0.9370130896568298		1.2787101079034806		0.28568733072280883		0.5713746614456177
171		19.07296264899196		0.9443362355232239		1.2906159366178513		0.1941947606444359		0.3883895212888718
172		19.24800011399202		0.9031249284744263		1.2456090701150895		0.31481008985042574		0.6296201797008515
173		19.332031067024218		0.9092978835105896		1.2478111157083511		0.11073595761060714		0.2214719152212143
174		19.071819848992163		0.9470645189285278		1.301555200009346		0.15207103325724602		0.30414206651449205
175		19.26071302301716		0.9807091951370239		1.3201301755452155		0.16061505182981492		0.32123010365962984
176		19.286568637995515		0.8950697183609009		1.2375835060548783		0.23158089769482612		0.46316179538965224
177		19.1825321399956		0.9767868518829346		1.3278586243391037		0.1112768013894558		0.2225536027789116
178		19.142877594014863		1.0100083351135254		1.3557873010802268		0.11331745755672455		0.2266349151134491
179		19.17410955898231		0.9213396906852722		1.2544410283136367		0.14202371976971626		0.2840474395394325
180		19.27747668098891		0.9435619115829468		1.2922485769987107		0.13342300645709038		0.26684601291418075
181		19.302158026985126		0.8910412788391113		1.2431508582258224		0.10801322193145751		0.21602644386291503
182		19.294939242012333		0.9403414726257324		1.2911276548480988		0.10886522666811943		0.21773045333623886
183		18.996688940009335		0.8563196063041687		1.2151478946995735		0.13376274154782294		0.2675254830956459
184		18.95652478199918		1.0358922481536865		1.3732982388877868		0.12504181656837463		0.25008363313674925
185		19.197992481000256		0.9128464460372925		1.2706852939081192		0.10941554256677627		0.21883108513355254
186		19.155466051975964		0.882305920124054		1.231370046877861		0.10946744205355645		0.2189348841071129
187		19.13299794399063		0.9880872368812561		1.3368333379554749		0.39764221410751344		0.7952844282150269
188		19.09631531397463		0.8951130509376526		1.2399297872829438		0.29814551857113836		0.5962910371422767
189		19.163250165991485		0.9998177289962769		1.3351529396510124		0.20670334089398384		0.4134066817879677
190		19.134446523996303		0.8791210055351257		1.2321362346577645		0.10701181794404983		0.21402363588809967
191		19.178682135010604		0.8601666688919067		1.2067269845771789		0.15224631974101066		0.3044926394820213
192		19.17340149602387		0.9653180837631226		1.3097066186070443		0.11072132681012153		0.22144265362024307
193		19.3845598489861		0.8839333653450012		1.2414377856636047		0.10684251436591148		0.21368502873182296
194		19.17504235598608		0.943782389163971		1.2833964536523819		0.3042670357823372		0.6085340715646744
195		19.24766531601199		0.9484630823135376		1.2977466742897035		0.20848236178159713		0.41696472356319425
196		19.176720385003136		0.8803015351295471		1.240635032122135		0.11712023848891258		0.23424047697782516
197		19.21922832299606		0.893929123878479		1.2411502577257156		0.1193847975730896		0.2387695951461792
198		19.317933284997707		0.9188083410263062		1.269417583169937		0.1491038467645645		0.298207693529129
199		19.026446047006175		0.8857594132423401		1.2409436920022965		0.1058480547606945		0.211696109521389
200		19.11701857400476		0.9434852600097656		1.2816006975889207		0.10689268843531609		0.21378537687063218
201		19.116090265015373		0.9179022312164307		1.262160295958519		0.24609272379875183		0.49218544759750366
202		19.221791111980565		0.8978834748268127		1.237426301381588		0.15920133057832717		0.31840266115665433
203		19.336161489016376		0.915960967540741		1.2629422014689446		0.14885390171408652		0.29770780342817305
204		19.2516073390143		0.9206550717353821		1.2587136769700051		0.15113482051491736		0.3022696410298347
205		19.136792228993727		0.959104597568512		1.304832628083229		0.10927498101592063		0.21854996203184127
206		19.14498478898895		0.8690263628959656		1.2205068159508705		0.10663977446556092		0.21327954893112183
207		19.169896509993123		0.9265798330307007		1.2766843172550202		0.11280426205992698		0.22560852411985396
208		19.158315381006105		0.9058507680892944		1.2631218649315834		0.10544170115590096		0.21088340231180192
209		19.219384784984868		0.9477974772453308		1.300567328491211		0.11551797409057617		0.23103594818115233
210		19.07556266800384		0.8909308910369873		1.2445236341142654		0.1167520316362381		0.2335040632724762
211		19.26464568899246		0.930903434753418		1.278547761478424		0.10382219764590263		0.20764439529180526
212		19.063283144001616		0.9143029451370239		1.261102553730011		0.17013069815039636		0.3402613963007927
213		19.06029165899963		0.8847278952598572		1.2326119323205948		0.10531226986646652		0.21062453973293305
214		19.114954334014328		0.9469887018203735		1.2966248923969268		0.7286572155952453		1.4573144311904906
215		19.355598099005874		0.9654952883720398		1.3128125363826753		0.1102995522081852		0.2205991044163704
216		19.231560118001653		0.8451545238494873		1.1940763901686668		0.11501384311914443		0.23002768623828887
217		19.33272395899985		0.9109606146812439		1.2620714898800849		0.10553744243979454		0.2110748848795891
218		19.097595867991913		0.8953652381896973		1.2476762866258622		0.1057674057662487		0.2115348115324974
219		19.136803736008005		0.8755992650985718		1.230317932267189		0.22793712142705919		0.45587424285411837
220		19.302483402978396		0.9229564666748047		1.270924733133316		0.1323170967578888		0.2646341935157776
221		19.353927490999922		0.8694761395454407		1.219657019622326		0.10641304537057876		0.21282609074115752
222		19.157647216983605		0.8765562772750854		1.227633174343109		0.10451681227087975		0.2090336245417595
223		19.135535451991018		0.9584227800369263		1.3065442412114143		0.14442458231449126		0.2888491646289825
224		19.01396199001465		0.8691250681877136		1.2153443315577508		0.14404978771209717		0.28809957542419434
225		19.264737084013177		0.8759050369262695		1.225077509407997		0.15134283814430236		0.3026856762886047
226		19.19983955300995		0.8449086546897888		1.1949293196535111		0.11256527619957923		0.22513055239915847
227		19.391588865983067		0.9980012774467468		1.3497842398691178		0.1007805683195591		0.2015611366391182
228		19.337590879003983		0.9367902278900146		1.2854629583525659		0.24207545771598815		0.4841509154319763
229		19.273375012999168		0.8789048790931702		1.2295234635186196		0.12403651869297028		0.24807303738594055
230		19.055804185016314		0.9248145222663879		1.2746892089438437		0.1074570262491703		0.2149140524983406
231		19.010947333998047		0.89764803647995		1.2427236002612114		0.1084397828400135		0.216879565680027
232		19.151672570995288		0.8741580247879028		1.2121668868756295		0.10211426060795784		0.20422852121591567
233		19.156823319004616		0.8769989609718323		1.2266039102435111		0.11717342193722725		0.2343468438744545
234		19.15775312500773		0.9855337738990784		1.3215962641859054		0.10263963639140129		0.20527927278280259
235		19.11648434601375		0.8825792670249939		1.22380077917099		0.19018948409557343		0.38037896819114686
236		19.110855546983657		0.8788602352142334		1.2290142623472213		0.10100941572189331		0.20201883144378663
237		19.053348977002315		0.8701680898666382		1.2157325402665138		0.1883942223250866		0.3767884446501732
238		19.112553700018907		0.9288205504417419		1.2743061727523803		0.10272875952124595		0.2054575190424919
239		19.184292218007613		0.8949016332626343		1.2380607530164718		0.2196011509716511		0.4392023019433022
240		19.18412908600294		0.9173897504806519		1.264669385588169		0.10827180633544922		0.21654361267089844
241		19.147715728002368		0.8862082362174988		1.2289977464437485		0.14869656971096992		0.29739313942193984
242		19.0725338490156		0.8633017539978027		1.2123666366195678		0.18742593922019005		0.3748518784403801
243		19.071212829992874		0.8737923502922058		1.2219585826277732		0.09896428775191307		0.19792857550382614
244		19.336604262003675		0.9112824201583862		1.2610824548602104		0.1092636837720871		0.2185273675441742
245		19.339755043998593		0.8587657809257507		1.2125082906484603		0.10333558670282364		0.20667117340564728
246		19.319418885017512		0.9349483847618103		1.2866773753404617		0.18511209501624107		0.37022419003248214
247		19.446685806004098		0.8675544261932373		1.2112182541060448		0.0994530024766922		0.1989060049533844
248		19.137722459010547		0.8846714496612549		1.2358437196731566		0.09928151220083237		0.19856302440166473
249		19.049662370991427		0.9335679411888123		1.270650292761326		0.2475681936264038		0.4951363872528076
250		19.2586543209909		0.8889512419700623		1.2401113506102561		0.21864704498052598		0.43729408996105196
251		19.551757879002253		0.8784283995628357		1.2212360511136056		0.1339721296608448		0.2679442593216896
252		19.34765370702371		0.922286331653595		1.2751500293397904		0.10297599599361419		0.20595199198722838
253		19.39743249298772		0.8814187049865723		1.230332591369152		0.10642740597128868		0.21285481194257735
254		19.373397342016688		0.8617734909057617		1.2166846695303917		0.23518120951652527		0.47036241903305054
255		18.991658532002475		0.8791507482528687		1.2275360978746415		0.11151653378009796		0.22303306756019592
256		18.99566737099667		0.8887355327606201		1.2383033656096458		0.10401197664737702		0.20802395329475404
257		19.113594343012664		0.8549057841300964		1.1983095797777177		0.13861339606046677		0.27722679212093354
258		19.21073719600099		0.874904990196228		1.213837069325447		0.10111777389645576		0.20223554779291153
259		19.20208572401316		0.9125009775161743		1.2539721187067032		0.09603282972574234		0.19206565945148468
260		19.10710311899311		0.8841484785079956		1.2326063025355338		0.10270635460019112		0.20541270920038224
261		19.13391745998524		0.8709311485290527		1.2288973082375527		0.09647591345310211		0.19295182690620422
262		19.17832198899123		0.9055196642875671		1.2440158226847648		0.09579920597076416		0.19159841194152832
263		19.318845255998895		0.8581797480583191		1.2035943523597716		0.22302371700406073		0.44604743400812147
264		19.213135525002144		0.9087867736816406		1.2472161589217186		0.11701097536087036		0.23402195072174073
265		19.194966621987987		0.854030191898346		1.214906040623188		0.12325568222403527		0.24651136444807054
266		19.177534303016728		0.8467674255371094		1.2003631110143662		0.09492455542087555		0.1898491108417511
267		19.388592807983514		0.928227424621582		1.2671083984446525		0.10519129760861397		0.21038259521722794
268		19.450901504023932		0.9002390503883362		1.252084582440853		0.13412335451245308		0.26824670902490616
269		19.35390076600015		0.881948709487915		1.2373201527762414		0.11221915837526321		0.22443831675052642
270		19.24101811100263		0.8438317179679871		1.1932144894361496		0.14041399604678154		0.2808279920935631
271		19.238271721987985		0.8717932105064392		1.226920441493988		0.10131102765798569		0.20262205531597138
272		19.088127166993218		0.8422934412956238		1.1912906539535522		0.09672190035581589		0.19344380071163178
273		19.064040695986478		0.9183753728866577		1.2661978640270233		0.15628903827667237		0.31257807655334474
274		19.23218642899883		0.8721163868904114		1.224176576459408		0.20945611190199853		0.41891222380399706
275		19.34914666900295		0.9026715159416199		1.2495569524002075		0.09554216639399528		0.19108433278799056
276		19.34545215498656		0.8999924063682556		1.2388886172866822		0.13909327355027198		0.27818654710054397
277		19.159859996987507		0.885039210319519		1.2266491173124314		0.11451373957395554		0.22902747914791108
278		19.36967558300239		0.8416950702667236		1.188820029439926		0.09476311627030373		0.18952623254060746
279		19.29824145301245		0.9031113982200623		1.2451983353948592		0.0940342752546072		0.1880685505092144
280		19.34377154801041		0.8631439805030823		1.2243895093035697		0.10209854877591133		0.20419709755182266
281		19.23211866800557		0.891529381275177		1.2283763773059846		0.2352060539841652		0.4704121079683304
282		19.31607310898835		0.8893932700157166		1.2484075567913056		0.09597186954021454		0.19194373908042908
283		19.24760943799629		0.875773012638092		1.2179768377709388		0.09375127410292626		0.18750254820585252
284		18.943701045005582		0.8709104657173157		1.2151178111553191		0.10758360968828201		0.21516721937656402
285		19.030872795003233		0.8300839066505432		1.1777345995640756		0.11398996980190278		0.22797993960380555
286		19.277418782992754		0.8420644998550415		1.2022397967863083		0.1060834173798561		0.2121668347597122
287		19.341891592019238		0.8425213098526001		1.1963333180475235		0.12553891563415528		0.25107783126831057
288		19.13632824999513		0.8628764748573303		1.2128721262264253		0.09928515403270721		0.19857030806541442
289		19.09065484700841		0.8962074518203735		1.233351582534313		0.11558060948848724		0.23116121897697448
290		19.035541858000215		0.8799954652786255		1.22604477912426		0.09158812290430068		0.18317624580860137
291		19.211457701021573		0.8499760031700134		1.2029597633194924		0.09952750070691109		0.19905500141382218
292		19.295047101011733		0.8348370790481567		1.1788885794377326		0.10115030641555786		0.20230061283111572
293		19.2262178749952		0.8606922626495361		1.2150517274308206		0.09152048524618149		0.18304097049236298
294		19.19450751200202		0.888789176940918		1.2441124517703057		0.12891559631824492		0.25783119263648985
295		19.244440909009427		0.8393706679344177		1.1920924204325676		0.19112407667636871		0.38224815335273743
296		19.16684226799407		0.8923425674438477		1.233126101498604		0.0900347066372633		0.1800694132745266
297		19.043141823989572		0.8692134022712708		1.2068898060894013		0.09213593470752239		0.18427186941504478
298		19.19744683802128		0.8488710522651672		1.1952728670740127		0.10351202677488328		0.20702405354976655
299		19.27404530000058		0.907410740852356		1.2534473239541053		0.12860465695261955		0.2572093139052391
300		19.204793520009844		0.8705798387527466		1.2230721471238137		0.11074380468130111		0.22148760936260223
301		19.209588272002293		0.8579260110855103		1.2062686971354484		0.09990194001197815		0.1998038800239563
302		19.087741385999834		0.8303225636482239		1.1771769026184082		0.09406174100637436		0.18812348201274873
303		19.154838590999134		0.8940573334693909		1.2305815938949585		0.12606958791017533		0.25213917582035067
304		19.315007669007173		0.844700038433075		1.2034448089957237		0.09026440711319447		0.18052881422638895
305		19.271061608975288		0.8238635659217834		1.1718493324756623		0.09220817288160324		0.18441634576320648
306		19.190487259009387		0.8648538589477539		1.209442769086361		0.08940461578667164		0.17880923157334327
307		19.180577011982678		0.8515254259109497		1.1971153044819831		0.10766246408224106		0.21532492816448212
308		19.090564773010556		0.8621508479118347		1.2104939034986495		0.10295044609904289		0.20590089219808577
309		19.258835612999974		0.8742045760154724		1.2379247189617157		0.11253138023614884		0.22506276047229767
310		19.226013179984875		0.9139560461044312		1.265597431459427		0.09556933246254921		0.19113866492509843
311		19.186958195001353		0.8538206815719604		1.2037829543566705		0.08938793562948703		0.17877587125897407
312		19.22921583999414		0.8190158605575562		1.1665533325862885		0.2668668430328369		0.5337336860656738
313		19.117495476995828		0.8218027949333191		1.16323520788908		0.14792836506962775		0.2958567301392555
314		19.039423423993867		0.9546971917152405		1.2971313097023964		0.09745964002013206		0.19491928004026413
315		19.14868612602004		0.8496302962303162		1.2007627898836135		0.1530854579627514		0.3061709159255028
316		18.999921408016235		0.8554190993309021		1.203286018640995		0.0924947309166193		0.1849894618332386
317		19.02255602600053		0.8474998474121094		1.1939522658634185		0.09295445285439491		0.18590890570878982
318		19.079111157014268		0.865709662437439		1.2110887380719184		0.10191905174255371		0.20383810348510742
319		19.058487828006037		0.8345513343811035		1.183475617029667		0.0939357236623764		0.1878714473247528
320		19.090420875989366		0.8672065138816833		1.2141106591415405		0.1374299239397049		0.2748598478794098
321		19.086222065991024		0.8475577235221863		1.1976340392184257		0.09211091032922268		0.18422182065844536
322		19.105208722001407		0.8510664105415344		1.2053980755352973		0.10485383544564247		0.20970767089128495
323		19.255410233017756		0.8838927149772644		1.2410630910468101		0.09006823357939721		0.18013646715879442
324		19.175110340991523		0.8706467747688293		1.2142884707570076		0.08867342407703399		0.17734684815406798
325		19.18456644800608		0.8241643309593201		1.1735778355789184		0.10589516048431397		0.21179032096862793
326		19.135703506006394		0.8405832648277283		1.1849734695482255		0.2137996398985386		0.4275992797970772
327		19.072576921986183		0.8115471005439758		1.1622137050247192		0.08768192302882671		0.17536384605765343
328		19.149906056001782		0.8293002247810364		1.1722351206302644		0.0943443403661251		0.1886886807322502
329		19.15709891798906		0.8170365691184998		1.1511111146569253		0.13088830246925354		0.2617766049385071
330		19.064574900985463		0.8343231678009033		1.1817945655822755		0.11443903741240502		0.22887807482481004
331		19.119268260983517		0.8584032654762268		1.2187426998257638		0.10381750477552414		0.20763500955104827
332		19.23395405599149		0.8474644422531128		1.2012028668093682		0.13669857856035234		0.27339715712070467
333		19.065727853012504		0.8400834798812866		1.1923487858486175		0.0884762259542942		0.1769524519085884
334		19.08654345900868		0.8079535961151123		1.163800659222603		0.08684791571199894		0.1736958314239979
335		19.1217183630215		0.8786073923110962		1.2369920673394204		0.09964390218853951		0.19928780437707902
336		19.066593087016372		0.8498291969299316		1.2005947684049607		0.1057234257876873		0.2114468515753746
337		19.245009470003424		0.8029898405075073		1.1525508520960808		0.08753339934945106		0.17506679869890213
338		19.117306555999676		0.857293426990509		1.2076439677500725		0.10593906050920486		0.21187812101840972
339		19.19159782398492		0.8201394081115723		1.1715414712357521		0.08691492878496647		0.17382985756993294
340		19.070990083011566		0.8743438124656677		1.2246742963290214		0.09042204104363918		0.18084408208727837
341		18.976446970977122		0.8159946799278259		1.1676913161206246		0.11170621026754379		0.22341242053508759
342		19.141560320014833		0.8490296602249146		1.2015159244823457		0.10623061913251877		0.21246123826503754
343		19.306917748006526		0.8432823419570923		1.1693361766552925		0.13939326597452165		0.2787865319490433
344		19.28907989599975		0.8703464865684509		1.2108165851640702		0.12210255602002144		0.2442051120400429
345		19.323531714995624		0.868954062461853		1.2055085190892219		0.08976248819231987		0.17952497638463974
346		19.162031604006188		0.7992985844612122		1.1586399805235863		0.11363481150269508		0.22726962300539016
347		19.16309746602201		0.8487464785575867		1.1951157991409302		0.08631771660149097		0.17263543320298194
348		19.07645295097609		0.8851214647293091		1.2345417272758483		0.2552591500759125		0.510518300151825
349		19.138812313991366		0.823811411857605		1.1697243929243089		0.09033469066619873		0.18066938133239746
350		19.233616244018776		0.8459818363189697		1.1980140533709527		0.10820497924089431		0.21640995848178862
351		19.25289368198719		0.8065562844276428		1.1564769692015648		0.08895897500514983		0.17791795001029967
352		19.115041174023645		0.8171173930168152		1.1691987131881714		0.09480383712649346		0.1896076742529869
353		18.964039062993834		0.8111810684204102		1.161110120303631		0.09416105161905289		0.18832210323810578
354		18.979944270977285		0.8644182682037354		1.2189169221544265		0.09209318298697472		0.18418636597394944
355		19.08129800099414		0.81999671459198		1.1623791608738898		0.09527025954127312		0.19054051908254624
356		19.13375704397913		0.8008102178573608		1.1467635775113105		0.08686550844311715		0.1737310168862343
357		19.179499822988873		0.8440067768096924		1.1975278135824203		0.0845508375942707		0.1691016751885414
358		19.251504826999735		0.8406909704208374		1.1944273023724556		0.10631262591481208		0.21262525182962416
359		19.19342568900902		0.8224383592605591		1.1668429179501534		0.08538298248052598		0.17076596496105195
360		19.168350727006327		0.8370978832244873		1.1809434578967095		0.1022978107392788		0.2045956214785576
361		19.386049683991587		0.8299021124839783		1.174596757261753		0.08979517280459404		0.17959034560918807
362		19.337971227010712		0.8209428787231445		1.1740093242669105		0.08589953576922417		0.17179907153844834
363		19.41183291998459		0.8488991856575012		1.1980357555627823		0.16737247387766838		0.33474494775533675
364		19.38104149600258		0.8370031118392944		1.181767071661949		0.08388707721233368		0.16777415442466737
365		19.311851715989178		0.814290463924408		1.168504439418316		0.11572015959024429		0.23144031918048857
366		19.223960981005803		0.8220446705818176		1.1671665456271172		0.1179245109140873		0.2358490218281746
367		19.229944555001566		0.8544655442237854		1.2036957259440422		0.09239624018669128		0.18479248037338256
368		19.38197541399859		0.8063458204269409		1.1595327191352844		0.1655700840651989		0.3311401681303978
369		19.34147425199626		0.8697919845581055		1.2185121962046623		0.1342102211177349		0.2684204422354698
370		19.28201492902008		0.8365540504455566		1.1727168201613427		0.08696479918956757		0.17392959837913513
371		19.3074237400142		0.8203660845756531		1.1686203666996955		0.1117779908835888		0.2235559817671776
372		19.210061626014067		0.8355691432952881		1.1870420975494385		0.08476664531230926		0.16953329062461853
373		19.253900843992596		0.8368930220603943		1.17218967192173		0.10402196850180626		0.2080439370036125
374		19.235116206022212		0.846575915813446		1.2068837584638596		0.09015200769901276		0.1803040153980255
375		19.23149587100488		0.8242077827453613		1.1721051418447495		0.18454502272605897		0.36909004545211793
376		19.270362877025036		0.855527937412262		1.2141983069753648		0.09380768628120423		0.18761537256240846
377		19.120474641007604		0.8197428584098816		1.165876468527317		0.12096460206508637		0.24192920413017274
378		19.157721628027502		0.8102705478668213		1.1642412331438066		0.0841604710072279		0.1683209420144558
379		19.222496842994587		0.8176122307777405		1.1654517352342606		0.08377589856088162		0.16755179712176324
380		19.223307594977086		0.8220562934875488		1.165546484093666		0.08352105878293514		0.16704211756587029
381		19.40507421598886		0.828223466873169		1.1655839267921448		0.08699679774641991		0.17399359549283983
382		19.337713899003575		0.8217522501945496		1.167582140905857		0.08631728620231152		0.17263457240462304
383		19.28499163800734		0.8078966736793518		1.1510793401813506		0.16929836390614508		0.33859672781229017
384		19.280080794007517		0.819987416267395		1.1691218286800384		0.2221049406051636		0.4442098812103272
385		19.102975896006683		0.8351103067398071		1.1856966794013977		0.09919400104284286		0.19838800208568572
386		19.051738277979894		0.8147446513175964		1.1564143698596954		0.09079100800156593		0.18158201600313187
387		19.36602709098952		0.8184412121772766		1.1669661608958244		0.10460149713158608		0.20920299426317215
388		19.425128137983847		0.7823558449745178		1.1377994097948074		0.0839212902545929		0.1678425805091858
389		19.20551969000371		0.8307437896728516		1.1711249522018432		0.10242515709996224		0.20485031419992447
390		19.40603244799422		0.8107584118843079		1.1588805616045		0.08134587247669697		0.16269174495339395
391		19.32685575101641		0.829043984413147		1.167932938082218		0.09034198693335056		0.18068397386670113
392		19.1705503819976		0.8459873795509338		1.1919343973255156		0.09608618698716163		0.19217237397432327
393		19.221915522997733		0.8023359775543213		1.156164873790741		0.09309284544885159		0.18618569089770318
394		19.33294696599478		0.7961628437042236		1.1490012404131889		0.08730830613076687		0.17461661226153374
395		19.46401319501456		0.8026901483535767		1.160625879895687		0.10132274086475372		0.20264548172950744
396		19.170638770010555		0.7900593280792236		1.1399825856113435		0.09091261497437954		0.18182522994875908
397		19.160728496004594		0.8465545177459717		1.1969497511410714		0.0811979345113039		0.1623958690226078
398		19.171916819002945		0.8012441396713257		1.1372760066413878		0.08887258316278458		0.17774516632556916
399		18.950779882987263		0.8201862573623657		1.1664290196084977		0.12851449910998344		0.2570289982199669
400		19.17855786700966		0.7987233400344849		1.1506127557587624		0.1415900333404541		0.2831800666809082
401		19.23614034501952		0.809178352355957		1.1554037668681145		0.0883466137856245		0.176693227571249
402		19.149848743982147		0.8178251385688782		1.1723087171578408		0.09022450261712074		0.18044900523424148
403		19.184543904993916		0.795009195804596		1.1427862497735024		0.22928907437324525		0.4585781487464905
404		19.150226351979654		0.8097201585769653		1.1572124946069717		0.08250208462774754		0.16500416925549508
405		19.17693005199544		0.7999066710472107		1.151530760486126		0.10108664854764939		0.20217329709529877
406		19.210666908009443		0.8107630014419556		1.1631386676836013		0.08919480912685394		0.1783896182537079
407		19.247201771999244		0.7928839921951294		1.1384730733966828		0.1816004072368145		0.363200814473629
408		19.32653494301485		0.8284903764724731		1.1768591829800605		0.08048576724529266		0.16097153449058532
409		19.24398496898357		0.8201654553413391		1.1620384997367859		0.10544166510105132		0.21088333020210265
410		19.214623348001624		0.7815567255020142		1.1239249655532837		0.11365840651988983		0.22731681303977966
411		19.267708118015435		0.8040046095848083		1.1536173950195312		0.08092059673070907		0.16184119346141815
412		19.239183288998902		0.814659833908081		1.1654661370921136		0.08135845933556557		0.16271691867113114
413		19.47090623897384		0.8268376588821411		1.1701366301226617		0.09209471380412579		0.18418942760825158
414		19.137818466988392		0.7893257737159729		1.1324814314961433		0.17429257695674896		0.3485851539134979
415		19.10754352499498		0.8198668360710144		1.1522586684679985		0.08081932410299777		0.16163864820599555
416		19.392879097984405		0.8057091236114502		1.1609533254861832		0.07996610225141049		0.15993220450282097
417		19.153346491017146		0.8116025328636169		1.1534298938512801		0.08736548784971238		0.17473097569942475
418		19.257829256006517		0.816557765007019		1.1509420426273347		0.08548553155064582		0.17097106310129165
419		19.201352350995876		0.8195810914039612		1.158595914788246		0.12707356397509575		0.2541471279501915
420		19.362293717014836		0.8243761658668518		1.1804564769649506		0.08430607173144818		0.16861214346289635
421		19.41331908601569		0.8070152997970581		1.1446297601366042		0.08210969178974628		0.16421938357949256
422		19.420333658985328		0.8130033612251282		1.1640471845841407		0.08062197444140912		0.16124394888281823
423		19.170343231002335		0.8126901984214783		1.1632959820914268		0.09279780893027782		0.18559561786055565
424		19.242533343989635		0.7719503045082092		1.1234588993287087		0.07996874813735486		0.1599374962747097
425		19.291908457991667		0.8083308339118958		1.143363625679016		0.08809478814899921		0.17618957629799842
426		19.18996567997965		0.8088142275810242		1.1437335778212547		0.08332135455608368		0.16664270911216736
427		19.069179236976197		0.7967346906661987		1.1341776199913025		0.08186443140208721		0.16372886280417442
428		19.062089031998767		0.7775537967681885		1.129249455449581		0.0805666966676712		0.1611333933353424
429		19.169611848017666		0.8066970109939575		1.160847986869812		0.08182418069541454		0.16364836139082908
430		19.154446261003613		0.8006401658058167		1.1478851650238038		0.11017706696987152		0.22035413393974304
431		19.111840066994773		0.7796835899353027		1.1313888575863837		0.0822905957520008		0.1645811915040016
432		19.269284087000415		0.768329381942749		1.1241651014208793		0.07929317213892936		0.15858634427785873
433		19.31624942101189		0.7884641885757446		1.132254937300682		0.08849235700666905		0.1769847140133381
434		19.357494843017776		0.8143023252487183		1.1615471811938285		0.09499703305363655		0.1899940661072731
435		19.227628991997335		0.805985689163208		1.1424446930527687		0.1067399333178997		0.2134798666357994
436		19.19784845400136		0.7943882346153259		1.1324895943450928		0.07932762550711632		0.15865525101423264
437		19.25571861700155		0.775661826133728		1.1202279947280884		0.08120723337829112		0.16241446675658225
438		19.306422138004564		0.813053548336029		1.1609781008911133		0.08006196238100528		0.16012392476201057
439		19.090859440009808		0.7716398239135742		1.1250308321237563		0.088504115909338		0.177008231818676
440		19.171152737020748		0.786794900894165		1.1285631212854386		0.11277606638073921		0.22555213276147842
441		19.136559465987375		0.7739341259002686		1.1230919383573532		0.0792959147065878		0.1585918294131756
442		19.08936379197985		0.789206862449646		1.1375598864626884		0.08773996095061302		0.17547992190122605
443		19.03313779400196		0.7821186780929565		1.1282269367408753		0.1690133610546589		0.3380267221093178
444		19.013573370000813		0.7987374663352966		1.1505882677984238		0.1270448836028576		0.2540897672057152
445		19.139385808986844		0.7884688973426819		1.1404966973257065		0.1056932267010212		0.2113864534020424
446		19.268081898015225		0.7748814821243286		1.1276636003041267		0.09295835598111153		0.18591671196222306
447		19.23206477900385		0.8153855800628662		1.155949482316971		0.07759700731039047		0.15519401462078095
448		19.09313472197391		0.7931973934173584		1.1355371820020677		0.09477222163677215		0.1895444432735443
449		19.115293537994148		0.7976227402687073		1.1405795870113373		0.07795016673505306		0.15590033347010612
450		19.17181547600194		0.7950677871704102		1.1496421138358117		0.0795631183296442		0.1591262366592884
451		19.21215322302305		0.8109384179115295		1.1433717389011384		0.08392883938848972		0.16785767877697944
452		19.147687249991577		0.7737370133399963		1.1241113163852692		0.08999571127593517		0.17999142255187034
453		19.163511571008712		0.7933326959609985		1.1508130551695823		0.07796752050220966		0.15593504100441932
454		19.24680029999581		0.7795541882514954		1.1353623693871497		0.07838955517709255		0.1567791103541851
455		19.215684296999825		0.7789089679718018		1.1185697467327118		0.09747978667020797		0.19495957334041594
456		19.34930821400485		0.7675666213035583		1.1197855447006226		0.09293835338950157		0.18587670677900314
457		19.433353027998237		0.8080196380615234		1.1471659268522263		0.08069935836791992		0.16139871673583983
458		19.31582113399054		0.795310914516449		1.130474860880375		0.10346699887216092		0.20693399774432183
459		19.195895907003433		0.7750580906867981		1.1262346553373337		0.09328819958567619		0.18657639917135238
460		19.222029599011876		0.8117644190788269		1.1590041743707657		0.07999829821884633		0.15999659643769265
461		19.12682782500633		0.8077459931373596		1.1540375188398362		0.07874279925525189		0.15748559851050378
462		19.034621173981577		0.8063989877700806		1.1519436472940445		0.08461194277107716		0.1692238855421543
463		19.213550921005663		0.7876125574111938		1.1309101750802995		0.07732024071514607		0.15464048143029213
464		19.230049678008072		0.7700063586235046		1.1175037862062454		0.12136946091651916		0.24273892183303833
465		19.142610819020774		0.7873155474662781		1.137931899008751		0.11458656772375107		0.22917313544750215
466		19.217963242001133		0.7872923016548157		1.126208854289055		0.09261301637589932		0.18522603275179864
467		19.11465014598798		0.7741342782974243		1.1179088410854339		0.09201402960717678		0.18402805921435356
468		19.04167564798263		0.803851842880249		1.1469341201901435		0.07627586250007153		0.15255172500014305
469		19.101031033002073		0.7938421964645386		1.1363591444420815		0.07961914627254009		0.15923829254508018
470		19.16893349698512		0.8132827281951904		1.1569972462463378		0.09323586244881153		0.18647172489762306
471		19.16722517798189		0.770445704460144		1.112398030166626		0.07693815589249134		0.15387631178498268
472		19.29413718500291		0.7649682760238647		1.1122480891728401		0.07787432294785976		0.15574864589571952
473		19.17395321498043		0.7889416217803955		1.1202306540107727		0.07959506384134292		0.15919012768268584
474		19.216771998995682		0.7712496519088745		1.1165415582823754		0.09179626312255859		0.18359252624511718
475		19.265976741007762		0.7864967584609985		1.1296880239510536		0.07640931477248669		0.15281862954497338
476		19.41858783099451		0.7964751124382019		1.1375096611618996		0.08018106312453747		0.16036212624907495
477		19.40888987199287		0.7622601985931396		1.1154452739048004		0.07691339345574379		0.15382678691148757
478		19.35043849700014		0.7826205492019653		1.1275594518470764		0.1022441065132618		0.2044882130265236
479		19.245277727022767		0.7854411602020264		1.1290963835597039		0.07909037337303161		0.15818074674606322
480		19.161051646980923		0.7654226422309875		1.1070084252667427		0.07579700696766377		0.15159401393532754
481		19.335403133998625		0.7623428702354431		1.1192905138254166		0.07873561732470989		0.15747123464941978
482		19.404186869971454		0.7901448011398315		1.1308747646975517		0.07600776420235633		0.15201552840471266
483		19.27244894398609		0.7912247180938721		1.1265646545767785		0.07712915926873684		0.15425831853747368
484		19.251750336989062		0.7697407603263855		1.1081376540780068		0.07910756493508815		0.1582151298701763
485		19.367945177014917		0.7792019248008728		1.124674705646038		0.1180392544567585		0.236078508913517
486		19.1706397520029		0.7810102105140686		1.1189004849600792		0.07528772740960121		0.15057545481920243
487		19.220481890020892		0.7928177118301392		1.1286409348583222		0.0764254586905241		0.1528509173810482
488		19.374630687001627		0.7718020081520081		1.1212116239118577		0.07768437306582927		0.15536874613165855
489		19.219056406000163		0.7512733340263367		1.1073330263710022		0.07496862655580044		0.1499372531116009
490		19.20272776100319		0.773456871509552		1.1122915594196319		0.07560686500668526		0.15121373001337052
491		19.126164329005405		0.7644063830375671		1.1078287969899177		0.09053868094980717		0.18107736189961435
492		19.00092801899882		0.7649364471435547		1.1138445952701568		0.1064328142017126		0.2128656284034252
493		19.30375691500376		0.7699637413024902		1.1074809416222573		0.07501912369430065		0.1500382473886013
494		19.449647136993008		0.800084114074707		1.1486601828742027		0.080269343110919		0.160538686221838
495		19.382914969988633		0.7773873209953308		1.1173163441753386		0.07698067885935307		0.15396135771870614
496		19.33823933301028		0.7736131548881531		1.1086144494652748		0.07648194424211979		0.15296388848423959
497		19.065341704001185		0.788957417011261		1.1293670670175553		0.07519299694001674		0.15038599388003349
498		19.24844400997972		0.7755317091941833		1.1208095551085473		0.07515344448685646		0.15030688897371292
499		19.174939600983635		0.7694109678268433		1.1127186567664147		0.08792714394330979		0.17585428788661958
500		19.17256927100243		0.7845255136489868		1.1332596433496476		0.08337556070685387		0.16675112141370774
501		19.246319247991778		0.7727348804473877		1.1148171776270865		0.10772176733613015		0.2154435346722603
502		19.246823729015887		0.7720966339111328		1.1142991367125512		0.07457220987379551		0.14914441974759102
503		19.243916715000523		0.7849549651145935		1.115469262485504		0.07461560376286507		0.14923120752573013
504		19.191675959998975		0.7606706023216248		1.1028741133356095		0.08717738895118236		0.17435477790236473
505		19.338879088987596		0.7599834203720093		1.1019024284553527		0.0753203403890133		0.1506406807780266
506		19.40783887100406		0.7578372955322266		1.1090896198511124		0.17279807122945787		0.34559614245891573
507		19.278375454014167		0.7668587565422058		1.1092398670721053		0.07423710566461086		0.14847421132922173
508		19.306184201996075		0.7621539831161499		1.1041875414705276		0.07576278549730778		0.15152557099461555
509		19.1397092390107		0.7620580792427063		1.1091328167271615		0.18573003597557544		0.3714600719511509
510		19.097109096008353		0.7752029299736023		1.1147319397354125		0.07644598815441131		0.15289197630882262
511		19.11165685998276		0.781536877155304		1.1152486544895173		0.07394695472121239		0.14789390944242478
512		19.401732797996374		0.7758067846298218		1.1138691783094405		0.07752255238294602		0.15504510476589203
513		19.421257597015938		0.7467644214630127		1.0949073147201538		0.0771200850456953		0.1542401700913906
514		19.280710063001607		0.7856202721595764		1.126271241941452		0.076301629409194		0.152603258818388
515		19.290872181009036		0.7823629975318909		1.1091564369392395		0.0736953292876482		0.1473906585752964
516		19.195333471987396		0.7672520875930786		1.113934224421978		0.16450764620304106		0.3290152924060821
517		19.30188883500523		0.7538719177246094		1.0963067713141441		0.07776978081464768		0.15553956162929536
518		19.526476557017304		0.7572847604751587		1.0986552441763877		0.0807681827545166		0.1615363655090332
519		19.549222211004235		0.780714213848114		1.1294411253333092		0.11057833406329155		0.2211566681265831
520		19.378285617014626		0.7636793851852417		1.1050914237236977		0.07427496353983878		0.14854992707967757
521		19.266947694006376		0.7632856965065002		1.109027166326046		0.07531193643808365		0.1506238728761673
522		19.202122315997258		0.7719948291778564		1.1106489567399025		0.08291624454259873		0.16583248908519746
523		19.161832766985754		0.7731544971466064		1.1112318024134635		0.08006629854142666		0.16013259708285332
524		19.1356312269927		0.7571734189987183		1.090130968708992		0.07410788368880748		0.14821576737761497
525		19.41320474501117		0.7539315223693848		1.1009081450247764		0.13078116382360458		0.26156232764720916
526		19.524550562986406		0.7608986496925354		1.102424516866207		0.08385669207572936		0.16771338415145873
527		19.41823807999026		0.7617067098617554		1.0983152041387558		0.0745972864985466		0.1491945729970932
528		19.204393343999982		0.7533428072929382		1.0993834166193008		0.07364051402509213		0.14728102805018425
529		19.172013224015245		0.7644745111465454		1.0933662823319434		0.07313108734786511		0.14626217469573022
530		19.126366437994875		0.7553802132606506		1.0936561874341966		0.07817491810023784		0.15634983620047568
531		19.223435413005063		0.7664092779159546		1.1116628029608726		0.07911236531436443		0.15822473062872885
532		19.297202629997628		0.7645501494407654		1.1025295497131347		0.07349684008061885		0.1469936801612377
533		19.583996782981558		0.752316415309906		1.1023103893208503		0.07338307044804096		0.14676614089608192
534		19.393797552998876		0.7585532069206238		1.095034145371914		0.07348834903240203		0.14697669806480407
535		19.139961626002332		0.7622213363647461		1.1091583925032615		0.07789111381471157		0.15578222762942315
536		19.093042555003194		0.7662046551704407		1.0983814151239395		0.0731062200397253		0.1462124400794506
537		19.157929782028077		0.7669138312339783		1.1067260090494155		0.07504568406641483		0.15009136813282967
538		19.309888232004596		0.7749976515769958		1.1062292864608765		0.07381897128224373		0.14763794256448745
539		19.27317959800712		0.7539912462234497		1.0879585809922219		0.0734873148560524		0.1469746297121048
540		19.404943130997708		0.758489191532135		1.1102856420731544		0.07400283245444297		0.14800566490888595
541		19.28119912801776		0.760486364364624		1.0952287372040748		0.07245367911458016		0.14490735822916032
542		19.37899682499119		0.764582097530365		1.101826739578247		0.11615149610042572		0.23230299220085143
543		19.181293927016668		0.7585341334342957		1.0938958585095406		0.07291298008859158		0.14582596017718316
544		19.32065083301859		0.7544448375701904		1.106591722393036		0.0725987338155508		0.1451974676311016
545		19.383889551012544		0.7519544363021851		1.0868419985175133		0.0743870089262724		0.1487740178525448
546		19.3925252330082		0.7652245163917542		1.1025841282391549		0.07297947100400924		0.14595894200801848
547		19.442686416005017		0.7498560547828674		1.087376581671238		0.07513747875988483		0.15027495751976966
548		19.41274716699263		0.7507729530334473		1.1013162015938758		0.07667313933372498		0.15334627866744996
549		19.30809833400417		0.758909285068512		1.0956105888056755		0.07319878353476525		0.1463975670695305
550		19.28705377501319		0.7495406866073608		1.093968070716858		0.07713644458949566		0.15427288917899132
551		19.246531554992544		0.7610059380531311		1.0982934047532082		0.0722153339534998		0.1444306679069996
552		19.34394703200087		0.789168655872345		1.1140567993044854		0.07267610693871975		0.1453522138774395
553		19.46188331898884		0.7523295283317566		1.0974743096208572		0.1137584451854229		0.2275168903708458
554		19.238720877998276		0.7550676465034485		1.1053401790428161		0.07209249298870564		0.14418498597741128
555		19.28873702598503		0.7589716911315918		1.1013444945621491		0.0985046070098877		0.1970092140197754
556		19.248927018983522		0.7537901997566223		1.097846545894146		0.07439459632039071		0.14878919264078141
557		19.21084610998514		0.7589414715766907		1.091035347521305		0.07240803564190865		0.1448160712838173
558		19.263370880973525		0.7567610144615173		1.0889641457629204		0.08826174085438251		0.17652348170876503
559		19.300231158995302		0.7491850852966309		1.0914324037837981		0.08046833936274052		0.16093667872548104
560		19.278290849004406		0.7549870610237122		1.0959716616296769		0.08583314773738385		0.1716662954747677
561		19.33462865097681		0.7391586303710938		1.092477824614048		0.07234314566850662		0.14468629133701325
562		19.32581802699133		0.75873863697052		1.0898979072856902		0.07999348205924034		0.15998696411848068
563		19.343932515010238		0.7525357604026794		1.08962158557415		0.07176493988633156		0.14352987977266313
564		19.15350754800602		0.7466910481452942		1.0936045001077652		0.07276901288628579		0.14553802577257158
565		19.110399297002004		0.7542431354522705		1.1042966849207878		0.07198495484888554		0.14396990969777107
566		19.146076868026285		0.7476621866226196		1.0933720448994637		0.07287774258255958		0.14575548516511916
567		19.101735270000063		0.7424732446670532		1.089571070281267		0.0716900331735611		0.1433800663471222
568		19.04756981600076		0.7416428923606873		1.0869895928263664		0.07312111795246601		0.14624223590493202
569		19.05482861600467		0.757326602935791		1.1011121924114227		0.07248029705286026		0.1449605941057205
570		19.101716664998094		0.7399571537971497		1.0863546159744262		0.07933916597366333		0.15867833194732667
571		19.352396742004203		0.7471739053726196		1.0853155499267577		0.08591444486379624		0.17182888972759247
572		19.320008801994845		0.7581992745399475		1.0955571577048302		0.0832541053622961		0.1665082107245922
573		19.2383515459951		0.7538282871246338		1.0959552750468253		0.08938971742391587		0.17877943484783174
574		19.292083866981557		0.7400491237640381		1.0838480392885208		0.07576355410814285		0.1515271082162857
575		19.075837483018404		0.7581943273544312		1.089602309525013		0.07514841764867305		0.1502968352973461
576		19.197449382016202		0.7453583478927612		1.0841134220552444		0.07301797879338265		0.1460359575867653
577		19.297987344005378		0.7569446563720703		1.085966843688488		0.07137876021265983		0.14275752042531967
578		19.22998461901443		0.7463595867156982		1.080923163280487		0.07141773875355721		0.14283547750711442
579		19.183598418982		0.7438195943832397		1.08497919526577		0.11459141685962677		0.22918283371925355
580		19.223322809004458		0.7435968518257141		1.0923902136969565		0.07640097174942494		0.15280194349884987
581		19.328987890999997		0.7468588352203369		1.085620784446001		0.0836685562580824		0.1673371125161648
582		19.39890606998233		0.7441617250442505		1.081970718717575		0.08055695928633214		0.16111391857266427
583		19.363868446002016		0.7429674863815308		1.0851631331515312		0.07163696411550045		0.1432739282310009
584		19.54723660601303		0.7465590238571167		1.087879601266384		0.07153335970044136		0.14306671940088272
585		19.569321339018643		0.7489716410636902		1.0936996638226508		0.07095005221068859		0.14190010442137718
586		19.497912338003516		0.7503160238265991		1.086538287782669		0.0822758289694786		0.1645516579389572
587		19.458537845988758		0.7469260692596436		1.0809938075518608		0.0748545576274395		0.149709115254879
588		19.396335815021303		0.758563756942749		1.0946758958578109		0.08268143091797829		0.16536286183595658
589		19.393659900990315		0.7350490689277649		1.079370849864483		0.07135487984418869		0.14270975968837737
590		19.282182461000048		0.7469712495803833		1.0842929816484452		0.073972981351614		0.147945962703228
591		19.363019907003036		0.7519043684005737		1.0913144509112835		0.07087788771092891		0.14175577542185783
592		19.599432816990884		0.7570039629936218		1.087059063527584		0.07767341287732124		0.15534682575464248
593		19.46984951599734		0.7308592200279236		1.0796466890621186		0.07383026165664196		0.14766052331328391
594		19.273129359004088		0.7544330358505249		1.0892714911866188		0.07107533767521382		0.14215067535042764
595		19.420992308005225		0.7425094842910767		1.073117007920742		0.0712119787812233		0.1424239575624466
596		19.450889811007073		0.7494797706604004		1.089672829248905		0.07275964343845845		0.1455192868769169
597		19.502808682009345		0.7516024708747864		1.0908695340776444		0.07429963213205337		0.14859926426410675
598		19.456482138019055		0.7451682686805725		1.0787602240896226		0.08220136847496033		0.16440273694992066
599		19.492523805995006		0.7426171898841858		1.0788582632112502		0.07709975771605969		0.15419951543211938
600		19.530977952992544		0.7559593319892883		1.0844024705862998		0.07084895887672901		0.14169791775345802
601		19.58160081799724		0.7492368817329407		1.080760635199547		0.07314129994809627		0.14628259989619255
602		19.48865434198524		0.7467026114463806		1.0794619566130639		0.07054890566170216		0.14109781132340432
603		19.338170939998236		0.7467154264450073		1.0882325599956513		0.07122180383503438		0.14244360767006875
604		19.302486920001684		0.7426640391349792		1.0794493148517608		0.09629475067853928		0.19258950135707856
605		19.237019223015523		0.7508028745651245		1.0847716616153718		0.07174183674752713		0.14348367349505425
606		19.241508200007956		0.7421950697898865		1.0780610310041905		0.08063188141584396		0.16126376283168792
607		19.33842679997906		0.7473794221878052		1.0852678446912765		0.07068728702962399		0.14137457405924797
608		19.198168291011825		0.7406541705131531		1.075277229142189		0.07074145641326904		0.14148291282653808
609		19.327891838998767		0.7409664392471313		1.0844547234582902		0.07046790282130241		0.14093580564260483
610		19.27031940300367		0.7537636756896973		1.076520709593296		0.0817476912111044		0.1634953824222088
611		19.40777915698709		0.7421599626541138		1.0794817789149285		0.070255304017663		0.140510608035326
612		19.45218045898946		0.7485130429267883		1.081946817793846		0.08342560259401799		0.16685120518803598
613		19.458842295978684		0.7566868662834167		1.0822920149326325		0.07039013238847255		0.1407802647769451
614		19.197898735990748		0.7289499640464783		1.0790779394125938		0.07047760724425316		0.14095521448850631
615		19.148475401016185		0.7448205351829529		1.0762860010480881		0.07206154732406139		0.14412309464812278
616		19.10798788498505		0.7364113330841064		1.078511359835863		0.07463290581405163		0.14926581162810326
617		19.04851316800341		0.7494244575500488		1.0774424625873567		0.07037890367805957		0.14075780735611915
618		19.12583279699902		0.7486997246742249		1.079342358726263		0.07071257709562778		0.14142515419125556
619		19.302515652001603		0.7414505481719971		1.07472053622365		0.07021374866068363		0.14042749732136725
620		19.132181664987		0.7417591214179993		1.078125284296274		0.07310882357954979		0.14621764715909957
621		19.113514127995586		0.7398526668548584		1.0729365321445465		0.0778358291655779		0.1556716583311558
622		19.03449053398799		0.7396442890167236		1.0795745712780953		0.07822451366484165		0.1564490273296833
623		18.993665794987464		0.7350800037384033		1.0814357362616063		0.07438829532265663		0.14877659064531326
624		19.076865659008035		0.7331534028053284		1.0724769939184189		0.08286125267148017		0.16572250534296035
625		19.379546262993244		0.7284924983978271		1.0750963525748254		0.07003324158787727		0.14006648317575454
626		19.243816334026633		0.7553368806838989		1.0793781433928014		0.06994202796518803		0.13988405593037606
627		19.15325948401005		0.739839494228363		1.0725259766817092		0.0733559408068657		0.1467118816137314
628		19.103447118017357		0.7466720938682556		1.0759541925120353		0.07590438024103642		0.15180876048207284
629		19.131188929983182		0.7465046644210815		1.0756104251909255		0.08799978899061679		0.17599957798123358
630		19.31256393401418		0.7412681579589844		1.0757514775419235		0.07482067412436008		0.14964134824872016
631		19.178057714016177		0.7363614439964294		1.0733597833240032		0.07000567193031311		0.14001134386062622
632		19.32689622999169		0.743820071220398		1.0745050440239907		0.07018444447815418		0.14036888895630836
633		19.400604652997572		0.7446478605270386		1.083516683460474		0.06983509065210819		0.13967018130421638
634		19.228981591993943		0.7439351081848145		1.0739143406295777		0.0700709325760603		0.1401418651521206
635		19.37291299298522		0.7443816065788269		1.0714087918543815		0.06988485473692417		0.13976970947384834
636		19.166181998996763		0.7305203676223755		1.071035860197544		0.06975256703794003		0.13950513407588006
637		19.144806197000435		0.7429181337356567		1.0791214033079148		0.07045838468968868		0.14091676937937736
638		19.238707102980698		0.7386695742607117		1.0708362123036386		0.06989971895515919		0.13979943791031837
639		19.425296597008128		0.7405992150306702		1.073396249923706		0.06986816473603248		0.13973632947206496
640		19.224467439984437		0.7354770302772522		1.0728732148480415		0.07271234442293643		0.14542468884587287
641		19.119695171015337		0.7398485541343689		1.0723293378412724		0.07234665155112743		0.14469330310225487
642		19.136048436019337		0.7314702272415161		1.0722372667431832		0.06954465592503548		0.13908931185007095
643		19.41798751198803		0.7357113361358643		1.0741127785003186		0.07041203274726868		0.14082406549453735
644		19.379723616992123		0.7554033398628235		1.077095635457039		0.06957913744151592		0.13915827488303184
645		19.4919643199828		0.7329770922660828		1.06880398011446		0.07254871254861354		0.1450974250972271
646		19.171954521007137		0.7386494278907776		1.0759849162197113		0.06960659570991994		0.13921319141983987
647		19.062318359996425		0.7332969903945923		1.0697549289095403		0.07463257727921009		0.14926515455842018
648		19.15514220498153		0.7398089170455933		1.0728171243536473		0.06955615667700768		0.13911231335401536
649		19.13719131500693		0.7442596554756165		1.0689119828319549		0.06951013118326664		0.13902026236653328
650		19.2400801180047		0.753481388092041		1.0738208286523818		0.06966039834618569		0.13932079669237138
651		19.36026554199634		0.7315599322319031		1.0695954205787181		0.06952364572286605		0.1390472914457321
652		19.30485416398733		0.7402472496032715		1.068662504005432		0.07066701196432114		0.14133402392864228
653		19.18343444200582		0.7322390675544739		1.0699068845641613		0.0707050198763609		0.1414100397527218
654		19.13605617900612		0.7371963858604431		1.0696116155779363		0.07181343026161194		0.14362686052322388
655		19.055290989985224		0.7368396520614624		1.068624789404869		0.08412179529070854		0.16824359058141708
656		19.225044435006566		0.7384504675865173		1.0710711240506172		0.06989311526119708		0.13978623052239417
657		19.23887913499493		0.7295743823051453		1.070310894560814		0.06998668496310712		0.13997336992621423
658		19.487511382991215		0.7331432700157166		1.069698819117546		0.07233818195164203		0.14467636390328406
659		19.402048162999563		0.7260637283325195		1.0682285168099404		0.06961044931411743		0.13922089862823486
660		19.285074809013167		0.7322807908058167		1.0685925330245494		0.07056221571564675		0.1411244314312935
661		19.247437657002592		0.73062664270401		1.0727491260814668		0.06933436605334282		0.13866873210668565
662		19.374857977993088		0.7309271693229675		1.0659364751398563		0.07068930255174637		0.14137860510349273
663		19.328974700998515		0.733534574508667		1.0672571213650703		0.0694455561876297		0.1388911123752594
664		19.472053043020424		0.7314642667770386		1.0684933728396893		0.06959385724067688		0.13918771448135375
665		19.55888281899388		0.7404178977012634		1.0690073915350438		0.06930832584500313		0.13861665169000625
666		19.37446285400074		0.7439733147621155		1.0673508335363866		0.07421183343827724		0.14842366687655448
667		19.426142023992725		0.7344526648521423		1.0677245455408095		0.06969413840770722		0.13938827681541444
668		19.464339782018214		0.7439876198768616		1.0683696991181373		0.06911500608325005		0.1382300121665001
669		19.49626818401157		0.734747588634491		1.0678711252141		0.0695436094492674		0.1390872188985348
670		19.367898246011464		0.7346026301383972		1.0697973665726186		0.06913476876020432		0.13826953752040863
671		19.548955114994897		0.739389181137085		1.068611845009327		0.06983554771840572		0.13967109543681144
672		19.255767328984803		0.733869194984436		1.0671865165805816		0.06920722331106663		0.13841444662213326
673		19.560137232998386		0.7434557676315308		1.0686305032968522		0.07056929712295532		0.14113859424591063
674		19.489006196992705		0.7482591271400452		1.0682214271569253		0.06904514470100402		0.13809028940200804
675		19.309501690004254		0.7492808699607849		1.0680307152342796		0.069716515609622		0.139433031219244
676		19.23497356197913		0.7309333682060242		1.0665411292362212		0.06915259101688861		0.13830518203377723
677		19.20710859299288		0.7358416318893433		1.069960981376171		0.06904342092871665		0.1380868418574333
678		19.24108013897785		0.7369138598442078		1.068856359320879		0.0688861732929945		0.137772346585989
679		19.244241006992524		0.7448833584785461		1.0681509900903703		0.06901518593132495		0.1380303718626499
680		19.45024925097823		0.7426782846450806		1.0641448520803451		0.06983211392760277		0.13966422785520555
681		19.400485712016234		0.7256980538368225		1.0646966679787635		0.07044270705282688		0.14088541410565375
682		19.268040773982648		0.7389954328536987		1.0646268522953988		0.0689876756131649		0.1379753512263298
683		19.21829255699413		0.7375736236572266		1.067048158402443		0.06970885454118252		0.13941770908236503
684		19.40522929301369		0.7292521595954895		1.0656146270370483		0.06934964027702809		0.13869928055405617
685		19.576540316978935		0.7326876521110535		1.0677719296228885		0.06959459718167782		0.13918919436335564
686		19.335489151999354		0.7368851900100708		1.0647979055941106		0.06892732265591621		0.13785464531183242
687		19.323352298000827		0.7308838367462158		1.0632820226359367		0.06899098556935787		0.13798197113871574
688		19.546765601000516		0.7331118583679199		1.0651722038173677		0.0784301694303751		0.1568603388607502
689		19.46292136600823		0.7426300048828125		1.0642978215956689		0.07045473831295967		0.14090947662591935
690		19.469094099011272		0.7351179718971252		1.0662408949887752		0.06907135772705078		0.13814271545410156
691		19.305910113005666		0.7373447418212891		1.0647992009043694		0.0688622819185257		0.1377245638370514
692		19.389820317010162		0.7349576354026794		1.0645709753453731		0.0729669553488493		0.1459339106976986
693		19.4101431669842		0.7345359325408936		1.063960390996933		0.06878009676337242		0.13756019352674484
694		19.45911955999327		0.7418733239173889		1.064162699637413		0.06895565069317817		0.13791130138635635
695		19.49137691501528		0.7252482771873474		1.0650946903121472		0.0717021646052599		0.1434043292105198
696		19.49725970500731		0.7438086271286011		1.0639384519147872		0.06870282226800918		0.13740564453601836
697		19.407693070999812		0.7353896498680115		1.0637026621758938		0.06881955263018608		0.13763910526037215
698		19.29763341898797		0.729015588760376		1.0631866431856156		0.06894786828756333		0.13789573657512666
699		19.288524898001924		0.7282283902168274		1.0627663356089592		0.06877034341096878		0.13754068682193757
700		19.221392036997713		0.7400615215301514		1.0643656989371777		0.07796555047631264		0.15593110095262527
701		19.078114911011653		0.7342026233673096		1.063581022400856		0.06958271353542805		0.1391654270708561
702		19.130223229003605		0.7304913997650146		1.0642625707304478		0.0687459335923195		0.137491867184639
703		19.205065014975844		0.7443109750747681		1.0656009240841866		0.07659784193336963		0.15319568386673926
704		19.423072239005705		0.7255734205245972		1.0623134128808975		0.07141274958848953		0.14282549917697906
705		19.405111267988104		0.7307986617088318		1.0633794205188751		0.06861615919172764		0.1372323183834553
706		19.236724300018977		0.7271496057510376		1.06213605782032		0.07794310172200203		0.15588620344400406
707		19.18799162999494		0.729796826839447		1.0629305027544498		0.06899452958703041		0.13798905917406082
708		19.131465444981586		0.736091136932373		1.0635253470098973		0.06956167699992656		0.13912335399985312
709		19.214533054007916		0.7420975565910339		1.0633816516184806		0.0686694491893053		0.1373388983786106
710		19.261513768986333		0.7287201881408691		1.0636123497128487		0.06866695188283921		0.13733390376567842
711		19.27154756197706		0.7313970923423767		1.0621235204839707		0.06874575887918473		0.13749151775836946
712		19.211005126999225		0.7256830334663391		1.0624423502123357		0.06860570218265057		0.13721140436530113
713		19.194978610990802		0.7400543689727783		1.0636652816057206		0.06858925043940545		0.1371785008788109
714		19.25433176298975		0.7386406660079956		1.0614639001250268		0.06995838615298271		0.13991677230596541
715		19.193874310003594		0.7278686761856079		1.0619435964679718		0.06854566015303135		0.1370913203060627
716		19.25590592500521		0.7458674907684326		1.0634151534187795		0.0684951470732689		0.1369902941465378
717		19.219096982007613		0.739655077457428		1.0626306877887248		0.07199405361115932		0.14398810722231864
718		19.216213069012156		0.7269679307937622		1.062339392220974		0.0700182897657156		0.1400365795314312
719		19.26503102501738		0.7283140420913696		1.0633185603630542		0.06853292198181152		0.13706584396362304
720		19.103696250007488		0.7330439686775208		1.0635086360442638		0.06849283846020698		0.13698567692041397
721		19.118221687996993		0.7497698068618774		1.0618840750694274		0.07015299356281757		0.14030598712563513
722		19.20330823402037		0.7331016063690186		1.0607439102089404		0.06855541237592697		0.13711082475185393
723		19.27698776399484		0.7400435209274292		1.064520964897871		0.06847446510493756		0.1369489302098751
724		19.450751376978587		0.7363362312316895		1.0612848583447934		0.068511297377944		0.137022594755888
725		19.384119221998844		0.7288183569908142		1.061450072619915		0.0685502039283514		0.1371004078567028
726		19.263322045997484		0.7376330494880676		1.0617492124390602		0.06857885380387306		0.13715770760774612
727		19.284292076015845		0.7268571853637695		1.0625986337804794		0.06843656518757343		0.13687313037514687
728		19.197598630009452		0.7313541173934937		1.062811912997961		0.0684618160456419		0.1369236320912838
729		19.214672529982636		0.734360933303833		1.0614679284214974		0.06849943201541901		0.13699886403083802
730		19.278556258999743		0.733993649482727		1.0621237043464185		0.068515002399683		0.137030004799366
731		19.226841413998045		0.730889618396759		1.0612039080512523		0.06850276921093464		0.13700553842186927
732		19.215864222001983		0.7386263012886047		1.0627991995024682		0.06845554374754428		0.13691108749508857
733		19.175288736994844		0.7366195321083069		1.0625382748937606		0.06843376950323582		0.13686753900647164
734		19.30166407598881		0.735602855682373		1.0609055198538304		0.06847267108559608		0.13694534217119217
735		19.396838549000677		0.7410840392112732		1.0610891624808312		0.06844089478254319		0.13688178956508637
736		19.287677966989577		0.7371076941490173		1.0611161143493653		0.06842163730561733		0.13684327461123466
737		19.293425953015685		0.7292225360870361		1.061598003118038		0.06839858220219612		0.13679716440439224
738		19.210464795993175		0.7274541258811951		1.0610911194694042		0.06837560661733151		0.13675121323466302
739		19.304399064014433		0.7359392642974854		1.062314213244915		0.06849561460018158		0.13699122920036316
740		19.401893898000708		0.7277244925498962		1.0612359468889236		0.06836905373036861		0.13673810746073722
741		19.46110316499835		0.7312130928039551		1.0615416189217568		0.06845924375653267		0.13691848751306535
742		19.495844973018393		0.7326803207397461		1.0618098131322862		0.06836926292479038		0.13673852584958077
743		19.576496944006067		0.7284933924674988		1.0610650910711288		0.06895451782643795		0.1379090356528759
744		19.46346056900802		0.7253872752189636		1.0608765291452409		0.06840458351969719		0.13680916703939439
745		19.402149250992807		0.7252163887023926		1.061558119134903		0.06835544293224811		0.13671088586449623
746		19.41315153898904		0.7391586303710938		1.0615354283106326		0.06840112944245338		0.13680225888490677
747		19.51512487200671		0.734412431716919		1.0614336989367008		0.06831733736097813		0.13663467472195626
748		19.549889740999788		0.7391572594642639		1.0613836706888675		0.06861708295047284		0.13723416590094567
749		19.58137615400483		0.7382192611694336		1.0611041559123993		0.06834990991353988		0.13669981982707977
750		19.34579901699908		0.7420533895492554		1.061175142505169		0.06834312000870704		0.13668624001741408
751		19.421955041005276		0.7302753925323486		1.0613814976203442		0.06834144035577774		0.1366828807115555
752		19.492522776999976		0.7287225723266602		1.0612140320158006		0.06835161245465278		0.13670322490930556
753		19.407128872000612		0.7320890426635742		1.0619344224071503		0.06833516363501549		0.13667032727003098
754		19.215078573994106		0.7341806888580322		1.0600360171461105		0.06831950140297413		0.13663900280594826
755		19.321203391999006		0.7310054302215576		1.0607603412687778		0.06831575781702995		0.1366315156340599
756		19.33645305398386		0.729090690612793		1.0608417826616765		0.06832929256558418		0.13665858513116835
757		19.29825915201218		0.7374785542488098		1.06202309448123		0.0683076445221901		0.1366152890443802
758		19.4415380829887		0.7342679500579834		1.0604010972845554		0.06832809058129788		0.13665618116259576
759		19.27660312197986		0.7287474870681763		1.0603913741469384		0.0683131600022316		0.1366263200044632
760		19.290601011016406		0.7398607730865479		1.0603654996192455		0.06831823971569538		0.13663647943139076
761		19.358364142972277		0.7373613119125366		1.0601806076610087		0.06831225926578045		0.1366245185315609
762		19.364963681000518		0.7339543700218201		1.061650408049822		0.06831797468960285		0.1366359493792057
763		19.426663205988007		0.7267900109291077		1.0604345803070068		0.06832535629570484		0.13665071259140968
764		19.319503498991253		0.7303004264831543		1.0608255420398711		0.0683202154070139		0.1366404308140278
765		19.12817095700302		0.7360041737556458		1.0608928201639651		0.06830342037379741		0.13660684074759483
766		19.277182374993572		0.7419145703315735		1.0605391650104523		0.06833914088308811		0.13667828176617622
767		19.25304486299865		0.7334294319152832		1.0590032791864872		0.06831779681444168		0.13663559362888336
768		19.307883326982846		0.7330231666564941		1.061766239336729		0.06830718687474728		0.13661437374949456
769		19.351902336988132		0.7236027121543884		1.0605028201711177		0.06833289348781109		0.13666578697562218
770		19.272884200006956		0.7302266359329224		1.0603403576683998		0.06835106304883957		0.13670212609767915
771		19.17269545799354		0.7266367077827454		1.0610923827815055		0.06831293205916882		0.13662586411833763
772		19.15013832101249		0.7323153614997864		1.0607191367280484		0.06830844111144543		0.13661688222289087
773		19.274436527019134		0.7410067915916443		1.059681110842228		0.06830969161391258		0.13661938322782516
774		19.368061669985764		0.7361898422241211		1.0607434578466415		0.06828689333796502		0.13657378667593004
775		19.502450111001963		0.7257665395736694		1.0615655844819545		0.06830096674263478		0.13660193348526956
776		19.56091329600895		0.7250657081604004		1.0600857806110382		0.06829090185761452		0.13658180371522904
777		19.32041114900494		0.7369140982627869		1.0613858253884316		0.06828388185203076		0.1365677637040615
778		19.480924404982943		0.7357367873191833		1.0595716571104528		0.06828313429355622		0.13656626858711243
779		19.49602046899963		0.7297662496566772		1.0612377145504952		0.06828131778538227		0.13656263557076453
780		19.53524426999502		0.7278408408164978		1.0600795500051976		0.06828505956232547		0.13657011912465095
781		19.492182650981704		0.7343501448631287		1.0610016800916195		0.06829001893699169		0.13658003787398337
782		19.381037412007572		0.7333310842514038		1.0613834630930423		0.06828770634233952		0.13657541268467904
783		19.372163930005627		0.7326467633247375		1.0599939416718482		0.06827626165747643		0.13655252331495285
784		19.305480541981524		0.7288113832473755		1.0618435172748566		0.06829061762094497		0.13658123524188995
785		19.514398246014025		0.7463381886482239		1.0604709097337723		0.06828289755880833		0.13656579511761666
786		19.541632303997176		0.7282183170318604		1.0600004969871044		0.06828285908102989		0.13656571816205978
787		19.357520314020803		0.7286078929901123		1.0605948828089238		0.0682786418557167		0.1365572837114334
788		19.26440076599829		0.7318811416625977		1.0612993162858486		0.06828294140398503		0.13656588280797005
789		19.35123626998393		0.7329683303833008		1.0608576170146464		0.06827822793424129		0.13655645586848258
790		19.407961562013952		0.7371878623962402		1.0608845661854744		0.06827862980961799		0.13655725961923598
791		19.300769297988154		0.7309801578521729		1.060487069991827		0.06828141240179539		0.13656282480359078
792		19.241644864989212		0.7344162464141846		1.0607801831257344		0.06828143549263477		0.13656287098526954
793		19.30175041098846		0.7392502427101135		1.0607851409435272		0.06828090460002423		0.13656180920004846
794		19.22789338900475		0.7341567277908325		1.060621574920416		0.06828113133609295		0.1365622626721859
795		19.298345349001465		0.7366253733634949		1.0605113500928878		0.06828064576089382		0.13656129152178764
796		19.307579291024012		0.739065945148468		1.0591940195393563		0.06828067327439785		0.1365613465487957
797		19.213132053002482		0.7330290675163269		1.06120838378191		0.06828046378493309		0.13656092756986618
798		19.235720322991256		0.734696090221405		1.0607775055253506		0.06828049998283386		0.13656099996566773
799		19.487073302996578		0.7355867028236389		1.0608272685229778		0.06828048948645592		0.13656097897291183