Epoch	Duration				Loss Step Train			Loss Full Train			Loss Step Test			Loss Full Test
0		18.935003441991284		18.606815338134766		19.58827367416382		1.6112914169311523		3.2225828338623046
1		19.070785261981655		17.205894470214844		17.48669447090149		1.3421860467910767		2.6843720935821533
2		19.22029140900122		10.744563102722168		10.826006900367737		1.5217514480590821		3.0435028961181643
3		19.159910649002995		10.544499397277832		10.484161661605835		1.062255300140381		2.124510600280762
4		19.239731654990464		17.524091720581055		17.404850520095824		1.417199817276001		2.834399634552002
5		19.3118731600116		12.778054237365723		11.84878670928955		1.292826881980896		2.585653763961792
6		19.487322439003037		14.970572471618652		14.086583700695037		1.173465623664856		2.346931247329712
7		19.258395946002565		16.841806411743164		15.814938426322938		1.0263270088195802		2.0526540176391603
8		19.32533806801075		15.95538330078125		14.652465454750061		1.0147087347030639		2.0294174694061278
9		19.25673680502223		13.43589973449707		14.764941302337647		1.0014646368026734		2.002929273605347
10		19.53312393798842		9.609643936157227		13.439372348060608		0.8638632563591003		1.7277265127182007
11		19.533916793996468		2.8139612674713135		4.528426687240601		0.9801518121242523		1.9603036242485046
12		19.571519111981615		2.1155307292938232		2.978683047828674		0.7688073069095611		1.5376146138191222
13		19.489613653015113		1.7410917282104492		2.3085783751296995		0.6495831864833832		1.2991663729667664
14		19.415543987997808		1.5392171144485474		2.0004555726242064		0.5948385328769684		1.1896770657539368
15		19.39637235898408		1.6006834506988525		2.02020650724411		0.524560324716568		1.049120649433136
16		19.453982941020513		1.3450359106063843		1.7446399137496948		0.5526869257688523		1.1053738515377045
17		19.528265975997783		1.4290802478790283		1.8130582447433472		0.47424730398654935		0.9484946079730987
18		19.52657056399039		1.3121274709701538		1.6888920604896545		0.3973157110452652		0.7946314220905304
19		19.360167595994426		1.181732416152954		1.5517136657714843		0.3641437774181366		0.7282875548362732
20		19.343594671983737		1.3482438325881958		1.7498558349990845		0.3726839191198349		0.7453678382396698
21		19.039693289989373		1.2075309753417969		1.5738740839385987		0.34541686995029447		0.6908337399005889
22		19.07603378398926		1.2014942169189453		1.5644227439975738		0.3979877606868744		0.7959755213737488
23		19.033667030977085		1.1643128395080566		1.52486016705513		0.4408208180904388		0.8816416361808777
24		19.06485305901151		1.113197684288025		1.468048739156723		0.28878618323802946		0.5775723664760589
25		19.149833964998834		1.2082725763320923		1.56903159324646		0.48019450063705443		0.9603890012741089
26		19.21560227900045		1.1529916524887085		1.5123924536895752		0.3059932445406914		0.6119864890813828
27		19.2495246460021		1.17376708984375		1.523756672744751		0.8141231220006943		1.6282462440013885
28		19.174691961001372		1.0666300058364868		1.4229670279312134		0.25929276467561724		0.5185855293512345
29		19.16972885999712		1.1087452173233032		1.4666142607307433		0.26385712097883224		0.5277142419576645
30		19.304080409987364		1.1261274814605713		1.4803896314811706		0.5046469166994095		1.009293833398819
31		19.3510863519914		1.1863129138946533		1.535558089609146		0.24263629083633423		0.48527258167266846
32		19.065970229014056		1.0756281614303589		1.430701488084793		0.2411629953145981		0.4823259906291962
33		19.169907356001204		1.0758405923843384		1.4298558997249604		0.885442121720314		1.770884243440628
34		19.20797130902065		1.095950722694397		1.4494204334926606		0.23095496895313264		0.4619099379062653
35		19.1421287440171		1.0557973384857178		1.4078667477989197		0.2460192145228386		0.4920384290456772
36		19.147588883002754		1.1493260860443115		1.4905509316253662		0.21175831788778304		0.4235166357755661
37		19.072653483977774		1.0247339010238647		1.3799484127902986		0.24454321459531783		0.48908642919063566
38		19.170256526995217		1.059005618095398		1.4159435119152068		0.2032262050151825		0.406452410030365
39		19.13053669198416		1.0370601415634155		1.390974584121704		0.2044776337623596		0.4089552675247192
40		19.195972307992633		1.085331916809082		1.4313604073238373		0.2026209689617157		0.4052419379234314
41		19.11320052400697		1.046652913093567		1.4008558400821687		0.19028759160041808		0.38057518320083616
42		19.156798609008547		1.0279816389083862		1.3870215784168243		0.28111998345851896		0.5622399669170379
43		19.200809564004885		1.012070655822754		1.361954762454033		0.25917292132377623		0.5183458426475525
44		19.188370413990924		0.9876833558082581		1.342855696091652		0.17839536256790162		0.35679072513580323
45		19.350821102998452		1.0311763286590576		1.38794631752491		0.18301244982481002		0.36602489964962004
46		19.20064892800292		1.0156161785125732		1.3668070068883895		0.17176725441217422		0.34353450882434844
47		19.30623722000746		0.998013973236084		1.3492524899673461		0.16868180367946625		0.3373636073589325
48		19.443277020996902		0.9944283366203308		1.3479065820217133		0.1814151976466179		0.3628303952932358
49		19.43310322400066		1.0617719888687134		1.4135352532720566		0.1664452927708626		0.3328905855417252
50		19.449090275011258		1.003959059715271		1.357472976679802		0.1703613839149475		0.340722767829895
51		19.33594228301081		0.9794525504112244		1.33483166516304		0.2497261432528496		0.4994522865056992
52		19.329913049994502		1.0658048391342163		1.418850827627182		0.18255970879793168		0.36511941759586336
53		19.246932448993903		0.9760222434997559		1.3306136484766007		0.17514509501457215		0.3502901900291443
54		19.257081616000505		0.963675856590271		1.3180582123708724		0.15729772559404373		0.31459545118808746
55		19.20338052799343		1.0064624547958374		1.3504846558094024		0.3556029088258743		0.7112058176517486
56		19.196602848998737		1.0060391426086426		1.3629929056692123		0.17518756848573686		0.3503751369714737
57		19.170936367998365		1.0190761089324951		1.3698787921714783		0.15854313790798188		0.31708627581596377
58		19.234073781000916		0.9578203558921814		1.3055286065721512		0.17410761215686799		0.34821522431373597
59		19.26110898400657		1.0157825946807861		1.374485951104164		0.15232859614491462		0.30465719228982924
60		19.306206898007076		0.960502028465271		1.3150911848306657		0.18053643545508385		0.3610728709101677
61		19.394187631027307		1.0220847129821777		1.3832548810577392		0.1868479247033596		0.3736958494067192
62		19.383880540000973		1.0196599960327148		1.3752520358610154		0.37564293656349185		0.7512858731269837
63		19.280552923009964		0.9827281832695007		1.3350381113290786		0.3180307846784592		0.6360615693569184
64		19.17904165200889		1.025758981704712		1.3750966250228882		0.15673930320739746		0.3134786064147949
65		19.222789874998853		0.9568085074424744		1.3129297842502594		0.17645894401073456		0.3529178880214691
66		19.423944378999295		1.1129781007766724		1.4683546534061431		0.24511819511651992		0.49023639023303983
67		19.32277391498792		0.9655247330665588		1.3217055557727815		0.17886476291418077		0.35772952582836154
68		19.196402398025384		0.9894298315048218		1.3396698246955872		0.178699476480484		0.357398952960968
69		19.183096718013985		1.1097332239151		1.4514586102104188		0.3177766064524651		0.6355532129049302
70		19.445440110983327		0.9574384689331055		1.3145787472200394		0.31926709611415865		0.6385341922283173
71		19.287442388013005		0.9301676154136658		1.2895408500814438		0.2004085952758789		0.4008171905517578
72		19.37616506998893		1.0331089496612549		1.3833259277629852		0.15462882227301597		0.30925764454603194
73		19.454749797994737		1.0138647556304932		1.3593806367731094		0.13318539181947708		0.26637078363895417
74		19.581867497996427		0.9545741081237793		1.3081273685121537		0.14072780739068985		0.2814556147813797
75		19.278248792979866		1.0498485565185547		1.3959754477214814		0.14742011404633523		0.29484022809267046
76		19.39065861501149		1.0583189725875854		1.4071505795764923		0.25355119618177413		0.5071023923635483
77		19.220586175011704		1.0062984228134155		1.3654329336357116		0.21150817883014678		0.42301635766029355
78		19.401768987008836		0.957577109336853		1.3040551190567016		0.14895319296121598		0.29790638592243196
79		19.193253228004323		1.0176643133163452		1.3761879961013794		0.1852114601969719		0.3704229203939438
80		19.45758228399791		1.0001238584518433		1.3513358589315414		0.14896783378720282		0.29793566757440565
81		19.446622438001214		1.007456660270691		1.3618369635772705		0.1297104440331459		0.2594208880662918
82		19.420975779008586		0.9620383381843567		1.3098298612499237		0.1366093191087246		0.2732186382174492
83		19.246205967006972		0.9160234928131104		1.2697572258996963		0.4181531272768974		0.8363062545537948
84		19.392487761972006		1.0266051292419434		1.3812598817634583		0.14401561778187752		0.28803123556375504
85		19.310168666997924		0.9862603545188904		1.3382518991708756		0.20393024061918258		0.40786048123836516
86		19.350169839977752		0.9477779269218445		1.2977392464637756		0.13102805500626563		0.26205611001253126
87		19.18690885801334		1.004981279373169		1.3524303369140624		0.18801537959575654		0.3760307591915131
88		19.175158034980996		0.9970663189888		1.3553605031871796		0.45257009880542753		0.9051401976108551
89		19.2125064219872		0.9971408247947693		1.3481735272359847		0.12649748052358628		0.25299496104717256
90		19.255199295002967		1.0153731107711792		1.3687208589696884		0.32249072527885436		0.6449814505577087
91		19.330277453991584		0.8936573266983032		1.2516713591384887		0.13125543007850646		0.2625108601570129
92		19.368434197996976		0.9620760083198547		1.313889761505127		0.13493454107046127		0.26986908214092253
93		19.275808201986365		1.0655816793441772		1.4096793197011948		0.17235479026436806		0.3447095805287361
94		19.300236748997122		0.9680044054985046		1.3189254561567307		0.13472530865073204		0.2694506173014641
95		19.328556130989455		1.0051857233047485		1.3539105950021744		0.13312289602160454		0.2662457920432091
96		19.510675597994123		0.9999915957450867		1.3501628664922714		0.12700122440457345		0.2540024488091469
97		19.421659596002428		0.9090300798416138		1.260433470067978		0.15963853130340577		0.31927706260681155
98		19.426882808009395		1.0194041728973389		1.3708053576040269		0.21079498727321624		0.4215899745464325
99		19.38670770000317		0.9558702111244202		1.3131919748401641		0.1234476763010025		0.246895352602005
100		19.492263938009273		1.0719120502471924		1.420634117603302		0.21449561446905135		0.4289912289381027
101		19.46733796701301		0.9131932854652405		1.26219945022583		0.145510007083416		0.291020014166832
102		19.395989526004996		0.9569167494773865		1.3081861491060256		0.1251797737658024		0.2503595475316048
103		19.353330854995875		0.9818247556686401		1.3428950596523286		0.14624179577231408		0.29248359154462816
104		19.303854172991123		0.9698468446731567		1.3261205442762374		0.13263307960629464		0.2652661592125893
105		19.375866501010023		0.9548676609992981		1.3056497206592559		0.13387097236514092		0.26774194473028184
106		19.416961878014263		0.9358473420143127		1.2958821629333497		0.12450617652535438		0.24901235305070876
107		19.24643415599712		1.1566801071166992		1.5054955414915085		0.28677438074946404		0.5735487614989281
108		19.49066592901363		0.9655190110206604		1.3175146317863464		0.1870309706747532		0.3740619413495064
109		19.220740041986573		0.9331717491149902		1.2917041115427017		0.11624429442882538		0.23248858885765075
110		19.378310464002425		0.9471107721328735		1.2956392029476165		0.12596228335499762		0.25192456670999525
111		19.253889450978022		0.9780186414718628		1.326082242064476		0.12038889038562775		0.2407777807712555
112		19.35678233599174		0.9771851897239685		1.3307655274248122		0.1515119855761528		0.3030239711523056
113		19.414838294003857		0.9807999134063721		1.3324614274430275		0.21125616250038148		0.42251232500076297
114		19.43735472401022		0.9600550532341003		1.3157651278543472		0.12846250988245012		0.25692501976490023
115		19.191581706982106		0.9586259722709656		1.314917273607254		0.16231873953938483		0.32463747907876966
116		19.377104245009832		0.9599404335021973		1.3136023996734618		0.3562242481470108		0.7124484962940216
117		19.502663302002475		0.9215230941772461		1.2706858798837661		0.14142880963087082		0.28285761926174163
118		19.52765699700103		0.9401997923851013		1.2893689821100236		0.11191202210783958		0.22382404421567917
119		19.462640804005787		1.1064479351043701		1.4454183900761604		0.12655081955194472		0.25310163910388944
120		19.3930845290015		0.9264523983001709		1.2816652264070512		0.14861637799143793		0.29723275598287585
121		19.410617577988887		0.9305995106697083		1.286932462234497		0.14035262005925178		0.28070524011850356
122		19.298015453008702		1.0235121250152588		1.3648091639900208		0.1403232593894005		0.280646518778801
123		19.40499576801085		0.903028666973114		1.2585988620352746		0.141166819190979		0.282333638381958
124		19.353764769999543		0.9727030396461487		1.3218074136590958		0.49794272236824033		0.9958854447364807
125		19.25772353899083		0.9631170630455017		1.309134602484703		0.11182677233815193		0.22365354467630386
126		19.473005750012817		0.9306305050849915		1.2882478115558624		0.11254267924427987		0.22508535848855973
127		19.318157753004925		0.9543507695198059		1.302437432923317		0.14213351656198503		0.28426703312397006
128		19.416194990015356		0.9363405108451843		1.3010121469116211		0.2531450747191906		0.5062901494383812
129		19.543959878006717		0.9383577704429626		1.301266355280876		0.25842097069621084		0.5168419413924217
130		19.492185573995812		0.9428442716598511		1.2931827749466895		0.6459652978658676		1.2919305957317353
131		19.417768359009642		0.9322118759155273		1.2879747571706772		0.1421333470284939		0.2842666940569878
132		19.239990136004053		1.0153906345367432		1.3591446460914611		0.12236741387248039		0.24473482774496078
133		19.499385272007203		0.9420719146728516		1.2974486097860336		0.13307037743926048		0.26614075487852096
134		19.533883391995914		0.9433372616767883		1.299216118426323		0.23211965180635452		0.46423930361270904
135		19.532190103986068		1.0134824514389038		1.3811497817254066		0.12927399786114693		0.25854799572229387
136		19.454561296006432		0.9618251919746399		1.3248019638729096		0.156887473744154		0.313774947488308
137		19.652593298000284		0.9163775444030762		1.2744032539224626		0.1361259748995304		0.2722519497990608
138		19.658130411989987		0.9915940165519714		1.342146635503769		0.19576076871156692		0.39152153742313384
139		19.570334757998353		0.9470165371894836		1.3038701329493523		0.12332697445154191		0.24665394890308381
140		19.741731193993473		0.9449547529220581		1.3048334337949752		0.13161018470525743		0.26322036941051485
141		19.53553832002217		0.9371157288551331		1.288594398765564		0.15286067135930062		0.30572134271860124
142		19.485728589002974		0.941661536693573		1.2936338523197175		0.10722765954732895		0.2144553190946579
143		19.409836876991903		0.9309086203575134		1.2857138416290284		0.11715266429185868		0.23430532858371736
144		19.306197967001935		0.9348037242889404		1.2923881385159492		0.33342300248146056		0.6668460049629211
145		19.297270251001464		0.9920827150344849		1.3418937174606322		0.11745941063761711		0.23491882127523422
146		19.230756284989184		0.9848986268043518		1.333796203546524		0.11649533217549324		0.23299066435098648
147		19.280024752981262		0.9811805486679077		1.328521146914959		0.10953413182497025		0.2190682636499405
148		19.256766296981368		0.9067538976669312		1.2638600759625436		0.15062008263468743		0.30124016526937486
149		19.371321452985285		0.9285751581192017		1.2859532498311996		0.11125722761154175		0.2225144552230835
150		19.325310359010473		0.8823705911636353		1.2285147120404243		0.11097120030522346		0.22194240061044693
151		19.415375855984166		1.0055136680603027		1.3583159252762795		0.2461243653357029		0.4922487306714058
152		19.371756677981466		0.9043949246406555		1.2570488865089418		0.10394290282130242		0.20788580564260484
153		19.483363521983847		1.0056214332580566		1.3522694245362281		0.1735977899670601		0.3471955799341202
154		19.32638779201079		0.9587336182594299		1.3142202938985825		0.2938924446761608		0.5877848893523216
155		19.465980287001003		0.9495603442192078		1.305257295382023		0.11608736266493798		0.23217472532987596
156		19.53413701200043		0.8928813338279724		1.2452255507206917		0.10612440072894096		0.2122488014578819
157		19.471574716997566		0.8907069563865662		1.250572580690384		0.13695665737986565		0.2739133147597313
158		19.531811797991395		0.9437682628631592		1.3046174451208115		0.33792636966705325		0.6758527393341065
159		19.54311972000869		0.8953487277030945		1.2508644600319863		0.11260110338926316		0.22520220677852631
160		19.50678274699021		0.8893844485282898		1.2448244469380378		0.11691847581863403		0.23383695163726806
161		19.40718817099696		1.0367847681045532		1.3825531198310852		0.134018861079216		0.268037722158432
162		19.40195601299638		0.9150223731994629		1.2760289582061768		0.13794593840241431		0.27589187680482863
163		19.4054123259848		0.8938416242599487		1.2595763851976394		0.1644168469786644		0.3288336939573288
164		19.3865748209937		0.9592678546905518		1.3146574988484383		0.12461304898262024		0.24922609796524048
165		19.32726711902069		0.8861830830574036		1.2366394187188148		0.1633782525718212		0.3267565051436424
166		19.514920432993677		1.016223669052124		1.3709288123989105		0.1404522109568119		0.2809044219136238
167		19.41650331299752		0.8850252032279968		1.2401990052461624		0.10568469342589379		0.21136938685178758
168		19.316253732016776		1.005239486694336		1.3561127865505218		0.25851328253149986		0.5170265650629997
169		19.253116913023405		0.8951943516731262		1.2492584843444825		0.140068980383873		0.280137960767746
170		19.418797160993563		0.8738113045692444		1.2286635024023056		0.2509408923387527		0.5018817846775054
171		19.49165069599985		0.9112704992294312		1.2650726987051963		0.1820977859735489		0.3641955719470978
172		19.412063513998874		0.927715003490448		1.2779267575407027		0.17526283336877824		0.3505256667375565
173		19.478465265012346		0.9277729988098145		1.2806809979343414		0.10132480728626252		0.20264961457252503
174		19.3360313080193		0.9000319242477417		1.2633442475438117		0.2160964097738266		0.4321928195476532
175		19.30486611899687		0.9823980331420898		1.3282400222802162		0.15146713553071023		0.30293427106142046
176		19.415344881999772		0.882178783416748		1.2382795344090463		0.21504226238131524		0.4300845247626305
177		19.453174801979912		0.9261705875396729		1.2877631781387329		0.10055187265872956		0.20110374531745911
178		19.373287580005126		0.9309406876564026		1.2881313426446914		0.10656401033401489		0.21312802066802977
179		19.36889470097958		0.9356399178504944		1.2819769354772568		0.1470260442852974		0.2940520885705948
180		19.34443889799877		0.9420939683914185		1.2954435406970979		0.12789267855286598		0.25578535710573197
181		19.33984319199226		0.8952587842941284		1.2522762119102477		0.10935031515359879		0.21870063030719758
182		19.522886617982294		0.9222776293754578		1.2757164858222008		0.10107122129797935		0.2021424425959587
183		19.59529143499094		0.8738442063331604		1.2397287999939919		0.11133422755002975		0.2226684551000595
184		19.28172295499826		0.9308157563209534		1.2821566846323014		0.12189020338654519		0.24378040677309037
185		19.58185808500275		0.954005777835846		1.3153986180448531		0.10186727008819581		0.20373454017639162
186		19.554909215017688		0.8721958994865417		1.230824723095894		0.09769175274074078		0.19538350548148156
187		19.534581205021823		0.9620190262794495		1.3224063037633895		0.1546503176689148		0.3093006353378296
188		19.385630913981004		0.8897807598114014		1.244941967959404		0.24003836187720298		0.48007672375440597
189		19.760017158987466		1.0268036127090454		1.376184842722416		0.21530811205506326		0.4306162241101265
190		19.747312594001414		0.8870081901550293		1.243912659790516		0.10730659628510475		0.2146131925702095
191		19.60417286300799		0.9088603854179382		1.262004352786541		0.17955918357372283		0.35911836714744566
192		19.402764683007263		0.9063476324081421		1.2640536132144928		0.09623083936274052		0.19246167872548103
193		19.336965063004754		0.8858060836791992		1.2462937062978745		0.09627300165891647		0.19254600331783295
194		19.48670921800658		0.9167658090591431		1.2703428813052178		0.30532388453483583		0.6106477690696717
195		19.62085889899754		0.9352416396141052		1.2911291080260276		0.1419469818532467		0.2838939637064934
196		19.582889157987665		0.8781940937042236		1.2410003844356536		0.1104141524195671		0.2208283048391342
197		19.441999693983234		0.9017423391342163		1.2559653129577637		0.11105016720890999		0.22210033441781998
198		19.304283534991555		0.9232851266860962		1.2790038314151764		0.10557307823896409		0.21114615647792817
199		19.240080290997867		0.8549702167510986		1.2141203814721107		0.0960477687716484		0.1920955375432968
200		19.376769202004652		0.9280333518981934		1.2794999036574364		0.10770939311981201		0.21541878623962402
201		19.463880096009234		0.9257424473762512		1.2769402514863015		0.24208636972904204		0.4841727394580841
202		19.359362185001373		0.9489575028419495		1.2983119341373444		0.14747332802414895		0.2949466560482979
203		19.368390311021358		0.899941086769104		1.2551764267516137		0.13278488607406616		0.2655697721481323
204		19.336697438004194		0.9822520017623901		1.332554014108181		0.11693001137971878		0.23386002275943757
205		19.441150892002042		0.9450560212135315		1.2993343558239936		0.1113050508260727		0.2226101016521454
206		19.556276546005392		0.8527764678001404		1.211868900358677		0.09782054183781147		0.19564108367562294
207		19.582214689988177		0.9529679417610168		1.3089367116189004		0.10543636943101883		0.21087273886203767
208		19.432598407991463		0.890956461429596		1.2498696524381638		0.1004508676469326		0.2009017352938652
209		19.396145880018594		0.9464817047119141		1.3065665638947488		0.09498979445695876		0.18997958891391753
210		19.361510284012184		0.902034342288971		1.2599555133485794		0.2632101934850216		0.5264203869700432
211		19.35166606400162		0.9217056632041931		1.2777388208341598		0.09696819601655006		0.19393639203310012
212		19.60347021999769		0.8818191289901733		1.237668071472645		0.17094566207528114		0.3418913241505623
213		19.76520670199534		0.8797272443771362		1.2329616447472573		0.09998511489629745		0.1999702297925949
214		19.384880638011964		0.9727568626403809		1.3280979880189896		0.9581758842945098		1.9163517685890197
215		19.48324992400012		0.9035184979438782		1.258884923608303		0.09871582378149032		0.19743164756298065
216		19.41171054399456		0.8626929521560669		1.2212436339855195		0.09875462300181388		0.19750924600362776
217		19.313269905018387		0.9169637560844421		1.2740212239527702		0.10960945981144905		0.2192189196228981
218		19.5052153809811		0.8876396417617798		1.2485369275712968		0.10594996599555015		0.2118999319911003
219		19.485866016009822		0.8686943650245667		1.229013712697029		0.19058295998573302		0.38116591997146604
220		19.403873441013275		0.9069443345069885		1.2617256447339058		0.10123118044734002		0.20246236089468003
221		19.258430449001025		0.8624445199966431		1.2226489299988748		0.10988154159784318		0.21976308319568635
222		19.243396527977893		0.888705849647522		1.2482006532216072		0.1572339454650879		0.3144678909301758
223		19.188457598007517		0.94356369972229		1.3011033185076712		0.11560369309186935		0.2312073861837387
224		19.249777530989377		0.8642857670783997		1.2207948042225838		0.13095211082696914		0.2619042216539383
225		19.319190736976452		0.859061062335968		1.2178095943260192		0.11626026300191879		0.23252052600383757
226		19.307987458014395		0.8948220014572144		1.249657945857048		0.14266561252474785		0.2853312250494957
227		19.391620495007373		0.9513636231422424		1.3081573414421082		0.09125820699930191		0.18251641399860383
228		19.265670821012463		0.919223964214325		1.275434550538063		0.13460452669858933		0.26920905339717865
229		19.484696179977618		0.8666940927505493		1.2258300975990295		0.1596892515182495		0.319378503036499
230		19.403602973005036		0.8833566308021545		1.2395003359556198		0.10577787249684334		0.21155574499368668
231		19.74984343300457		0.9122386574745178		1.266124487771988		0.10430945870280266		0.20861891740560531
232		19.611565261991927		0.9495854377746582		1.3004864919543266		0.09834192258119583		0.19668384516239165
233		19.61203445700812		0.8872506022453308		1.2426006364369393		0.09403027232289314		0.18806054464578628
234		19.63037343599717		0.9019584059715271		1.25306276958704		0.09472642016410827		0.18945284032821655
235		19.508131712005707		0.899224579334259		1.2521018972706794		0.22434643244743346		0.4486928648948669
236		19.42572337499587		0.8625893592834473		1.2220682016253472		0.09687625018060207		0.19375250036120414
237		19.400417661992833		0.8936734795570374		1.2431550414061547		0.09236228418648243		0.18472456837296486
238		19.394190048013115		0.9227392077445984		1.2794555059552193		0.09293034005761147		0.18586068011522294
239		19.512253371998668		0.9065200686454773		1.2593968608021737		0.21032032365202905		0.4206406473040581
240		19.40659686701838		0.9256559014320374		1.2830938232445717		0.11781595394611359		0.23563190789222718
241		19.39030831400305		0.9243974089622498		1.278506433341503		0.3697499161243439		0.7394998322486878
242		19.512554508983158		0.8492466807365417		1.2039894551682473		0.16416066198349		0.32832132396698
243		19.563480776996585		0.9331668019294739		1.288391833307743		0.0947146712243557		0.1894293424487114
244		19.570100591983646		0.8909466862678528		1.2453470857954025		0.13080347671508788		0.26160695343017576
245		19.53139768599067		0.8881879448890686		1.2533852095341682		0.09123909865617752		0.18247819731235504
246		19.46402683001361		0.8941509127616882		1.2521811622977257		0.19597766404151917		0.39195532808303835
247		19.613772715994855		0.8857747316360474		1.2423807557463646		0.09443191853761673		0.18886383707523346
248		19.58781687298324		0.8591493368148804		1.2224119604587556		0.09781909252107143		0.19563818504214286
249		19.51339778699912		0.9541542530059814		1.301237085094452		0.27205816202163696		0.5441163240432739
250		19.479178079025587		0.8778121471405029		1.237564505660534		0.2265303605914116		0.4530607211828232
251		19.53495494899107		0.9126429557800293		1.2635640261173249		0.12098570174574852		0.24197140349149704
252		19.603739682002924		0.9263472557067871		1.2851432193374634		0.10781618455052376		0.21563236910104752
253		19.330122298008064		0.8633246421813965		1.2223498334503173		0.09579654039144515		0.1915930807828903
254		19.670160684996517		0.8847817778587341		1.2472708444809915		0.12510552092790603		0.25021104185581206
255		19.562729463999858		0.8596929311752319		1.2127883247709275		0.093852057492733		0.187704114985466
256		19.332205205020728		0.9324030876159668		1.2887921878147126		0.0913526882648468		0.1827053765296936
257		19.270450537005672		0.8666829466819763		1.2227657412219048		0.31832481050491335		0.6366496210098267
258		19.66813264301163		0.8936482071876526		1.2440424278473854		0.10081670355200767		0.20163340710401534
259		19.693107769009657		0.913445770740509		1.2656851764178276		0.0887079172104597		0.1774158344209194
260		19.447282565000933		0.9130412936210632		1.2714576649999618		0.11402271552681922		0.22804543105363845
261		19.546967757982202		0.869604766368866		1.2288619888591767		0.0875911484271288		0.1751822968542576
262		19.504355266020866		0.9127857685089111		1.2641762436437607		0.08965258898139		0.17930517796278
263		19.583666357008042		0.8841771483421326		1.238492780482769		0.4650249633967876		0.9300499267935752
264		19.803874803998042		0.8681812882423401		1.2177087293434143		0.09001997583806515		0.1800399516761303
265		19.763900630990975		0.9021682739257812		1.2628500580835342		0.08872477241158486		0.1774495448231697
266		19.667949517985107		0.8467629551887512		1.2093968431043625		0.08819388146996499		0.17638776293992997
267		19.55597953501274		0.8852494955062866		1.2358033760142326		0.10802415404915809		0.21604830809831618
268		19.44165882098605		0.8520651459693909		1.2131590049672127		0.10017887449264526		0.20035774898529052
269		19.369186180003453		0.8819493651390076		1.2427572815966605		0.13027852323055267		0.26055704646110533
270		19.54470372700598		0.8345137238502502		1.192502452838421		0.12593195518255235		0.2518639103651047
271		19.43317335098982		0.872559130191803		1.2336384454464913		0.09874380824267864		0.1974876164853573
272		19.502726196020376		0.8651499152183533		1.2245571738982202		0.08999060204029083		0.17998120408058166
273		19.560762423003325		0.8780027031898499		1.2340740025782586		0.0950723169863224		0.1901446339726448
274		19.500507164018927		0.9086378812789917		1.2690869185638427		0.20242687501311302		0.40485375002622603
275		19.38177695500781		0.863407552242279		1.2201663712620736		0.08736224585771561		0.17472449171543122
276		19.675915155996336		0.9484167098999023		1.2940965225195884		0.16984151405096054		0.3396830281019211
277		19.629455333022634		0.8687368631362915		1.2204846891903878		0.12711587943434716		0.2542317588686943
278		19.55411566401017		0.8479177951812744		1.2038422675824165		0.08793427268266678		0.17586854536533356
279		19.326056818012148		0.8863387107849121		1.2408133310174942		0.08784190991520882		0.17568381983041764
280		19.31716259600944		0.9015339612960815		1.265565506296158		0.09307902863919736		0.1861580572783947
281		19.397789915004978		0.8860406875610352		1.2367683255147934		0.12417930153012276		0.24835860306024551
282		19.45845190199907		0.858783483505249		1.2248097898840904		0.09060010845065117		0.18120021690130234
283		19.39360313702491		0.8792752027511597		1.230518962292671		0.09036656314134597		0.18073312628269195
284		19.391138592996867		0.8688897490501404		1.2230439429092408		0.114345789706707		0.228691579413414
285		19.344156723993365		0.8169841766357422		1.173342957072258		0.1068835974574089		0.2137671949148178
286		19.322007973998552		0.8100188374519348		1.1757668914008141		0.09443531254827976		0.18887062509655952
287		19.466248043987434		0.8450481295585632		1.2054379448103905		0.13211366362571716		0.26422732725143433
288		19.515249313000822		0.8456948399543762		1.2019256415462494		0.09239777726531029		0.18479555453062058
289		19.401441950001754		0.8727495670318604		1.2247157427430153		0.12091129017472267		0.24182258034944534
290		19.400720659003127		0.8277631998062134		1.1861038921046256		0.08775264928042889		0.17550529856085778
291		19.381864212016808		0.8335272669792175		1.196033238940239		0.09691090548336506		0.19382181096673012
292		19.28046304101008		0.8543848395347595		1.2138006664538383		0.08535287247598171		0.17070574495196342
293		19.444126632995903		0.8574832677841187		1.2215245622086526		0.08488591004014015		0.1697718200802803
294		19.43526406798628		0.8721321821212769		1.2332405687856673		0.12098797944784165		0.2419759588956833
295		19.374345546006225		0.8600956201553345		1.2208966437530517		0.19209226940870286		0.3841845388174057
296		19.34335970299435		0.8850675821304321		1.2397330290794373		0.08677184883952141		0.17354369767904282
297		19.543042103992775		0.8418142199516296		1.1953755642414092		0.09638514441251755		0.1927702888250351
298		19.392316129000392		0.8731417059898376		1.2275472835874557		0.0879178515702486		0.1758357031404972
299		19.480409611016512		0.9043439626693726		1.2578006710076333		0.1874144388973713		0.3748288777947426
300		19.473653399007162		0.8639259338378906		1.225525753288269		0.09530794783234596		0.19061589566469192
301		19.479971451015444		0.8392896056175232		1.1958221564865112		0.09066066024005413		0.18132132048010827
302		19.56837508699391		0.8367923498153687		1.1923805911755563		0.09212334996461868		0.18424669992923737
303		19.204903461009962		0.8098558187484741		1.158395398027897		0.13109052206873895		0.2621810441374779
304		19.31692562898388		0.8889080286026001		1.2571681742358207		0.08329165656268597		0.16658331312537195
305		19.398594924015924		0.801127552986145		1.1626780235099792		0.08547288415431976		0.17094576830863953
306		19.45623362099286		0.8622565269470215		1.2191306555199624		0.08503441869318486		0.17006883738636971
307		19.495466207008576		0.8406191468238831		1.1949239072203637		0.1517272972524166		0.3034545945048332
308		19.346362634008983		0.8594338297843933		1.2158594290304183		0.08386386189460754		0.16772772378921508
309		19.271309155999916		0.8799988627433777		1.2512042230701446		0.10874321244359017		0.21748642488718034
310		19.206600973004242		0.9023719429969788		1.2603315834236144		0.14255384378433228		0.28510768756866456
311		19.329213821009034		0.8340706825256348		1.1920624946069718		0.08324292200505734		0.16648584401011468
312		19.435353309992934		0.8369394540786743		1.1953390135788917		0.31647493031620977		0.6329498606324195
313		19.646529763005674		0.9011828899383545		1.251153605105877		0.08874878571033477		0.17749757142066955
314		19.612942093022866		0.8604654669761658		1.2166924967074395		0.1346514649271965		0.269302929854393
315		19.63371691800421		0.8363886475563049		1.1974505320715905		0.4306708496570587		0.8613416993141174
316		19.524512886011507		0.8904721140861511		1.2482471048665047		0.08581988427042961		0.17163976854085922
317		19.507304200000362		0.8319602012634277		1.1902190695095063		0.08445826505422592		0.16891653010845184
318		19.796410301001742		0.8688791990280151		1.2250844007635115		0.09092481090426445		0.1818496218085289
319		19.651562757993815		0.8312466740608215		1.1906331810188293		0.09857265528142452		0.19714531056284904
320		19.669628526986344		0.8315654397010803		1.1894945014739036		0.112989791816473		0.225979583632946
321		19.554166263027582		0.8261882662773132		1.1885749499440192		0.09490911749005318		0.18981823498010636
322		19.358015108009567		0.8244181871414185		1.1854094131350517		0.09200222675502301		0.18400445351004602
323		19.55434798798524		0.8837293386459351		1.2474747040343284		0.08463920763432979		0.16927841526865958
324		19.584739968995564		0.8483075499534607		1.2050387451004982		0.0867136157900095		0.173427231580019
325		19.51201043598121		0.8671632409095764		1.2284065696787834		0.13706936554312707		0.27413873108625414
326		19.473905826016562		0.8458782434463501		1.2036694618844985		0.21488090521097183		0.42976181042194367
327		19.41809363401262		0.8049646615982056		1.1656254295372963		0.11189766023159027		0.22379532046318054
328		19.458034445997328		0.8276885747909546		1.184290050163269		0.08554560700953007		0.17109121401906013
329		19.464641169004608		0.8344689011573792		1.1826557625675203		0.0886532227307558		0.1773064454615116
330		19.48703489798936		0.820406436920166		1.175896813454628		0.11342510279417038		0.22685020558834076
331		19.574212309002178		0.8809094429016113		1.2491140401697158		0.08755099347233772		0.17510198694467544
332		19.518688546988415		0.811298668384552		1.1696536823129653		0.29496434561014173		0.5899286912202835
333		19.29713401000481		0.8355490565299988		1.1975478299713134		0.08369746698737145		0.1673949339747429
334		19.4903238209954		0.8376426100730896		1.2011703186893463		0.0902019966751337		0.1804039933502674
335		19.473162273992784		0.8808836340904236		1.2482455780720711		0.09545153396129608		0.19090306792259215
336		19.519257239997387		0.8485198020935059		1.2096657763838767		0.10475546796023846		0.20951093592047693
337		19.32849100601743		0.7957126498222351		1.1554904104328156		0.0854403355449438		0.1708806710898876
338		19.520874403009657		0.8559308648109436		1.2134334731388092		0.08526160661876202		0.17052321323752404
339		19.435279091005214		0.8122435212135315		1.1707848033237458		0.08138229058086872		0.16276458116173745
340		19.244404466007836		0.8749700784683228		1.2295653461575509		0.08474637830257416		0.16949275660514831
341		19.431390870013274		0.8082420229911804		1.1669749832630159		0.0895891058087349		0.1791782116174698
342		19.342265772022074		0.8567058444023132		1.2115405969834327		0.09962915541827679		0.19925831083655357
343		19.295321944984607		0.8338068723678589		1.1796822393751145		0.1888554606795311		0.3777109213590622
344		19.353114306984935		0.8394913673400879		1.19218141269207		0.1055369709789753		0.2110739419579506
345		19.38661113200942		0.8683091402053833		1.217911778755188		0.08152180646061898		0.16304361292123795
346		19.277847100020153		0.8443970084190369		1.213826796081066		0.12544247811436654		0.2508849562287331
347		19.250493910018122		0.8159225583076477		1.1722818192982674		0.09965498242676259		0.19930996485352517
348		19.323666453012265		0.8676663637161255		1.225582839858532		0.20977475830316544		0.4195495166063309
349		19.422520638996502		0.8020449280738831		1.1587457778716088		0.08792136349081993		0.17584272698163986
350		19.46175229200162		0.829707145690918		1.188803252491951		0.08217098506987094		0.1643419701397419
351		19.559466542006703		0.8302882313728333		1.192450683851242		0.10976639556884765		0.2195327911376953
352		19.41276337398449		0.818524956703186		1.180391787724495		0.09570238972306251		0.19140477944612502
353		19.378242853999836		0.8011952042579651		1.1604279069209098		0.09189323343932629		0.18378646687865258
354		19.427173143980326		0.8376784324645996		1.1988888181233406		0.09408599821925163		0.18817199643850327
355		19.427176177996444		0.8732184767723083		1.2269607359313965		0.08013794645071029		0.16027589290142058
356		19.423231706023216		0.8406356573104858		1.1957564555358886		0.08405207344889641		0.16810414689779282
357		19.642945255996892		0.8443010449409485		1.2101028322839738		0.08130871354341507		0.16261742708683014
358		19.546893505990738		0.81148362159729		1.1709078008532523		0.11274604398608208		0.22549208797216416
359		19.50528032099828		0.8352005481719971		1.1894924449539184		0.07981091212034225		0.1596218242406845
360		19.456520992011065		0.8227062225341797		1.1784031684708596		0.10037485247850418		0.20074970495700836
361		19.69383494599606		0.8792651891708374		1.2285136192011834		0.08193333859741687		0.16386667719483375
362		19.57809025901952		0.814254879951477		1.176688083641529		0.08772067939937114		0.1754413587987423
363		19.6777662569948		0.8360547423362732		1.197232723851204		0.25124743633270263		0.5024948726654053
364		19.473478087980766		0.8392519950866699		1.1948362610769272		0.0811189753562212		0.1622379507124424
365		19.264869803999318		0.806338906288147		1.1689200364255905		0.11910941314697265		0.2382188262939453
366		19.785243274003733		0.8082914352416992		1.163501007053852		0.0979212763607502		0.1958425527215004
367		19.61844091201783		0.8454470634460449		1.2026776081585884		0.10254592975378037		0.20509185950756073
368		19.61122723799781		0.7936333417892456		1.1527585447001458		0.18540565670132636		0.3708113134026527
369		19.6598608350032		0.8446316123008728		1.2010390969181062		0.1465319319188595		0.293063863837719
370		19.44874547899235		0.827536404132843		1.181609909002781		0.08326514778137208		0.16653029556274415
371		19.715961422974942		0.8781586289405823		1.236794734954834		0.08083247740864753		0.16166495481729506
372		19.546805125981336		0.8057974576950073		1.1643089337873458		0.0812710697799921		0.1625421395599842
373		19.54217725901981		0.8293728828430176		1.1822481081056595		0.083386059948802		0.166772119897604
374		19.528390412015142		0.843417227268219		1.208760745677948		0.08529115408062934		0.1705823081612587
375		19.74031400398235		0.8183155059814453		1.176513215661049		0.11964399352669716		0.23928798705339432
376		19.399368448997848		0.8343794941902161		1.199579523975849		0.08362678640186787		0.16725357280373573
377		19.32746314498945		0.8283969163894653		1.1857282887125016		0.12521956513524055		0.2504391302704811
378		19.527175584982615		0.8129787445068359		1.1789652033376694		0.08975739352107048		0.17951478704214097
379		19.60653220899985		0.8209879994392395		1.17848327917099		0.07891387859284878		0.15782775718569755
380		19.522172402997967		0.8268212080001831		1.1790901157617568		0.0870313330590725		0.174062666118145
381		19.61719567599357		0.8267544507980347		1.1789839318466186		0.08355594094991683		0.16711188189983367
382		19.44082978600636		0.7880744338035583		1.1453073299837113		0.08807603147923947		0.17615206295847893
383		19.3686326930183		0.8274775743484497		1.1846829067397118		0.21141056790351867		0.42282113580703734
384		19.361958629015135		0.8018348217010498		1.1605225354647637		0.09160194942951203		0.18320389885902405
385		19.474511986016296		0.8350965976715088		1.1947236194849014		0.41612512273192404		0.8322502454638481
386		19.447619542013854		0.8157452344894409		1.1688897356319428		0.10427188555598259		0.20854377111196518
387		19.381263810995733		0.8232041001319885		1.181539362282753		0.09216048774421215		0.1843209754884243
388		19.385161389014684		0.776497483253479		1.1409414315247535		0.09116156298518181		0.18232312597036363
389		19.32481297000777		0.8265829682350159		1.1812996463704108		0.10203659664988518		0.20407319329977036
390		19.292265180993127		0.8302164077758789		1.1889179518008233		0.07856497221887111		0.15712994443774222
391		19.310519006015966		0.8226245641708374		1.1732020906949043		0.13688273819684982		0.27376547639369964
392		19.396388383989688		0.8257860541343689		1.1832377573442459		0.08213081718981266		0.16426163437962532
393		19.41173867401085		0.8339555859565735		1.1940137069249153		0.09290187158584595		0.1858037431716919
394		19.386460461013485		0.8311458230018616		1.1919590396046638		0.2195408905029297		0.4390817810058594
395		19.33634181000525		0.8080021142959595		1.173978228290081		0.1245560001552105		0.249112000310421
396		19.253854692011373		0.7942923903465271		1.1528988941335678		0.09508978449702263		0.19017956899404526
397		19.433185986010358		0.8264082670211792		1.1853213197779655		0.07729236733019353		0.15458473466038705
398		19.605121517990483		0.7782501578330994		1.1287207296657562		0.07808114415109157		0.15616228830218315
399		19.561882356996648		0.7984527945518494		1.1527256125187875		0.11456662057042122		0.22913324114084244
400		19.54654540901538		0.8326749205589294		1.191385603866577		0.31031899857521056		0.6206379971504211
401		19.29513323699939		0.8198791146278381		1.1774099783945084		0.08830763711333275		0.1766152742266655
402		19.227388946979772		0.8246211409568787		1.187143509709835		0.09403001450300216		0.18806002900600433
403		19.36849279300077		0.7788405418395996		1.1391093849253655		0.2336525893688202		0.4673051787376404
404		19.38853289798135		0.7992448806762695		1.1590272212433814		0.08042771617770195		0.1608554323554039
405		19.42126760300016		0.8016215562820435		1.16389852250576		0.09996599577069283		0.19993199154138566
406		19.374113998026587		0.813640832901001		1.1753046925783157		0.0946599709033966		0.1893199418067932
407		19.32093733199872		0.7889629602432251		1.1446537566781043		0.19817575301527976		0.3963515060305595
408		19.352025580999907		0.8345857858657837		1.1933312261486053		0.08208920561671257		0.16417841123342514
409		19.434114617994055		0.8288701176643372		1.1816544558048248		0.08697964228689671		0.17395928457379342
410		19.582685879984638		0.8105766773223877		1.1648017963194848		0.11592640600204468		0.23185281200408936
411		19.362809262995142		0.8041917085647583		1.164217296242714		0.07735712748467923		0.15471425496935845
412		19.452372317027766		0.8110033273696899		1.1736782100248337		0.09281283977925778		0.18562567955851556
413		19.222263042989653		0.8107673525810242		1.1686236943292618		0.11891558143496514		0.23783116286993028
414		19.26681057398673		0.7823427319526672		1.1377837378239632		0.14846874575018884		0.2969374915003777
415		19.53798970999196		0.8078342080116272		1.1597988407182693		0.08430743496716023		0.16861486993432045
416		19.490401660994394		0.786209225654602		1.1499736649107932		0.07596364095807076		0.15192728191614152
417		19.48452691201237		0.8336287140846252		1.1885146110916138		0.07953727471232415		0.1590745494246483
418		19.439007200009655		0.7963075041770935		1.1474757360434533		0.0850764023900032		0.1701528047800064
419		19.312305280996952		0.7994978427886963		1.1541597143650055		0.11136646329164505		0.2227329265832901
420		19.262780457996996		0.8196723461151123		1.1835061763572692		0.0784561868071556		0.1569123736143112
421		19.453182702010963		0.7791551351547241		1.130487813875675		0.07674846984148026		0.15349693968296052
422		19.61391819297569		0.8090009093284607		1.1685044844293595		0.07721933619379998		0.15443867238759995
423		19.69302638299996		0.7998937368392944		1.1585874204230309		0.09550258816480636		0.19100517632961272
424		19.59619764899253		0.7764734029769897		1.138881567749977		0.07618977342844009		0.15237954685688018
425		19.53220550599508		0.8102039694786072		1.1574944579672812		0.07605191887617112		0.15210383775234224
426		19.42749597202055		0.821652889251709		1.1728152259206772		0.07615526330173016		0.1523105266034603
427		19.424998275004327		0.7940227389335632		1.146251266796589		0.07787175934612751		0.15574351869225503
428		19.453003043017816		0.780576229095459		1.1413912259840966		0.07585827201008796		0.15171654402017593
429		19.57788113600691		0.7767750024795532		1.1377146191048622		0.09025528005063534		0.18051056010127067
430		19.69753042201046		0.7787978053092957		1.1367341773891448		0.0885320228099823		0.1770640456199646
431		19.438733055983903		0.7690625786781311		1.1285368962264062		0.07990506669282914		0.15981013338565828
432		19.36035536500276		0.7679482698440552		1.1312389304256438		0.07617537200748921		0.15235074401497842
433		19.603045090974774		0.7867962121963501		1.1413519841599464		0.07548259013593196		0.15096518027186392
434		19.48928705698927		0.7969944477081299		1.1560407789993286		0.08291178873181343		0.16582357746362686
435		19.47078083199449		0.7945516705513		1.1460473749637603		0.07900246904790402		0.15800493809580804
436		19.434756220987765		0.7821984887123108		1.1360328337717056		0.07597696115374565		0.1519539223074913
437		19.401686388999224		0.7734884023666382		1.1314004083657265		0.10113792567849159		0.20227585135698317
438		19.452068171987776		0.7800549864768982		1.1386635816192627		0.07847110703587531		0.15694221407175063
439		19.329039072006708		0.7761366963386536		1.1368868475294114		0.09752391184568406		0.1950478236913681
440		19.35290344301029		0.7848681211471558		1.14252852350235		0.09215677252411843		0.18431354504823685
441		19.499291223997716		0.7964448928833008		1.1616425408911706		0.07486097602546216		0.1497219520509243
442		19.403363021992845		0.7783229351043701		1.1394106599473954		0.08888692550957203		0.17777385101914406
443		19.28844713399303		0.8041546940803528		1.1608720473790168		0.11565235241055488		0.23130470482110976
444		19.252812390011968		0.7819698452949524		1.1418225635647774		0.12475142172574998		0.24950284345149995
445		19.33611806499539		0.7809350490570068		1.1449560202383995		0.10412626215219498		0.20825252430438995
446		19.35263968500658		0.7697054743766785		1.1270088054871559		0.0983562779545784		0.1967125559091568
447		19.420182500994997		0.8113952875137329		1.1652051503324508		0.07479233491122722		0.14958466982245444
448		19.534175987995695		0.782859206199646		1.139897093858719		0.08190753573477268		0.16381507146954535
449		19.27381228498416		0.790488600730896		1.1469109917378426		0.08746332690417767		0.17492665380835534
450		19.21720577799715		0.7733905911445618		1.1332679258561134		0.10554881748855113		0.21109763497710227
451		19.294016183004715		0.8103803992271423		1.1616563430953026		0.08778694027364253		0.17557388054728507
452		19.39772113400977		0.774933397769928		1.1329016386389732		0.08137152451872826		0.1627430490374565
453		19.394402940990403		0.7711216807365417		1.1353889158511161		0.07581917791366577		0.15163835582733154
454		19.462072170019383		0.7805894613265991		1.1426799515032768		0.0746247814387083		0.1492495628774166
455		19.440230837994022		0.7722703814506531		1.1267680767703057		0.09800461334586144		0.19600922669172288
456		19.280946693004807		0.7724711298942566		1.1326456286120414		0.09616693342328071		0.19233386684656142
457		19.393348676007008		0.7830367088317871		1.1370115159845353		0.07382346165478229		0.14764692330956458
458		19.393690146011068		0.7727239727973938		1.122161706368923		0.09252708767652512		0.18505417535305024
459		19.391900659014937		0.7751740217208862		1.1362458799147606		0.1093464272558689		0.2186928545117378
460		19.377528117998736		0.8113541007041931		1.1707172871208191		0.07585629570186138		0.15171259140372276
461		19.317714172997512		0.7861837148666382		1.1426906173205376		0.07835218270421028		0.15670436540842056
462		19.282322979008313		0.8069267868995667		1.1674171555113793		0.07815433418154716		0.15630866836309432
463		19.36799245799193		0.7788408398628235		1.1352869210195542		0.07336248351633548		0.14672496703267096
464		19.426373347989284		0.7483928203582764		1.1039893392395974		0.07568055700361728		0.15136111400723457
465		19.41372480400605		0.7997645735740662		1.1648768728971481		0.11400515283048153		0.22801030566096306
466		19.458119067014195		0.7658256888389587		1.1163575434541702		0.0979249379426241		0.1958498758852482
467		19.394410491979215		0.7605948448181152		1.1171942325353623		0.09605196554660797		0.19210393109321594
468		19.383041910012253		0.811743438243866		1.1649160786533355		0.07337852583825588		0.14675705167651176
469		19.490827904024627		0.7790982723236084		1.1331827404546737		0.07816941533088684		0.15633883066177368
470		19.47577593298047		0.8053742051124573		1.16181363366127		0.08683518361747265		0.1736703672349453
471		19.58967089498765		0.7676800489425659		1.1208279210972787		0.07643925293385982		0.15287850586771964
472		19.384290706017055		0.7608888745307922		1.119331464588642		0.07390965228676796		0.14781930457353593
473		19.368197753006825		0.7674712538719177		1.1168908184170723		0.07779071363508701		0.15558142727017402
474		19.446237409021705		0.7787392139434814		1.1349670274305343		0.09350988188385964		0.18701976376771928
475		19.564650421001716		0.7609057426452637		1.115827280099392		0.10116887663900852		0.20233775327801704
476		19.593695421004668		0.7990163564682007		1.153876426832676		0.07452301815450192		0.14904603630900384
477		19.362604179012123		0.7506088018417358		1.111645855295658		0.08000216827988625		0.1600043365597725
478		19.398997835000046		0.7622634768486023		1.1192875159239768		0.10692973014116287		0.21385946028232575
479		19.412332887004595		0.7729631066322327		1.1304529221391677		0.07773272977471352		0.15546545954942703
480		19.44716978701763		0.764296293258667		1.1165773447990417		0.07295610315799714		0.14591220631599428
481		19.4254182720033		0.7477020025253296		1.1120330822134017		0.07349488294422626		0.14698976588845253
482		19.46669064401067		0.7919079661369324		1.1477632638430595		0.07270070782601834		0.14540141565203668
483		19.40323183001601		0.7860009670257568		1.1354462155675888		0.07304091641008854		0.1460818328201771
484		19.370713528012857		0.7677883505821228		1.1197903472423554		0.07505145766735077		0.15010291533470155
485		19.32805104300496		0.7752010822296143		1.132717355349064		0.07471927730739117		0.14943855461478234
486		19.450957138004014		0.770352303981781		1.124227197585106		0.08355386356711388		0.16710772713422775
487		19.461514828028157		0.7775683999061584		1.128005847632885		0.0910146969974041		0.1820293939948082
488		19.46514733400545		0.7587698101997375		1.1178184883522988		0.07386711173057556		0.14773422346115112
489		19.386832103016786		0.7508992552757263		1.1134341086626054		0.07353654719293118		0.14707309438586236
490		19.406862862000708		0.7615033388137817		1.1124915566134452		0.07749319047629834		0.15498638095259668
491		19.5969112579769		0.7573522329330444		1.1133205059218407		0.07901373615860939		0.15802747231721878
492		19.476830592000624		0.7637199759483337		1.119569266242981		0.11424328944683075		0.2284865788936615
493		19.70536878099665		0.7723631262779236		1.1256064889264106		0.0884962013989687		0.1769924027979374
494		19.707308990997262		0.8056504726409912		1.1621438096141816		0.07767666564583778		0.15535333129167556
495		19.43677347598714		0.7803962230682373		1.1348191375112533		0.07558107132911682		0.15116214265823363
496		19.53316079900833		0.7611016035079956		1.1124033584976196		0.07556822718083858		0.15113645436167716
497		19.41049633300281		0.7816691398620605		1.1348898883008958		0.07258402662873269		0.14516805325746537
498		19.590962204005336		0.7663164138793945		1.123140122346878		0.07230578606724739		0.14461157213449477
499		19.661767425975995		0.7562215328216553		1.1120995236122608		0.07505204900205135		0.1501040980041027
500		19.432252672006143		0.7694265246391296		1.128737165749073		0.0807424980968237		0.1614849961936474
501		19.346335087990155		0.7615236639976501		1.1144330812239647		0.12013961494266986		0.24027922988533973
502		19.347277447988745		0.7694395780563354		1.1259475648522377		0.09657000195682049		0.19314000391364097
503		19.42922603400075		0.7835207581520081		1.1336999867630004		0.07190420607030391		0.14380841214060783
504		19.436990729998797		0.7473374009132385		1.101554962592125		0.07678249021172523		0.15356498042345046
505		19.5266569830128		0.756138026714325		1.1100652972102165		0.07225207138359546		0.14450414276719092
506		19.52445365700987		0.7453733682632446		1.1041253230547905		0.10869672461748123		0.21739344923496245
507		19.541559400007827		0.7541942000389099		1.1087495766711235		0.07206047447919846		0.14412094895839692
508		19.472283802984748		0.7495588660240173		1.1029932654523849		0.07177144657671451		0.14354289315342902
509		19.342945003008936		0.7627406716346741		1.1170643242025375		0.14084431546926499		0.28168863093852997
510		19.37635879701702		0.759069561958313		1.1119376876354217		0.0732881394714117		0.1465762789428234
511		19.639411245996598		0.7522172331809998		1.1006210271453858		0.07127646915912628		0.14255293831825255
512		19.59430281101959		0.7711816430091858		1.1260674915337563		0.07724597658216953		0.15449195316433906
513		19.641847302002134		0.7395697236061096		1.0976944375109672		0.07561683650016784		0.1512336730003357
514		19.473774407990277		0.775199294090271		1.1308360592865945		0.07670164409577847		0.15340328819155694
515		19.525416546995984		0.7662920951843262		1.1126969359374046		0.07149343117177487		0.14298686234354974
516		19.401593664020766		0.7422556281089783		1.0936855236709118		0.17279359796643257		0.34558719593286513
517		19.58212269700016		0.7503179311752319		1.1085710814523697		0.07411511556208134		0.14823023112416267
518		19.581400619994383		0.7477332353591919		1.1017386881947517		0.07214931915402413		0.14429863830804826
519		19.499148364993744		0.769790768623352		1.1270225578737258		0.07916437445282937		0.15832874890565873
520		19.654367228009505		0.7473414540290833		1.1034527346563339		0.07759602356553078		0.15519204713106155
521		19.552228852000553		0.7503002285957336		1.106070090482235		0.0748951829612255		0.149790365922451
522		19.547382946009748		0.7566506266593933		1.1085472014713287		0.07360697497427464		0.14721394994854928
523		19.497267817001557		0.7632337212562561		1.1156005331850052		0.07476813220977784		0.14953626441955567
524		19.588490241992986		0.7414836287498474		1.0891706040859221		0.0721417100161314		0.1442834200322628
525		19.53572245099349		0.7491568326950073		1.1068586290860176		0.10750046666264534		0.2150009333252907
526		19.525104411004577		0.7527433633804321		1.109213782055378		0.07918495010137558		0.15836990020275116
527		19.597900672000833		0.752031147480011		1.1031137938380242		0.07399704371392726		0.14799408742785453
528		19.580726932996185		0.7395480871200562		1.094709913146496		0.07090423338115215		0.1418084667623043
529		19.58412254601717		0.7426462173461914		1.0899875830292702		0.07109895945191383		0.14219791890382766
530		19.622338860994205		0.7477402091026306		1.0995461099123955		0.10231644952893257		0.20463289905786514
531		19.443553855002392		0.7551986575126648		1.111287083876133		0.07458768177628518		0.14917536355257036
532		19.422020972997416		0.7460282444953918		1.0963580199098586		0.07076562781631947		0.14153125563263894
533		19.422310238995124		0.7404174208641052		1.096622987344265		0.0708532075047493		0.1417064150094986
534		19.396038571023382		0.7449618577957153		1.095440392999649		0.07042359667122364		0.14084719334244727
535		19.23825618097908		0.7467261552810669		1.1011040099668503		0.10938437870144845		0.2187687574028969
536		19.26764629900572		0.7613334059715271		1.1129064453458786		0.07053392836153508		0.14106785672307015
537		19.372337043023435		0.7399497628211975		1.0942507417082787		0.07085338943302631		0.14170677886605262
538		19.58825921098469		0.7535589933395386		1.1039223259735107		0.07139103777110577		0.14278207554221153
539		19.53838789401925		0.744769811630249		1.091340360122919		0.07463114017248154		0.14926228034496308
540		19.469286397012183		0.7452471852302551		1.1038445622992517		0.07052014887332916		0.14104029774665833
541		19.332208031992195		0.7476880550384521		1.0973002418041229		0.07071044813096523		0.14142089626193047
542		19.483182519994443		0.7356842160224915		1.085868738656044		0.10087897588312626		0.20175795176625252
543		19.37165984598687		0.7553078532218933		1.107793788461685		0.07307743870019913		0.14615487740039826
544		19.40424773300765		0.746517539024353		1.1084131193113327		0.07351365107297897		0.14702730214595794
545		19.394181867974112		0.7413495182991028		1.0904411068940163		0.07138323742747307		0.14276647485494615
546		19.4209321620001		0.7549653053283691		1.1048215541648865		0.0703474553912878		0.1406949107825756
547		19.565005103999283		0.7451712489128113		1.0953821485793591		0.07527984414994716		0.15055968829989433
548		19.656322017981438		0.7402532696723938		1.09845011759758		0.07496591502428054		0.1499318300485611
549		19.61174770598882		0.7437472343444824		1.0945067800474166		0.07300644254386425		0.1460128850877285
550		19.527434613992227		0.7386956810951233		1.093652450003624		0.07795636788010597		0.15591273576021195
551		19.520295385998907		0.7519499659538269		1.1031326541686057		0.07021471246182918		0.14042942492365837
552		19.471461751993047		0.7745620608329773		1.1168287951469422		0.08974834216535091		0.17949668433070182
553		19.50988017398049		0.7474089860916138		1.1050671837806703		0.109808414041996		0.219616828083992
554		19.39007521199528		0.7421570420265198		1.0999738245129584		0.07031030594110489		0.14062061188220978
555		19.508679225982632		0.7411690354347229		1.095553569663763		0.09705663260221481		0.19411326520442962
556		19.406305360986153		0.7566476464271545		1.1121487602448463		0.07017466343343258		0.14034932686686516
557		19.50743609800702		0.7393068075180054		1.0869274575066565		0.07519952390789986		0.1503990478157997
558		19.57468098399113		0.7520389556884766		1.1009415212905407		0.08877286678552627		0.17754573357105255
559		19.590763016982237		0.7378696799278259		1.0917307774686813		0.08548282620608806		0.17096565241217612
560		19.519053133990383		0.7395275831222534		1.0923326239669322		0.08106357245743274		0.1621271449148655
561		19.458081456978107		0.7323970198631287		1.0918279111254214		0.07773387951254844		0.15546775902509688
562		19.4551721829921		0.7492713332176208		1.0980689762449265		0.07900203480124474		0.15800406960248947
563		19.39872195199132		0.7403149008750916		1.0904614458990096		0.06937361733019352		0.13874723466038705
564		19.5643223960069		0.740571141242981		1.0975175383007527		0.0698263237029314		0.1396526474058628
565		19.484272934001638		0.731877326965332		1.0885029329776763		0.07520274519622326		0.15040549039244652
566		19.46658621999086		0.7359633445739746		1.091295774638653		0.07045081592798233		0.14090163185596466
567		19.604283126012888		0.7357974648475647		1.0925623931026458		0.0694523188173771		0.1389046376347542
568		19.6119773699902		0.7337642908096313		1.0890705457091332		0.0698913068652153		0.1397826137304306
569		19.545552583993413		0.7429192066192627		1.097812666157484		0.07063323384523391		0.14126646769046783
570		19.497129730007146		0.7337751984596252		1.0903897275996208		0.07572515896558761		0.15145031793117522
571		19.52067130600335		0.733423113822937		1.0828345689821244		0.09212141257822513		0.18424282515645027
572		19.58408691699151		0.7401927709579468		1.0896650589704513		0.07219052677750587		0.14438105355501174
573		19.46540497598471		0.7402390241622925		1.0936469868612289		0.07747003006339073		0.15494006012678146
574		19.467394579027314		0.727070689201355		1.0811885177111626		0.07403662913739681		0.14807325827479362
575		19.391496777010616		0.7451035976409912		1.0945431039357185		0.0715397079706192		0.1430794159412384
576		19.484419259009883		0.7395368814468384		1.0907632029271126		0.06943718456327916		0.13887436912655832
577		19.630355092987884		0.7398170828819275		1.085867484152317		0.06921815510988236		0.1384363102197647
578		19.674460806010757		0.7315728664398193		1.079937848534584		0.07380336158275604		0.14760672316551207
579		19.572632670024177		0.732944905757904		1.086465332622528		0.11425962056517601		0.22851924113035202
580		19.421273045009002		0.7333598136901855		1.090033472249508		0.06940706299245357		0.13881412598490714
581		19.449981279001804		0.7346603870391846		1.0825547058045863		0.06932976243793965		0.1386595248758793
582		19.59212957599084		0.7334156632423401		1.0834790475368499		0.08345256323814391		0.16690512647628783
583		19.591199371003313		0.7302664518356323		1.0850396877789497		0.06977449744939804		0.13954899489879607
584		19.600370725005632		0.7279853820800781		1.0783600923275947		0.06932542178332805		0.1386508435666561
585		19.540683319006348		0.7430106997489929		1.0967853608345985		0.068942074072361		0.137884148144722
586		19.477276574005373		0.7406991124153137		1.0917422874069214		0.06966056571900844		0.1393211314380169
587		19.519733523018658		0.7329233288764954		1.0820966536092758		0.07183333428800107		0.14366666857600213
588		19.497509522014298		0.7415887117385864		1.0911934785676003		0.06905624109208584		0.1381124821841717
589		19.567995794001035		0.7246387600898743		1.0788654192352294		0.06915014118552208		0.13830028237104416
590		19.556391011021333		0.7330822348594666		1.0841348123049737		0.07281753930747509		0.14563507861495018
591		19.453141356993		0.7368635535240173		1.089405337290764		0.06902831325232983		0.13805662650465966
592		19.439178103988525		0.7389805912971497		1.0833505700278283		0.07263170395493507		0.14526340790987013
593		19.331280545011396		0.7230218052864075		1.0815605380511284		0.0696292349755764		0.1392584699511528
594		19.3318374309747		0.7387482523918152		1.0892049950432778		0.06860709290504456		0.13721418581008912
595		19.419313044985756		0.7280170917510986		1.0745023889791965		0.06885322275459767		0.13770644550919534
596		19.562664995988598		0.7365161776542664		1.0896285358858109		0.07123145288527012		0.14246290577054024
597		19.718179804011015		0.7342825531959534		1.084587201347351		0.07033951745331288		0.14067903490662576
598		19.828078580001602		0.7326657772064209		1.0814056031370163		0.07239855178892612		0.14479710357785225
599		19.682812496001134		0.7310791015625		1.0800802439928054		0.06985204523205757		0.13970409046411514
600		19.71494409602019		0.7375720739364624		1.0806076931643487		0.06901126579046249		0.13802253158092498
601		19.68128315199283		0.7362618446350098		1.0824548495674133		0.06946606203019619		0.13893212406039238
602		19.896434827009216		0.7321489453315735		1.080084127008915		0.06839701102674008		0.13679402205348015
603		19.825833685987163		0.734596312046051		1.0860912503409386		0.07193760874569416		0.14387521749138832
604		19.885709128982853		0.7299794554710388		1.0787488576722144		0.09814700683057308		0.19629401366114616
605		19.51463349099504		0.7353591322898865		1.0825465909278393		0.06939777249395847		0.13879554498791694
606		19.712907572014956		0.7315256595611572		1.0812478674030304		0.0726259024888277		0.1452518049776554
607		19.72496182299801		0.7338770031929016		1.0844901566696168		0.06849129900932312		0.13698259801864623
608		19.617148129997076		0.7285123467445374		1.0780808885526658		0.06995670356154442		0.13991340712308883
609		19.69326881400775		0.7290228605270386		1.0820481512629985		0.06948087287545204		0.1389617457509041
610		19.845679845981067		0.7363852262496948		1.0773291745471953		0.07466592346131802		0.14933184692263604
611		19.717602662014542		0.7332621812820435		1.0848334653925895		0.07072022769451142		0.14144045538902283
612		19.54224507699837		0.7339839935302734		1.0813293340659142		0.06961675807833671		0.13923351615667343
613		19.545459087006748		0.7341225743293762		1.0758904091334343		0.06998047136962414		0.13996094273924828
614		19.574996545998147		0.7236276865005493		1.0794579199004173		0.06941819452941418		0.13883638905882836
615		19.56725317798555		0.7359287142753601		1.0819111496937275		0.0706534707069397		0.1413069414138794
616		19.566102903016144		0.7245259284973145		1.0757451827466489		0.07599063601791858		0.15198127203583717
617		19.61661222699331		0.7355487942695618		1.0787211623573303		0.06838441512584686		0.13676883025169373
618		19.55767406200175		0.7355173826217651		1.080322214112282		0.0704677092820406		0.1409354185640812
619		19.408000833005644		0.7289766073226929		1.072656425895691		0.06800472342967986		0.13600944685935973
620		19.529504000005545		0.7290049195289612		1.0769784340894222		0.06960653093755245		0.1392130618751049
621		19.47825871699024		0.7280622720718384		1.0734365169405937		0.07170672664046288		0.14341345328092575
622		19.6837310300034		0.728999674320221		1.0807455323159694		0.08103637986183167		0.16207275972366333
623		19.591676715994254		0.725925087928772		1.080149539937973		0.07231328799128532		0.14462657598257064
624		19.536673049995443		0.7228606939315796		1.073463342026472		0.077731718480587		0.155463436961174
625		19.62231096602045		0.7226346135139465		1.0785252224600315		0.06809141742289067		0.13618283484578134
626		19.65915598900756		0.7349898219108582		1.076329904769659		0.06796758496761322		0.13593516993522645
627		19.606564941001125		0.7273133397102356		1.0734677632033824		0.06860486997961998		0.13720973995923996
628		19.50478041698807		0.7336624264717102		1.0780687709617616		0.07406762233674526		0.1481352446734905
629		19.5176698389987		0.7306269407272339		1.073584230606556		0.09562399041354656		0.19124798082709313
630		19.409339328005444		0.7278207540512085		1.073466348683834		0.07213783966600895		0.1442756793320179
631		19.403693783009658		0.7250820994377136		1.0736503897893428		0.0681049066632986		0.1362098133265972
632		19.444922920985846		0.729482114315033		1.0741046076226235		0.07060158856511116		0.14120317713022232
633		19.392516530002467		0.7298569083213806		1.075762248940468		0.06783480283021927		0.13566960566043854
634		19.466477836016566		0.7306254506111145		1.074736631808281		0.06795995186567307		0.13591990373134613
635		19.54300208800123		0.7308326959609985		1.0728107866561414		0.06777344506680966		0.1355468901336193
636		19.540592328994535		0.7236409783363342		1.0739663119578362		0.06775578715801239		0.13551157431602479
637		19.4626294390182		0.728146493434906		1.0753632610619068		0.06801996706724167		0.13603993413448334
638		19.390738104004413		0.7245179414749146		1.0690433158862591		0.06794648379087448		0.13589296758174896
639		19.5998861650005		0.7272669076919556		1.073177056994438		0.06786756262481212		0.13573512524962425
640		19.69896029899246		0.7240647673606873		1.071032161618471		0.06861351606249809		0.13722703212499618
641		19.578502527001547		0.725260317325592		1.068938482888937		0.0718476381212473		0.1436952762424946
642		19.60911751698586		0.7235649824142456		1.073178951381445		0.06752254002392293		0.13504508004784585
643		19.70563901902642		0.7243728637695312		1.0725225579977036		0.0686203662186861		0.1372407324373722
644		19.700756263016956		0.7345555424690247		1.0740205442142488		0.06761916535794735		0.1352383307158947
645		19.678138179006055		0.7242896556854248		1.071254220943451		0.06781233087480068		0.13562466174960136
646		19.412971503013978		0.724812388420105		1.072222676153183		0.06761535250544548		0.13523070501089096
647		19.676319488993613		0.7217451333999634		1.0677876133441926		0.07462997581660748		0.14925995163321495
648		19.6633725129941		0.7257821559906006		1.0718849733352662		0.07256485045850276		0.14512970091700553
649		19.45359942500363		0.7297590970993042		1.0707133031773568		0.06766453747153282		0.13532907494306565
650		19.614046735980082		0.732232928276062		1.0708585748124122		0.06821082282364369		0.13642164564728737
651		19.555498501984403		0.7209771871566772		1.0676042741703986		0.06786292897760868		0.13572585795521735
652		19.441305886983173		0.724706768989563		1.0664732061707973		0.06753129382431507		0.13506258764863013
653		19.502657569013536		0.7218325734138489		1.069766875487566		0.06827863365709781		0.13655726731419562
654		19.4200878769916		0.7221090197563171		1.067654648604393		0.07014589288830757		0.14029178577661514
655		19.402875508007128		0.7263838648796082		1.0713311237895489		0.08174226755797863		0.16348453511595726
656		19.589270117983688		0.7247064709663391		1.0689533759474754		0.06839363090097904		0.13678726180195808
657		19.51587603901862		0.7203057408332825		1.0696074790143966		0.06841941604018212		0.13683883208036424
658		19.364453891990706		0.7231068015098572		1.0702322374546527		0.07495599133968353		0.14991198267936706
659		19.653163902985398		0.7168886661529541		1.0649857357025148		0.06779518867731095		0.1355903773546219
660		19.793239670980256		0.7207788228988647		1.0684228473210335		0.06735887758135796		0.13471775516271592
661		19.48457923901151		0.7209706902503967		1.0679465845441818		0.06750976763665677		0.13501953527331353
662		19.616523036005674		0.7206802368164062		1.0645043993079661		0.06886453727781773		0.13772907455563546
663		19.357710109004984		0.7228230834007263		1.0691788045179844		0.06744404430985451		0.13488808861970902
664		19.664092246996006		0.7199038863182068		1.0673238935625553		0.06912395125031472		0.13824790250062943
665		19.649481486994773		0.7246519923210144		1.0685039820885658		0.06730565711855889		0.13461131423711778
666		19.70828801600146		0.726036012172699		1.065284357779026		0.0746757781803608		0.1493515563607216
667		19.799422857991885		0.7200745940208435		1.0638944323003292		0.0690433795362711		0.1380867590725422
668		19.81116990299779		0.7280634045600891		1.0685897766780854		0.06739331309497357		0.13478662618994713
669		19.866496019996703		0.7204034924507141		1.0639183293151855		0.06773834915459157		0.13547669830918313
670		19.759092516993405		0.7214035987854004		1.067317454521656		0.06728060374855996		0.13456120749711992
671		19.767670150002232		0.7245709300041199		1.066904422829151		0.06817016752660275		0.1363403350532055
672		19.70047797600273		0.7214670181274414		1.0649758467710018		0.06746610661447049		0.13493221322894097
673		19.666909422987374		0.7277968525886536		1.0687416492962838		0.06825519371032715		0.1365103874206543
674		19.44119164298172		0.7296454310417175		1.066804794266224		0.06722715614438057		0.13445431228876115
675		19.451961947983364		0.7308160066604614		1.0657243310201168		0.06797717818319797		0.13595435636639594
676		19.611041709023993		0.7193011045455933		1.0642288504052162		0.06714972306191921		0.13429944612383843
677		19.607543960009934		0.7232978940010071		1.0687200225400926		0.06720479452610016		0.13440958905220032
678		19.612420369987376		0.7221124768257141		1.0677735702192783		0.06722334161102772		0.13444668322205544
679		19.68447222499526		0.7275230884552002		1.065118537800312		0.06715722288191318		0.13431444576382637
680		19.63094263902167		0.724776566028595		1.0633535096299649		0.06789246801435947		0.13578493602871894
681		19.694381530978717		0.7159090638160706		1.0629116229784488		0.06721092223525048		0.13442184447050096
682		19.70966857598978		0.7220615148544312		1.0622408913350105		0.06702605214715004		0.1340521042943001
683		19.60112472300534		0.724557638168335		1.0662718334817887		0.06790026118159294		0.13580052236318588
684		19.441985825978918		0.7177519202232361		1.0632340793216228		0.06741050778627396		0.13482101557254791
685		19.441489763004938		0.721665620803833		1.0679854551017285		0.06769873737990856		0.13539747475981712
686		19.752748460014118		0.7212015390396118		1.0635049324715138		0.0674457832545042		0.1348915665090084
687		19.78543022397207		0.7207839488983154		1.0644828054463864		0.06883736377954483		0.13767472755908966
688		19.739183316996787		0.7200937867164612		1.0623518675553798		0.07914479400217533		0.15828958800435067
689		19.658247006009333		0.7247542142868042		1.0637623308706283		0.06710188975036144		0.13420377950072288
690		19.624753228999907		0.7218692898750305		1.0656074751698972		0.06704662136435509		0.13409324272871018
691		19.726389538991498		0.722202479839325		1.0627102689111232		0.06714189168512821		0.13428378337025643
692		19.770997481013183		0.7196861505508423		1.0616561014699937		0.06799041951000691		0.13598083902001382
693		19.76603097000043		0.7209694981575012		1.0622174252533914		0.06702673475146294		0.13405346950292588
694		19.72362014700775		0.7250736355781555		1.0621297034835815		0.06701757051944733		0.13403514103889466
695		19.64762695200625		0.7166860699653625		1.0637080148017406		0.06731950459182262		0.13463900918364524
696		19.57290996098891		0.7256267666816711		1.063847920103073		0.0670276815265417		0.1340553630530834
697		19.60749158798717		0.7211253643035889		1.0602237085866928		0.06698086058199405		0.1339617211639881
698		19.718855378974695		0.7172176241874695		1.06078893994689		0.06692013665139675		0.1338402733027935
699		19.721670725994045		0.7171750068664551		1.0605600412809848		0.06772463672161103		0.13544927344322205
700		19.749999440013198		0.7244142293930054		1.0629154157209397		0.07618440090417862		0.15236880180835724
701		19.694498908997048		0.7203255295753479		1.0616483632194995		0.06708429811596871		0.13416859623193741
702		19.429538247990422		0.7176894545555115		1.0624257725393773		0.06724711587131023		0.13449423174262046
703		19.41811717301607		0.7255691885948181		1.0635030711781979		0.07564045455157757		0.15128090910315514
704		19.515609155001584		0.7155124545097351		1.0600660075473785		0.06943874062597752		0.13887748125195504
705		19.889125532994512		0.7168806195259094		1.0602836696076394		0.06689914812743664		0.13379829625487327
706		19.756196834001457		0.716367244720459		1.0608641491878033		0.07291567968428135		0.1458313593685627
707		19.504653562995372		0.7190527319908142		1.0608230302238464		0.06688571276664734		0.13377142553329469
708		19.766822392994072		0.7223047614097595		1.061748046257496		0.06716099475920201		0.13432198951840402
709		19.49949019399355		0.724182665348053		1.061201225361824		0.06689363632500171		0.13378727265000342
710		19.58527785600745		0.7181157469749451		1.062322411621809		0.06690321843922138		0.13380643687844276
711		19.525762316014152		0.718924880027771		1.0598785331583023		0.0669659689694643		0.1339319379389286
712		19.76931497899932		0.715466320514679		1.0601547344255446		0.06682151601016521		0.13364303202033043
713		19.571100718982052		0.7235126495361328		1.0613562752115726		0.06677374434173107		0.13354748868346214
714		19.753905297024176		0.7225261330604553		1.0592402073848248		0.06683498286008835		0.1336699657201767
715		19.562134143983712		0.7164974808692932		1.0608388995957374		0.06681729867756367		0.13363459735512734
716		19.637997668993194		0.726845383644104		1.060725152939558		0.06679877679944038		0.13359755359888076
717		19.680909276008606		0.7234492301940918		1.0602881937253474		0.06792492510676384		0.1358498502135277
718		19.59981716799666		0.7169744968414307		1.0599435663795471		0.06681524553000927		0.13363049106001854
719		19.655195717001334		0.7180110812187195		1.0611365154838561		0.06676103020012379		0.13352206040024758
720		19.700245235027978		0.7207877039909363		1.061257440006733		0.06688634711503982		0.13377269423007965
721		19.758513264998328		0.7280418276786804		1.0594565967679024		0.06853074105679989		0.13706148211359978
722		19.70946114702383		0.7193520069122314		1.0581591318309307		0.06684354054927825		0.1336870810985565
723		19.719747956987703		0.7244910001754761		1.0627326484537125		0.06679876427352428		0.13359752854704857
724		19.715664768009447		0.721537172794342		1.0592917958784103		0.06676085577309132		0.13352171154618264
725		19.727801184984855		0.7177720069885254		1.059517058237791		0.06687091020941734		0.13374182041883467
726		19.654644150985405		0.7224665284156799		1.0598129247939587		0.06677059497833251		0.13354118995666503
727		19.64785382899572		0.7171789407730103		1.060374715038538		0.06673070457577705		0.1334614091515541
728		19.53066685399972		0.7190138697624207		1.0603530427396297		0.06677320781648159		0.13354641563296318
729		19.703423097002087		0.7206099629402161		1.0592787681412696		0.06673464556336403		0.13346929112672806
730		19.75242366598104		0.7203989624977112		1.0602103570711612		0.06672163327336311		0.13344326654672622
731		19.692901774018537		0.7182676196098328		1.0600727370810508		0.0667378422498703		0.1334756844997406
732		19.74397749500349		0.723942220211029		1.0611464899384975		0.06672129506766795		0.1334425901353359
733		19.64141379701323		0.7222926616668701		1.0598445798230172		0.07027128070294857		0.14054256140589713
734		19.70914866300882		0.720126211643219		1.0590951372122765		0.06679737751483918		0.13359475502967835
735		19.51933079599985		0.7240113615989685		1.0592758452188968		0.06669651914536953		0.13339303829073906
736		19.63037955801701		0.7216115593910217		1.0593455993521212		0.06669656768739224		0.13339313537478448
737		19.549866162997205		0.7186593413352966		1.0597005818676948		0.06673272832334042		0.13346545664668083
738		19.635532182001043		0.7168640494346619		1.058695627859831		0.0666720793813467		0.1333441587626934
739		19.665296555001987		0.7212280035018921		1.0601688548696042		0.06675871038138867		0.13351742076277734
740		19.757894212991232		0.7167410850524902		1.0591818939614297		0.0666374217569828		0.1332748435139656
741		19.747255686001154		0.7181383371353149		1.0592966095900536		0.06666110241413116		0.13332220482826232
742		19.77592045298661		0.7203527092933655		1.0600598171377182		0.066868193551898		0.133736387103796
743		19.747005107987206		0.7179779410362244		1.0588134576082229		0.06738811089098454		0.13477622178196907
744		19.750809056014987		0.7164474129676819		1.0592614068555832		0.0667434166610241		0.1334868333220482
745		19.752742986020166		0.7168251872062683		1.0594637172532082		0.066653998452425		0.13330799690485
746		19.7342841179925		0.7239723205566406		1.059536308454275		0.06664901775121689		0.13329803550243377
747		19.592751368996687		0.7202903032302856		1.0589960756278038		0.06662653547227383		0.13325307094454766
748		19.635683426982723		0.7229763865470886		1.0595609053266049		0.06670466382205487		0.13340932764410973
749		19.69015701400349		0.7218748331069946		1.0587493219673634		0.06667650465071201		0.13335300930142402
750		19.524875935021555		0.7245848774909973		1.0588630729281903		0.06664766095280647		0.13329532190561294
751		19.824867079994874		0.7189527153968811		1.0585892107045651		0.06664244722425938		0.13328489444851876
752		19.79375211900333		0.7176299095153809		1.0589381604301928		0.06664598698914051		0.13329197397828102
753		19.700611064996338		0.7199388146400452		1.0599723930764198		0.0666318077236414		0.1332636154472828
754		19.534941413992783		0.7201738953590393		1.0579444387543202		0.06665953096151352		0.13331906192302703
755		19.736008564999793		0.7192780375480652		1.0585712354516983		0.06665729334056378		0.13331458668112756
756		19.658940825000172		0.7178263068199158		1.0586455495536327		0.06662947607934475		0.1332589521586895
757		19.667100938997464		0.7221701145172119		1.0599552300786972		0.06661613347530365		0.1332322669506073
758		19.62310943400371		0.7205405831336975		1.0579365626692772		0.06662929362654686		0.13325858725309372
759		19.610441301978426		0.7174844145774841		1.058202222621441		0.06669495454728604		0.13338990909457207
760		19.472238971997285		0.7231205105781555		1.0582136216938496		0.06661004216969013		0.13322008433938026
761		19.466164539015153		0.7217006683349609		1.0579578859615326		0.06660612727999687		0.13321225455999375
762		19.559225384000456		0.7202551960945129		1.0593476234567165		0.06662103496193886		0.13324206992387772
763		19.65574715900584		0.7164223790168762		1.0582896572244167		0.06664315916597843		0.13328631833195687
764		19.638750049984083		0.7184064388275146		1.058621131775379		0.06660935168862343		0.13321870337724687
765		19.57091193800443		0.7206423282623291		1.0586675784397126		0.06661334142684937		0.13322668285369874
766		19.537572158005787		0.7246255278587341		1.0582067344248294		0.06661978251338005		0.1332395650267601
767		19.467972384998575		0.719071090221405		1.0567418377912046		0.06658568182587624		0.13317136365175247
768		19.60287440600223		0.720183253288269		1.059549231376648		0.06660110631287097		0.13320221262574194
769		19.625132711982587		0.7152421474456787		1.0582758663070202		0.06660238929092883		0.13320477858185767
770		19.671065801987424		0.7181991934776306		1.058092330839634		0.06684101845622063		0.13368203691244127
771		19.71217558797798		0.7164009809494019		1.0588100345802307		0.06659288092553615		0.1331857618510723
772		19.668292118003592		0.7189744114875793		1.0584983580040932		0.06658676934838295		0.1331735386967659
773		19.581741118978243		0.7240949273109436		1.0573688854575156		0.0665925030618906		0.1331850061237812
774		19.402815859997645		0.7212557792663574		1.0583916456496716		0.06659744579494		0.13319489158988
775		19.78839446499478		0.716377854347229		1.0593586959707737		0.06659615269601345		0.1331923053920269
776		19.6180194359913		0.7151526212692261		1.0579161393892764		0.06659686377048492		0.13319372754096984
777		19.566101595002692		0.7222193479537964		1.0592420458829404		0.06661078645586968		0.13322157291173936
778		19.527673870994477		0.7201793789863586		1.0573757540261746		0.06659512732028962		0.13319025464057924
779		19.632714200997725		0.7183505892753601		1.0589880628716946		0.06660358256399632		0.13320716512799263
780		19.564794960984727		0.7168214917182922		1.057874716397524		0.06659322559833526		0.13318645119667052
781		19.591254005004885		0.7209531664848328		1.0587309657180308		0.0665992432564497		0.1331984865128994
782		19.522701122012222		0.719416618347168		1.0592143134510517		0.06658964310586453		0.13317928621172906
783		19.530824882007437		0.7195385098457336		1.057715030040741		0.06659622265398503		0.13319244530797006
784		19.490105669014156		0.7183814644813538		1.0596445757830142		0.06659318700432777		0.13318637400865554
785		19.54939212699537		0.7267498970031738		1.0582200798857213		0.06659104442894459		0.13318208885788918
786		19.55722277998575		0.7176018357276917		1.057845929657221		0.06659380532801151		0.13318761065602303
787		19.376251493988093		0.7172769904136658		1.05831993604064		0.06659203090965748		0.13318406181931497
788		19.465495215001283		0.7196131348609924		1.0591698059093952		0.06658959957063199		0.13317919914126397
789		19.52643649899983		0.7194666862487793		1.0585588185977937		0.06658930115103721		0.13317860230207443
790		19.617760769004235		0.7219682335853577		1.0585452913820743		0.06658944099247456		0.13317888198494912
791		19.625691529014148		0.7185614109039307		1.0582391639232636		0.06658908389508725		0.1331781677901745
792		19.519135886977892		0.7203492522239685		1.0584277175617218		0.06659118516743183		0.13318237033486366
793		19.42508645201451		0.7226183414459229		1.0584962035548686		0.06659015986323356		0.13318031972646713
794		19.471071553998627		0.7198834419250488		1.058421836271286		0.06658972099721432		0.13317944199442863
795		19.541605894017266		0.7218723893165588		1.058283151166439		0.06658881415724754		0.1331776283144951
796		19.797233399003744		0.7225506901741028		1.056980074710846		0.06658850844204425		0.1331770168840885
797		19.572394659015117		0.720024049282074		1.0590183232092858		0.06658917260169983		0.13317834520339966
798		19.6271744260157		0.7201905846595764		1.0585745165383815		0.06658910944759845		0.1331782188951969
799		19.490767843002686		0.7215769290924072		1.05846171043396		0.06658910262286663		0.13317820524573326