Epoch	Duration				Loss Step Train			Loss Full Train			Loss Step Test			Loss Full Test
0		221.39707452899893		657793501626368.0		830834783650020.4		1.3037323729872703		2.6074647459745406
1		158.54470977899473		28973415268352.0		35706045948636.516		1.06887226908803		2.13774453817606
2		160.51179308500286		5628880748544.0		7632272851827.2		2.094082056236267		4.188164112472534
3		160.30735725499835		5143012573184.0		6531820838351.258		1.1303104066491128		2.2606208132982255
4		161.11052991700126		7975513620480.0		10214687872151.207		1.2840764551192523		2.5681529102385046
5		160.70354506500007		4054976823296.0		5798682816040.268		1.102520496994257		2.205040993988514
6		161.98799196400068		5281078575104.0		6657795718417.081		1.0987990156650542		2.1975980313301084
7		162.8274651219981		5525347500032.0		7658073993038.984		1.0715218658566474		2.143043731713295
8		161.98754925400135		5206382739456.0		6621175964706.113		1.057936328971386		2.115872657942772
9		162.60653221199755		5234912395264.0		6601501727544.918		1.0664197372168303		2.1328394744336605
10		162.3258602240021		6655972474880.0		8637747579888.018		1.1559570382714273		2.3119140765428545
11		162.08563993999996		7755358797824.0		9841751870053.676		1.3100898961037397		2.6201797922074794
12		163.85480957200343		6019857514496.0		7477814316192.842		1.0797656492769718		2.1595312985539437
13		163.51633143900108		9340987637760.0		10812054904489.217		1.0205567008554934		2.041113401710987
14		163.330655896003		4680469970944.0		6373641500951.803		1.0995092896610499		2.1990185793220998
15		163.97432364799897		4870346113024.0		6485634548061.848		1.2913213621228934		2.582642724245787
16		163.20751182499953		4334307246080.0		5409411754565.589		1.0700452521800994		2.1400905043601988
17		162.83904701000574		4503698931712.0		6232036149347.778		0.9903119515657425		1.980623903131485
18		163.86496259600244		5316197482496.0		6694376733340.331		1.1878727313756943		2.3757454627513885
19		163.05272349799634		4902181928960.0		6445348217363.794		1.0097864806890489		2.0195729613780977
20		162.8255545139982		3939912646656.0		5112647020767.481		1.011234118950367		2.022468237900734
21		163.4651958500035		5897835773952.0		7125968316657.52		1.1049153357446193		2.2098306714892386
22		163.60880063799414		4294949470208.0		5467884159842.992		0.9873539507210255		1.974707901442051
23		162.58133932999772		4046964916224.0		4930187183766.708		1.3270177454710006		2.654035490942001
24		162.35928974999842		7969305001984.0		13626286707095.484		3.2839228402107956		6.567845680421591
25		163.62145077800233		5456734453760.0		7003136347717.977		1.0541598178625107		2.1083196357250213
26		164.01136171099643		3622776078336.0		4946246861645.007		1.0040743189454078		2.0081486378908155
27		164.09766027399746		5109598650368.0		6635317556386.002		1.186681927907467		2.373363855814934
28		163.5043134699954		5664872595456.0		7482518126110.286		1.009442666733265		2.01888533346653
29		164.1928429660038		5217901346816.0		6841043538557.772		1.1239043174237013		2.2478086348474027
30		163.1720944780027		4500759773184.0		6005430640876.108		1.1059412192940712		2.2118824385881424
31		163.28554502299812		3856099180544.0		4744604501720.683		1.0871864946871996		2.1743729893743993
32		164.42674111200176		6500414128128.0		8600181642341.351		1.104044540449977		2.208089080899954
33		163.67121994799527		7820496338944.0		9141623976819.402		1.0844758521705866		2.1689517043411732
34		163.02563740400365		3727552675840.0		4856820554092.409		1.1446659444332123		2.2893318888664247
35		165.22984931000246		6817608368128.0		9449190883709.748		1.784129753088951		3.568259506177902
36		163.65149908300373		6114023833600.0		7585095045583.392		1.1571854735761882		2.3143709471523763
37		164.69743097599712		4083498090496.0		5023060619205.169		1.027142032688856		2.054284065377712
38		165.78103995200217		5966063992832.0		8401003533871.589		1.3326961175829173		2.6653922351658346
39		163.4305936689998		5107022823424.0		6951572513457.915		1.1528705321311952		2.3057410642623903
40		162.27415252199717		4585714876416.0		5970364584352.957		0.9871587072283029		1.9743174144566058
41		163.72304203599924		4232742961152.0		5481637923552.806		1.1617754975676537		2.3235509951353075
42		163.88297160200455		5380412801024.0		6907222899209.418		1.0294093762099743		2.0588187524199486
43		165.59853493699484		9290126458880.0		13520700905004.66		1.8576799541085958		3.7153599082171915
44		164.43692021199968		3443851264000.0		4581069851420.117		1.0985147663772106		2.197029532754421
45		163.6226442010011		6311318126592.0		7912990003593.489		1.0815534807145595		2.163106961429119
46		163.76316698799928		5345974419456.0		7385295271143.047		1.1145839898109435		2.229167979621887
47		163.90109168999334		4709901926400.0		6985673269850.219		3.311198897907138		6.622397795814276
48		163.49443359999714		4739397320704.0		5197625469359.97		1.262168248128891		2.524336496257782
49		164.96648599100445		4567954096128.0		6144892873689.981		1.0875455326229333		2.1750910652458666
50		165.26710897600424		6735104835584.0		8797454806673.81		1.9716093991756438		3.9432187983512876
51		164.46016128700285		5692580691968.0		7746393733032.272		1.1272023378044367		2.2544046756088734
52		164.7752988409993		4184937070592.0		5779067278088.32		1.5145896868973971		3.0291793737947943
53		164.26431750399934		4615521173504.0		6040059923851.992		1.0927420097023248		2.1854840194046496
54		164.5126697960004		3438511390720.0		4570361900019.035		1.0607110249757767		2.1214220499515535
55		163.3128705969939		5417926656000.0		8104832707452.967		1.2667100231081247		2.5334200462162495
56		164.42347266000434		6177859567616.0		8361635367652.847		1.2257445709824561		2.4514891419649123
57		164.3514863809978		4610334916608.0		6090905840713.706		1.1275556277096273		2.2551112554192545
58		163.78777082300076		3526453362688.0		4611907207408.694		1.1462175140172244		2.2924350280344488
59		164.6529984480003		4368430006272.0		5939898427765.733		1.3904229271620512		2.7808458543241024
60		163.94685264200234		7040638386176.0		9780088061541.344		1.1003921816140414		2.200784363228083
61		164.67903021700477		4821171568640.0		6178700876002.318		1.3372585094243288		2.6745170188486576
62		165.51357379600086		4589326696448.0		5916959830893.824		1.0359395729362966		2.071879145872593
63		164.67869859399798		3389031972864.0		4575997844309.103		1.2252101871609689		2.4504203743219377
64		164.6110318179999		3625160540160.0		4549712299511.866		1.0674267289042474		2.134853457808495
65		164.25729110599787		3764689567744.0		4884427827423.086		1.4672686075747012		2.9345372151494025
66		164.63459830999636		4391919681536.0		6054098966277.2705		1.6427626536726951		3.2855253073453903
67		164.04913182699966		5599719849984.0		7244251212190.878		1.0746406368941068		2.1492812737882137
68		164.36457180800062		4850817957888.0		6862195767858.584		1.0080245168209077		2.0160490336418153
69		163.24192463699728		6775235936256.0		8387960152497.554		0.994600241881609		1.989200483763218
70		163.04386318500474		3794211700736.0		4873850285335.717		1.1923654515504838		2.3847309031009676
71		163.90849187399726		4250999717888.0		5664733726510.888		1.2534209140896797		2.5068418281793594
72		164.4401070130043		4605239361536.0		6119056817987.413		1.1250247292160989		2.2500494584321977
73		164.2428876740014		4687930064896.0		5901174114786.825		1.0320016433537007		2.0640032867074014
74		165.37257151599624		4339366887424.0		5646173301612.842		0.9887137868404389		1.9774275736808777
75		163.90803193399915		3531379048448.0		4373700505839.152		1.028152822303772		2.056305644607544
76		164.35206826600188		4233925754880.0		5122532759731.57		1.0746526239991188		2.1493052479982375
77		164.8324540110043		4869835980800.0		6055260704740.491		1.035893683975935		2.07178736795187
78		164.80527758500102		4534443180032.0		5894729707442.755		1.155046042072773		2.310092084145546
79		164.9551908700014		4993189937152.0		6735216545758.627		1.1226750878453255		2.245350175690651
80		163.88623171400104		3524742873088.0		4491231154607.791		1.0715970562577248		2.1431941125154497
81		163.9687870609996		4261833605120.0		5794018362012.059		1.0039227110683917		2.0078454221367834
82		165.1175588660044		5046870736896.0		7426348168001.434		1.117057072788477		2.234114145576954
83		162.55803533599828		3824920821760.0		4791805877794.692		0.9976211413264274		1.9952422826528549
84		164.1641855609996		4634549682176.0		6001800381866.682		1.2600912010848522		2.5201824021697043
85		162.6250329760078		8629994389504.0		15931223607753.213		1.0709125587642192		2.1418251175284384
86		164.54940956299833		6398560174080.0		11447520329084.258		1.0330932888388633		2.0661865776777266
87		165.42105837300187		3991773380608.0		5515548473898.045		1.266157476133108		2.532314952266216
88		165.77224268000282		4354400059392.0		5642970072939.671		1.020260859745741		2.040521719491482
89		165.11390202700568		3951935881216.0		4993457299822.364		0.9897169290959835		1.979433858191967
90		163.16189287501038		2853498781696.0		3710368990856.0376		1.13762254486084		2.27524508972168
91		204.93641977300285		4910252818432.0		6040598146817.011		4.701812510830164		9.403625021660329
92		163.61093956799596		4095766167552.0		5468760783916.29		1.0881789485633373		2.1763578971266746
93		163.37089323699183		5290407231488.0		6554662183338.507		1.5473204569995402		3.0946409139990805
94		163.934743677004		4176193781760.0		5308642294170.566		1.1988356716752053		2.3976713433504107
95		164.9536910540046		4250091126784.0		5770721726001.719		1.1383631031215191		2.2767262062430382
96		164.52914389000216		3323052163072.0		4249783081334.9385		0.9990009798407554		1.9980019596815108
97		164.76036426400242		5131054088192.0		7709099051551.215		0.9882180831611157		1.9764361663222314
98		166.17980388800788		4772121280512.0		6103526307053.062		0.9893086673110724		1.9786173346221447
99		165.75816881499486		3227255308288.0		3957389733635.095		1.040191194844246		2.080382389688492
100		164.8592496749916		4886320644096.0		6476408679552.959		1.0311749615073205		2.062349923014641
101		164.39804003899917		10275740712960.0		14791838429548.752		1.0335777294576167		2.0671554589152334
102		166.09463908500038		3050558193664.0		4015217288185.243		1.3062202956050635		2.612440591210127
103		165.71336676301144		3085246398464.0		4158802052413.113		1.1140443605482577		2.2280887210965155
104		163.97862634599733		3930494599168.0		5642697341506.533		1.2062702240169048		2.4125404480338095
105		165.81412554500275		2950903889920.0		4043500141466.9185		1.1256702390283346		2.2513404780566693
106		165.1540110099886		4798923931648.0		6756700381529.5		1.0589104655086994		2.1178209310173988
107		164.0826453490008		3139273228288.0		4036084703530.5586		1.24800920869112		2.49601841738224
108		164.50664313200105		2751557009408.0		3421706467832.349		1.4373575916588306		2.874715183317661
109		164.85428780900838		3785690972160.0		4924017346061.424		1.1152612311422825		2.230522462284565
110		165.05730590700114		3285194113024.0		4119409403009.5254		1.002836000841856		2.005672001683712
111		164.45880141100497		3776875593728.0		5219274192491.878		1.0859357311069966		2.171871462213993
112		164.84715069900267		2943499370496.0		4063566036203.38		1.3196297365307808		2.6392594730615615
113		164.87064350901346		4385638711296.0		5783167956807.081		1.060426622581482		2.120853245162964
114		164.99554734000412		3880268857344.0		4621031557067.671		1.4040936570048332		2.8081873140096665
115		164.99857323500328		2538793861120.0		3233924910080.187		1.6228421844363212		3.2456843688726424
116		163.75551457799156		2781001285632.0		3588692920576.2183		1.0960698394358157		2.1921396788716314
117		166.41767162200995		3586379743232.0		4553879276008.044		1.2388710139274597		2.4777420278549194
118		165.5815821050055		3574645129216.0		4526255256426.759		0.9899109826445579		1.9798219652891158
119		163.80958717099566		3848060010496.0		5147353760280.937		1.0913861006379129		2.1827722012758257
120		165.80389692500466		2690650996736.0		3565662136231.8		1.263555964705348		2.527111929410696
121		164.08418367500417		2762148937728.0		3490214162157.4175		1.3200711585968732		2.6401423171937464
122		165.94473820801068		3526573162496.0		4416193683395.663		1.0675496706843377		2.1350993413686754
123		165.03034680199926		2898904743936.0		3623236935253.771		1.2029968799829482		2.4059937599658965
124		165.3998793350038		3679961743360.0		4905139017665.449		1.0579858706712724		2.1159717413425447
125		165.83724787099345		4153752420352.0		5436273317263.867		0.9917918726801872		1.9835837453603744
126		163.7338907400117		2672465543168.0		3421553771619.4595		1.7403816694319247		3.4807633388638495
127		164.55137787899002		3778080407552.0		4423947120650.2		1.3683749371528626		2.7367498743057252
128		164.18697377799253		2804411269120.0		3576705345773.592		1.0017447618246078		2.0034895236492156
129		164.782239638007		3322561429504.0		4439631433168.409		1.2643978622794152		2.5287957245588304
130		165.81504751899047		3027999916032.0		3881671048824.1655		1.1556608817636966		2.3113217635273933
131		165.1753057159949		3232751943680.0		4198932001927.0703		0.9954465979754925		1.990893195950985
132		165.31675962200097		4277413609472.0		5400435764169.215		1.1211911103785037		2.2423822207570074
133		164.0177827239968		3010332459008.0		4103616492017.7954		1.2270231423676015		2.454046284735203
134		164.33564389999083		3267981475840.0		4384190245800.178		1.3967003250986338		2.7934006501972677
135		166.50353016000008		3335219838976.0		4147675502398.278		1.1871192276597022		2.3742384553194045
136		165.11680746400089		2542398865408.0		3447914938012.035		1.0204060067236425		2.040812013447285
137		166.1589783870004		3329383727104.0		3955161921535.684		1.0519860348701477		2.1039720697402955
138		163.49112811099621		2835037290496.0		3804823978758.252		1.0751576269447805		2.150315253889561
139		164.8729605099943		6876145123328.0		11829981383723.795		1.0709331145703793		2.1418662291407586
140		165.96696780099592		1139267321462784.0		2495117660822628.0		0.9407895953953266		1.8815791907906532
141		163.8932085740089		2309201246289920.0		4904864892466851.0		1.046221960695088		2.092443921390176
142		164.94698313099798		3603984904355840.0		7582330421674449.0		0.8979632558614016		1.7959265117228032
143		164.8383589349978		4651293352132608.0		9709728837109502.0		0.6589701529204846		1.317940305840969
144		164.6921418379934		5056031742754816.0		1.0499765490639496e+16		0.8124498716697097		1.6248997433394194
145		165.01005221999367		5005695262916608.0		1.0532694954494906e+16		0.6568070829451084		1.3136141658902167
146		165.02207726999768		5209337379160064.0		1.0740314027907932e+16		2.303479609489441		4.606959218978882
147		165.12815543099714		5263970973777920.0		1.0905352888356796e+16		0.5093027473717928		1.0186054947435856
148		165.93414751099772		5165248466124800.0		1.0798160651165328e+16		0.657953692406416		1.315907384812832
149		165.3726453499985		5226827022860288.0		1.0883582597917216e+16		0.6098359900847078		1.2196719801694156
150		165.68839636899065		5231951992586240.0		1.0871171169507616e+16		0.7152530378654599		1.4305060757309198
151		165.9263086590072		5193077706719232.0		1.1115420406683422e+16		0.4925398953482509		0.9850797906965018
152		165.17684052900586		5425371549794304.0		1.141273043935885e+16		1.2531715241074561		2.5063430482149123
153		165.45789899199735		5375425911980032.0		1.1258910748581078e+16		0.9359761981189251		1.8719523962378501
154		165.30308885399427		5522064685400064.0		1.134632743494663e+16		0.575394982212782		1.150789964425564
155		167.33157151700289		5565288699396096.0		1.1642132897576754e+16		0.8769659291058779		1.7539318582117558
156		165.76319195498945		5465528420270080.0		1.1505542356872384e+16		0.6802312687903642		1.3604625375807284
157		166.18532633899304		5572534309224448.0		1.1537982888316524e+16		0.4969416156843305		0.993883231368661
158		164.84220161900157		5501667885711360.0		1.1430361010295158e+16		0.6997437926232815		1.399487585246563
159		165.8351471890055		5766195995213824.0		1.1985075512631256e+16		0.7268914415061474		1.4537828830122947
160		166.27610117199947		5608234614259712.0		1.1475534650852042e+16		0.6418031228363514		1.2836062456727029
161		167.06054854099057		5473963199168512.0		1.1471757419684922e+16		0.5780542941942811		1.1561085883885622
162		164.74403896200238		5283932371156992.0		1.1289387537991248e+16		0.7023369752362371		1.4046739504724741
163		165.25068877299782		5609080722817024.0		1.1354296642687226e+16		0.5087499086678028		1.0174998173356056
164		166.46461102999456		5696361974464512.0		1.1459036732242088e+16		0.46538445328623057		0.9307689065724611
165		166.60980177199235		5747247673245696.0		1.1660483510374452e+16		0.6299032324448228		1.2598064648896456
166		167.66015043399238		5672272039772160.0		1.1751314271749086e+16		0.5191576653301716		1.0383153306603432
167		165.21175242999743		5715519139217408.0		1.1813394577187056e+16		0.4914371692240238		0.9828743384480476
168		167.38404837700364		5834463963512832.0		1.1811639418119852e+16		0.6769713328570127		1.3539426657140254
169		165.6254283169983		5470090212409344.0		1.1484728426489198e+16		0.5532789348825813		1.1065578697651626
170		165.89182957500452		5753817362595840.0		1.1953905033868376e+16		0.673834367609024		1.347668735218048
171		166.83421450799506		5715972795138048.0		1.1931084559150154e+16		0.5418480690807104		1.0836961381614207
172		165.27075285599858		5857254133727232.0		1.2111075079401132e+16		0.5880824977859854		1.1761649955719709
173		166.43709786998807		5648109090635776.0		1.2004481263790984e+16		0.4917832548379898		0.9835665096759796
174		166.48273394300486		5716682538483712.0		1.1771470725268938e+16		0.4742788385257125		0.948557677051425
175		165.8112321469962		5899965972873216.0		1.2177967926950632e+16		0.5532157332316041		1.1064314664632082
176		167.01400458499847		5466386876858368.0		1.0949370126683472e+16		0.5025655125305056		1.0051310250610113
177		165.46939015800308		5613613523927040.0		1.1560719993240758e+16		0.4842254071339965		0.968450814267993
178		166.679542140002		5722031383379968.0		1.1932857143889252e+16		1.5088830276593566		3.017766055318713
179		165.75486631400418		5740620538707968.0		1.1902473875681064e+16		0.4769074747264385		0.953814949452877
180		166.67748839900014		5888560150347776.0		1.220840522769563e+16		0.5136538289800286		1.0273076579600573
181		164.6625296239945		6013697243742208.0		1.2466659859757092e+16		0.5207047518193721		1.0414095036387443
182		165.16175672999816		5836034310930432.0		1.2003850521156676e+16		0.5720715773537755		1.144143154707551
183		164.63628358200367		5830572723142656.0		1.1831758727427484e+16		0.8700464189916849		1.7400928379833698
184		166.1924898540019		5893022621368320.0		1.2135755951957868e+16		0.5631863306373358		1.1263726612746716
185		167.04376756001147		5959485629661184.0		1.2172498626099842e+16		0.5027216261595487		1.0054432523190975
186		165.012993094002		5960272682418176.0		1.217925146290217e+16		0.4933392181366682		0.9866784362733364
187		165.56691787099408		6002738097815552.0		1.2241048584694484e+16		0.4577467455595732		0.9154934911191464
188		167.20796328900906		5975661013368832.0		1.2215428442925354e+16		0.6103116439402103		1.2206232878804206
189		166.33060519499122		5977877753364480.0		1.2419955824704854e+16		0.7742169015258551		1.5484338030517102
190		167.0110164259968		5976967757168640.0		1.2410605532544002e+16		0.4572637711539865		0.914527542307973
191		165.38015322499268		6194150831554560.0		1.24917483544926e+16		0.6606388579547405		1.321277715909481
192		165.510214651993		6056796166815744.0		1.23207166949875e+16		0.5376948914647103		1.0753897829294206
193		166.06684811301238		6011762897846272.0		1.2452729771588008e+16		0.5170015525370836		1.0340031050741672
194		165.37785097101005		5859358667702272.0		1.205130009580237e+16		0.9338167352721095		1.867633470544219
195		165.7195645049942		6110424202215424.0		1.2441435960889518e+16		0.5098475074633956		1.0196950149267912
196		165.49669164700026		5921346320072704.0		1.236862717798588e+16		0.4612416556917131		0.9224833113834262
197		167.1841296729981		6107329678278656.0		1.2446679502479058e+16		0.5608943093329668		1.1217886186659336
198		165.18289365200326		6006773219590144.0		1.2553092131034786e+16		0.584462157215178		1.168924314430356
199		165.62134125600278		6106889444130816.0		1.2466442906073642e+16		0.7389927001670002		1.4779854003340005
200		164.49138056499942		5894922607525888.0		1.2338749912752848e+16		0.6201871123790741		1.2403742247581482
201		165.97739374099183		5978462405787648.0		1.2300093338083376e+16		0.4764324741959572		0.9528649483919144
202		164.34437297399563		6095121770610688.0		1.281191401737276e+16		0.7205649628072978		1.4411299256145955
203		165.13822480301314		5881960933097472.0		1.242717698326988e+16		0.4844655184656382		0.9689310369312764
204		165.53835479899135		6073485872857088.0		1.266662850017147e+16		0.5571938993573189		1.1143877987146378
205		167.0539116650034		5939756697387008.0		1.207779300914634e+16		0.6893434915885329		1.3786869831770658
206		165.6476280749921		6180330163666944.0		1.2612601408539826e+16		0.7084103752046823		1.4168207504093646
207		166.4171752609982		6123897514622976.0		1.2696424046327602e+16		0.6124933741822839		1.2249867483645678
208		166.2324242140021		6193997286473728.0		1.269206449478908e+16		0.6217588705956936		1.2435177411913871
209		166.39444404799724		6095467515478016.0		1.2692549017665536e+16		0.48666984225809573		0.9733396845161915
210		165.895838181008		6133840900784128.0		1.2674009342626418e+16		0.5034870745286345		1.006974149057269
211		165.8019785919896		6162675163725824.0		1.2694909240365374e+16		0.44176070405617357		0.8835214081123471
212		165.643095455991		6053468640903168.0		1.2628195157226304e+16		0.6248350134581327		1.2496700269162655
213		165.21556666999822		6189746342592512.0		1.2725371894222166e+16		0.5158369315057993		1.0316738630115987
214		166.166937935006		6244729440174080.0		1.2730419402072706e+16		0.5171146264627576		1.0342292529255153
215		165.34876711999823		6352084832092160.0		1.2893548665582696e+16		0.4443373410835862		0.8886746821671724
216		166.19394122700032		6127201418215424.0		1.2716446209692088e+16		0.6637634366735816		1.3275268733471632
217		166.2787454759964		6277525273575424.0		1.3084717068517244e+16		0.46807707970887424		0.9361541594177485
218		164.57433367198973		6127714666807296.0		1.2986993011341774e+16		0.4896344816789031		0.9792689633578062
219		164.85856698200223		6247127105667072.0		1.2631116649616526e+16		0.4738484732747078		0.9476969465494156
220		165.43594792300428		6234569158164480.0		1.2864456800954122e+16		0.5466821084946394		1.0933642169892788
221		166.90100913100468		6093456933912576.0		1.2584903680691938e+16		0.5518563697338105		1.103712739467621
222		166.5675408949901		6250492749414400.0		1.276795634932351e+16		0.5594730978682637		1.1189461957365274
223		165.42171919200337		6103937727856640.0		1.2507913354775856e+16		0.8787912595003843		1.7575825190007686
224		167.27578616600658		6119166608146432.0		1.2628105905661514e+16		0.45464521111100914		0.9092904222220183
225		165.81252560499706		6072048669425664.0		1.2601900785733482e+16		0.4771578620791435		0.954315724158287
226		165.78950500198698		6239051493408768.0		1.2773711032328848e+16		0.6380717674791813		1.2761435349583625
227		165.3219061300042		6147175163625472.0		1.2863077807549888e+16		0.6373100251078606		1.2746200502157212
228		165.04152903299837		6014121908633600.0		1.2636258809501484e+16		0.45389962747618556		0.9077992549523711
229		166.07716400999925		6237210026180608.0		1.3001369248092934e+16		0.46884289340078833		0.9376857868015767
230		165.8924837049999		6099099984068608.0		1.2760582897345128e+16		0.4489904191493988		0.8979808382987976
231		166.238392276995		6132976001744896.0		1.28842546535722e+16		0.5221563500151039		1.0443127000302077
232		164.80988315099967		6351599500787712.0		1.2915208423367194e+16		1.7462036651611328		3.4924073303222656
233		166.8719079420116		6216327895187456.0		1.2808641916312614e+16		0.4587488906055689		0.9174977812111378
234		167.3814329020097		6346292531822592.0		1.3064974982931388e+16		0.4929227239429951		0.9858454478859902
235		165.34808447599062		6197630828806144.0		1.2909971185707804e+16		0.5522046579524875		1.104409315904975
236		167.27935439800785		6054765184155648.0		1.2476322105978468e+16		0.4386695297434926		0.8773390594869852
237		167.02116016899527		6244159820136448.0		1.3011533256964486e+16		0.45379110470414163		0.9075822094082833
238		167.3355903710035		6469794853289984.0		1.3039309771367252e+16		0.4747442831240594		0.9494885662481188
239		167.93176140199648		6346974357880832.0		1.293678649483765e+16		0.7515923689991236		1.5031847379982473
240		166.859447128998		6451857996120064.0		1.2994626225852036e+16		0.7158308820784092		1.4316617641568183
241		165.50954086400452		6228660356907008.0		1.2932799900808866e+16		0.46572746612876653		0.9314549322575331
242		168.05397807300324		6293463360339968.0		1.2960072669980118e+16		0.47799345301538704		0.9559869060307741
243		166.29105722298846		6448855813980160.0		1.3176746892477806e+16		0.5257750032559038		1.0515500065118075
244		165.98474903400347		6378220781830144.0		1.2998348951678504e+16		0.4658737614750862		0.9317475229501724
245		164.95513075399504		6255533430407168.0		1.2711637527948936e+16		0.6072035942316055		1.214407188463211
246		164.93827479099855		6289779889012736.0		1.2849902514086872e+16		0.6670754883274436		1.3341509766548871
247		166.0948720000015		6395627210539008.0		1.3088036507741848e+16		0.47016679940074685		0.9403335988014937
248		167.06038098699355		6252978461736960.0		1.3245630352332528e+16		0.6307678347527981		1.2615356695055961
249		166.53146861500863		6259113822519296.0		1.3073806267015948e+16		1.0935598783180118		2.1871197566360236
250		165.00685333801084		6216658070798336.0		1.2758420699093248e+16		1.0596136287868023		2.1192272575736046
251		166.7488025299972		6253663509020672.0		1.3139053546455218e+16		0.43003333076462147		0.8600666615292429
252		166.01350754400482		6341499885191168.0		1.3058462471766124e+16		0.7608382305935025		1.521676461187005
253		164.36325238100835		6370771161055232.0		1.3116717472286134e+16		0.43142004670128226		0.8628400934025645
254		164.95170344899816		6476081611669504.0		1.3064804719733472e+16		0.48999869948625563		0.9799973989725113
255		167.01713470299728		6482071480434688.0		1.3030788359001578e+16		0.5921101521596313		1.1842203043192625
256		167.337937778997		6372646451150848.0		1.3226767297771988e+16		0.6150041368499398		1.2300082736998796
257		165.6038877969986		6297835100176384.0		1.316890641621606e+16		0.549485298974812		1.098970597949624
258		165.08161471100175		6247773498245120.0		1.289999796884312e+16		0.42673788223043085		0.8534757644608617
259		164.79117932000372		6404700865822720.0		1.3423103598952444e+16		0.5206783313624561		1.0413566627249122
260		165.88658721400134		6278914695495680.0		1.3146174274462482e+16		0.4393030869781971		0.8786061739563942
261		165.66199265999603		6476325351063552.0		1.3102636683116812e+16		0.5893618835657835		1.178723767131567
262		167.2792722190061		6629671789658112.0		1.3353684895125724e+16		0.5421868634581566		1.0843737269163132
263		167.0303173479915		6482426352107520.0		1.344224298849145e+16		0.42711174318790435		0.8542234863758087
264		165.7901573889976		6546676915372032.0		1.3440768687227844e+16		0.4516645675115287		0.9033291350230575
265		167.2561431590002		6535535233335296.0		1.3095750289964154e+16		0.4597916289411485		0.919583257882297
266		165.57074521799223		6440084417019904.0		1.3109907512937726e+16		0.4524766763933003		0.9049533527866006
267		165.77980304599623		6418095795077120.0		1.3279052102712596e+16		0.7705393866211175		1.541078773242235
268		165.9201249070029		6391704294785024.0		1.3154675115513624e+16		0.4475653294220567		0.8951306588441134
269		165.8609775280056		6566532549181440.0		1.3226453930574236e+16		0.4767636011391878		0.9535272022783756
270		165.8483047609916		6498513152114688.0		1.326774875276882e+16		0.4666961454600096		0.9333922909200192
271		165.4465696200059		6573882848837632.0		1.3267196615841036e+16		0.41674865987077353		0.8334973197415471
272		166.0330055319937		6441920515538944.0		1.3307789859958182e+16		0.48018173806965353		0.9603634761393071
273		165.51214799699665		6617148738764800.0		1.350924387746988e+16		0.6490578050658107		1.2981156101316214
274		166.6780121990014		6430530799140864.0		1.3210523113027934e+16		0.5118056097500027		1.0236112195000053
275		166.9196447100112		6628408532402176.0		1.3316736531726984e+16		0.5033536999419331		1.0067073998838663
276		167.712015076002		6525713716871168.0		1.32144224051669e+16		0.4979099898606539		0.9958199797213078
277		165.8021190050058		6542925798309888.0		1.3389032603578482e+16		0.4192137524552643		0.8384275049105286
278		167.15348241500033		6667754190929920.0		1.3592104176161986e+16		0.4133235896222293		0.8266471792444586
279		166.89586935499392		6572626034032640.0		1.36224554181909e+16		0.5898576870143414		1.1797153740286828
280		165.94488619000185		6527913276997632.0		1.339073246018198e+16		0.8213431324958801		1.6426862649917602
281		166.95769476999703		6434107970027520.0		1.3297811549709054e+16		0.4816966481626034		0.9633932963252068
282		166.71607834499446		6604650383933440.0		1.3368187334929984e+16		0.45571900482624766		0.9114380096524953
283		166.97911609000585		6682569143746560.0		1.3554764757698138e+16		0.535823992498219		1.071647984996438
284		165.24077415799547		6548663874617344.0		1.34938599296457e+16		0.46129624741822484		0.9225924948364497
285		166.13547014399956		6632384061505536.0		1.3657461010456452e+16		0.45109118012860416		0.9021823602572083
286		166.19531981900218		6542657899724800.0		1.3362693372501868e+16		0.5192480008915067		1.0384960017830134
287		165.33505623499514		6548306855460864.0		1.333538352748944e+16		0.5309713247984648		1.0619426495969295
288		165.48141747000045		6476248041652224.0		1.3232044844148458e+16		0.4126339470088482		0.8252678940176964
289		165.56750192301115		6605318788218880.0		1.34425436617456e+16		0.5413827062487602		1.0827654124975203
290		166.7686634420097		6540478740692992.0		1.3335424619891674e+16		0.41717694854661824		0.8343538970932365
291		165.58454445400275		6642769292427264.0		1.3380607888580906e+16		0.8230560070022941		1.6461120140045882
292		164.2608516420005		6558924551487488.0		1.3332771861439674e+16		0.4941331005267799		0.9882662010535598
293		165.0724617389933		6249897896443904.0		1.2657106288670664e+16		0.47839593271240594		0.9567918654248119
294		167.05354746300145		6655094774824960.0		1.3558568913863174e+16		0.4587512658409774		0.9175025316819548
295		165.94903065401013		6526478221049856.0		1.352661939796616e+16		0.6564323038354516		1.3128646076709032
296		165.90029467499699		6606664186724352.0		1.3377296327226758e+16		0.4140589419819415		0.828117883963883
297		166.51351994099969		6668184761401344.0		1.3671002372639996e+16		0.48287186947092414		0.9657437389418483
298		165.98296562999894		6752143855845376.0		1.365602310546381e+16		0.5081741122320295		1.016348224464059
299		164.692368582997		6777873394302976.0		1.3623594123799886e+16		0.43633737704232334		0.8726747540846467
300		165.00507455400657		6730718948360192.0		1.34710344187946e+16		0.46107019557133316		0.9221403911426663
301		165.18528795299062		6603110638157824.0		1.341876019057111e+16		0.9220718442857265		1.844143688571453
302		167.7554615689878		6737522713427968.0		1.3562555305720178e+16		0.4667434054464102		0.9334868108928204
303		166.00536884499888		6712498623348736.0		1.3693058795192168e+16		0.4234871761351824		0.8469743522703648
304		165.9613463860005		6692820693811200.0		1.3582798053326186e+16		0.4321677126429975		0.864335425285995
305		165.9276535960089		6659659788189696.0		1.3453028997038644e+16		0.4788540707498789		0.9577081414997578
306		167.5870707490103		6692119540400128.0		1.367263680464031e+16		0.55226199606359		1.10452399212718
307		166.90918237098958		6719145085239296.0		1.3599685409307064e+16		0.40825228680223224		0.8165045736044645
308		165.7476014319982		6799090532745216.0		1.3715414810933288e+16		0.6910344252020121		1.3820688504040242
309		165.54779594899446		6569657674760192.0		1.3464886809960376e+16		0.4541885692164302		0.9083771384328604
310		166.06844252099108		6522531146104832.0		1.3649874633477204e+16		0.6542078620642424		1.3084157241284848
311		166.6560230759933		6730096714973184.0		1.37144105326122e+16		0.43566510396301744		0.8713302079260349
312		166.99295513700054		6678491072299008.0		1.3651932688776514e+16		0.41436048936992886		0.8287209787398577
313		164.43608359599602		6711605270151168.0		1.3666996389880798e+16		0.4247663397207856		0.8495326794415712
314		165.74170104299264		6737725113761792.0		1.369585925146697e+16		0.4275642540358007		0.8551285080716013
315		167.2140103230049		6664334323220480.0		1.3598843395108372e+16		0.4818620043717325		0.963724008743465
316		166.38113532600983		6851588454875136.0		1.363342426877446e+16		0.49966750861555337		0.9993350172311067
317		166.14341204799712		6739094134587392.0		1.3641172340545766e+16		0.4219193711094558		0.8438387422189116
318		166.14552543299214		6882547116015616.0		1.3711991629873206e+16		0.40753947463780643		0.8150789492756129
319		166.1920734319865		6687603382288384.0		1.3710952695288152e+16		0.40597982129082083		0.8119596425816417
320		166.57415714600938		6671293780852736.0		1.3668478939797122e+16		0.42730697061270473		0.8546139412254095
321		165.92189991098712		7036851332317184.0		1.3889245929124288e+16		0.6993453988969326		1.3986907977938652
322		166.88972883899987		6926544224124928.0		1.3790944171926118e+16		0.4702346880927682		0.9404693761855364
323		164.94536391299334		6836088991645696.0		1.3553523685127884e+16		0.42588368660509585		0.8517673732101917
324		166.16474069799006		6737008391094272.0		1.3697817138155246e+16		0.40842359763905406		0.8168471952781081
325		165.29441996800597		6922134903324672.0		1.3642105251832692e+16		0.48330737288147213		0.9666147457629443
326		165.75226185200154		6827128616124416.0		1.3822091009461466e+16		0.4365867700561881		0.8731735401123762
327		165.918250740011		6790985392586752.0		1.3711043825463896e+16		0.41861839030608533		0.8372367806121707
328		166.41886144799355		6817555134021632.0		1.3926153688653998e+16		0.41312498616576193		0.8262499723315239
329		165.05206448200624		6702206271094784.0		1.355548531912998e+16		0.4058599502980709		0.8117199005961419
330		166.75936236200505		6801930579869696.0		1.37263624101136e+16		0.5924527299076319		1.1849054598152637
331		165.29574952401163		6723770765017088.0		1.3804909318580754e+16		0.4044869479678571		0.8089738959357142
332		166.07947418899857		6785380460265472.0		1.3668312136154016e+16		0.4052456251591444		0.8104912503182888
333		167.13174360300764		6896482137407488.0		1.3932030323754706e+16		0.4672811241708696		0.9345622483417392
334		166.5884119120019		6789367800528896.0		1.377522547514136e+16		0.48482437622621655		0.9696487524524331
335		166.6230344719952		6872081891328000.0		1.3780141169198016e+16		0.47288083089739086		0.9457616617947817
336		166.9794347059942		6850840056823808.0		1.3842773759870714e+16		0.3995012469045818		0.7990024938091635
337		166.53786188099184		6934205908910080.0		1.3977901469453488e+16		0.4190922048062086		0.8381844096124172
338		165.8267401320045		6858590862180352.0		1.3797727277855942e+16		0.46085475051552055		0.9217095010310411
339		167.40345464699203		6822864250470400.0		1.3745110689064062e+16		0.4466079210221767		0.8932158420443534
340		167.25854125899787		6772203500601344.0		1.3924314097052442e+16		0.47528762521222234		0.9505752504244447
341		166.27114495700516		6912204938936320.0		1.3829652497584042e+16		0.4467841853789985		0.893568370757997
342		167.6527221580036		6939974586859520.0		1.3880889638638564e+16		0.4905225538030267		0.9810451076060533
343		166.83978675099206		6842133084372992.0		1.3975505250760938e+16		0.41539623294770717		0.8307924658954143
344		166.37547979199735		6744098308358144.0		1.37290543638843e+16		0.3973283525556326		0.7946567051112652
345		166.85936904800474		6855564520849408.0		1.3935491293341486e+16		0.40021027818843724		0.8004205563768745
346		165.84136757301167		6902984717893632.0		1.4171408889014726e+16		0.4315968275979161		0.8631936551958322
347		167.40168175598956		6922036655947776.0		1.3996716239062552e+16		0.44894575969800354		0.8978915193960071
348		167.50831655900402		6933793055178752.0		1.3917259085027626e+16		0.40418956198468803		0.8083791239693761
349		165.4374016199872		6747735608786944.0		1.373177525154773e+16		0.40896257076635956		0.8179251415327191
350		165.04846575899865		6875379889340416.0		1.3931135815222024e+16		0.41197369491681457		0.8239473898336291
351		167.71003056400514		6917922614149120.0		1.4102243855875814e+16		0.43093229969367386		0.8618645993873477
352		166.07354459399357		6801530611040256.0		1.4000774680895264e+16		0.41322891138494017		0.8264578227698803
353		165.2240260959952		6786556207562752.0		1.3831882984132916e+16		0.394717509624362		0.789435019248724
354		166.03649351799686		6797882036322304.0		1.3968401817152978e+16		0.4015074342355132		0.8030148684710264
355		164.8834119230014		6988547445751808.0		1.4071054866966266e+16		0.429131062348932		0.858262124697864
356		165.92740405000222		6968420155260928.0		1.415398132233319e+16		0.4692569013297558		0.9385138026595116
357		165.70578901399858		6881248962150400.0		1.4037836221472504e+16		0.5223518611960113		1.0447037223920226
358		165.91236930499144		6987808711376896.0		1.3936662777992678e+16		0.4474933131620288		0.8949866263240576
359		166.17072233000363		6779661174439936.0		1.3837109064645178e+16		0.4075566913299263		0.8151133826598526
360		166.01934825899662		6873281797816320.0		1.4078970405112108e+16		0.3967053387209773		0.7934106774419546
361		165.61538430399378		6945547306926080.0		1.386380076310574e+16		0.4442064487785101		0.8884128975570202
362		166.87451399299607		6912677922209792.0		1.3999355273160854e+16		0.4676381669469178		0.9352763338938356
363		167.08665039300104		6823190131113984.0		1.405467402526988e+16		0.4164318217612803		0.8328636435225606
364		166.54368609000812		6974398749736960.0		1.3929447309525476e+16		0.40714108364135027		0.8142821672827005
365		165.5573971959966		7100286925537280.0		1.4168120575935654e+16		0.44918847252056004		0.8983769450411201
366		166.4339930510032		6795346395004928.0		1.413173979962608e+16		0.42735572329759597		0.8547114465951919
367		167.0459628499957		7103595660967936.0		1.412127659726448e+16		0.47261016346812246		0.9452203269362449
368		165.0468733489979		6898440642494464.0		1.4122407982599798e+16		0.41801761408150195		0.8360352281630039
369		165.52048302799813		6862127767748608.0		1.4130728531041636e+16		0.4028386807203293		0.8056773614406586
370		165.70861888499348		6977189941608448.0		1.4193175722534992e+16		0.39168708139285446		0.7833741627857089
371		166.0452929329913		6970512341204992.0		1.4157885438169462e+16		0.3968063945710659		0.7936127891421318
372		166.59564781900553		6864761656442880.0		1.4131093793407372e+16		0.39509680628851057		0.7901936125770211
373		166.1016310249979		6919304519876608.0		1.4090491408852716e+16		0.4139520241439342		0.8279040482878685
374		166.5525899970089		6946960888037376.0		1.4068280424163644e+16		0.4078592991627753		0.8157185983255506
375		165.5055384849984		7154896360964096.0		1.4385509720313568e+16		0.4019809401743114		0.8039618803486228
376		166.6756691079936		6861300986544128.0		1.4085533838681856e+16		0.3929004444099963		0.7858008888199925
377		166.9584096900071		7065628150071296.0		1.425908401036467e+16		0.3966537804841995		0.793307560968399
378		165.9694029430102		7061584438362112.0		1.4103984053447586e+16		0.39662368232086304		0.7932473646417261
379		166.09434774699912		7088218604306432.0		1.4346238640872118e+16		0.4085774056367576		0.8171548112735152
380		166.2950344569981		6993167219949568.0		1.4063035482995344e+16		0.43376059608832		0.86752119217664
381		167.67150962998858		7077593928957952.0		1.4154340780127416e+16		0.43086302734836934		0.8617260546967387
382		164.55284589898656		7095041159856128.0		1.4338431977580132e+16		0.3955474845327437		0.7910949690654874
383		166.88483557700238		7136009779150848.0		1.421533803991697e+16		0.39463085826337335		0.7892617165267467
384		166.17922441200062		7049218690646016.0		1.4419536789827826e+16		0.4037537874355912		0.8075075748711824
385		165.59723447200668		7082723730522112.0		1.4339122494116704e+16		0.3953720370799303		0.7907440741598606
386		166.68971404900367		7017864892514304.0		1.4174629388978992e+16		0.39433279854878783		0.7886655970975757
387		166.78866664100497		7076754799722496.0		1.4385336442332526e+16		0.39158034463822844		0.7831606892764569
388		167.43084475900105		6999950047051776.0		1.4086392321251758e+16		0.41561728062704206		0.8312345612540841
389		166.438176828		7113648031924224.0		1.420103357092362e+16		0.3930880288913846		0.7861760577827692
390		166.81623081899306		7092492633636864.0		1.4389875363148678e+16		0.3928173020489514		0.7856346040979028
391		164.79863135500636		6965186044887040.0		1.4244705670561972e+16		0.4140253783814609		0.8280507567629218
392		165.7055604329944		7192051586170880.0		1.4304790980155946e+16		0.4079126772880554		0.8158253545761108
393		165.3387954439968		7058014246797312.0		1.4089069541925318e+16		0.40746472429409625		0.8149294485881925
394		166.3156725519948		7118215729643520.0		1.4276647755912074e+16		0.4589915880843997		0.9179831761687994
395		166.12597161000303		7103523183394816.0		1.4245931518270356e+16		0.4195654807165265		0.839130961433053
396		165.37663740500284		7098258627231744.0		1.4386151973777172e+16		0.3901601086102426		0.7803202172204852
397		166.3074996380019		7151455018418176.0		1.4268214399148708e+16		0.4113561262480915		0.822712252496183
398		165.81046921400412		7108917662318592.0		1.42961472205754e+16		0.39138658526986836		0.7827731705397367
399		164.50100358499913		7096588958695424.0		1.4355217814396332e+16		0.3941058971256018		0.7882117942512036
400		166.03515239398985		7233602710405120.0		1.443534181178985e+16		0.39090305446386336		0.7818061089277267
401		167.26027867100493		7199289142935552.0		1.4302498913701494e+16		0.40936800872758033		0.8187360174551607
402		166.83538297501218		7092340162297856.0		1.4297779985855054e+16		0.3917127963133156		0.7834255926266313
403		166.25057245700737		7131690115792896.0		1.4365489186105006e+16		0.39674785370975735		0.7934957074195147
404		166.7480587149912		7065908933558272.0		1.4324443833317724e+16		0.39301890746057033		0.7860378149211407
405		165.6682927619986		7054853150867456.0		1.4331182695287014e+16		0.40380574747025966		0.8076114949405193
406		165.8976661279885		7155612546760704.0		1.447159792771421e+16		0.3912308155454695		0.782461631090939
407		167.01562297300552		7121041818124288.0		1.437720188059672e+16		0.40711612352207305		0.8142322470441461
408		166.54050380499393		7083530110631936.0		1.4504682936315988e+16		0.3915369396865368		0.7830738793730736
409		165.93736566900043		7282996981792768.0		1.4454174242927274e+16		0.39779409889876843		0.7955881977975369
410		165.6999122289999		7204938635542528.0		1.4407631823110906e+16		0.4023455031633377		0.8046910063266755
411		165.41676622199884		7168664952373248.0		1.445646337033143e+16		0.3877938047766685		0.775587609553337
412		164.93238933599787		7178639477047296.0		1.4264037404228244e+16		0.3909421565882862		0.7818843131765724
413		166.20152003299154		7369087453757440.0		1.4490275635017938e+16		0.3916377730436623		0.7832755460873246
414		165.28908494100324		7334304661110784.0		1.4429194303545724e+16		0.39185218530893323		0.7837043706178665
415		166.08668083199882		7132397711654912.0		1.4509364670806296e+16		0.39447114709094167		0.7889422941818833
416		166.24139293600456		6973287963820032.0		1.4286816437021564e+16		0.39048260165154935		0.7809652033030987
417		166.24278855700686		7141102536622080.0		1.4323788884111586e+16		0.40787081857100127		0.8157416371420025
418		166.20357751600386		7352514248704000.0		1.4425676972036384e+16		0.40040899940580127		0.8008179988116025
419		165.84469827800058		7169204507639808.0		1.4375214585899748e+16		0.40511666513085365		0.8102333302617073
420		167.3938233420049		7213248860389376.0		1.4547783536599552e+16		0.3928635205335915		0.785727041067183
421		166.88464557200496		7310611474022400.0		1.4279566683741388e+16		0.39793544859737157		0.7958708971947431
422		164.11184572700586		7164366763851776.0		1.4373018626675586e+16		0.43646803960725666		0.8729360792145133
423		165.8523300950037		7053195293491200.0		1.4430261049542e+16		0.3916924434103072		0.7833848868206144
424		166.81531595499837		7170528431308800.0		1.4518572866384078e+16		0.3948167575471103		0.7896335150942206
425		165.5269088329951		7329844337573888.0		1.4525861464136026e+16		0.3886654810197651		0.7773309620395302
426		166.78808605999802		7138314029105152.0		1.4446699387383182e+16		0.39573860655128956		0.7914772131025791
427		166.1009725019976		7083985914036224.0		1.4401226510131148e+16		0.39639925598427656		0.7927985119685531
428		166.12501298599818		7139377033510912.0		1.452996450005173e+16		0.40059646946787836		0.8011929389357567
429		165.45969720199355		7230063120482304.0		1.4564300827363672e+16		0.3900307447560132		0.7800614895120264
430		164.18336767199798		7110370435006464.0		1.450765759216678e+16		0.3910991063132882		0.7821982126265764
431		165.1901405249955		7271423655542784.0		1.4835552040826532e+16		0.39799822308719157		0.7959964461743831
432		165.64970963700034		7238416295002112.0		1.4489053239492894e+16		0.3999277138270438		0.7998554276540876
433		166.78261218799162		7113148205105152.0		1.4438628176730838e+16		0.39901080388575794		0.7980216077715159
434		166.12676252200617		7265996427493376.0		1.4423202517181894e+16		0.39212327078431847		0.7842465415686369
435		167.46919779300515		7098722483699712.0		1.4445595944475984e+16		0.3894903451919556		0.7789806903839112
436		166.91232235499774		7156010904977408.0		1.4682606167290702e+16		0.3910075673893094		0.7820151347786188
437		165.26004985200416		7280158545281024.0		1.4545421160845654e+16		0.3871858858667314		0.7743717717334628
438		165.61114744500082		7247984408395776.0		1.4485142923653582e+16		0.38878068444654346		0.7775613688930869
439		166.39100245699228		7223365655855104.0		1.4458712765084184e+16		0.39252439405396583		0.7850487881079317
440		165.7312160010042		7261161904930816.0		1.4330209614985792e+16		0.3939568202473223		0.7879136404946446
441		165.62410617500427		6981878435282944.0		1.4621290813003332e+16		0.3929022789545357		0.7858045579090714
442		164.9481865639973		7326750350508032.0		1.4446118833212176e+16		0.389821168281883		0.779642336563766
443		165.7328986379871		7172824628199424.0		1.447077153690256e+16		0.3886155541993678		0.7772311083987355
444		167.00618149299407		7305687830888448.0		1.463352704531596e+16		0.3911498953446746		0.7822997906893492
445		166.6575867359934		7118090101850112.0		1.450212740073219e+16		0.38957497664019464		0.7791499532803893
446		166.3901345339982		7264240322740224.0		1.4568210485184446e+16		0.3889475610293448		0.7778951220586896
447		165.54538774699904		7178127839068160.0		1.4518374591138652e+16		0.38989392825737595		0.7797878565147519
448		166.53138632500486		7251638888693760.0		1.4529622215565774e+16		0.3878761342741549		0.7757522685483098
449		165.87077929000952		7396541958455296.0		1.4407319962243012e+16		0.39070066876262427		0.7814013375252485
450		166.30530299901147		7294186445340672.0		1.465998431889557e+16		0.39121014888212086		0.7824202977642417
451		165.88609823001025		7242709651685376.0		1.4474720437766476e+16		0.3905819804556668		0.7811639609113336
452		164.5682883390109		7127596475088896.0		1.4549562431938714e+16		0.3873710447445512		0.7747420894891024
453		165.35322218199144		7402387945816064.0		1.441313490781579e+16		0.3900820243865252		0.7801640487730503
454		166.4827960679977		7291523028746240.0		1.4659896386139966e+16		0.39099546857625245		0.7819909371525049
455		165.76162541800295		7347206742867968.0		1.4575166709344468e+16		0.3878621706672013		0.7757243413344026
456		165.1498139030009		7161067692097536.0		1.4682564360037472e+16		0.38718910851702093		0.7743782170340419
457		165.85614528899896		7301155029778432.0		1.43909027758181e+16		0.39061676307097076		0.7812335261419415
458		166.0485399330064		7437010214060032.0		1.4651512577221508e+16		0.3882752624861896		0.7765505249723792
459		165.117290063994		7261669784813568.0		1.4476576450557776e+16		0.3883685203686357		0.7767370407372713
460		165.46974418099853		7275991890132992.0		1.4562734375952388e+16		0.387178880995512		0.774357761991024
461		166.23423831201217		7400174963916800.0		1.4781325371469486e+16		0.38620295139476657		0.7724059027895331
462		166.30149532700307		7366317736722432.0		1.456122363369406e+16		0.38985154100060465		0.7797030820012093
463		165.87483801599592		7203019858903040.0		1.4769520145594082e+16		0.38714097031354905		0.7742819406270981
464		165.66735901100037		7137227402379264.0		1.4399542381754812e+16		0.3891312865771353		0.7782625731542706
465		165.79172089300118		7247368080588800.0		1.4570572765564126e+16		0.3883041461892426		0.7766082923784852
466		166.11855234199902		7287833114968064.0		1.46055515120127e+16		0.3869186617024243		0.7738373234048486
467		164.97459685400827		7227355680473088.0		1.4621424760543934e+16		0.3899870643764734		0.7799741287529468
468		166.0934178329917		7446052730830848.0		1.488168508808926e+16		0.3880661812737584		0.7761323625475168
469		167.50444651499856		7259870730387456.0		1.4708005026144994e+16		0.3868745146021247		0.7737490292042494
470		167.34128353299457		7326957045809152.0		1.4759227426153254e+16		0.38703536962643265		0.7740707392528653
471		165.60628586099483		7299409662443520.0		1.476001016388217e+16		0.3898324856720865		0.779664971344173
472		166.54805746499915		7275714327871488.0		1.4622505814777886e+16		0.38676203961372374		0.7735240792274475
473		166.29689483399852		7303354589904896.0		1.4519729671047348e+16		0.386817956648767		0.773635913297534
474		167.68244097700517		7166731143348224.0		1.4633100983294708e+16		0.38739178896322846		0.7747835779264569
475		167.0489077079983		7326322464391168.0		1.4769098483812604e+16		0.38642795725017787		0.7728559145003557
476		166.57183776701277		7388018595856384.0		1.475753772102457e+16		0.38693481157869103		0.7738696231573821
477		166.9877493820095		7182589236346880.0		1.4602069878486522e+16		0.3861420163609087		0.7722840327218174
478		166.69270831899485		7379045872304128.0		1.4898679113574586e+16		0.3859718970671296		0.7719437941342592
479		167.73166864700033		7392120289624064.0		1.4788880676703594e+16		0.38588686281964185		0.7717737256392837
480		166.35361728499993		7487548020490240.0		1.4619223246275294e+16		0.3860504725843668		0.7721009451687336
481		167.94669338699896		7360009503506432.0		1.4781289777682082e+16		0.3862485974892974		0.7724971949785948
482		167.29763918797835		7323837288939520.0		1.4530031336576322e+16		0.3860249107837677		0.7720498215675354
483		166.9213941640046		7415137019363328.0		1.454528284125828e+16		0.38602105106413365		0.7720421021282673
484		165.51902590197278		7273303777476608.0		1.4908876326547706e+16		0.385755803822726		0.771511607645452
485		165.23415909401956		7408010594877440.0		1.4707398106249454e+16		0.3857137956760824		0.7714275913521648
486		166.6223205649876		7107185179885568.0		1.459951868070956e+16		0.3858074536561966		0.7716149073123932
487		166.01229848098592		7286901643935744.0		1.4545970795526632e+16		0.385785792093724		0.771571584187448
488		165.64637984300498		7305836544131072.0		1.4792407136942988e+16		0.3860731172934175		0.772146234586835
489		167.9204289840127		7319320057085952.0		1.4512678054520444e+16		0.3855349408499896		0.7710698816999793
490		165.21875528001692		7180593150296064.0		1.4625511868795374e+16		0.3857187755815685		0.771437551163137
491		166.9079298900033		7466823729545216.0		1.4897119138306034e+16		0.3858239737905562		0.7716479475811124
492		166.68645930101047		7383272120123392.0		1.4676306755345212e+16		0.3857730758219957		0.7715461516439914
493		166.68588918598834		7445300574683136.0		1.4754143060745176e+16		0.38559958536475897		0.7711991707295179
494		165.7063044460083		7313331798933504.0		1.4787900959904374e+16		0.38558887614905835		0.7711777522981167
495		165.58906254300382		7247475991642112.0		1.4680179817865144e+16		0.38563872532993554		0.7712774506598711
496		166.31361247500172		7322993864736768.0		1.4615052729904996e+16		0.38569870370551945		0.7713974074110389
497		165.61104729000363		7437585739677696.0		1.4530488921944038e+16		0.3857131681077182		0.7714263362154364
498		165.25738991898834		7324176054484992.0		1.4605978943396438e+16		0.38568699041455984		0.7713739808291197
499		165.69914095802233		7347139097133056.0		1.4782092338372608e+16		0.38568874840438366		0.7713774968087673