Epoch	Duration				Loss Step Train			Loss Full Train			Loss Step Test			Loss Full Test
0		157.77675648099103		72.19226837158203		74.01152542093992		1.3037323729872703		2.6074647459745406
1		163.2750186480116		59.554100036621094		67.75951721276044		1.1017204652011394		2.203440930402279
2		164.2331575559947		170.94857788085938		179.52324354678692		1.1863270182669163		2.3726540365338327
3		164.17891056199733		541.9659423828125		537.6062786205471		1.037888235872984		2.075776471745968
4		163.74516684599803		819.0633544921875		789.1030894110978		1.3252680890500546		2.650536178100109
5		164.71868810300657		1093.5074462890625		1057.9660008734168		1.1128807995557786		2.225761599111557
6		163.2876326330006		1833.6925048828125		1765.741713263014		1.0290417691230773		2.0580835382461546
7		164.71514876899892		1045.59521484375		1055.4221679131924		1.110422680413723		2.220845360827446
8		164.74243437100085		2064.4755859375		1937.2118771722496		1.462462350949645		2.92492470189929
9		164.66216252499726		1025.2005615234375		1019.0825560322434		1.1677402904331684		2.335480580866337
10		163.23281767699518		2125.326416015625		2006.5658006964923		1.0267753315210342		2.0535506630420683
11		164.33655909499794		2055.753662109375		1900.4556341759474		1.4119301762878895		2.823860352575779
12		164.56299915500858		4519.37353515625		3999.9466364260225		1.153187946125865		2.30637589225173
13		165.29001807300665		4329.50927734375		3981.5625533628017		1.0469435282111168		2.0938870564222336
14		164.583192503007		1467.913330078125		1412.2438155787975		1.5926393868803979		3.1852787737607957
15		164.54611038800795		5120.10595703125		4761.577998264548		1.0957638171344994		2.191527634268999
16		164.18154045200208		1667.742919921875		1601.4737875640928		1.032672103768587		2.065344207537174
17		164.49863011999696		4065.839111328125		3657.366409733224		1.2045088663876056		2.409017732775211
18		163.210940252		2739.623046875		2586.0034842361747		1.1311622595131396		2.2623245190262793
19		164.6463049909944		2110.07177734375		1954.6203864262313		1.2199926646023989		2.4399853292047977
20		165.21455304400297		5188.98486328125		4748.490444773915		1.061118708574772		2.122237417149544
21		165.27653805700538		2103.02783203125		2033.8268562336832		1.164127575546503		2.328255151093006
22		166.162047447011		7072.52392578125		6300.809487093231		0.996387924450636		1.992775848901272
23		164.15181288500025		4276.96484375		4106.931148322132		1.218734175223112		2.437468350446224
24		166.28160643299634		4713.04296875		4533.562736432201		1.5005794615387917		3.0011589230775835
25		164.84262104399386		5154.3193359375		4916.774130511009		1.0001739400804044		2.0003478801608088
26		164.92763195899897		3305.25341796875		3046.8214039531977		1.178131458133459		2.356262916266918
27		164.92013730100007		1964.312744140625		1842.192981642598		1.143329618227482		2.286659236454964
28		166.18973738199566		4817.712890625		4376.219645876598		1.0483196468889713		2.0966392937779426
29		164.6623145630001		2137.350341796875		2086.765112239203		1.1879701290756464		2.3759402581512927
30		165.6400254809996		1569.96533203125		1503.4804132755787		1.1548876570403577		2.3097753140807153
31		165.81782169800135		3838.703857421875		3591.4166495006175		1.0678094369113444		2.135618873822689
32		164.6277758130018		3886.720703125		3588.5522985447915		1.1654557783901691		2.3309115567803382
33		165.8633781009994		4490.81787109375		4003.4523368323835		1.0440139762759209		2.0880279525518417
34		164.68541900999844		2550.3369140625		2457.5610359029292		1.0828794128715993		2.1657588257431986
35		165.9139428710041		1657.868408203125		1619.597076193419		1.2020787812143565		2.404157562428713
36		165.4112419180019		3698.186279296875		3276.802109479952		1.1410969808220863		2.2821939616441727
37		164.79796331500984		4072.338623046875		3628.048760037607		0.9886187322080136		1.977237464416027
38		164.98042960299063		4036.98828125		3657.1096576500026		1.1729868340611458		2.3459736681222916
39		165.8719979749876		2920.38232421875		2855.3605232479545		1.0286454320073128		2.0572908640146257
40		165.18947038099577		3764.15234375		3501.0940908653347		1.0935572144329548		2.1871144288659097
41		165.0888209810073		2452.100341796875		2288.2324201872498		1.2320056394934655		2.464011278986931
42		165.4074825370044		1537.53466796875		1400.1661400996863		1.038754606026411		2.077509212052822
43		165.27161496201006		5463.0498046875		4799.012416971299		1.2314635102272034		2.4629270204544067
44		166.10612637001032		4236.7041015625		3833.871501233599		1.3369392969608307		2.6738785939216614
45		166.74965264700586		4447.1904296875		4178.585550152689		1.0835060707449913		2.1670121414899826
46		166.15176381199853		3226.16162109375		3117.9531944977375		0.9871791690915823		1.9743583381831646
47		165.0976281619951		1995.72998046875		1909.051296213293		1.0942578543424606		2.188515708684921
48		165.45550140200066		3063.534423828125		2856.999261708453		2.251759492444992		4.503518984889984
49		166.0425386459974		3143.9462890625		3076.00778214429		0.9899584114819765		1.979916822963953
50		165.9534184110089		2109.555419921875		2031.2419096458734		1.2865499501734972		2.5730999003469943
51		164.61427707401162		2614.553955078125		2435.81778419196		1.0513856429457664		2.102771285891533
52		166.27414252999006		2748.0341796875		2483.784555915591		1.3341690083116293		2.6683380166232586
53		165.45067405400914		5947.7548828125		5496.338478726986		1.1035158167272807		2.2070316334545614
54		166.64343774299778		2033.5830078125		2038.5397173891545		1.113688544112444		2.227377088224888
55		166.0008074859943		2342.001220703125		2184.4091056424854		1.2109500178277492		2.4219000356554985
56		165.32327360400814		3454.622314453125		3129.27330769746		1.2035164684772492		2.4070329369544985
57		165.1214331719966		2273.671142578125		2181.619948483321		0.9994193527638913		1.9988387055277825
58		165.42674622600316		3106.257080078125		3039.2158955822706		0.9878306700944901		1.9756613401889802
59		166.11746124300407		4601.62060546875		4205.1618139484435		1.2353523029267788		2.4707046058535576
60		165.57623733200307		1575.5838623046875		1499.1599883754284		1.4336208751559258		2.8672417503118517
61		166.12822319600673		2707.356201171875		2574.8246278776137		1.016821312147379		2.033642624294758
62		164.42339259499568		1961.6995849609375		1920.4428573316873		1.11804685459733		2.23609370919466
63		166.36894876300357		2385.053466796875		2198.005564165953		1.0066891627609729		2.0133783255219457
64		166.91962491099548		2383.420166015625		2222.72839017452		1.090291121044755		2.18058224208951
65		167.35262563099968		3324.609130859375		3082.2030207383154		1.3690995494663716		2.738199098932743
66		165.60213833700982		1372.809814453125		1200.949691426447		1.383344882068038		2.766689764136076
67		166.45832764400984		1407.6632080078125		1274.8579313305913		1.1342955623328685		2.268591124665737
68		166.8176206569915		2102.692138671875		2039.804242236656		1.0096354529619216		2.019270905923843
69		165.4963256889896		1809.7703857421875		1665.189229280409		1.2346490519016982		2.4692981038033963
70		166.89142481499584		1201.2274169921875		1194.6351427448124		1.1473218225300312		2.2946436450600625
71		166.61861664999742		1306.82421875		1251.103972595343		1.0184758547842503		2.0369517095685006
72		167.46648158600146		1074.24560546875		1048.29043482399		1.0057105121612548		2.0114210243225097
73		167.8025286839984		1402.0836181640625		1357.813017496729		1.041785811650753		2.083571623301506
74		165.86506522800482		4428.08935546875		3981.528455827048		1.4466882436484099		2.8933764872968197
75		167.5663086179993		3765.9091796875		3420.009502498096		0.9896849898636341		1.9793699797272681
76		166.34359456899983		2094.131591796875		1883.5090072488367		1.1468809262573718		2.2937618525147436
77		166.6288228189951		2104.281494140625		2020.286183586231		1.0761606761574745		2.152321352314949
78		166.390015691999		3186.89794921875		3008.7401820939867		1.0443738932192326		2.088747786438465
79		167.1942449430062		2713.029296875		2608.980109429938		1.1039271091163159		2.2078542182326317
80		167.4739179600001		2037.2227783203125		1975.5946234880357		1.0903253507733346		2.180650701546669
81		165.84515253599966		1512.9354248046875		1451.3240775399536		1.051067284834385		2.10213456966877
82		167.49449416200514		3824.5263671875		3458.9681900513174		1.1091072111040354		2.218214422208071
83		166.9506507460028		2450.751220703125		2374.5545988673152		0.9930716411530972		1.9861432823061944
84		167.3307660349965		1129.9698486328125		1103.2430343552887		1.427795795160532		2.855591590321064
85		166.1976638539927		2402.30810546875		2143.021711830875		1.2076737274885179		2.4153474549770357
86		166.8795901150006		1446.302490234375		1293.4689037558853		0.9962372468233108		1.9924744936466217
87		167.1918508509989		1856.4439697265625		1723.4032947725148		1.5912751404047012		3.1825502808094024
88		166.87959455201053		1409.2379150390625		1313.712684149614		0.9978937970757484		1.9957875941514969
89		166.83866675800527		2017.5107421875		1966.390499575001		1.0032656372368336		2.006531274473667
90		166.559412350005		2498.00244140625		2302.0815064807834		1.1158180841743945		2.231636168348789
91		165.24643685999035		1619.434326171875		1553.660817904824		2.711304723465443		5.422609446930886
92		167.06084787899454		3665.418212890625		3286.618981049508		1.1899860355377196		2.3799720710754393
93		166.92312793500605		2144.6103515625		2117.0432655886116		1.0124615192294122		2.0249230384588244
94		167.93567464900843		1695.9423828125		1661.044217901957		1.0403083091020584		2.080616618204117
95		167.63053906000277		2925.35302734375		2808.4569694455536		1.1627723825633527		2.3255447651267054
96		166.62338857100985		1808.648193359375		1686.180428558436		1.0947818507492542		2.1895637014985083
97		167.59671347599942		2385.617431640625		2201.758234751013		0.9886734682291746		1.9773469364583491
98		166.5117701440031		4747.81396484375		4515.427490866869		1.0270893524050713		2.0541787048101425
99		167.0359171399905		4131.79052734375		3863.540141549686		0.9880516405612231		1.9761032811224462
100		165.84725416298897		5867.39453125		5267.14765060921		1.3015133280992508		2.6030266561985016
101		166.58901655000227		3590.341552734375		3116.1520305420754		0.9958880391895771		1.9917760783791543
102		165.63795602999744		2648.71142578125		2527.1630437841413		1.0154177826046944		2.030835565209389
103		166.71326940700237		4658.40185546875		4631.528695675728		1.0383056469500065		2.076611293900013
104		167.01447285100585		1373.8433837890625		1361.4230590064228		1.2781290568590165		2.556258113718033
105		165.7269720309996		1898.17529296875		1858.2166229077905		1.1066532530128956		2.2133065060257913
106		165.48178012399876		1803.3955078125		1714.540013496089		1.0915773225069045		2.183154645013809
107		165.9771487479884		2944.0068359375		2831.125977730635		1.4027518294483423		2.8055036588966846
108		166.38704981299816		2880.818359375		2725.2706552832396		1.5053645769953727		3.0107291539907455
109		164.5809410489892		3345.25439453125		3062.2427712482036		1.0924917851775884		2.1849835703551768
110		167.165823274001		2585.359375		2490.7347465188386		1.131573511004448		2.263147022008896
111		166.7514466119901		2997.567626953125		2841.9272000860306		1.117938745290041		2.235877490580082
112		166.20547585800523		3101.0546875		2961.559959226701		1.4171849599182607		2.8343699198365213
113		167.90784326099674		1705.3192138671875		1706.6153770958751		1.0594287286937236		2.1188574573874472
114		167.05070210700796		3235.707275390625		2991.7148134685576		1.1712722521960734		2.342544504392147
115		167.17320974200265		2994.194580078125		2816.1784576974005		1.353300360545516		2.706600721091032
116		166.46542875500745		1809.756103515625		1726.5975092175365		1.268271979224682		2.536543958449364
117		166.1089617430116		2863.53271484375		2618.77642094343		1.0094762955486773		2.0189525910973547
118		167.23007783399953		5811.6484375		5375.38467391786		1.003790853691101		2.007581707382202
119		167.2024346489925		3843.25		3771.6690249868157		1.1501514008700848		2.3003028017401697
120		167.14851070700388		2267.484619140625		2118.4983878943326		1.2552243469953537		2.5104486939907074
121		167.96793756900297		2263.799072265625		2133.9014095498683		1.5288036915808916		3.057607383161783
122		165.60096180399705		2412.309326171875		2172.015110702708		1.088588872885704		2.177177745771408
123		167.35167425099644		3402.024658203125		3137.3974745460837		1.0125011513829232		2.0250023027658464
124		167.22958988799655		1793.2099609375		1723.3241764447212		1.0024270123839378		2.0048540247678757
125		167.53530895699805		3617.292236328125		3124.563694045347		1.0915562492072581		2.1831124984145163
126		167.83535138200386		1244.48583984375		1230.1535182319044		1.828091093671322		3.656182187342644
127		166.78902429500886		1241.4486083984375		1176.392617913127		1.1264194704681636		2.252838940936327
128		167.75094745100068		2286.098876953125		2141.550598565963		1.05449920784235		2.1089984156847
129		167.91664144699462		1615.9111328125		1520.4664393039764		1.0132556927382945		2.026511385476589
130		166.31808422500035		1153.3507080078125		1108.1570794802635		1.256676634415984		2.513353268831968
131		167.30298938500346		1743.074951171875		1681.4180293398708		1.2694597661852836		2.538919532370567
132		167.5824042539898		1364.837890625		1338.4815519196181		1.172001250886917		2.344002501773834
133		167.60720449499786		3106.476318359375		2654.2055564696043		1.0783950948357581		2.1567901896715163
134		166.19742667399987		3327.421875		3030.7844257896004		1.3732645056188106		2.7465290112376213
135		166.37163387000328		2034.5780029296875		1968.3267536600738		1.2819739606946707		2.5639479213893415
136		167.94938359598746		2441.76025390625		2087.7467317007004		1.1534200995028019		2.3068401990056038
137		167.28921121200256		1814.505126953125		1732.9306365048885		1.0370851014077664		2.074170202815533
138		166.8317406749993		2257.448974609375		2100.2364467746556		1.0136454191744328		2.0272908383488657
139		167.49533420499938		2356.4208984375		2215.9029950020613		1.095033831718564		2.190067663437128
140		168.12724822400196		2010.008544921875		1855.3046341161669		1.0705684322476388		2.1411368644952775
141		167.7557058579987		3726.859130859375		3478.1560506531896		1.1729568274080753		2.3459136548161506
142		168.32468585199967		2212.7666015625		2062.171972505188		1.2705086030960082		2.5410172061920164
143		166.3966093420022		1567.2674560546875		1479.049301995814		1.0709918379485608		2.1419836758971216
144		167.22824231701088		2949.80517578125		3075.5994357027053		1.1860576668828726		2.3721153337657452
145		167.48691331299779		1854.1077880859375		1743.5657206798821		1.1695217544168235		2.339043508833647
146		168.04512906899618		1269.8892822265625		1214.9324383893638		1.0311033434927463		2.0622066869854927
147		167.64882868999848		1445.7115478515625		1455.8766258613973		0.9882767471492291		1.9765534942984582
148		167.24538027998642		3424.885009765625		3224.0028934642346		1.2765197915911675		2.553039583182335
149		167.06337551400065		1707.08154296875		1681.504474522984		1.1026746660768987		2.2053493321537974
150		166.56213261702214		4046.227783203125		3763.464370849669		1.1935771131277084		2.387154226255417
151		167.48063420699327		1655.4613037109375		1615.8810279817073		1.099815301051736		2.199630602103472
152		167.58087285101647		2789.525634765625		2564.5723174117893		1.0006508495032786		2.0013016990065573
153		167.95028551699943		1511.3935546875		1469.6608051955582		1.0485239492356777		2.0970478984713554
154		168.38586608099286		1882.3701171875		1759.5966804114103		1.1787228917539119		2.3574457835078237
155		167.58333388899337		1323.6444091796875		1225.5333147721083		1.1417685170769691		2.2835370341539383
156		168.2052884500008		1373.6373291015625		1306.8443604375511		0.9996579040825367		1.9993158081650735
157		168.62846599100158		1127.5963134765625		1110.5929556083202		1.025813447892666		2.051626895785332
158		169.30426214201725		2734.3955078125		2456.300486500996		1.012422052872181		2.024844105744362
159		169.75188326701755		1631.775634765625		1524.5795082933723		1.5330736759006978		3.0661473518013955
160		169.63324293500045		2256.35400390625		2015.579916741681		1.0858476840257645		2.171695368051529
161		168.26441597100347		1796.1641845703125		1669.7685278179645		1.1980861732184886		2.3961723464369773
162		168.66765157898772		1809.857177734375		1757.8064895031453		1.1725160059213637		2.3450320118427275
163		169.72146253101528		2454.512451171875		2244.1093021624474		0.9900270279943943		1.9800540559887887
164		167.27402007201454		2982.14111328125		2703.950339701161		1.1638350800335406		2.3276701600670813
165		169.26659806401585		1576.04541015625		1450.1748131047934		1.1131179429531097		2.2262358859062195
166		167.9821590600186		1269.375244140625		1177.3864932380766		1.031192480313778		2.062384960627556
167		166.70504715997959		1287.31201171875		1206.566752654183		1.0257855909705162		2.0515711819410325
168		169.0739172110043		1010.8314819335938		957.0035915963233		1.05717628428936		2.11435256857872
169		169.3019698879798		1307.5924072265625		1258.6013110601039		1.132178571242094		2.264357142484188
170		169.83526663697558		1644.8521728515625		1554.2385393180668		1.098547040528059		2.197094081056118
171		169.46094502700726		2466.6669921875		2112.089128988376		0.9953749530136585		1.990749906027317
172		168.90946071001235		2097.67138671875		1946.852092737007		1.233587554693222		2.467175109386444
173		167.9912058369955		1458.0836181640625		1365.9630112120658		0.9929013374328614		1.9858026748657227
174		168.4689247829956		1835.0057373046875		1746.4304208980323		1.0322764852941035		2.064552970588207
175		169.75872666199575		1897.7305908203125		1766.1881379905135		1.0207291140675545		2.041458228135109
176		168.31505936500616		2055.01123046875		1926.3102794145734		1.0015821316719056		2.003164263343811
177		168.41609544400126		1087.4769287109375		1047.7248237548142		1.04614411714077		2.09228823428154
178		168.95302586301113		4308.111328125		4093.574680367914		0.989011380714178		1.978022761428356
179		169.1215035720088		3740.089111328125		3321.4076984345706		0.9893680384099484		1.9787360768198967
180		168.30100901602418		2277.00927734375		2204.6198828565957		1.0492105578064919		2.0984211156129837
181		168.17013285000576		1302.4005126953125		1256.4877129049896		1.051177562725544		2.102355125451088
182		169.33829025301384		1302.6634521484375		1218.4843116927714		1.0849992767333985		2.169998553466797
183		169.17490819000523		1137.3121337890625		1065.2667571378647		1.486418740454316		2.972837480908632
184		169.29200848701294		1801.1278076171875		1677.7522305319428		1.387798048979044		2.775596097958088
185		168.84104086400475		2136.427001953125		2158.658370008242		1.0830365572154521		2.1660731144309042
186		168.27851867297431		2014.79296875		1879.7763982641816		1.0256877113938332		2.0513754227876664
187		167.3621986770013		1375.791748046875		1314.813594578749		1.7097389608740807		3.4194779217481615
188		169.2256624540023		1211.0404052734375		1200.2475684275419		1.1995016253769397		2.3990032507538794
189		168.5229439609975		1355.893310546875		1288.1062961799084		1.259203622251749		2.518407244503498
190		168.52778893700452		2297.99609375		2118.0410056188734		1.0096923945009708		2.0193847890019416
191		169.52008992500487		1609.5999755859375		1509.354060869807		1.1381303411185741		2.2762606822371483
192		169.2457267480204		1551.8472900390625		1529.9275773727088		1.097580755841732		2.195161511683464
193		168.6277549919905		2045.9205322265625		1910.9614464834006		1.0422502134799958		2.0845004269599916
194		168.50970325700473		3290.053466796875		2910.194361451495		1.2094456725895404		2.4188913451790808
195		167.89982139400672		3239.629638671875		2780.4228252759726		1.0187486446142198		2.0374972892284395
196		169.13779235101538		1304.823486328125		1276.9680356938331		1.043529147297144		2.087058294594288
197		168.67505358200287		1386.0220947265625		1293.8525721575706		0.9883077667027712		1.9766155334055424
198		168.61304399601067		2222.85302734375		2097.947681395742		1.1279421420514584		2.2558842841029167
199		168.80468288602424		2725.63623046875		2626.479555606905		1.2814031380712987		2.5628062761425974
200		168.58347272899118		2425.89453125		2304.3247591495665		1.0504196839869022		2.1008393679738044
201		167.69731767699705		2130.25537109375		2012.8578898384035		1.012817686843872		2.025635373687744
202		167.69269986799918		1673.5574951171875		1615.4775408351122		1.136805051073432		2.273610102146864
203		168.8455513539957		1454.307373046875		1417.3136243289828		0.9874372170865535		1.974874434173107
204		168.68064361601137		2748.049560546875		2420.509629048845		1.0446207710266113		2.0892415420532227
205		168.6439638779848		1664.71044921875		1558.4311649801552		1.1845821976900102		2.3691643953800203
206		168.56175503699342		2346.39404296875		2115.211708605802		1.0670643406450748		2.1341286812901497
207		167.51662706802017		2480.4306640625		2284.4180372890023		1.098366419661045		2.19673283932209
208		167.74005825200584		791.8558959960938		764.5249490953952		1.0303510320186615		2.060702064037323
209		168.7634930720087		1330.059814453125		1293.1057325675606		1.669308872741461		3.338617745482922
210		166.85761438999907		1265.7095947265625		1219.883473814377		1.1312087705850602		2.2624175411701204
211		168.06052008402185		1174.9691162109375		1141.3308316080092		1.0607095259666444		2.1214190519332887
212		167.92533892401843		1344.1732177734375		1315.7724618721516		1.0018850983202456		2.0037701966404913
213		168.7500543849892		1820.731201171875		1750.522615763077		1.0339417730748652		2.0678835461497305
214		168.88939292001305		1904.443359375		1782.8716687925457		1.0412439177870751		2.0824878355741503
215		168.24195129302097		3296.28173828125		3041.1092112376095		1.0317591855287551		2.0635183710575102
216		168.81446220798534		1818.3265380859375		1603.8960059348792		1.1166636217415333		2.2333272434830667
217		168.31218645800254		2302.85888671875		2116.5112903434992		0.9933586593657732		1.9867173187315463
218		168.66832533999695		3127.06005859375		2908.8938658539205		2.0787158674269914		4.157431734853983
219		170.0005115760141		6226.0927734375		5963.213649727526		1.112275057786703		2.224550115573406
220		167.9331403329852		1663.6087646484375		1609.1225351062237		0.9902915601551533		1.9805831203103066
221		167.79240931701497		1682.1300048828125		1578.4843562952399		1.026340193116665		2.05268038623333
222		168.00304235098884		2296.61767578125		2223.7782666688504		1.0659982804238797		2.1319965608477593
223		168.31537792400923		2905.8203125		2588.4006757627367		1.058686286842823		2.117372573685646
224		168.24842689398793		3373.1435546875		3053.4359403229355		1.0085200591921806		2.017040118384361
225		169.7649113840016		2044.16796875		1853.4568619143843		0.9901600334316492		1.9803200668632983
226		166.60456500700093		1814.569580078125		1682.0052642263502		0.9875560021489859		1.9751120042979717
227		167.4287733020028		3188.28466796875		2908.0201429530443		1.0792721678614616		2.1585443357229233
228		168.59773348100134		2340.757568359375		2218.434879871529		1.0492183922886849		2.0984367845773697
229		168.80172388601932		1646.10205078125		1529.922131942123		1.2131706628620624		2.426341325724125
230		169.61179565399652		2664.16845703125		2493.232002911326		1.0790005058526992		2.1580010117053985
231		168.98675551300403		2189.269287109375		2073.0102776461035		0.9874730741262436		1.9749461482524873
232		168.84097810401		1740.743896484375		1725.8292423906594		1.1028323861896991		2.2056647723793983
233		167.10616850401857		3143.41357421875		2821.7889570383904		1.124634159374237		2.249268318748474
234		168.0532289199764		4720.92236328125		4513.529502610022		1.0016697669744492		2.0033395339488984
235		167.2546065519855		1770.8973388671875		1641.4103460051506		1.1219432066202164		2.243886413240433
236		168.11889023601543		6030.98828125		5578.493243095708		1.017500106871128		2.035000213742256
237		168.9787006539991		2982.96826171875		2698.3569010730653		1.0586658685863017		2.1173317371726035
238		168.86973963098717		4358.2568359375		3980.2494315965178		1.117126969560981		2.234253939121962
239		169.01641351898434		2294.85205078125		2178.2872711844534		1.0488423754572869		2.0976847509145737
240		168.7834806519968		1948.5714111328125		1863.5777329699577		1.1853650335997343		2.3707300671994687
241		169.51454996698885		1344.0333251953125		1276.3910897672265		1.0754523206532		2.1509046413064
242		168.37088118999964		2603.54931640625		2503.14380531047		0.9883644702494144		1.9767289404988289
243		169.2707069979806		1532.936767578125		1479.932191637662		1.0109033154904843		2.0218066309809686
244		168.07795216099476		3483.010009765625		3341.117334018627		1.030135954082012		2.060271908164024
245		168.6249193099793		2719.088134765625		2515.965218549585		1.0334782722592353		2.0669565445184706
246		169.09014573699096		1474.7642822265625		1387.7051553494246		1.1169892837435007		2.2339785674870014
247		169.49148535501445		2349.269287109375		2089.1085704861403		1.16151043394804		2.32302086789608
248		169.28738885300118		2415.3134765625		2204.4087540911405		0.9888819461166859		1.9777638922333718
249		168.49173945898656		2141.608642578125		1932.6975462825537		2.0421034034729004		4.084206806945801
250		168.98739297600696		4030.940673828125		3521.47279763656		0.9983725879311561		1.9967451758623123
251		168.0934938179853		1760.219970703125		1616.6158737353503		1.0498907995283604		2.099781599056721
252		168.42089563101763		1285.711669921875		1216.691899113366		1.0552831596016883		2.1105663192033766
253		169.60552797399578		1916.0931396484375		1732.535651215574		1.1569134648263455		2.313826929652691
254		167.49987039901316		1250.68212890625		1206.6274499185233		1.1013935886621475		2.202787177324295
255		168.44560750198434		2188.62109375		2061.9708517528893		1.0901305710315705		2.180261142063141
256		167.56837013200857		1355.549560546875		1291.6796766527593		0.9905110234677792		1.9810220469355584
257		168.48170868001762		1730.401123046875		1724.3891480890989		1.027607321512699		2.055214643025398
258		169.25676439199015		2086.97705078125		1940.7844149536252		1.2598981865346432		2.5197963730692865
259		169.40398767200531		2334.780029296875		2165.1278367533805		1.1423832529783249		2.2847665059566498
260		168.70903006300796		1452.83203125		1450.6897786163986		0.9946210937052965		1.989242187410593
261		169.54940009498387		836.1077880859375		769.3669069747091		0.9925770428061486		1.9851540856122971
262		169.50559744099155		1727.56201171875		1584.584859776184		1.0194615258157254		2.0389230516314507
263		169.02222794198315		2313.15869140625		2151.396033716214		1.0348600851774217		2.0697201703548433
264		167.90577815199504		2389.784423828125		2259.867593714267		1.0186941666603089		2.0373883333206178
265		168.84779520801385		1261.592529296875		1187.973112339431		1.0150524851918221		2.0301049703836442
266		168.82326266000746		2954.86767578125		2806.3330556431292		0.9935621775388718		1.9871243550777435
267		169.08396681401064		1475.442138671875		1490.2677830673754		1.1189229716837406		2.237845943367481
268		167.40610496501904		1824.49853515625		1705.936848459208		0.9874540548950433		1.9749081097900867
269		168.2466026089969		1290.3165283203125		1171.4441086725801		1.0013601682424544		2.002720336484909
270		168.88394998098374		1889.388916015625		1776.9057433921873		1.0712253971159458		2.1424507942318916
271		168.31583584399777		990.6770629882812		921.6166785418093		1.1201254995316268		2.2402509990632535
272		168.70435869399807		1725.4718017578125		1612.8701685623378		1.0614995000302792		2.1229990000605583
273		168.20883307501208		1471.8455810546875		1354.7842300712407		1.1230919108510018		2.2461838217020036
274		169.14257551301853		1068.121337890625		985.3809823120683		1.155424251627922		2.310848503255844
275		167.92372259299736		1766.7293701171875		1662.5061644918262		1.098616730326414		2.197233460652828
276		168.4658129599993		1363.1756591796875		1298.0197778448432		1.1205115409463644		2.241023081892729
277		169.84355884199613		1042.7012939453125		996.0105808879554		1.045371107071638		2.090742214143276
278		168.46622761699837		1969.025146484375		1832.1968558438182		0.9993868905961514		1.9987737811923028
279		169.60148110700538		2819.89453125		2575.3144770603685		1.0210469555079937		2.0420939110159875
280		168.5784019860148		1305.7340087890625		1273.4764141812354		1.1521179147958756		2.304235829591751
281		168.44432420801604		645.3545532226562		632.8633624384552		1.0260212225019931		2.0520424450039862
282		168.90051731199492		1219.851318359375		1204.19315532386		1.0720436753988265		2.144087350797653
283		169.24279820700758		962.3755493164062		930.0236252969742		0.9881706673115492		1.9763413346230985
284		168.810682773008		1118.68994140625		1030.3339904851466		1.050875712442398		2.101751424884796
285		167.27711346300202		2633.214111328125		2352.0440432898818		1.0462719405412675		2.092543881082535
286		168.59142239100765		1192.6368408203125		1092.146054543546		0.9935095354795456		1.9870190709590911
287		169.06993887701537		1229.7799072265625		1145.5646284819693		1.0121191376924514		2.024238275384903
288		169.0709195479867		1630.3865966796875		1555.3011979277223		1.0351592767119409		2.0703185534238817
289		169.38944751399686		1661.5244140625		1552.4993518893689		1.0599552265405654		2.119910453081131
290		168.52277790301014		1654.551513671875		1513.2307935019226		0.9992380142450332		1.9984760284900664
291		168.84292973502306		1612.54833984375		1509.3402307462425		1.0788954196214675		2.157790839242935
292		168.8136735150183		2194.90283203125		2076.3149127985866		1.00869174746871		2.01738349493742
293		168.12115287399502		1074.758056640625		1011.6494922120124		1.0544945695102215		2.108989139020443
294		168.08740715301246		1283.517578125		1217.5254781188755		0.9894609192192555		1.978921838438511
295		167.9625587860064		2955.591064453125		2664.657795619789		1.0049624525845051		2.0099249051690102
296		168.71530810100376		1579.4639892578125		1480.3068375257164		1.0737215727746487		2.1474431455492975
297		168.61176747697755		1174.5758056640625		1037.043697894755		1.076600929993391		2.153201859986782
298		169.39251349002006		2712.394775390625		2572.712648171559		0.9968665516912937		1.9937331033825874
299		169.50402472601854		1675.982421875		1559.571125085178		1.0422935160040856		2.084587032008171
300		168.5587548520125		1252.7623291015625		1153.867359198466		0.9961979357153177		1.9923958714306353
301		166.86367133798194		1180.647216796875		1096.269554641661		1.0325059601604938		2.0650119203209876
302		166.7486631089996		1158.588623046875		1083.6119234381229		1.0402671006679536		2.080534201335907
303		167.47309181600576		1407.3096923828125		1339.618193601677		1.0167414846420288		2.0334829692840577
304		168.953641443979		3789.222412109375		3336.8676990574986		1.0019208142995835		2.003841628599167
305		168.12314620701363		1520.7904052734375		1469.945196835333		1.0297903953790664		2.0595807907581327
306		168.84616515398375		1803.423095703125		1694.994482785374		1.1023922830462456		2.204784566092491
307		168.6238649559964		1543.6136474609375		1442.1318322287082		1.0270769983708858		2.0541539967417717
308		167.82524855498923		2451.692626953125		2216.517893078208		1.0024526967525482		2.0049053935050964
309		168.2691378859745		1561.565185546875		1392.1673441959917		0.9888282369375229		1.9776564738750457
310		168.9706323959981		1725.7269287109375		1550.8474451256961		1.0114530639231205		2.022906127846241
311		167.39154472900555		1336.6533203125		1262.962806666228		1.0758463032960892		2.1516926065921784
312		167.02851565898163		1452.1343994140625		1336.9477977477402		0.9890190027594566		1.9780380055189133
313		169.01463765499648		1355.7279052734375		1247.2568533712954		1.012348510336876		2.024697020673752
314		167.6518800430058		298.5774230957031		368.0928039385304		0.9367135038673877		1.8734270077347754
315		168.1233342460182		127.632568359375		215.30369360664486		0.6833240116342902		1.3666480232685805
316		167.81935317901662		67.67191314697266		118.5843961662665		0.6046111025378108		1.2092222050756216
317		167.4871204230003		59.27375030517578		101.59966885248721		0.5563265920445323		1.1126531840890646
318		168.3868569729966		54.226253509521484		91.46643554280847		0.6945507247820497		1.3891014495640994
319		168.84799919600482		50.46453857421875		85.16172628713846		0.5847403635591268		1.1694807271182537
320		169.50464286198257		48.3726692199707		80.77111381192357		0.5560950746357441		1.1121901492714883
321		169.38710956499563		47.47805404663086		78.26105889961123		0.6161256381049752		1.2322512762099505
322		167.14672742699622		45.3358154296875		75.93810427126289		0.5493708724886179		1.0987417449772359
323		169.09988182701636		44.761165618896484		74.48491041074992		0.6064469183996319		1.2128938367992639
324		167.72516907198587		44.585975646972656		73.40846830541342		0.5077937549620867		1.0155875099241733
325		168.7395375110209		44.2576904296875		73.47765913386941		0.5388630976930261		1.0777261953860522
326		168.74519762699492		44.03294372558594		72.24581421456038		0.6005673819303513		1.2011347638607026
327		168.16470858699176		43.12242889404297		71.18295146350563		0.5085929147839546		1.0171858295679093
328		169.00792750998517		43.86115646362305		71.8464118859455		0.5222188427776098		1.0444376855552195
329		168.04817239099066		43.05288314819336		70.84136357759387		0.5111883761122823		1.0223767522245646
330		167.73519096602104		43.56655502319336		71.10991743109524		0.6425699421942234		1.2851398843884467
331		169.35891356098		42.658016204833984		70.04070814500973		0.5072838564872741		1.0145677129745483
332		168.40448677897803		42.2996826171875		68.95851339832544		0.6264587503641844		1.2529175007283688
333		169.68477317100042		42.152381896972656		69.22288789601475		0.5346614646449686		1.069322929289937
334		167.95351741701597		42.025821685791016		68.7765727831781		0.5757805827587843		1.1515611655175686
335		168.11896887299372		42.159507751464844		68.5091953725323		0.5507701843351126		1.1015403686702252
336		169.0819262820005		41.940093994140625		68.71383409384786		0.629744808767736		1.259489617535472
337		168.31226810099906		41.90109634399414		68.09401410549506		0.4927818871051073		0.9855637742102146
338		167.85991597699467		41.67661666870117		67.79236484002695		0.541272634023428		1.082545268046856
339		168.60575861801044		41.27717590332031		67.3076460364975		0.5039316397197544		1.0078632794395088
340		168.4262259460229		41.86933135986328		67.82994172476604		0.501946084997058		1.003892169994116
341		168.11677467799746		41.15809631347656		67.17741677118391		0.49176487561017274		0.9835297512203455
342		168.72166382701835		41.0231819152832		67.23446564381197		0.5246372983902693		1.0492745967805386
343		169.85374557302566		40.6824951171875		66.9225335863933		0.47167427878081797		0.9433485575616359
344		169.11040693099494		41.15200424194336		66.72871267203837		0.48588136934414505		0.9717627386882901
345		168.87261309099267		41.39256286621094		66.77320220985115		0.4964069388411939		0.9928138776823878
346		169.66821610101033		40.59175491333008		66.49214500140995		0.503021608684957		1.006043217369914
347		168.52125788500416		40.95789337158203		66.45734863040447		0.5231681884244085		1.046336376848817
348		168.75461344700307		40.55989456176758		66.19167127759606		0.4752330020137131		0.9504660040274262
349		167.54473277699435		41.14414978027344		66.26024512365758		0.4931483046576381		0.9862966093152762
350		169.52895983797498		40.883853912353516		65.91882454346418		0.465992058596015		0.93198411719203
351		168.56570842201472		40.886722564697266		66.78686262532845		0.4914633920073509		0.9829267840147018
352		169.19782244300586		40.77552795410156		66.53097709760442		0.5016871420614422		1.0033742841228843
353		168.44268914399436		40.574546813964844		65.39733160831406		0.46348743513450025		0.9269748702690005
354		168.38871075297357		40.808563232421875		65.64012583358287		0.47723944586589934		0.9544788917317987
355		169.30456489301287		40.75261306762695		66.15795818063245		0.530870010124892		1.061740020249784
356		168.09688386702328		40.81658172607422		66.59277823392227		0.5112630816012621		1.0225261632025242
357		167.68133469301392		40.66061019897461		65.67905094392448		0.6591024594709277		1.3182049189418554
358		168.0009799139807		40.205204010009766		65.53997495827824		0.48662882230356336		0.9732576446071267
359		169.7573243410152		40.52700424194336		65.87340813383088		0.4745533719971776		0.9491067439943552
360		169.08760826199432		40.71318054199219		65.97068968213051		0.4691206045970321		0.9382412091940642
361		168.55145212999196		40.13677978515625		65.17975223712921		0.5402793833121657		1.0805587666243315
362		169.74239194698748		40.679813385009766		65.74075716829672		0.46567278407141566		0.9313455681428313
363		168.8897325799917		40.528778076171875		66.05893379276097		0.478334780035913		0.956669560071826
364		169.1801668109838		40.431419372558594		64.99074043879658		0.45652883502095937		0.9130576700419187
365		169.60973883300903		40.772457122802734		66.01521832496748		0.5253307101026178		1.0506614202052356
366		167.94803962801234		40.37866973876953		65.01564144043401		0.4925541918098926		0.9851083836197853
367		166.91776214097627		40.24939727783203		65.88551934255138		0.4572322666965425		0.914464533393085
368		168.42186239000876		40.657752990722656		65.45992293003648		0.49108957471847536		0.9821791494369507
369		170.23415777998162		40.62978744506836		65.44829779599756		0.5002798325002193		1.0005596650004387
370		169.04922835499747		40.343467712402344		65.65952273629755		0.45831925949826835		0.9166385189965367
371		167.93123032400035		40.93309783935547		66.3279814808689		0.45286865422576666		0.9057373084515333
372		168.09372283198172		40.64413833618164		65.71655106806382		0.46528379323109986		0.9305675864621997
373		168.06962565501453		40.69658660888672		65.87116938205361		0.4527295220248401		0.9054590440496803
374		169.14797960300348		40.61982345581055		65.53725110471025		0.45792725255936384		0.9158545051187277
375		168.21220626600552		40.707672119140625		65.67632268516198		0.5541822312131524		1.1083644624263047
376		168.23565128300106		40.57540512084961		65.67478787919134		0.4505984203733504		0.9011968407467008
377		168.24955960398074		40.2512092590332		65.08412895706371		0.45577975210547444		0.9115595042109489
378		168.6314256839978		40.441043853759766		65.28639533023909		0.4936210699155927		0.9872421398311854
379		168.4283470189839		40.09135437011719		65.30082241771966		0.4623757674962282		0.9247515349924564
380		168.36110561699024		40.77333450317383		65.48047628669217		0.4692143149778247		0.9384286299556494
381		168.7739946960064		40.557804107666016		65.29165188287794		0.4636186317294836		0.9272372634589672
382		168.2834434430115		40.392578125		65.48655373763889		0.4630937674202025		0.926187534840405
383		167.88501426498988		40.52625274658203		65.22998045938834		0.5133149873398244		1.0266299746796488
384		167.6863919759926		40.80500030517578		65.69414468152374		0.4529069514133036		0.9058139028266072
385		167.59795809400384		40.683509826660156		65.49722837703004		0.45291711544916036		0.9058342308983207
386		168.6243880999973		40.57374954223633		65.16029429680333		0.44689354660212993		0.8937870932042599
387		167.97247814500588		40.70759582519531		65.4168025875166		0.47733440742641686		0.9546688148528337
388		168.96536816100706		40.608665466308594		65.1097578338936		0.4445305390611291		0.8890610781222582
389		168.8758971140196		40.4019660949707		64.57110117756501		0.44982502958104015		0.8996500591620803
390		169.06801908600028		40.27259826660156		64.82655535823106		0.4591692502491176		0.9183385004982352
391		167.9300650320074		40.397891998291016		65.3365476132758		0.4545275355488062		0.9090550710976124
392		168.68973377899965		40.47699737548828		65.03682038395256		0.4465998502314091		0.8931997004628182
393		167.16286813199986		40.280487060546875		64.83648383762687		0.45468176039978864		0.9093635207995773
394		168.09926242398797		40.40791320800781		64.98766567280218		0.490611557777226		0.981223115554452
395		167.62526442998205		40.29779052734375		65.11142294641957		0.45056398299112915		0.9011279659822583
396		167.6453829119855		40.4078369140625		65.09892532592117		0.4590588385231793		0.9181176770463586
397		167.2388498740038		40.54335403442383		64.80425398221612		0.45248754101246597		0.9049750820249319
398		167.392392062		40.254661560058594		64.93857962315901		0.44544137950986623		0.8908827590197325
399		168.06481196600362		40.49045944213867		65.29724471604526		0.442128333863616		0.884256667727232
400		168.30083685700083		40.57583236694336		65.4255812261723		0.4467631173335016		0.8935262346670032
401		168.9766865739948		40.55683517456055		64.41863236386403		0.45501882350444794		0.9100376470088959
402		168.64961172902258		39.881256103515625		64.66669543459938		0.44398398241475223		0.8879679648295045
403		167.91205400798935		39.9193115234375		64.4068552838251		0.4438500436849892		0.8877000873699784
404		167.96302056100103		40.29338455200195		64.40550159679428		0.44298074204102156		0.8859614840820431
405		168.79820284899324		40.50541687011719		64.93034091219754		0.4503793635524809		0.9007587271049619
406		169.78788159499527		40.231502532958984		64.84027949735597		0.4483831029549241		0.8967662059098482
407		167.94572985501145		40.203765869140625		64.45010713303536		0.4500245307452977		0.9000490614905954
408		167.95593058899976		40.36970520019531		64.72220699715838		0.44046175360158085		0.8809235072031617
409		167.88245980697684		40.30474090576172		64.63073945994749		0.4555470125004649		0.9110940250009298
410		168.25477873999625		40.51923370361328		65.03872137432992		0.4471828176103532		0.8943656352207064
411		167.1554195729841		40.2176399230957		65.0809717112109		0.4489939199671149		0.8979878399342298
412		169.40388427200378		40.46554183959961		64.58774808629006		0.44104807618260383		0.8820961523652077
413		168.80061516398564		40.43194580078125		64.93136799397766		0.4428385192543268		0.8856770385086536
414		169.13524281600257		40.282371520996094		64.55237324620411		0.4505906878784299		0.9011813757568597
415		167.73845422401791		40.169979095458984		64.69268494228572		0.44645812301412224		0.8929162460282445
416		168.52005525599816		40.08557891845703		64.24647780500874		0.44437433371767404		0.8887486674353481
417		169.40751123201335		40.40074157714844		64.44597168223784		0.4488612458191812		0.8977224916383624
418		167.61811106198002		40.020225524902344		64.31169264445603		0.4508900345273316		0.9017800690546632
419		167.9927063389914		39.89031982421875		64.30555722863824		0.44043684489279983		0.8808736897855997
420		167.35762255100417		40.26625442504883		64.58511180321425		0.4401473438628018		0.8802946877256036
421		168.145759402978		40.4310188293457		64.1333328875646		0.4453502184793353		0.8907004369586706
422		169.15214547500364		40.189151763916016		64.26055025031641		0.45458354419618846		0.9091670883923769
423		167.41488185001072		40.3582763671875		64.73891515657007		0.4432627601891756		0.8865255203783512
424		169.00043521099724		40.11835861206055		64.4267233611174		0.43749521535485986		0.8749904307097197
425		167.91510226600803		39.9366340637207		64.58778385176733		0.4365867220647633		0.8731734441295266
426		168.40049203298986		40.11459732055664		64.61517731122821		0.4383564443603158		0.8767128887206316
427		168.13237539702095		39.884429931640625		64.10494054312929		0.44476101019382475		0.8895220203876495
428		168.28892332897522		40.18731689453125		64.38129182196185		0.4469009431153536		0.8938018862307072
429		167.57412617700174		40.2117805480957		64.55661718544663		0.4374522598773241		0.8749045197546482
430		167.9028257250029		40.252723693847656		64.34936759661511		0.4363720828205347		0.8727441656410694
431		168.1770247350214		39.669029235839844		64.35456426159665		0.4425864519439638		0.8851729038879276
432		168.0278309500136		40.378021240234375		64.14150858327523		0.44260231334120037		0.8852046266824007
433		168.23516636600834		39.96430206298828		63.95757566384748		0.43448391806855796		0.8689678361371159
434		169.19167164998362		40.144065856933594		64.17944628613516		0.45339407926350833		0.9067881585270167
435		167.94847622999805		40.09961700439453		64.19430701150894		0.43998949813619254		0.8799789962723851
436		168.73746342299273		40.186790466308594		64.35601374053061		0.4376949599355459		0.8753899198710918
437		168.76457568400656		40.1282958984375		64.30150143763274		0.43657770699635146		0.8731554139927029
438		168.9230730519921		39.80644226074219		63.49271377802342		0.4350807363756001		0.8701614727512001
439		168.72999848402105		39.7364501953125		64.09896770755425		0.4392769244350493		0.8785538488700986
440		169.09882217200357		40.118492126464844		63.9674773935087		0.4372752157896757		0.8745504315793514
441		167.746070114983		40.007083892822266		64.14880467075334		0.44305372045636177		0.8861074409127235
442		169.31816447598976		39.89603042602539		63.921560653401166		0.43564071027487516		0.8712814205497503
443		169.15184418600984		39.921810150146484		63.66389555419013		0.433207644623518		0.866415289247036
444		168.98984639698756		40.11760711669922		63.781637993531675		0.43550762589722875		0.8710152517944575
445		168.23802052100655		39.99472427368164		64.22817293621227		0.43496578180044887		0.8699315636008977
446		168.39714429498417		40.21373748779297		64.46722945989593		0.43351618930101393		0.8670323786020279
447		169.25122732800082		39.70090866088867		63.71904537335709		0.43593052457720044		0.8718610491544009
448		168.61258076000377		39.88547897338867		63.768212061931195		0.4340324666716158		0.8680649333432316
449		168.571858840005		39.825531005859375		63.92260965192467		0.4357403537966311		0.8714807075932622
450		169.0676293800061		39.98324203491211		64.2408821335718		0.43498874210715294		0.8699774842143059
451		169.37151730200276		39.81464767456055		63.64235888931006		0.43461009847447274		0.8692201969489455
452		168.2260195449926		39.94988250732422		63.8299254311271		0.43487565354555846		0.8697513070911169
453		168.70163753599627		40.01796340942383		63.39984473343268		0.4356139831863344		0.8712279663726687
454		169.51708086798317		40.01911926269531		63.881166837166994		0.4355965872377157		0.8711931744754314
455		168.12345025400282		39.87688446044922		63.48243529407978		0.4349462548911571		0.8698925097823142
456		168.73091955599375		40.0073356628418		64.32547878556103		0.4337251317605376		0.8674502635210752
457		168.65757969001424		39.801361083984375		63.30662742753849		0.43650103672742846		0.8730020734548569
458		168.45235911599593		40.08224105834961		63.765999122992156		0.4344490930698812		0.8688981861397624
459		168.41361813101685		39.67505645751953		63.49354138982073		0.43406210264861583		0.8681242052972317
460		168.75391357700573		40.05924987792969		63.68807216150835		0.4352576047770679		0.8705152095541357
461		168.23851680298685		39.98065948486328		63.56337943307385		0.43514542586803434		0.8702908517360687
462		168.0656840080046		39.906436920166016		63.8828442617178		0.43535336891785265		0.8707067378357053
463		167.92676966500585		40.00558090209961		63.92974832454324		0.4349653251580894		0.8699306503161788
464		169.32222072398872		39.99457550048828		63.196457581871		0.4361961537890136		0.8723923075780272
465		169.04401693798718		39.88998031616211		63.40712132836953		0.4355622597552836		0.8711245195105672
466		169.74718654100434		40.02192306518555		63.74103081600368		0.43449706607759		0.86899413215518
467		169.38352302199928		39.65025329589844		63.64597049794048		0.4346637289457023		0.8693274578914046
468		167.89233538199915		40.36935806274414		64.43094591639638		0.43482157678455113		0.8696431535691023
469		168.76968633101205		40.25688171386719		63.70346604891047		0.434617252779752		0.869234505559504
470		168.49245656197309		40.225399017333984		63.62053146259487		0.434876143053174		0.869752286106348
471		168.39956715499284		40.111175537109375		63.840364786712826		0.43590006280839444		0.8718001256167889
472		167.68961565601057		39.93470001220703		63.68265236742869		0.43467752822712064		0.8693550564542413
473		169.39953199002775		40.11266326904297		63.73901940864995		0.43575716668739917		0.8715143333747983
474		167.66812410598504		40.37418746948242		64.25983606695831		0.43629581056535244		0.8725916211307049
475		167.89308399500442		40.475616455078125		64.39959926787988		0.43528343850001694		0.8705668770000339
476		168.38418010200257		40.122825622558594		63.515714151410016		0.43498800454959274		0.8699760090991855
477		169.20590746300877		39.89870834350586		63.67871332849711		0.4353762199431658		0.8707524398863316
478		168.62496312399162		40.04240036010742		63.81294135244489		0.4351668960593641		0.8703337921187282
479		169.89742834900972		40.0576057434082		64.00516341613904		0.4350430134445429		0.8700860268890858
480		169.4709069240198		39.871192932128906		63.40167312859818		0.4350639327570796		0.8701278655141592
481		170.51496559899533		39.74424743652344		63.634995274178685		0.43514775103852155		0.8702955020770431
482		169.25290458797826		39.8773307800293		63.511775875240566		0.43547850082293155		0.8709570016458631
483		169.38048937902204		39.99459457397461		63.214932149066776		0.4349624805159867		0.8699249610319734
484		170.05122998700244		40.29808807373047		64.44086641487554		0.43495993966907265		0.8699198793381453
485		169.78015555097954		40.10978698730469		63.69831051379368		0.43502541192546484		0.8700508238509297
486		169.99005627600127		40.11250305175781		63.57781414938271		0.43516960785463454		0.8703392157092691
487		168.3959896870074		40.22205352783203		63.71548332493603		0.4350459954380989		0.8700919908761978
488		170.2456098079856		40.25227737426758		63.38286803411618		0.43464554673060773		0.8692910934612155
489		171.1111044770223		40.0546989440918		63.715415743537996		0.434778172493726		0.869556344987452
490		170.190527216997		39.924156188964844		63.55852652220651		0.4350638055868447		0.8701276111736894
491		169.06472191601642		40.26123809814453		64.20218874588907		0.43485973924025895		0.8697194784805179
492		168.4606954040064		39.905662536621094		63.52855514199436		0.4348194240674377		0.8696388481348754
493		169.03015852498356		39.77324676513672		63.42500353210419		0.4347342709027231		0.8694685418054462
494		170.35529435100034		40.01555633544922		64.16629997922331		0.4348181809134781		0.8696363618269563
495		168.73798018801608		40.48008728027344		63.950119907449185		0.43481695364043116		0.8696339072808623
496		169.43170026800362		39.85445022583008		63.547698143935946		0.43478812239319087		0.8695762447863817
497		169.7705182530044		39.91606521606445		63.385240679528565		0.4347793618053198		0.8695587236106396
498		169.47640243399655		40.105655670166016		63.759943517035246		0.4347992114044726		0.8695984228089452
499		168.5693217270018		40.095767974853516		63.96456674597189		0.4348038979180157		0.8696077958360314