Epoch	Duration				Loss Step Train			Loss Full Train			Loss Step Test			Loss Full Test
0		25.467762700000094		23.85213851928711		28.330371551437377		1.2063527603149413		2.4127055206298826
1		21.936457000000246		21.54633903503418		27.645549669265748		1.4137333391189575		2.827466678237915
2		18.460587999999916		19.120431900024414		25.815541360168456		1.620794008255005		3.24158801651001
3		20.359598899999582		12.549614906311035		17.261213567352296		0.9919574658393859		1.9839149316787719
4		20.60620599999993		7.123538017272949		9.737726101150512		1.2245563409805298		2.4491126819610596
5		20.61740409999993		4.215634346008301		5.582084165382385		1.3211179915428162		2.6422359830856323
6		20.58124749999979		3.046926736831665		3.873702673912048		1.0046025551795958		2.0092051103591917
7		20.23392610000019		2.4204142093658447		3.1473444983673096		0.915966556930542		1.831933113861084
8		20.17726500000026		2.395528793334961		3.0365007372283936		0.9079060364723206		1.8158120729446412
9		19.621867100000145		2.547287940979004		3.155975407218933		0.9026749256134033		1.8053498512268067
10		19.638686399999642		2.237199544906616		2.892851519432068		0.9460041921615601		1.8920083843231201
11		20.13549490000014		2.294174909591675		2.8765458322143553		0.9682789317131042		1.9365578634262084
12		20.262644199999613		2.2365570068359375		2.8773480057144165		1.0300558120727539		2.0601116241455077
13		20.735872199999903		2.1640255451202393		2.7802294397735596		0.9127326234817504		1.8254652469635009
14		20.40499460000001		2.3942911624908447		2.9899466765594482		0.952136543083191		1.904273086166382
15		20.70636229999991		2.269347667694092		2.832778109588623		0.8976620678901672		1.7953241357803345
16		20.019559399999707		2.2240042686462402		2.8372501393508913		1.0243681034088135		2.048736206817627
17		21.657696900000246		2.892639636993408		3.3322017557525636		0.9661467345237732		1.9322934690475464
18		20.082464399999935		2.0268547534942627		2.6098597982788085		0.8904861998558045		1.780972399711609
19		20.013867199999822		2.0501649379730225		2.642517579307556		0.8948689522743225		1.789737904548645
20		20.625694000000294		1.954797625541687		2.5328141361236574		1.0075295210838318		2.0150590421676635
21		20.256243799999993		2.207165479660034		2.777733002243042		0.9089623550415039		1.8179247100830078
22		20.650067600000057		2.0801591873168945		2.6573931951522827		0.9199044702529907		1.8398089405059814
23		20.655287900000076		2.466292381286621		3.026459151382446		0.9276367354393006		1.8552734708786012
24		19.884265799999866		2.0649187564849854		2.6392678512573244		0.8865398500442505		1.773079700088501
25		20.21882470000037		2.114874839782715		2.6975857861709596		1.6194102348327637		3.2388204696655274
26		20.27141849999998		2.1690943241119385		2.7425516302490234		0.9287062668800354		1.8574125337600709
27		20.017612399999962		3.0714569091796875		3.468512911529541		4.994073203849792		9.988146407699585
28		19.72824209999999		2.2354021072387695		2.77962954208374		0.8884429097175598		1.7768858194351196
29		20.393437500000346		1.9355098009109497		2.5167441397857666		0.9210115477561951		1.8420230955123902
30		20.430576400000064		2.1482932567596436		2.7306188034820558		1.2845040155410767		2.5690080310821535
31		20.280458400000043		2.2650039196014404		2.836143937988281		0.8863559361457825		1.772711872291565
32		20.518017300000338		2.163323402404785		2.747418242111206		0.8939634744644165		1.787926948928833
33		19.91010529999994		2.0732178688049316		2.650556503677368		1.4385458208084105		2.877091641616821
34		19.365719000000354		2.073030710220337		2.6511490488433838		0.8889742707252503		1.7779485414505005
35		19.615078700000595		2.1764659881591797		2.748125300445557		0.9123927780151367		1.8247855560302735
36		19.68414500000017		2.101179599761963		2.685788288536072		0.9531670705795288		1.9063341411590575
37		19.207096099999944		2.0015323162078857		2.5828597706604004		0.9008299429893494		1.8016598859786987
38		20.61183770000025		2.10898494720459		2.685651658668518		0.9042456912994384		1.8084913825988769
39		20.624947899999825		1.9920806884765625		2.5705736461639406		0.8851682733535766		1.7703365467071532
40		20.387097100000574		2.310880184173584		2.8853690412139894		0.8868384900093078		1.7736769800186156
41		20.668364299999666		1.9868077039718628		2.5726351377105714		0.887119011592865		1.77423802318573
42		20.449287399999776		1.9878727197647095		2.566412018623352		0.9233658735275269		1.8467317470550537
43		19.96768340000017		2.0988926887512207		2.668953727607727		0.8960241755485535		1.792048351097107
44		19.431886100000156		2.0535764694213867		2.6350468795776365		0.939000501537323		1.878001003074646
45		18.934486000000106		1.9964056015014648		2.582321816368103		0.8898612559318543		1.7797225118637086
46		19.182679300000018		2.344621419906616		2.9072193520736693		0.9025635212898254		1.8051270425796508
47		19.819035299999996		2.092153787612915		2.675058778266907		0.8859753293991088		1.7719506587982177
48		20.27388819999942		1.9466990232467651		2.5233596036911012		0.9260384436607361		1.8520768873214721
49		20.367535899999893		2.1147501468658447		2.695114274749756		0.8878015387535095		1.775603077507019
50		20.447006200000033		2.077390193939209		2.664727831687927		0.887794024848938		1.775588049697876
51		20.07133210000029		2.0094048976898193		2.5788785929107667		1.0899628958702088		2.1799257917404176
52		20.26400459999968		2.079108715057373		2.6631201278305054		0.8899154800415039		1.7798309600830078
53		20.00795879999987		1.9976754188537598		2.5783279658508302		0.8877655598640442		1.7755311197280883
54		19.982218499999362		2.363265037536621		2.909066301498413		0.8848090342521667		1.7696180685043335
55		19.13574360000075		2.0600552558898926		2.639763570251465		0.8947558610916138		1.7895117221832275
56		19.807894999999917		2.199427843093872		2.777173073425293		0.8954436926841736		1.7908873853683471
57		20.2803255000008		1.9411534070968628		2.5230171377944948		0.905150144481659		1.810300288963318
58		20.62207219999982		2.0717391967773438		2.645646920204163		0.9168656643867492		1.8337313287734984
59		20.528315900000052		2.0716922283172607		2.6517284840011595		0.9020210641860962		1.8040421283721924
60		20.06369309999991		1.9897693395614624		2.5663968045425416		0.9314875573158264		1.8629751146316529
61		19.936577899999975		1.9424501657485962		2.525538043785095		0.9619913610458374		1.9239827220916748
62		19.817380100000264		1.987008810043335		2.5765193757247924		1.0263665425300599		2.0527330850601198
63		18.958860800000366		2.064992666244507		2.64872873462677		0.889114731502533		1.778229463005066
64		19.083104599999388		2.013749599456787		2.5995797744750977		0.884836461353302		1.769672922706604
65		19.844383100000414		1.9912030696868896		2.579293988609314		0.9269435741424561		1.8538871482849122
66		19.994953899999928		2.0221426486968994		2.6077141736602782		0.9394997825622559		1.8789995651245117
67		20.563068500000554		2.171238899230957		2.7490032037734986		0.8975106258392334		1.7950212516784667
68		19.89978390000033		1.9937959909439087		2.579572625541687		0.9026620314598084		1.8053240629196168
69		20.19524890000048		2.094777822494507		2.6765993363571168		0.9687214116096496		1.9374428232192993
70		20.177790800000366		1.9591221809387207		2.549663600578308		0.9148765445709228		1.8297530891418456
71		19.489302000000862		2.1229493618011475		2.7025646928024294		0.8918855553627014		1.7837711107254028
72		19.739276600000267		1.9689759016036987		2.5489797885894774		0.8894886219978333		1.7789772439956666
73		18.565052500000093		2.153439998626709		2.722618071517944		0.8918282893180847		1.7836565786361693
74		19.996660599999814		1.9311870336532593		2.516980227127075		0.8890855204582214		1.7781710409164428
75		20.158200600000782		2.014220952987671		2.5960826054763793		1.0527133124351502		2.1054266248703004
76		20.59695169999941		2.0338504314422607		2.6237091483688353		0.9717446222305298		1.9434892444610596
77		20.343254100000195		2.0098445415496826		2.5959080535888672		0.9204620578765869		1.8409241157531737
78		19.972776200000226		2.05647611618042		2.6419089612960813		0.9126021052360535		1.825204210472107
79		20.51508620000004		2.058762550354004		2.643577949409485		0.9245741512298584		1.8491483024597168
80		19.526370800000223		2.00252103805542		2.580817413253784		0.8862730933189392		1.7725461866378784
81		19.323997999999847		1.9934260845184326		2.5796355661773682		0.8861717654228211		1.7723435308456421
82		18.933839799999987		1.9275362491607666		2.513904260139465		0.8920181423187256		1.7840362846374511
83		20.196259199999986		1.9618356227874756		2.547691539993286		1.0980628680229187		2.1961257360458375
84		20.735821600000236		1.9807709455490112		2.570331483039856		0.8918021045684814		1.7836042091369628
85		21.3169654000003		1.9730677604675293		2.5584354793930055		1.199941998386383		2.399883996772766
86		20.756207200000063		1.9663856029510498		2.5540056269836424		0.8863240721702575		1.772648144340515
87		21.136719600000106		2.0141634941101074		2.6007793334198		0.8903028928756714		1.7806057857513429
88		20.05921390000003		2.0354225635528564		2.6221162143707275		0.9651928460121155		1.930385692024231
89		19.61358409999957		1.9195111989974976		2.5045818732070924		0.922238625240326		1.844477250480652
90		19.490780000000086		2.0668888092041016		2.6583644916534426		0.927315741443634		1.854631482887268
91		18.85015370000019		1.8484896421432495		2.4364644143676757		0.8883706344604492		1.7767412689208983
92		20.059647699999914		2.008410930633545		2.5912756603622435		0.9138962491989135		1.827792498397827
93		19.94853039999998		1.9511052370071411		2.5315630571746826		0.8998288433074951		1.7996576866149903
94		20.539081900000383		1.933376669883728		2.5251096715927126		0.886425156879425		1.77285031375885
95		20.56594099999984		2.0080373287200928		2.5861036907577515		0.8876792073249817		1.7753584146499635
96		20.354150000000118		1.9030882120132446		2.484988184700012		0.918614484500885		1.83722896900177
97		20.799707000000126		1.9188541173934937		2.5090778550720216		1.135040098953247		2.270080197906494
98		19.49904830000014		1.9648343324661255		2.552651140708923		0.9264598093986511		1.8529196187973023
99		19.382240200000524		1.928725004196167		2.5147997677612306		0.89005861120224		1.78011722240448
100		19.16957150000053		1.9481197595596313		2.536720863838196		0.9269156401634217		1.8538312803268433
101		19.564891900000475		1.8934381008148193		2.4860715934753417		0.8881846508026123		1.7763693016052247
102		20.612965799999984		1.8875985145568848		2.4746236582183836		0.8894015108108521		1.7788030216217041
103		20.29877420000048		1.981202483177185		2.569787054862976		0.9090141339302062		1.8180282678604125
104		20.45932089999951		1.8746671676635742		2.4653492449951173		0.8876519774436951		1.7753039548873901
105		20.469433199999912		2.028343439102173		2.6197342153930663		0.9086737688064576		1.8173475376129151
106		19.46055080000042		1.9355777502059937		2.528548740196228		0.9003119717597962		1.8006239435195923
107		19.248620299999857		2.14609956741333		2.7278914099502565		0.9428885738372803		1.8857771476745606
108		19.226395200000297		1.8417673110961914		2.426869115600586		0.9697380068778991		1.9394760137557983
109		18.749130799999875		1.8990823030471802		2.4856799668121337		0.8956492383956909		1.7912984767913818
110		20.62371329999951		1.9565396308898926		2.539493513946533		0.9020333950042725		1.804066790008545
111		20.47821610000028		1.964840054512024		2.5554888118743895		0.8907296315193176		1.7814592630386352
112		20.70124130000022		1.8516253232955933		2.4379473065948485		0.9009525241851807		1.8019050483703614
113		20.860770899999807		1.9541932344436646		2.5461709005355835		0.8873919032096863		1.7747838064193726
114		20.960111399999732		1.8535715341567993		2.443397705230713		0.9406596726417541		1.8813193452835082
115		20.77826449999975		1.9387720823287964		2.5273736487579344		0.8879590958595276		1.7759181917190552
116		20.904494800000066		1.8501043319702148		2.4406226344299315		0.9433185538291932		1.8866371076583863
117		20.902358800000002		1.8647104501724243		2.4469194064712525		0.8878891574859619		1.7757783149719237
118		21.10313000000042		1.9459431171417236		2.530227190055847		0.8881534378051757		1.7763068756103515
119		21.03080619999946		1.9707887172698975		2.5647245134353636		0.9644311755180359		1.9288623510360718
120		20.740193099999487		1.862942099571228		2.44961701210022		0.8973936222076416		1.7947872444152833
121		20.753225500000553		1.878542423248291		2.4634600884246827		0.8970283821105957		1.7940567642211913
122		20.656018000000586		1.8774665594100952		2.4653989378356935		0.9005998125076294		1.8011996250152589
123		20.862019499999406		1.8711193799972534		2.4574500105285644		0.8885467555046082		1.7770935110092163
124		20.835380200000145		1.9063186645507812		2.5011961866378782		0.9458257823944092		1.8916515647888184
125		20.6207273		1.9560831785202026		2.541540690956116		0.888688607597351		1.777377215194702
126		20.92644569999993		1.8672173023223877		2.452643090286255		0.8907814235687256		1.7815628471374512
127		21.012230600000294		1.8935909271240234		2.4797715480422973		0.898597883605957		1.797195767211914
128		20.657048799999757		1.8710846900939941		2.4649707239151		0.8920776921272278		1.7841553842544555
129		20.63059080000039		1.8695932626724243		2.4585950995254517		0.9400853566169739		1.8801707132339478
130		21.507570199999464		1.8324733972549438		2.4199110688781738		1.405584085083008		2.811168170166016
131		21.231488200000058		1.8534152507781982		2.440077414588928		0.8987032559394836		1.7974065118789673
132		22.982331799999884		1.940286636352539		2.5332850455856324		0.8900309126853942		1.7800618253707885
133		22.87549130000025		1.8196834325790405		2.4040181545639037		0.8899528572082519		1.7799057144165038
134		23.109257299999626		1.8634816408157349		2.453840798110962		0.9423315881729126		1.8846631763458253
135		22.93674050000027		1.8735997676849365		2.465958413581848		0.8896278728485107		1.7792557456970215
136		23.152362099999664		1.8680752515792847		2.4586434769058227		0.8892447790145874		1.7784895580291749
137		23.24636770000052		1.8320212364196777		2.419881097946167		0.892184986782074		1.784369973564148
138		23.601802000000134		1.8423689603805542		2.42960931224823		0.8845209788322449		1.7690419576644898
139		23.45803309999974		1.8902127742767334		2.4825914237213134		0.9160942764282226		1.8321885528564452
140		23.718618200000492		1.8465615510940552		2.4344701683425902		0.8889179611206055		1.777835922241211
141		23.38721390000046		1.826812505722046		2.4146991207122803		0.8886677061080933		1.7773354122161866
142		23.539120000000366		1.8641753196716309		2.4527165060043337		0.8939590794563294		1.7879181589126587
143		23.47399580000001		1.8413664102554321		2.431228681793213		0.8882344413757324		1.7764688827514648
144		23.270177700000204		1.8687083721160889		2.4549135018539427		0.8909839057922363		1.7819678115844726
145		23.148666900000535		1.852529764175415		2.4380720000457763		0.889500499534607		1.779000999069214
146		23.572389700000713		1.868263602256775		2.458709116477966		0.8929456718444824		1.7858913436889647
147		23.71919650000018		1.8353625535964966		2.4230048947906493		0.9278677479743958		1.8557354959487915
148		23.23477439999988		1.819906234741211		2.406893233299255		0.8895486307144165		1.779097261428833
149		23.0085095000004		1.8305349349975586		2.420172089691162		0.8885145693778992		1.7770291387557984
150		20.629460999999537		1.8236792087554932		2.407949130897522		0.8863407154083252		1.7726814308166503
151		23.414182000000437		1.8708382844924927		2.461271792831421		0.8940402856826782		1.7880805713653565
152		23.88741250000021		1.806935429573059		2.3930405606079104		0.895205819606781		1.790411639213562
153		23.66074800000024		1.8730274438858032		2.466280619354248		0.8858122868537903		1.7716245737075806
154		23.80268570000044		1.8498258590698242		2.440388096847534		1.0279804203987122		2.0559608407974244
155		20.3694102999998		1.8144567012786865		2.3992669911956788		0.8965943806648254		1.7931887613296509
156		19.002673900000445		1.815262794494629		2.4028903118133544		0.8897084984779358		1.7794169969558715
157		18.30858570000055		1.8272123336791992		2.412622833366394		0.8923277024269104		1.7846554048538208
158		18.397540500000105		1.8388980627059937		2.428243165130615		0.9050977088928223		1.8101954177856445
159		18.556089199999406		1.8116486072540283		2.3966282177734377		0.9192051483154297		1.8384102966308593
160		19.072774400000526		1.821667194366455		2.4073386490631106		0.8906798589706421		1.7813597179412841
161		19.423398599999928		1.818219542503357		2.404642339439392		0.893704846572876		1.787409693145752
162		20.831092599999465		1.8193721771240234		2.4050603774261474		0.8896277995109558		1.7792555990219117
163		19.815149300000485		1.7974659204483032		2.3841567720413206		0.9059903613090515		1.811980722618103
164		20.02239069999996		1.7896595001220703		2.374978518676758		0.8892380060195922		1.7784760120391845
165		19.97319560000051		1.8348709344863892		2.418306371536255		0.888618867301941		1.777237734603882
166		18.629059099999722		1.8189979791641235		2.4093950426101682		0.9297383903503418		1.8594767807006836
167		18.863080799999807		1.796988606452942		2.3830171908569335		0.8892024441719055		1.778404888343811
168		19.681346200000007		1.8376771211624146		2.4238670219039915		0.9180301921844483		1.8360603843688965
169		20.94382729999961		1.799039363861084		2.3836361491394045		0.9179578284263611		1.8359156568527222
170		21.045716899999206		1.8157281875610352		2.4004701795959473		0.9454890649795532		1.8909781299591064
171		20.924017499999536		1.8353716135025024		2.424851669998169		0.8990009745597839		1.7980019491195678
172		20.730519699999604		1.7968469858169556		2.3818575805282594		0.8939475937843323		1.7878951875686646
173		20.67058900000029		1.7975242137908936		2.3856535830688474		0.8901395506858826		1.7802791013717651
174		20.792093000000023		1.7918248176574707		2.3774711947250364		0.8951366327285767		1.7902732654571534
175		20.672577100000126		1.809710144996643		2.396373528137207		0.8937528857231141		1.7875057714462281
176		20.889567899999747		1.7892611026763916		2.374339875564575		0.9355155728340149		1.8710311456680297
177		20.757332500000302		1.7955988645553589		2.3840284051513674		0.8915370086669921		1.7830740173339843
178		20.747473999999784		1.8041608333587646		2.3903025093078614		0.9168085171699524		1.8336170343399047
179		20.674706899999364		1.7854225635528564		2.370823026847839		0.8889395933151245		1.777879186630249
180		20.8042889999997		1.7885990142822266		2.372656974334717		0.8894473873138428		1.7788947746276855
181		20.812328200000593		1.793430209159851		2.375036859512329		0.8912359446525574		1.7824718893051148
182		20.62777189999997		1.8019894361495972		2.386973144683838		0.8947622805595398		1.7895245611190795
183		20.890182400000413		1.7881892919540405		2.3704491816711424		0.8967494495391846		1.7934988990783691
184		20.831571599999734		1.7963480949401855		2.3782048302459717		0.8907005061149598		1.7814010122299195
185		21.04993000000013		1.7838168144226074		2.3679327277755737		0.8963111709594727		1.7926223419189453
186		20.675225599999976		1.7811262607574463		2.3668876471328737		0.8899685216903687		1.7799370433807373
187		21.039540599999782		1.786644458770752		2.370851103591919		0.8917266058921814		1.783453211784363
188		20.8161755000001		1.7760738134384155		2.362741805076599		0.9111780358314514		1.8223560716629028
189		20.743551400000797		1.7918028831481934		2.3761786286926267		0.8887503554344177		1.7775007108688354
190		20.93819800000074		1.7819302082061768		2.3677406134414674		0.8905693194389344		1.7811386388778687
191		20.92843510000057		1.7682955265045166		2.3500652739334105		0.8985782910346984		1.7971565820693969
192		21.38559989999976		1.7846996784210205		2.3708431829833985		0.8915024572372436		1.7830049144744873
193		20.982441799999833		1.7764946222305298		2.3589890647888185		0.8912981078147888		1.7825962156295776
194		21.17485469999974		1.78605318069458		2.3723141597747803		0.9126878749847412		1.8253757499694825
195		20.698217199999817		1.7833497524261475		2.3694622927856446		0.8940966796875		1.788193359375
196		20.73947869999938		1.776169776916504		2.3623124111175535		0.8931534683227539		1.7863069366455078
197		20.57004870000037		1.7769460678100586		2.362138580818176		0.8902472062110901		1.7804944124221802
198		21.006676799999696		1.7875611782073975		2.3742038026046752		0.8906656526565552		1.7813313053131103
199		21.0695738000004		1.7746312618255615		2.3587573567581175		0.8941063138961792		1.7882126277923585
200		20.804489100000865		1.7752504348754883		2.3571512378311157		0.8912672818183899		1.7825345636367798
201		20.72921580000002		1.7808449268341064		2.3607302949905398		0.8890507294654846		1.7781014589309692
202		20.77168249999977		1.771161675453186		2.353619626426697		0.893749336719513		1.787498673439026
203		21.18689749999976		1.7733923196792603		2.3545389196014406		0.8906013935089111		1.7812027870178222
204		20.877857700000277		1.7736237049102783		2.355967706489563		0.8940497110366822		1.7880994220733644
205		20.714892200000577		1.7770692110061646		2.359587894859314		0.8913562489509582		1.7827124979019164
206		20.564449699999386		1.776911973953247		2.3618676324462893		0.8911088049888611		1.7822176099777223
207		20.80357879999974		1.7687333822250366		2.3525723477554323		0.8918299963951111		1.7836599927902221
208		20.761631400000624		1.7726702690124512		2.3537966876983645		0.8913952157974243		1.7827904315948486
209		20.934907400000156		1.776635766029358		2.3631492472076414		0.8919013733863831		1.7838027467727662
210		20.870198900000105		1.7682971954345703		2.351194317855835		0.9077072164535522		1.8154144329071045
211		23.42961110000033		1.7781933546066284		2.360351675720215		0.8932764601707458		1.7865529203414916
212		21.44604160000017		1.7750825881958008		2.358391249923706		0.8930732877731323		1.7861465755462647
213		20.909402000000227		1.7718944549560547		2.3522474812316894		0.8942952938079834		1.788590587615967
214		20.781347399999504		1.7658337354660034		2.3478161128234865		0.8910121994972229		1.7820243989944458
215		20.65218240000013		1.7787249088287354		2.3601480836868287		0.8922180798530579		1.7844361597061158
216		20.771724000000177		1.7688086032867432		2.349220995979309		0.9015674445152283		1.8031348890304566
217		20.728121600000122		1.7745335102081299		2.359549566574097		0.8923693647384644		1.7847387294769288
218		20.76348380000036		1.7655075788497925		2.3432963901519774		0.8921063168525696		1.7842126337051392
219		20.987365500000124		1.768380880355835		2.353743683891296		0.8918923792839051		1.7837847585678102
220		20.859485799999675		1.7670282125473022		2.34824076751709		0.8920684184074402		1.7841368368148804
221		20.932791299999735		1.7660298347473145		2.345495359039307		0.8921827319145202		1.7843654638290405
222		20.734733500000402		1.7708097696304321		2.353428478164673		0.8925309253692627		1.7850618507385254
223		20.590738099999726		1.7677102088928223		2.3513426139831544		0.8922599111557007		1.7845198223114014
224		20.720273999999336		1.7683275938034058		2.3511534588623046		0.8923473837852478		1.7846947675704956
225		21.117911999999706		1.7619078159332275		2.3442237620544435		0.8920983657836914		1.7841967315673828
226		20.84222139999929		1.765506386756897		2.347450954475403		0.8923880807876587		1.7847761615753175
227		21.000314799999614		1.7634146213531494		2.3460805033111574		0.8919140273094177		1.7838280546188354
228		20.91039069999988		1.7656433582305908		2.3462368627548216		0.8925123048782349		1.7850246097564697
229		20.94035679999979		1.7674758434295654		2.346823635139465		0.8918689841270446		1.7837379682540893
230		21.029042900000604		1.7628241777420044		2.342668690948486		0.8923232580184937		1.7846465160369873
231		20.920272100000147		1.7643088102340698		2.3481591498947143		0.8919009197235107		1.7838018394470214
232		20.99207590000151		1.766548752784729		2.348410914840698		0.8922430718421936		1.7844861436843873
233		20.392222200000106		1.7608131170272827		2.340755230102539		0.8926133804321289		1.7852267608642578
234		21.84660619999886		1.7641215324401855		2.3459648903656007		0.8926889795303344		1.7853779590606689
235		22.04478030000064		1.764609694480896		2.3476421866226196		0.8922411909103394		1.7844823818206788
236		21.266493299999638		1.76372230052948		2.345623345451355		0.8923828566551208		1.7847657133102417
237		21.266487099999722		1.7630571126937866		2.3418994549179075		0.8922694036483765		1.784538807296753
238		21.089405400000032		1.7651947736740112		2.348868076210022		0.8925742540359497		1.7851485080718994
239		21.95108170000094		1.7669018507003784		2.3493702773284912		0.8927181723594666		1.7854363447189332
240		23.128427999999985		1.7622829675674438		2.3431925037765504		0.8924089946746826		1.7848179893493652
241		21.226139200000034		1.768008828163147		2.350060261116028		0.8925598317146302		1.7851196634292603
242		20.645638199999667		1.7631529569625854		2.3454345177841187		0.892544943523407		1.785089887046814
243		21.033930700001292		1.7687809467315674		2.3502943645477297		0.8924203139305115		1.784840627861023
244		20.654725000000326		1.7640935182571411		2.3429156327819824		0.8925528432846069		1.7851056865692139
245		20.93011739999929		1.7674846649169922		2.3492556183242796		0.8924658744812012		1.7849317489624024
246		20.914546500000142		1.7641366720199585		2.348149286651611		0.8924672541618347		1.7849345083236694
247		20.64495790000001		1.7646454572677612		2.34497203414917		0.8924588764190674		1.7849177528381348
248		20.817093799998474		1.7655572891235352		2.348335193595886		0.8924590287208557		1.7849180574417114
249		20.823706899998797		1.7674883604049683		2.347031566696167		0.8924640330314636		1.7849280660629272