Epoch	Duration				Loss Step Train			Loss Full Train			Loss Step Test			Loss Full Test
0		30.381143300000076		21.435087203979492		22.813861864852907		1.6527797618865967		3.3055595237731934
1		28.376027499999964		17.469736099243164		17.920319081878663		2.025746848678589		4.051493697357178
2		27.787952000000132		13.578947067260742		13.689660766220094		1.2115980472564698		2.4231960945129396
3		28.25802939999994		18.51282501220703		17.814973720817566		1.1085497354507445		2.217099470901489
4		28.244702799999914		18.082775115966797		17.948143265304566		1.6214848861694335		3.242969772338867
5		28.15630659999988		18.57215690612793		18.224520461425783		1.139300026512146		2.278600053024292
6		28.82717600000001		14.63925838470459		13.78769780467987		1.294705827331543		2.589411654663086
7		28.654621800000086		15.928633689880371		15.27050711517334		1.046401607322693		2.092803214645386
8		28.05191609999997		23.539669036865234		30.2055865574646		0.9748003673553467		1.9496007347106934
9		28.192934100000002		14.680058479309082		20.74280248851776		0.9118433611869812		1.8236867223739623
10		28.165961000000152		3.9361515045166016		5.889025484161377		0.9779451941490174		1.9558903882980347
11		27.990713400000004		2.7452609539031982		3.9874204837036133		1.1850698513031006		2.370139702606201
12		28.410558400000127		2.6673312187194824		3.7453904041671753		0.9780370042800903		1.9560740085601807
13		28.51723599999991		2.385737895965576		3.237124272994995		0.8318921511650086		1.6637843023300172
14		28.317133400000102		2.1341121196746826		2.8405309450912477		0.8343817280769348		1.6687634561538696
15		28.82790870000008		2.0658795833587646		2.6860320780944824		0.794645446395874		1.589290892791748
16		27.24380650000012		1.926969289779663		2.4963364901351928		0.7949200416564941		1.5898400833129882
17		27.829026000000113		1.812984585762024		2.3250811154937745		0.7673938650131226		1.5347877300262451
18		27.486800700000003		1.7734726667404175		2.2586666828536988		0.7527935625076294		1.5055871250152588
19		28.13535449999995		1.6832035779953003		2.1522074713134765		0.7282347643375396		1.4564695286750793
20		28.03545509999981		1.6775600910186768		2.1373353185272217		0.7477573208332062		1.4955146416664125
21		28.855351100000007		1.7183117866516113		2.175481600112915		0.7192854418277741		1.4385708836555482
22		29.00299360000008		1.6259092092514038		2.07624201335907		0.7347689030170441		1.4695378060340882
23		29.46699710000007		1.5942118167877197		2.0416954692840577		0.7737078947067261		1.5474157894134521
24		27.72129989999985		1.593817114830017		2.0363156726455687		0.6815911043167114		1.3631822086334229
25		26.305301199999803		1.6601704359054565		2.101068214607239		0.7120722895145416		1.4241445790290832
26		26.492083500000035		1.5741432905197144		2.015921149597168		0.6967589535236358		1.3935179070472716
27		25.96573169999988		1.5367321968078613		1.972381707725525		0.7713696857452392		1.5427393714904785
28		26.10060640000006		1.606755256652832		2.0422258430862428		0.666017410326004		1.332034820652008
29		26.143619100000024		1.5666849613189697		2.0003489197158815		0.8247562020301819		1.6495124040603637
30		26.1865343999998		1.5761460065841675		2.012098403511047		0.8792719924449921		1.7585439848899842
31		26.217316299999993		1.5978585481643677		2.030268433380127		0.6533831408977508		1.3067662817955017
32		26.125916599999982		1.4890154600143433		1.9210413341522217		0.6564803151607513		1.3129606303215027
33		26.20408129999987		1.5869423151016235		2.0125735738754273		0.7077648210048676		1.4155296420097352
34		26.08573760000013		1.4596341848373413		1.888898170852661		0.6402122698307038		1.2804245396614076
35		26.115155000000186		1.5106614828109741		1.9380955992507936		0.6639840163707733		1.3279680327415466
36		26.299488199999814		1.539853811264038		1.9631813073730469		0.6848764007091522		1.3697528014183045
37		26.32929869999998		1.5042885541915894		1.9317015980148315		0.6395287631511688		1.2790575263023376
38		26.410120800000186		1.5137174129486084		1.9402546544265746		0.6300171394824982		1.2600342789649963
39		26.3802897999999		1.5329991579055786		1.95373300075531		0.6333978126525879		1.2667956253051758
40		26.363828300000023		1.5152727365493774		1.936842981300354		0.6259048959255219		1.2518097918510438
41		25.85061689999975		1.6022197008132935		2.025929251060486		0.623213239955902		1.246426479911804
42		26.066547899999932		1.4414713382720947		1.8650813465499878		0.6323030642032623		1.2646061284065246
43		26.116729999999734		1.5369185209274292		1.9515118352890015		0.6560034445285797		1.3120068890571595
44		26.285354799999823		1.4229782819747925		1.8469419318008422		0.6205481560707092		1.2410963121414185
45		26.380685699999958		1.4918835163116455		1.911389407634735		0.6154499916553497		1.2308999833106995
46		26.33805110000003		1.4854075908660889		1.9057797016525269		0.6056747263908386		1.2113494527816773
47		26.17244269999992		1.5075405836105347		1.9262343867111207		0.6050367203235626		1.2100734406471252
48		25.730573899999854		1.467855453491211		1.886727509021759		0.6262598192214965		1.252519638442993
49		25.900526399999762		1.4315968751907349		1.8511919384002686		0.5980896719932556		1.1961793439865112
50		26.19997450000028		1.533027172088623		1.9517054629898072		0.6000285255908966		1.2000570511817932
51		26.347017499999765		1.4133480787277222		1.8323748096084596		0.6477733445644379		1.2955466891288758
52		26.10004089999984		1.4778729677200317		1.8969718720054627		0.6261261164188385		1.252252232837677
53		26.226312600000256		1.4424107074737549		1.8585978007698059		0.5886358685016632		1.1772717370033263
54		25.82934840000007		1.438475489616394		1.8539226915740967		0.586608499956131		1.173216999912262
55		26.10037000000011		1.4181909561157227		1.8335713439941406		0.7153407824039459		1.4306815648078919
56		26.395705200000066		1.4289805889129639		1.8463752845191956		0.5984322358131409		1.1968644716262817
57		26.24178660000007		1.4531621932983398		1.8677541626167298		0.6240305440425873		1.2480610880851746
58		26.39149210000005		1.4408066272735596		1.850526548805237		0.5808062962532043		1.1616125925064087
59		26.197206800000004		1.4807590246200562		1.8942163249588013		0.5919162803173065		1.183832560634613
60		26.35010179999972		1.3943755626678467		1.808885569267273		0.5791337385177612		1.1582674770355224
61		26.234862199999952		1.4246870279312134		1.8392110927772523		0.6047859008312225		1.209571801662445
62		26.02498519999972		1.4325215816497803		1.845138695602417		0.6599759475708008		1.3199518951416016
63		26.21006810000017		1.3893142938613892		1.8041696395683289		0.642079276895523		1.284158553791046
64		26.350080799999887		1.4049955606460571		1.8149276267433168		0.5677256349086761		1.1354512698173522
65		26.682682900000145		1.3720662593841553		1.78586231716156		0.5841579699516296		1.1683159399032592
66		26.412033800000245		1.5171396732330322		1.927540589389801		0.612114256477356		1.224228512954712
67		26.380505600000106		1.4109941720962524		1.823014290084839		0.5715249532699584		1.143049906539917
68		26.318004899999778		1.4099979400634766		1.8222900541114808		0.5796494003295899		1.1592988006591798
69		26.522358300000178		1.3759489059448242		1.7849472332382201		0.6529955644607544		1.3059911289215087
70		26.230147500000385		1.4276922941207886		1.8409331547355652		0.6143511139392853		1.2287022278785706
71		26.514870999999857		1.3747482299804688		1.7842133896636962		0.5720860418319702		1.1441720836639404
72		26.467131399999744		1.4684001207351685		1.8758981553649903		0.5696139829158783		1.1392279658317566
73		26.344646300000022		1.3992496728897095		1.8036477013587953		0.5569767169475556		1.1139534338951111
74		26.244430500000362		1.4376994371414185		1.8458327033805848		0.5796490071773529		1.1592980143547058
75		26.002850899999885		1.361089825630188		1.772524967842102		0.5701495331287384		1.1402990662574768
76		26.06158860000005		1.3671802282333374		1.7770347987937927		0.6543493616580963		1.3086987233161926
77		26.14870020000035		1.4013859033584595		1.8107992302703857		0.5753663978099823		1.1507327956199647
78		26.32754150000028		1.3873943090438843		1.7969326455497743		0.5514259936332703		1.1028519872665405
79		26.237122100000306		1.3518835306167603		1.762521303138733		0.8594024230003356		1.7188048460006713
80		26.545958100000007		1.4105632305145264		1.8165898223495482		0.55589645986557		1.11179291973114
81		26.406383900000037		1.3969812393188477		1.8079328780937194		0.5494733877182006		1.0989467754364013
82		26.347268600000007		1.3424346446990967		1.7494402499580384		0.7066330680370331		1.4132661360740661
83		26.404240100000152		1.3698034286499023		1.7794353659439086		0.7389218681335449		1.4778437362670898
84		26.44068870000001		1.3517764806747437		1.7617383268165587		0.5484438555240632		1.0968877110481263
85		26.523717300000044		1.4036142826080322		1.8056688452911378		0.5973253551483154		1.1946507102966308
86		26.354411100000107		1.4119380712509155		1.8200306423950194		0.5557766901969909		1.1115533803939819
87		26.54078649999974		1.4073331356048584		1.8140280075836182		0.5474877223491669		1.0949754446983337
88		26.35535400000026		1.3582009077072144		1.7620657494354248		0.6328148469448089		1.2656296938896179
89		25.80313359999991		1.3931528329849243		1.8000232194137573		0.5809081248283386		1.1618162496566773
90		26.480803899999955		1.3512262105941772		1.7592024708938598		0.5572160315513611		1.1144320631027222
91		26.511715900000127		1.304154634475708		1.710838137512207		0.540572351694107		1.081144703388214
92		26.597658799999863		1.3235822916030884		1.7297434685707092		0.5686217791557312		1.1372435583114624
93		26.335200099999838		1.3687528371810913		1.7714261323547362		0.5527268999576569		1.1054537999153138
94		26.40811169999961		1.3376843929290771		1.743185060634613		0.539559218454361		1.079118436908722
95		26.356772199999796		1.4054232835769653		1.8076935986709595		0.5361034814357758		1.0722069628715516
96		26.302151100000174		1.297152042388916		1.7030664973449707		0.5415232862949372		1.0830465725898744
97		26.335194499999943		1.3178863525390625		1.7225619272994994		0.5534071434497834		1.1068142868995667
98		26.7959793		1.3137824535369873		1.7193547991752625		0.5896144880771637		1.1792289761543273
99		26.5341027999998		1.3386701345443726		1.741673894844055		0.5360052074909211		1.0720104149818421
100		26.31960509999999		1.3180491924285889		1.7231366834068298		0.5584157988548278		1.1168315977096557
101		26.02646249999998		1.2999306917190552		1.706133130607605		0.5346747666358947		1.0693495332717895
102		27.333590900000218		1.3018132448196411		1.7051440704917908		0.5681419597148896		1.1362839194297791
103		28.03685889999997		1.32371187210083		1.73040179063797		0.5352238961219787		1.0704477922439575
104		28.21041349999996		1.2828654050827026		1.688116751499176		0.5338507315158844		1.0677014630317687
105		28.01486840000007		1.3382238149642944		1.7443562556076049		0.5875918384075165		1.175183676815033
106		27.636745299999802		1.3127979040145874		1.719888655014038		0.5377656658172607		1.0755313316345214
107		27.739144900000156		1.3395261764526367		1.7452463263320923		0.5351994448184967		1.0703988896369934
108		27.728873099999873		1.299489140510559		1.7047095332145692		0.5363577706813812		1.0727155413627625
109		27.68555649999962		1.2893671989440918		1.6943833420181273		0.5286680325508117		1.0573360651016235
110		27.706579000000147		1.2829911708831787		1.6857209700393676		0.5306322557449341		1.0612645114898682
111		25.72913619999963		1.2969986200332642		1.700926687602997		0.5308256842136383		1.0616513684272766
112		27.57849539999961		1.3133796453475952		1.7173954341506958		0.5616410506725311		1.1232821013450622
113		27.834906899999623		1.3379713296890259		1.7434614970970155		0.569857955121994		1.139715910243988
114		27.504664400000365		1.2927625179290771		1.6968844359970092		0.5517714440822601		1.1035428881645202
115		27.45882410000013		1.2734438180923462		1.6785880624961853		0.5275435933589935		1.055087186717987
116		27.401470799999515		1.2907687425613403		1.6953728346061707		0.5674710918426513		1.1349421836853026
117		27.406507700000475		1.284571647644043		1.6888369415473938		0.5299998363494873		1.0599996726989747
118		27.31094949999988		1.2862269878387451		1.6876637928771974		0.5222870978355407		1.0445741956710815
119		27.49770609999996		1.3216898441314697		1.7280633679580688		0.5383699699401856		1.0767399398803712
120		27.33651490000011		1.2597564458847046		1.6624002871513366		0.5308059973239899		1.0616119946479798
121		26.291680299999825		1.288978934288025		1.6922344245529175		0.5304546751022339		1.0609093502044677
122		26.402929900000345		1.2922639846801758		1.6959369962501525		0.5235388618946075		1.047077723789215
123		26.48318300000028		1.2546989917755127		1.659550108089447		0.5232953374385834		1.0465906748771667
124		26.272829499999716		1.2886043787002563		1.6912544096755981		0.5904766383171082		1.1809532766342163
125		26.52096099999926		1.2790874242782593		1.6821955987358093		0.5191291512966156		1.0382583025932313
126		26.613955400000123		1.260741949081421		1.6651247152137756		0.5194150910377503		1.0388301820755006
127		26.188071199999285		1.2658449411392212		1.6702843885612488		0.5336371243953705		1.067274248790741
128		26.241915999999947		1.278700828552246		1.68494823513031		0.5307943447589875		1.061588689517975
129		25.857681200000115		1.2666254043579102		1.6725231834602357		0.5609921823978424		1.1219843647956849
130		26.44855120000011		1.2395823001861572		1.6436470820999145		0.91081499710083		1.82162999420166
131		26.21013789999961		1.2616169452667236		1.6647922331428529		0.5159944427967071		1.0319888855934143
132		26.381901800000378		1.2800322771072388		1.684231096611023		0.5199932639122009		1.0399865278244018
133		26.397561899999346		1.2622945308685303		1.665364790802002		0.5160449942111969		1.0320899884223937
134		26.3185440999996		1.264284372329712		1.6673203781700134		0.5619554468631744		1.123910893726349
135		26.529977499999404		1.265203595161438		1.6705460474586487		0.5145705090999604		1.0291410181999208
136		26.468485899999905		1.266807198524475		1.6714817429733277		0.5234225852489471		1.0468451704978943
137		26.59558619999916		1.245134711265564		1.6481281227874756		0.5195506263256073		1.0391012526512147
138		26.644607199999882		1.2742631435394287		1.6777741189193724		0.5308574689388275		1.061714937877655
139		26.754564599999867		1.2454237937927246		1.649179110546112		0.5297026339054107		1.0594052678108214
140		26.586075999999593		1.249354362487793		1.6518085696220397		0.5167216594219208		1.0334433188438417
141		26.525581200000488		1.2724868059158325		1.675653649559021		0.5136111806869507		1.0272223613739013
142		26.22040930000003		1.240752100944519		1.644031809902191		0.5116356373310089		1.0232712746620178
143		26.2526969999999		1.2413090467453003		1.642700617198944		0.5110760921478271		1.0221521842956542
144		27.770300099999986		1.250174880027771		1.653858009300232		0.5121339005470276		1.0242678010940551
145		28.214142700000593		1.237342357635498		1.6399604372406005		0.5174976119995117		1.0349952239990234
146		27.41339489999973		1.246848464012146		1.650367303161621		0.5154726783275604		1.0309453566551208
147		27.75549079999928		1.226763129234314		1.6293460494804382		0.5497527858734131		1.0995055717468263
148		28.920380399999885		1.2343981266021729		1.6374471397781372		0.5119520492553711		1.0239040985107422
149		27.970573599999625		1.2394777536392212		1.6421613210868835		0.5081261489868164		1.0162522979736328
150		28.46910310000021		1.2430164813995361		1.6456863074684143		0.5178602344989777		1.0357204689979553
151		28.39918620000026		1.2307937145233154		1.634454924030304		0.5104378299236297		1.0208756598472595
152		28.244656699999723		1.2200281620025635		1.623729119796753		0.5222196103096008		1.0444392206192017
153		28.272302800000034		1.2498013973236084		1.6537492812728882		0.5071460288524627		1.0142920577049255
154		28.111064599999736		1.2357171773910522		1.6402415963363648		0.5585069819450379		1.1170139638900758
155		27.836507700000766		1.2272858619689941		1.6300993308258056		0.523378196144104		1.046756392288208
156		27.778233699999873		1.2149266004562378		1.6185926847267151		0.5029059763431549		1.0058119526863099
157		28.111497599999893		1.2094477415084839		1.6132378326797485		0.5076283971786499		1.0152567943572999
158		28.25318480000078		1.2359868288040161		1.6389183975028991		0.5280139612674714		1.0560279225349427
159		27.801835299999766		1.2151073217391968		1.617653739566803		0.5029364434719086		1.0058728869438172
160		26.960689800000182		1.2032344341278076		1.6055349257659912		0.5001546317577362		1.0003092635154724
161		28.51873269999942		1.2196468114852905		1.6209194253349304		0.5024554343700409		1.0049108687400818
162		28.757706899999903		1.2105598449707031		1.6125562754631042		0.5013265419483185		1.002653083896637
163		30.737868000000162		1.1985028982162476		1.5999673295211791		0.5105486557483673		1.0210973114967345
164		26.055048300000635		1.2077012062072754		1.6092945091438293		0.4984973854541779		0.9969947709083558
165		26.33120660000077		1.2102656364440918		1.6119990217208862		0.49759372658729556		0.9951874531745911
166		28.6373094999999		1.2117048501968384		1.613792106742859		0.5003676711797714		1.0007353423595429
167		28.375519499999427		1.1942129135131836		1.5951852404594422		0.4967076542854309		0.9934153085708618
168		28.040246800000205		1.219627857208252		1.6215661846351623		0.5266237061023712		1.0532474122047424
169		29.103062599999248		1.191802740097046		1.5940547199249269		0.4985401187181473		0.9970802374362946
170		28.77353049999965		1.2035024166107178		1.603896583995819		0.5031632648468017		1.0063265296936035
171		28.50435000000016		1.2019668817520142		1.603493947982788		0.5089210020303726		1.0178420040607452
172		28.5426637999999		1.1937962770462036		1.595110566959381		0.513907706451416		1.027815412902832
173		28.651024300000245		1.1987143754959106		1.5991582564926148		0.5000169192552566		1.0000338385105132
174		28.57143520000045		1.1891725063323975		1.5899629061508178		0.49583141784667967		0.9916628356933593
175		28.64224540000032		1.19194757938385		1.5938305142593383		0.49554099993705747		0.9910819998741149
176		28.56070069999987		1.1928858757019043		1.5941828707504273		0.5146945328235626		1.0293890656471252
177		28.583368800000244		1.1939507722854614		1.5954786246299744		0.49614314789772035		0.9922862957954407
178		28.434801600000355		1.1996785402297974		1.5998118959236145		0.4945622704982758		0.9891245409965516
179		28.379840000000513		1.1849929094314575		1.5856865565681457		0.4942172164916992		0.9884344329833984
180		28.65165220000017		1.1855641603469849		1.5853848734283447		0.49246965167522433		0.9849393033504487
181		28.63085299999966		1.185847282409668		1.583439343585968		0.49276155569553376		0.9855231113910675
182		28.712276799999927		1.1877446174621582		1.5871065158843993		0.49239389300346376		0.9847877860069275
183		28.810421200000746		1.1817418336868286		1.5794055835342407		0.4923764253139496		0.9847528506278992
184		28.678093099999387		1.185373067855835		1.5838531715965272		0.4916665986776352		0.9833331973552704
185		28.78710510000019		1.1832852363586426		1.5830341240310668		0.4924312666416168		0.9848625332832336
186		28.407513199999812		1.179405927658081		1.578424657497406		0.49101584944725035		0.9820316988945007
187		28.201639599999908		1.1828397512435913		1.582572393913269		0.49891784162521363		0.9978356832504273
188		27.906894799999463		1.1798820495605469		1.5797816932868958		0.5082957585811615		1.016591517162323
189		28.474738800000523		1.17431640625		1.5747093550300597		0.4906982226133347		0.9813964452266694
190		29.1599025000005		1.17200767993927		1.5692919112014772		0.48943485951423643		0.9788697190284729
191		26.95167450000008		1.1745814085006714		1.57141602973938		0.49046877841949466		0.9809375568389893
192		26.614318699999785		1.1751662492752075		1.5742737807655334		0.48957431645393373		0.9791486329078675
193		26.368030399999952		1.1711163520812988		1.5689929097747803		0.4894069982290268		0.9788139964580536
194		26.197955900000125		1.1737651824951172		1.5733288939666747		0.49236950044631955		0.9847390008926391
195		28.094970000000103		1.1740775108337402		1.5722245066642762		0.49256160061359405		0.9851232012271881
196		28.955104100000426		1.1664191484451294		1.5674970643043518		0.48880454993247985		0.9776090998649597
197		27.630842000000484		1.173749566078186		1.5711897860717774		0.4883363234996796		0.9766726469993592
198		28.89833610000005		1.1784906387329102		1.5777692782592774		0.4888702266931534		0.9777404533863068
199		27.958870499999648		1.1726878881454468		1.5697912108802796		0.49668098366260527		0.9933619673252105
200		27.231632099999842		1.1644381284713745		1.5633948298454285		0.4886758728265762		0.9773517456531524
201		26.41291590000037		1.1688100099563599		1.565783013496399		0.4914454384326935		0.982890876865387
202		28.803115600000638		1.1654695272445679		1.5625234816551208		0.49019461085796356		0.9803892217159271
203		33.04573040000014		1.1643599271774292		1.5631842731285095		0.4874374297380447		0.9748748594760894
204		30.478814000000057		1.1709258556365967		1.5675803195381164		0.48750070278644564		0.9750014055728913
205		29.687019500000133		1.162760615348816		1.56025399225235		0.4871470852613449		0.9742941705226899
206		29.184987399999955		1.1643308401107788		1.5612840896606446		0.48681663002967834		0.9736332600593567
207		29.18042830000013		1.1634598970413208		1.5613245127296447		0.4868169158935547		0.9736338317871094
208		29.036924900000486		1.1645984649658203		1.5613094812583923		0.48727571220397947		0.9745514244079589
209		29.001874299999145		1.1685571670532227		1.5654835752677918		0.4865744183778763		0.9731488367557526
210		29.460478500000136		1.162243127822876		1.5609661903190613		0.4895033406972885		0.979006681394577
211		35.694247299999915		1.1630290746688843		1.5612190280914306		0.4866608787059784		0.9733217574119568
212		29.61812739999914		1.1606740951538086		1.557706423664093		0.4867757159233093		0.9735514318466186
213		28.757942600000206		1.1625417470932007		1.5580786628723144		0.4877526943922043		0.9755053887844086
214		31.563968499999646		1.1597907543182373		1.5580871618652343		0.4862565477132797		0.9725130954265594
215		28.929358399999728		1.1610448360443115		1.5588688500595094		0.4862896490812302		0.9725792981624604
216		29.244972600000438		1.1586036682128906		1.5551253496932984		0.4893952002286911		0.9787904004573822
217		29.54674029999933		1.1605339050292969		1.5590770482063294		0.4858529253721237		0.9717058507442474
218		30.1015625		1.1590214967727661		1.5529552931976318		0.4857594522476196		0.9715189044952393
219		30.046572000000197		1.1592943668365479		1.5569330134773254		0.485819952750206		0.971639905500412
220		28.40724239999963		1.1560840606689453		1.553604203453064		0.48573646841049195		0.9714729368209839
221		28.42306820000067		1.1564353704452515		1.5520271222686768		0.48561098051071167		0.9712219610214233
222		28.36656049999965		1.1573482751846313		1.5548042508506774		0.4854562371253967		0.9709124742507934
223		28.33355649999976		1.157031774520874		1.5538212056159972		0.48550037562847137		0.9710007512569427
224		28.446844099999907		1.1552433967590332		1.5526034020042419		0.4853556444883347		0.9707112889766694
225		28.3998859000003		1.1539143323898315		1.5497869505310058		0.485304678273201		0.970609356546402
226		28.373613699999623		1.1530420780181885		1.5503499142837525		0.48606442997455596		0.9721288599491119
227		28.770217799999955		1.1548558473587036		1.5516883465194702		0.48508387897014615		0.9701677579402923
228		28.338535899999442		1.1533892154693604		1.5485919052505492		0.48526832094192507		0.9705366418838501
229		28.382287599999472		1.1538833379745483		1.5508786917114257		0.485033176112175		0.97006635222435
230		28.243918800000756		1.1527070999145508		1.5484783408355713		0.48515151162147524		0.9703030232429505
231		28.182493899999827		1.1530632972717285		1.5499932904624938		0.4851067065954208		0.9702134131908416
232		28.102035900000374		1.1540323495864868		1.5495188456344604		0.48505229141712186		0.9701045828342437
233		28.152317999999468		1.1521068811416626		1.5479294718551635		0.48506230525970456		0.9701246105194091
234		28.203050099999928		1.152244210243225		1.548592448387146		0.48508508877754214		0.9701701775550843
235		28.245384299999387		1.1545848846435547		1.5511185983657836		0.48499849364757536		0.9699969872951507
236		28.20933950000017		1.1527624130249023		1.5493628952789307		0.4849912553548813		0.9699825107097626
237		28.132191000000603		1.1521879434585571		1.5479079448127746		0.4849629139900207		0.9699258279800415
238		28.36027379999996		1.1531925201416016		1.549819481945038		0.48491157720088957		0.9698231544017791
239		28.38375300000007		1.1525959968566895		1.5496202347373962		0.48496771223545077		0.9699354244709015
240		28.350513899999896		1.1512682437896729		1.5473607513999939		0.48491590836048126		0.9698318167209625
241		28.3518195000006		1.153617262840271		1.5511957444572448		0.4849457091808319		0.9698914183616638
242		28.70551720000003		1.1517441272735596		1.5485505226898193		0.4849645167589188		0.9699290335178375
243		28.872393900000134		1.1533758640289307		1.5506914585304261		0.48489545500278475		0.9697909100055695
244		28.242002799999682		1.151670217514038		1.5466484900093078		0.4849530163049698		0.9699060326099396
245		28.301835699999174		1.1525795459747314		1.5502457062530517		0.4849441752910614		0.9698883505821227
246		28.232800099999622		1.1515834331512451		1.5491648651123047		0.4848813941717148		0.9697627883434295
247		27.17614450000019		1.1511605978012085		1.5465256428337097		0.48488448815345764		0.9697689763069153
248		26.680296200000157		1.1502749919891357		1.5483687552261352		0.48488120470046997		0.9697624094009399
249		28.2790501999998		1.1525907516479492		1.548376138153076		0.48488136854171754		0.9697627370834351