Epoch	Duration				Loss Step Train			Loss Full Train			Loss Step Test			Loss Full Test
0		19.125574909849092		31.646713256835938		32.63485261100769		1.9776044731140137		3.9552089462280273
1		18.949917883845046		41.33436965942383		34.800400562782286		3.3854857444763184		6.770971488952637
2		18.849805440055206		21.062074661254883		17.88846561416626		3.168424801826477		6.336849603652954
3		19.038757449015975		18.159900665283203		16.298789249343873		1.3378562017440796		2.675712403488159
4		19.196238415082917		13.734908103942871		12.253882656364441		1.8941593437194824		3.7883186874389647
5		19.14954052097164		13.924027442932129		12.454034237709045		1.1414046295166016		2.282809259033203
6		19.105526672909036		17.260765075683594		15.319513683376313		1.2296150394439698		2.4592300788879395
7		18.98998097097501		12.921603202819824		11.35057871580124		1.1944855615615844		2.3889711231231687
8		19.025489958003163		18.694719314575195		16.248279427986144		1.0266993133544922		2.0533986267089843
9		19.073709200834855		13.351929664611816		11.77489362789154		1.0549388870239258		2.1098777740478516
10		19.065289675956592		20.095169067382812		23.50267999404907		1.1217982042312622		2.2435964084625244
11		19.009035954950377		17.48444366455078		22.971755499267577		2.262251714134216		4.524503428268432
12		19.035326931159943		8.923828125		13.644236517333985		1.1614203886032104		2.322840777206421
13		19.19344697520137		8.232110023498535		13.332160051956176		0.9117923571586609		1.8235847143173218
14		19.275303115835413		5.283054351806641		8.19267107963562		0.9913966653823852		1.9827933307647705
15		19.2685902970843		2.8535001277923584		3.3058986882019044		0.8902251089096069		1.7804502178192139
16		19.305375359021127		2.3333218097686768		2.7002532876586915		1.0486299746513366		2.097259949302673
17		19.182178101036698		2.414503574371338		2.6953312324905396		0.7237437799453735		1.447487559890747
18		19.13930759788491		2.5562195777893066		2.752496308479309		0.6040384314060211		1.2080768628120422
19		19.184484533965588		2.006492853164673		2.2749057792282104		0.5735738811016082		1.1471477622032165
20		19.232940739020705		2.385571002960205		2.5753195004081726		0.7571367549896241		1.5142735099792481
21		19.088933323975652		2.094228506088257		2.3330027878570556		0.593201532125473		1.186403064250946
22		19.2178856509272		2.0936074256896973		2.327035832824707		0.6984761235713959		1.3969522471427918
23		19.222000354900956		2.542546510696411		2.703838008880615		1.0176915384292602		2.0353830768585204
24		19.20308856596239		1.7259910106658936		2.00012589099884		0.481453107714653		0.962906215429306
25		19.26021278416738		2.093642234802246		2.3156988974571227		1.7897188135147095		3.579437627029419
26		19.265158210881054		2.3396012783050537		2.5286983032798767		0.5846373211860657		1.1692746423721314
27		19.20523319998756		1.90372633934021		2.130721502685547		2.18555518321991		4.37111036643982
28		19.274731622077525		1.9080055952072144		2.145335834903717		0.41968914062976836		0.8393782812595367
29		19.32768923486583		1.9562135934829712		2.196926552696228		0.6673437886238098		1.3346875772476197
30		19.195110978093		2.197129726409912		2.3874551147460936		0.6067564905166626		1.2135129810333252
31		19.328648703172803		1.9066805839538574		2.133087907447815		0.3750825092077255		0.750165018415451
32		19.259070753818378		2.05397629737854		2.253553319129944		0.3981253976583481		0.7962507953166962
33		19.222279475070536		2.115720510482788		2.274625459547043		0.40312352917194366		0.8062470583438873
34		19.282361115096137		1.7756558656692505		2.016495007534027		0.35368196206092833		0.7073639241218567
35		19.244656639173627		1.949625849723816		2.1379374692726136		0.4227834981203079		0.8455669962406158
36		19.255541189108044		1.768815279006958		2.0026017374515535		0.34103143420219423		0.6820628684043885
37		19.273192015942186		1.8407803773880005		2.0738279181861876		0.6715836444616318		1.3431672889232635
38		19.279681025072932		1.8071573972702026		2.031846036520004		0.31101427810192106		0.6220285562038421
39		19.10617379285395		2.0282633304595947		2.2202171724700928		0.3115918791294098		0.6231837582588196
40		19.269576128106564		1.8899648189544678		2.0789237779045107		0.3392489709377289		0.6784979418754578
41		19.123560219071805		1.815252661705017		2.0195406915569305		0.34355274112224576		0.6871054822444915
42		19.22794409794733		1.800191879272461		2.0358252311611174		2.001893786048889		4.003787572097778
43		19.278555568074808		2.02658748626709		2.1745812185096742		0.4322806337952614		0.8645612675905228
44		19.173604477895424		1.667082667350769		1.9146915333557128		0.3539853431463242		0.7079706862926484
45		19.07788186799735		1.757850170135498		1.9971342584323883		0.3185699712991715		0.637139942598343
46		19.111441603163257		2.2512407302856445		2.3670190002632143		0.4128735127449036		0.8257470254898072
47		19.206865401007235		1.688051462173462		1.9243418602371216		0.2586635579228401		0.5173271158456803
48		19.22904709307477		1.577574610710144		1.8433439735889434		0.29760426450967786		0.5952085290193557
49		19.132554068928584		1.9871242046356201		2.1685318102073667		0.25911026468276976		0.5182205293655395
50		19.186883609043434		1.8417160511016846		2.0574351511001585		0.3085497875213623		0.6170995750427246
51		19.214988391147926		2.048064947128296		2.221933070936203		0.3589530872106552		0.7179061744213104
52		19.236333588138223		1.748682975769043		1.9577894192504883		0.2572710187077522		0.5145420374155044
53		19.334978555096313		1.712168574333191		1.9393728789234161		0.2402756061553955		0.480551212310791
54		19.498356153955683		2.1519951820373535		2.275757407550812		0.24093722698688508		0.48187445397377016
55		19.46589888096787		1.6348309516906738		1.8647525176906585		0.43472667293548584		0.8694533458709717
56		19.409271829994395		1.7437885999679565		1.9678217630195618		0.313318388915062		0.626636777830124
57		19.308382116956636		2.126589059829712		2.24319702252388		0.35670725672245024		0.7134145134449005
58		19.223947439109907		1.5597913265228271		1.790929547958374		0.3064934883117676		0.6129869766235352
59		19.29555500089191		1.9601919651031494		2.128633145608902		0.303313182592392		0.606626365184784
60		19.481522212037817		1.6195344924926758		1.848122353668213		0.4975671608924866		0.9951343217849732
61		19.402834482025355		1.747371792793274		1.9586929882144928		0.7631550932645798		1.5263101865291595
62		19.192660740111023		2.0035228729248047		2.1531050860881806		0.9457242573022843		1.8914485146045685
63		19.2059974798467		1.7135885953903198		1.9283225471878052		0.2203859501481056		0.4407719002962112
64		19.190454286988825		2.036133289337158		2.1719433761119844		0.23297450685501098		0.46594901371002195
65		19.136292167007923		1.8178117275238037		2.014905621614456		0.3740407574892044		0.7480815149784088
66		19.2043534158729		2.0932817459106445		2.212591374464035		1.1690281345367433		2.3380562690734865
67		19.252730685984716		1.6455661058425903		1.879676000881195		0.7238567259550095		1.447713451910019
68		19.18709121993743		1.6086713075637817		1.8674536381292344		0.2307056452870369		0.4614112905740738
69		19.323938868939877		2.044802188873291		2.190113944683075		1.0890683381319046		2.1781366762638092
70		19.321503990795463		1.6946555376052856		1.923905183134079		0.7783893692970276		1.5567787385940552
71		19.247187577188015		1.7976510524749756		1.9975768068599702		0.3993045796990395		0.798609159398079
72		19.308061889139935		1.918439507484436		2.075746932449341		0.2621067736506462		0.5242135473012924
73		19.39928340818733		1.8718568086624146		2.0494282186317445		0.20488058683872223		0.40976117367744447
74		19.346380933187902		1.8882153034210205		2.0553111235046386		0.2368770654797554		0.4737541309595108
75		19.24485041294247		1.7452129125595093		1.9626394313049316		0.2160788875579834		0.4321577751159668
76		19.361035445937887		1.981042742729187		2.1392506254577635		0.627141197514534		1.254282395029068
77		19.252660629106686		1.9108188152313232		2.101312669286728		0.4122285845756531		0.8244571691513062
78		19.39108729478903		1.823721170425415		2.0101021184062957		0.24640971447229384		0.4928194289445877
79		19.34800063096918		1.7044588327407837		1.9195557213783263		1.0979365854740142		2.1958731709480284
80		19.309922359883785		2.001988172531128		2.159432249794006		0.28818046547174453		0.5763609309434891
81		19.356247458141297		1.942652940750122		2.1087443883609773		0.19462105085849762		0.38924210171699525
82		19.326745918020606		1.5072578191757202		1.7471629667949677		0.2481048359632492		0.4962096719264984
83		19.441059984033927		1.7082877159118652		1.920167836341858		1.8599802235841751		3.7199604471683503
84		19.232751732924953		2.012730360031128		2.168425936255455		0.19648305081129075		0.3929661016225815
85		19.026007088134065		2.146613359451294		2.2604677897167207		0.7255683497428894		1.4511366994857788
86		19.189726180862635		1.7758957147598267		1.9940259352397918		0.21302396963834763		0.42604793927669526
87		19.22232340206392		1.7272624969482422		1.9599663633918762		0.227512056350708		0.455024112701416
88		19.149878651835024		1.9891880750656128		2.130388080201149		0.9530351084470748		1.9060702168941497
89		19.149310409091413		1.7294520139694214		1.9439468286800385		0.3342663832426071		0.6685327664852142
90		19.322701330995187		1.7563059329986572		1.9676197493362426		0.4665702062487602		0.9331404124975204
91		19.12157785985619		1.4178293943405151		1.6926037175226212		0.1852154844880104		0.3704309689760208
92		19.268635725136846		1.6020326614379883		1.8315163637161256		0.6692837226629257		1.3385674453258514
93		19.288526959950104		2.0365848541259766		2.174334418311119		0.1844141015648842		0.3688282031297684
94		19.20413874811493		1.8574944734573364		2.069198160276413		0.2501338925004005		0.500267785000801
95		19.24089602078311		1.6770007610321045		1.8832691878509522		0.1773215301632881		0.3546430603265762
96		19.369502460816875		1.7223281860351562		1.9248109130096436		0.23656640948057175		0.4731328189611435
97		19.369789032032713		1.4504011869430542		1.7067335913419723		0.3220606744647026		0.6441213489294052
98		19.53994721500203		1.8598346710205078		2.0499351036310194		1.3601632385730744		2.720326477146149
99		19.474885350093246		1.8950644731521606		2.074400396771431		0.2857537968635559		0.5715075937271118
100		19.460253667086363		1.4334464073181152		1.6928990237379073		0.7543529305100442		1.5087058610200883
101		19.43081330298446		1.7586932182312012		1.9599880952310562		0.26014219501018526		0.5202843900203705
102		19.425942525966093		1.5759496688842773		1.7985017974472046		0.3839497925162315		0.767899585032463
103		19.37507680989802		1.8626478910446167		2.055007376036644		0.2201624011516571		0.4403248023033142
104		19.289214696967974		1.6467911005020142		1.872992057285309		0.2134542605280876		0.4269085210561752
105		19.34770196606405		1.8823716640472412		2.079396631565094		0.42741365171670914		0.8548273034334183
106		19.505314191104844		1.6535463333129883		1.8931697916030883		0.1981057507753372		0.3962115015506744
107		19.481277640908957		2.8206534385681152		2.7872403192615507		0.4507478348493576		0.9014956696987152
108		19.231817719060928		1.6830885410308838		1.9090308274936676		0.18994486978054045		0.3798897395610809
109		19.399264307925478		1.51340651512146		1.7599222401952743		0.23978233855962752		0.47956467711925505
110		19.370465548010543		1.7444720268249512		1.9459948582792281		0.20524048018455504		0.4104809603691101
111		19.39745094603859		1.7250535488128662		1.9274231083154678		0.27307297897338867		0.5461459579467773
112		19.336586028104648		1.7858617305755615		1.9764506047010422		0.20915030624866485		0.4183006124973297
113		19.38472126913257		2.1713879108428955		2.299765464324951		0.5925696957945824		1.1851393915891648
114		19.42786022508517		1.5000085830688477		1.7594655570983886		0.5900326243400573		1.1800652486801146
115		19.37267167097889		1.5490143299102783		1.7895419805669786		0.19617454897165298		0.39234909794330597
116		19.251607097918168		1.8370780944824219		2.018941540899277		0.5427855308055878		1.0855710616111756
117		19.29078992595896		1.5911179780960083		1.817595287809372		0.1823215343594551		0.3646430687189102
118		19.321545387152582		1.872382402420044		2.056682382674217		0.16411851117610932		0.32823702235221863
119		19.456198041094467		1.9197721481323242		2.1168612962675093		0.3503593690276146		0.7007187380552292
120		19.331863821018487		1.9157114028930664		2.1152717189788817		0.6177901826858521		1.2355803653717041
121		19.38911444786936		1.771645426750183		1.9578627730321885		0.7095710863351822		1.4191421726703644
122		19.550590028055012		1.9534283876419067		2.1112082531023026		0.2792980085849762		0.5585960171699524
123		19.439072167966515		1.5982521772384644		1.8324135457801818		0.3316551798224449		0.6633103596448898
124		19.242749457014725		1.919593334197998		2.082138131585121		1.1027592166900635		2.205518433380127
125		19.48212668695487		1.578115463256836		1.8164707645082474		0.19771502431035043		0.39543004862070086
126		19.47717892914079		1.6232731342315674		1.8517104503297805		0.2201815107345581		0.4403630214691162
127		19.503810657188296		1.8204740285873413		2.008836252131462		0.3934561456441879		0.7869122912883758
128		19.42353817494586		1.9792852401733398		2.1628069571638107		0.5027323994517326		1.0054647989034653
129		19.492328863823786		1.8691285848617554		2.099805136303902		1.005140579020977		2.010281158041954
130		19.453952339012176		1.63584303855896		1.8545060783338547		1.4879611403942108		2.9759222807884216
131		19.43633300997317		1.7724151611328125		1.9742308036375045		0.25114098027944565		0.5022819605588913
132		19.399611331988126		1.9158719778060913		2.089391935811043		0.18635110360383988		0.37270220720767977
133		19.43738802918233		1.6676273345947266		1.880290729150772		0.1887039422929287		0.3774078845858574
134		19.376251708017662		1.7059245109558105		1.9169509723806382		0.665221302807331		1.330442605614662
135		19.371738316956908		1.7273352146148682		1.955987665143013		0.2934899520516396		0.5869799041032792
136		19.23198409099132		1.5605366230010986		1.8182892401361466		0.7561782180309295		1.512356436061859
137		19.40576520212926		1.5592364072799683		1.7961378436756135		0.49332511655092237		0.9866502331018447
138		19.507886823033914		1.680407166481018		1.878823352751732		0.2808703419804573		0.5617406839609146
139		19.463626358890906		2.0168118476867676		2.188781909265518		0.20395829533338547		0.40791659066677094
140		19.3877436441835		1.6261216402053833		1.8516056238889693		0.3013718444108963		0.6027436888217926
141		19.507790013914928		1.845664620399475		2.0530792251110075		0.3036494262814522		0.6072988525629044
142		19.438766489038244		1.3788028955459595		1.665179948000908		0.18032960048913957		0.36065920097827914
143		19.219714062055573		2.312209129333496		2.412499361886978		0.24572882119417191		0.49145764238834383
144		19.35092421504669		1.7148058414459229		1.9248038089609145		0.21668672991991042		0.43337345983982084
145		19.481015292927623		1.6882623434066772		1.8956671728038788		0.46986133093833926		0.9397226618766785
146		19.428801108151674		1.6977589130401611		1.9124985027074815		0.2824190058588982		0.5648380117177964
147		19.508469046093524		1.7161623239517212		1.9245057473754883		0.2538704920053482		0.5077409840106965
148		19.35761247202754		1.9953699111938477		2.1019179560184478		0.4683753281712532		0.9367506563425064
149		19.469514846103266		1.521647572517395		1.771510934228897		0.15625370442867278		0.31250740885734557
150		19.54941844008863		1.6570029258728027		1.8615720991325377		0.15105578215122223		0.30211156430244446
151		19.50786216603592		1.9959194660186768		2.1386164881896974		0.6146622091293334		1.229324418258667
152		19.409480327973142		1.636048436164856		1.862282606678009		0.15947801232337952		0.31895602464675904
153		19.327513836091384		2.0915186405181885		2.2481366696596146		0.531203060734272		1.062406121468544
154		19.3839302607812		1.8628088235855103		2.0224463979959486		0.35998947525024416		0.7199789505004883
155		19.349658584222198		1.8712537288665771		2.0397559807682035		0.26616525268554686		0.5323305053710937
156		19.48249375913292		1.5251497030258179		1.766758163919449		0.15469461212158203		0.30938922424316406
157		19.465456617996097		1.6159906387329102		1.8295450511550904		0.6621470068216324		1.3242940136432648
158		19.512284522876143		1.7929879426956177		1.9828864529418946		1.3725021597862244		2.7450043195724487
159		19.371157054090872		1.5382288694381714		1.7728220508432389		0.30824910604953765		0.6164982120990753
160		19.316349756903946		1.413944959640503		1.6900374956703186		0.1859754273235798		0.3719508546471596
161		19.283745483960956		1.9256513118743896		2.085545610165596		0.2505527638077736		0.5011055276155472
162		19.268757364945486		1.6525943279266357		1.8747638890218734		0.2257430647611618		0.4514861295223236
163		19.526427436852828		1.5158958435058594		1.7617528767395019		0.45168997002840044		0.9033799400568009
164		19.41962830000557		1.7919363975524902		1.9580019486951827		0.23823805598020553		0.47647611196041106
165		19.393320934846997		1.4678187370300293		1.7215406966638565		0.27079572050571443		0.5415914410114289
166		19.378170504933223		1.928463339805603		2.1294541830015183		0.4256208237528801		0.8512416475057601
167		19.356058174045756		1.4097604751586914		1.6783514422607422		0.1593597942173481		0.3187195884346962
168		19.554482511011884		1.7708176374435425		1.9705488249778746		0.6476907313585282		1.2953814627170563
169		19.506071853917092		1.6964046955108643		1.915828936343193		0.4444740849852562		0.8889481699705124
170		19.469760111998767		1.5764745473861694		1.8166269991016388		2.69133165769577		5.38266331539154
171		19.257601323071867		1.7420216798782349		1.9474184349966048		0.7495278100848198		1.4990556201696397
172		19.348669298924506		1.6724188327789307		1.8824296656942368		0.7287039660096168		1.4574079320192337
173		19.435238915961236		1.7262980937957764		1.9329986763381959		0.17916188180446624		0.3583237636089325
174		19.489232548046857		1.537787914276123		1.7976841507005692		0.23667664006948472		0.47335328013896943
175		19.323763669934124		1.6840734481811523		1.9163689682626723		0.27098468893766403		0.5419693778753281
176		19.40769774792716		1.346081256866455		1.6273209051561355		0.3288248202681541		0.6576496405363083
177		19.35419637709856		1.7875797748565674		1.9717330931282044		0.14930292885303498		0.29860585770606995
178		19.14629790605977		1.800787091255188		1.9897429745149613		0.6257055107951164		1.2514110215902328
179		19.38697644113563		1.4530329704284668		1.7098422869110108		0.15027813898921014		0.30055627797842027
180		19.498429781990126		1.7160764932632446		1.9200012024307251		0.23131571383476257		0.46263142766952514
181		19.397587447892874		1.571412444114685		1.8097651109075545		0.17318974447250365		0.3463794889450073
182		19.391113192075863		1.891627311706543		2.0715510009479523		0.16412161500453948		0.32824323000907896
183		19.415550326928496		1.7395575046539307		1.954937072815895		0.20472585768699647		0.40945171537399294
184		19.552372402045876		1.6776615381240845		1.8790484876775742		0.37088821572065356		0.7417764314413071
185		19.5590280899778		1.492680311203003		1.7510803552627563		0.2243613017678261		0.4487226035356522
186		19.322884417837486		1.5993444919586182		1.8291393625497818		0.16122098069787025		0.3224419613957405
187		19.37719734199345		1.7985999584197998		2.009590006899834		1.2346075230836868		2.4692150461673736
188		19.432170806918293		1.4686672687530518		1.722868314819336		0.3785881405711174		0.7571762811422348
189		19.317637633997947		1.6493287086486816		1.8690504136323929		0.5484673605561257		1.0969347211122513
190		19.498987809056416		1.7961137294769287		2.002281652584076		0.21934931998252868		0.43869863996505737
191		19.653015434974805		1.483356237411499		1.729016388106346		0.6093237039327621		1.2186474078655243
192		19.594148007920012		1.7285730838775635		1.9421942402744292		0.14865693255066872		0.29731386510133745
193		19.382649332052097		1.5048019886016846		1.7393815683174134		0.13731258440613747		0.27462516881227494
194		19.390510096913204		1.5595297813415527		1.8021345925092698		0.8704992017269134		1.7409984034538268
195		19.256159429904073		1.6391911506652832		1.8590137273406981		0.4962555279374123		0.9925110558748246
196		19.449606382055208		1.33565092086792		1.6185730457687377		0.25340045449733734		0.5068009089946747
197		19.40824478911236		1.4653494358062744		1.7277562460422515		0.14245153083205223		0.28490306166410445
198		19.388209172990173		1.741249442100525		1.9752209852838516		0.15699771233201026		0.31399542466402053
199		19.36480490094982		1.3031129837036133		1.5833770790958404		0.1531815517783165		0.306363103556633
200		19.293591469991952		1.8006510734558105		1.983915181980133		0.18158409249186516		0.3631681849837303
201		19.320255984086543		1.5329147577285767		1.7691428607416153		0.6954238288879394		1.3908476577758788
202		19.435259277932346		1.5364007949829102		1.761949351568222		0.3902984448313713		0.7805968896627427
203		19.449564788024873		1.5238553285598755		1.7687184694099427		0.2775126278400421		0.5550252556800842
204		19.50421734782867		1.6845990419387817		1.9224797380638123		0.24224623899459838		0.48449247798919676
205		19.46075496613048		1.88004732131958		2.0412954732227324		0.42005071144104006		0.8401014228820801
206		19.381009646924213		1.4145166873931885		1.6787553904390335		0.16265014321804047		0.32530028643608094
207		19.530661570839584		1.4673364162445068		1.7268169183444977		0.17633700858354567		0.35267401716709135
208		19.43611477711238		1.9440804719924927		2.1370931400489805		0.13630748787522315		0.2726149757504463
209		19.52344948402606		1.5253229141235352		1.7695927776718139		0.15344531111717225		0.3068906222343445
210		19.467021377990022		1.553797960281372		1.7947863095474244		0.6618976465463638		1.3237952930927277
211		19.520442734006792		1.6159244775772095		1.8415234099197388		0.132625256472826		0.265250512945652
212		19.4333584390115		1.5688787698745728		1.8001547135400773		0.18483380224108695		0.3696676044821739
213		19.224100071005523		1.4197734594345093		1.6883952412700654		0.1731330980837345		0.346266196167469
214		19.37111311405897		1.6157974004745483		1.8338225309753418		1.5612888230323791		3.1225776460647583
215		19.514151465147734		1.9083293676376343		2.0801327577638626		0.13521348795890809		0.27042697591781617
216		19.60052424808964		1.330264687538147		1.5937729130220413		0.6068427690148354		1.2136855380296707
217		19.439560562139377		1.722697138786316		1.936701309800148		0.20078112789392472		0.40156225578784943
218		19.301587504101917		1.532566785812378		1.7804343430042266		0.191107492518425		0.38221498503685
219		19.453293667174876		1.4590297937393188		1.7410211652851104		0.34365832389593126		0.6873166477918625
220		19.465970878954977		1.5667221546173096		1.7964596232795715		0.1916008272409439		0.3832016544818878
221		19.44863303611055		1.5601170063018799		1.7980399903297424		0.1353929043650627		0.2707858087301254
222		19.425596653018147		1.6467647552490234		1.870624096956253		0.16043098891973495		0.3208619778394699
223		19.52407121192664		1.5395921468734741		1.7832157540035247		0.27464078031778333		0.5492815606355667
224		19.573077040025964		1.5379871129989624		1.7705314742088318		0.25008761694431303		0.5001752338886261
225		19.50146342907101		1.7870789766311646		2.0029594079780577		0.3403112659931183		0.6806225319862366
226		19.51100398087874		1.4073946475982666		1.6632330008888245		0.18081810932159423		0.36163621864318846
227		19.341233341023326		1.6315187215805054		1.8586413771486283		0.13969199389219283		0.27938398778438567
228		19.557499984046444		1.8235008716583252		2.018227949061394		0.44147227309942244		0.8829445461988449
229		19.62451263796538		1.3739923238754272		1.6447930480957031		0.2308464998960495		0.461692999792099
230		19.322148721897975		1.6738337278366089		1.9113358569622039		0.2320171974658966		0.4640343949317932
231		19.284969795960933		1.4691473245620728		1.718178485980034		0.16652183520793915		0.3330436704158783
232		19.6143867559731		1.6330302953720093		1.863172005443573		0.15667752640247345		0.3133550528049469
233		19.499402449000627		1.5729163885116577		1.7976545961523056		0.12710953503847122		0.25421907007694244
234		19.565253474982455		1.4368168115615845		1.6886558349990846		0.14586289017796517		0.29172578035593033
235		19.505424309987575		1.6884441375732422		1.8868607909059525		0.3824893776893616		0.7649787553787232
236		19.51258898503147		1.3732980489730835		1.650844020395279		0.12436585054993629		0.24873170109987258
237		19.426022520987317		1.6116445064544678		1.8255146821880341		0.24025970853567125		0.4805194170713425
238		19.349498347146437		1.4147413969039917		1.6958547924685479		0.15626437081098557		0.31252874162197114
239		19.34915673197247		1.5706851482391357		1.7980397299480437		1.3707229793787004		2.7414459587574007
240		19.32634102809243		1.65040123462677		1.8583688541507721		0.18244266545772553		0.36488533091545106
241		19.41332161310129		1.5396623611450195		1.78582995718956		0.2710314873456955		0.542062974691391
242		19.440755638992414		1.2784024477005005		1.5652408531141282		0.5031437710523605		1.006287542104721
243		19.48687019990757		1.4674153327941895		1.710975962023735		0.2123595787525177		0.4247191575050354
244		19.51722279912792		1.9412364959716797		2.0683758142089843		0.269395846927166		0.538791693854332
245		19.530654311878607		1.498903512954712		1.752224800066948		0.1364470468759537		0.2728940937519074
246		19.53695864090696		1.5772979259490967		1.8056233471298218		0.5334225692629814		1.0668451385259627
247		19.587007818976417		1.682223916053772		1.8949359510183335		0.1393745352268219		0.2787490704536438
248		19.58255343697965		1.3011229038238525		1.6008356129121781		0.17036339038014411		0.34072678076028823
249		19.83329403703101		1.5786486864089966		1.8077323201084137		0.7535188364982605		1.507037672996521
250		19.654923745896667		1.559632658958435		1.8033412531185151		0.4034304928064346		0.8068609856128692
251		19.534806923009455		1.440392255783081		1.6859271280002595		0.18105558581352235		0.3621111716270447
252		19.55538711207919		1.752827763557434		1.9597724822807312		0.16595392389297486		0.33190784778594973
253		19.405459190020338		1.6227941513061523		1.851296208539009		0.2947272705078125		0.589454541015625
254		19.31601737998426		1.6247807741165161		1.8605404475736618		0.45654500207901		0.91309000415802
255		19.58843012806028		1.4812735319137573		1.7372788294553756		0.32389408017396926		0.6477881603479385
256		19.36554682883434		1.4111671447753906		1.6815301458644867		0.13871062076091767		0.27742124152183534
257		19.393346818862483		1.4817662239074707		1.7390466758108138		0.44216259261369706		0.8843251852273941
258		19.363154459977522		1.5366755723953247		1.7741302980661393		0.1742281864464283		0.3484563728928566
259		19.42459404701367		1.454011082649231		1.7047951676893234		0.12247614910006523		0.24495229820013045
260		19.328685411950573		1.4834351539611816		1.7430369030761719		0.15660071852207183		0.31320143704414366
261		19.50830007903278		1.518021583557129		1.776410430636406		0.12229066663384437		0.24458133326768874
262		19.687153458129615		1.3333086967468262		1.6162435364151		0.13751325039863588		0.27502650079727176
263		19.391971361124888		1.746853232383728		1.946401595439911		0.3812587092280388		0.7625174184560776
264		19.432678268989548		1.3422404527664185		1.6211194982862474		0.1234212362587452		0.2468424725174904
265		19.353415473131463		1.431544303894043		1.6938432163906096		0.2169650915145874		0.4339301830291748
266		19.353200420970097		1.3812299966812134		1.645186228251457		0.14308739829659461		0.28617479659318923
267		19.488173749065027		1.3014439344406128		1.5960197403001786		0.16013261840939522		0.32026523681879043
268		19.449064549058676		1.4577490091323853		1.7208805864477157		0.13526193694472313		0.27052387388944626
269		19.381661507999524		1.355991005897522		1.6327184402418136		0.26992952758073807		0.5398590551614761
270		19.507607026956975		1.3912314176559448		1.6645619512987138		0.6250528783798218		1.2501057567596436
271		19.569001764059067		1.607980728149414		1.832492365627289		0.27503130774497986		0.5500626154899597
272		19.738511245930567		1.2306344509124756		1.5359163361167907		0.27383282907009127		0.5476656581401825
273		19.62881536106579		1.3676557540893555		1.6382452999067307		0.13442323598265649		0.26884647196531297
274		19.624621008057147		1.5833497047424316		1.8287220917844773		0.5352925704836845		1.070585140967369
275		19.511199034983292		1.620881199836731		1.835579087882042		0.15775866653323173		0.31551733306646346
276		19.387859238078818		1.3138009309768677		1.5780090621471405		0.17648611056804658		0.35297222113609317
277		19.252049410017207		1.5555638074874878		1.786844619822502		0.22613929200172425		0.4522785840034485
278		19.33101001405157		1.6259015798568726		1.8422666669368744		0.20223333253860473		0.40446666507720946
279		19.233279776060954		1.3143366575241089		1.5999832458734513		0.13794781593680383		0.27589563187360766
280		19.462720884010196		1.6328076124191284		1.8499633936738968		0.14816461848020554		0.2963292369604111
281		19.304687516065314		1.3285490274429321		1.6139068730783463		0.31058604143857954		0.6211720828771591
282		19.42185335000977		1.2762447595596313		1.5692227677774429		0.19217441341876984		0.3843488268375397
283		19.318942290032282		1.6505422592163086		1.8397895329666138		0.11944424422383308		0.23888848844766616
284		19.404892154037952		1.765682578086853		1.9577411777067184		0.1994344804286957		0.3988689608573914
285		19.470772239146754		1.34161376953125		1.6094137796998025		0.5303110597133637		1.0606221194267273
286		19.5524461499881		1.5719499588012695		1.810212243309021		0.22680698263645171		0.45361396527290343
287		19.40728778601624		1.3704029321670532		1.64488390001297		0.2814685042619705		0.562937008523941
288		19.36571132298559		1.296598196029663		1.5911321149921418		0.15146743767261506		0.3029348753452301
289		19.421660342952237		1.565446376800537		1.8210892322254182		0.12130853068828583		0.24261706137657166
290		19.30711008491926		1.3954112529754639		1.6523131736564636		0.19707433475255967		0.39414866950511934
291		19.456460412126034		1.2869294881820679		1.561261441116333		0.1849271964251995		0.369854392850399
292		19.525696908822283		1.3083659410476685		1.5843177179312706		0.12082701809406281		0.24165403618812561
293		19.29433893901296		1.3727644681930542		1.6363068591308594		0.12410669767856598		0.24821339535713197
294		19.327881400007755		1.321158528327942		1.5987490788459777		0.17476219334602355		0.3495243866920471
295		19.310059293871745		1.237491250038147		1.527470784957409		0.8923518195152282		1.7847036390304565
296		19.371733326930553		1.5527002811431885		1.7922089749240875		0.1165635462641716		0.2331270925283432
297		19.458161517977715		1.4604482650756836		1.7079546536827088		0.15454099072813987		0.30908198145627974
298		19.48575152689591		1.377148985862732		1.63957892598629		0.12624814147353172		0.25249628294706344
299		19.439904230181128		1.3481022119522095		1.6265470994186402		0.2995205293774605		0.599041058754921
300		19.311728217173368		1.4642047882080078		1.7259655047178268		0.14319692647457122		0.28639385294914244
301		19.554596183123067		1.5718504190444946		1.800624260969162		0.1295384380042553		0.2590768760085106
302		19.538635606877506		1.3337624073028564		1.6035136440873146		0.12513172078728677		0.25026344157457353
303		19.469301751814783		1.3152594566345215		1.6007200677466393		0.2955030076980591		0.5910060153961182
304		19.496401845943183		1.2972685098648071		1.5877315083646775		0.11807674354314804		0.23615348708629608
305		19.51295568817295		1.2727115154266357		1.5609133069705963		0.12619136340618134		0.2523827268123627
306		19.44947019778192		1.4010710716247559		1.6622312327671052		0.13447329159975052		0.26894658319950104
307		19.510693948948756		1.3381105661392212		1.6101746313905716		0.17176869902014733		0.34353739804029465
308		19.519025020999834		1.4774943590164185		1.7139376779842377		0.13140568033456804		0.2628113606691361
309		19.483299284009263		1.6159497499465942		1.8741518813562392		0.14975290476083755		0.2995058095216751
310		19.32723717088811		1.3468981981277466		1.638467064933777		0.15469358327388763		0.30938716654777526
311		19.426378584001213		1.4329817295074463		1.6873062611055374		0.12480317566394807		0.24960635132789613
312		19.449998281896114		1.354534387588501		1.6318604550647735		0.3874381546139717		0.7748763092279434
313		19.547060421900824		1.3481065034866333		1.61706225669384		0.18633613740205765		0.3726722748041153
314		19.500556400977075		1.589444637298584		1.830823386669159		0.11987760534286498		0.23975521068572997
315		19.532778882887214		1.3430063724517822		1.617503626689911		0.2040567810833454		0.4081135621666908
316		19.685644233832136		1.2771748304367065		1.5635320856499673		0.12915548868179322		0.25831097736358644
317		19.526570088928565		1.3168559074401855		1.6047713348484038		0.11671909001469612		0.23343818002939223
318		19.551199465058744		1.3787593841552734		1.6360359572720529		0.3876365146875381		0.7752730293750763
319		19.601874731946737		1.389412760734558		1.6606204543542862		0.13099165387749673		0.26198330775499346
320		19.433498025871813		1.3755911588668823		1.643111215672493		0.1286735945880413		0.2573471891760826
321		19.409427914069965		1.2211112976074219		1.527514550008774		0.15722352929115296		0.3144470585823059
322		19.420528820948675		1.2801331281661987		1.5831858556413652		0.13081191554665567		0.26162383109331133
323		19.46435409784317		1.429089069366455		1.7073746643161773		0.13783295622467995		0.2756659124493599
324		19.545743888011202		1.5026724338531494		1.7394801338100434		0.12535433623194694		0.2507086724638939
325		19.449897126061842		1.092239260673523		1.4320151644253731		0.3014797379434109		0.6029594758868217
326		19.55011812504381		1.3994805812835693		1.66932713511467		0.7513734377861023		1.5027468755722047
327		19.60115480492823		1.200745940208435		1.4996832188773155		0.22333633629083632		0.44667267258167265
328		19.61621699295938		1.3003764152526855		1.5915417661976814		0.21397718589305878		0.42795437178611756
329		19.55971789592877		1.2939493656158447		1.5774903807830811		0.2335917232275009		0.4671834464550018
330		19.539955837884918		1.2299153804779053		1.523109646129608		0.14609066566228868		0.29218133132457735
331		19.58887261012569		1.3607916831970215		1.6422428359794616		0.1485871855199337		0.2971743710398674
332		19.66936437296681		1.3769538402557373		1.658138351945877		0.18439037450551987		0.36878074901103974
333		19.454660249175504		1.2169122695922852		1.5063327337694168		0.1118964702129364		0.2237929404258728
334		19.428469151025638		1.4052941799163818		1.6679732729363441		0.11576293828487397		0.23152587656974793
335		19.481862301006913		1.2527440786361694		1.560866091980934		0.18013665395379067		0.36027330790758133
336		19.33683224907145		1.3525201082229614		1.6351978230333328		0.13248573621511459		0.26497147243022917
337		19.485963525017723		1.1507965326309204		1.4672894183444978		0.12715454416275024		0.2543090883255005
338		19.42655484797433		1.4155290126800537		1.685615525662899		0.11603681350946426		0.23207362701892853
339		19.424475413979962		1.392076849937439		1.664541691479683		0.11315842148661613		0.22631684297323226
340		19.275428164051846		1.4030510187149048		1.6774437425017357		0.1426001755952835		0.285200351190567
341		19.24937868490815		1.222084879875183		1.5086440146827698		0.16144135411977767		0.32288270823955534
342		19.340340193128213		1.3352526426315308		1.6071342214775086		0.1416717769742012		0.2833435539484024
343		19.365254384931177		1.2844123840332031		1.573975449514389		0.3372086947083473		0.6744173894166946
344		19.34843724500388		1.2308622598648071		1.527753220744133		0.20124250725507736		0.4024850145101547
345		19.330655877944082		1.3721004724502563		1.6413881157684327		0.4123020370304584		0.8246040740609168
346		19.256736394949257		1.294979214668274		1.5950902086377143		0.21776240581274034		0.4355248116254807
347		19.249937142943963		1.287117838859558		1.5798623507523537		0.14509542523622512		0.29019085047245025
348		19.507154018850997		1.354637622833252		1.6368663822650908		0.5419201822996139		1.0838403645992278
349		19.5565934299957		1.218047022819519		1.5109700132751465		0.12152778502106666		0.24305557004213332
350		19.553652978036553		1.348162055015564		1.6304617883443833		0.1176553860783577		0.2353107721567154
351		19.616224320139736		1.1620824337005615		1.4763897974205018		0.2069779849886894		0.4139559699773788
352		19.416494471020997		1.276615023612976		1.57062765560627		0.14106846938133238		0.28213693876266477
353		19.326925377128646		1.4600441455841064		1.718505243062973		0.12904584636688232		0.25809169273376464
354		19.356394593138248		1.2361953258514404		1.529147084710598		0.13075745885372161		0.26151491770744323
355		19.311768029117957		1.32193922996521		1.6157953365015985		0.14518825396895407		0.29037650793790815
356		19.362723813857883		1.2438889741897583		1.5444017622232438		0.12270992043614387		0.24541984087228774
357		19.329384150914848		1.3176169395446777		1.6092433024930954		0.12038077909946442		0.24076155819892883
358		19.408333704806864		1.310001254081726		1.5958474236941338		0.15268184694647788		0.30536369389295576
359		19.604204666102305		1.3981654644012451		1.6460405621623992		0.10610956212878227		0.21221912425756453
360		19.654684253036976		1.2334562540054321		1.5234443967604636		0.16100980809926987		0.32201961619853975
361		19.540503744967282		1.4198291301727295		1.6699745808935165		0.17056815013885498		0.34113630027770997
362		19.467690409859642		1.2326023578643799		1.5382802081656457		0.10904326089024544		0.21808652178049087
363		19.375522860093042		1.1887913942337036		1.4949941133594513		0.2144096055150032		0.4288192110300064
364		19.365318306954578		1.2570692300796509		1.5550537220096587		0.12203415469527244		0.24406830939054489
365		19.306583723053336		1.3215134143829346		1.5835945106840135		0.3127859210014343		0.6255718420028686
366		19.36584005295299		1.2294285297393799		1.5342810082268714		0.12892813444137574		0.2578562688827515
367		19.439215037040412		1.3211965560913086		1.5991072140598297		0.1888785210609436		0.3777570421218872
368		19.493415106087923		1.2338145971298218		1.5274385995388031		0.8630867625236511		1.7261735250473023
369		19.41209680796601		1.455562949180603		1.7102524670791626		0.7719503967881203		1.5439007935762405
370		19.373605611966923		1.27141273021698		1.572419720196724		0.13331433184742927		0.26662866369485855
371		19.42678938806057		1.3501063585281372		1.622570751018524		0.19913479970693587		0.39826959941387174
372		19.435057824011892		1.2653099298477173		1.5512608897066116		0.13368271047472954		0.2673654209494591
373		19.58371812896803		1.2662739753723145		1.5540327855300904		0.3640739832043648		0.7281479664087296
374		19.365703302901238		1.2469149827957153		1.5525586595630645		0.17398117797374726		0.34796235594749453
375		19.433174279984087		1.1703912019729614		1.4821048912525177		0.13673108491301536		0.2734621698260307
376		19.307524329051375		1.2256979942321777		1.5227533623242377		0.12502598157525063		0.25005196315050127
377		19.368542486801744		1.1729782819747925		1.482788131275177		0.18647917507886885		0.3729583501577377
378		19.55285491817631		1.0928829908370972		1.4212985978031158		0.18589811735749245		0.3717962347149849
379		19.40106804901734		1.4025384187698364		1.6675391065692902		0.15659522551894187		0.31319045103788373
380		19.3327131238766		1.3393155336380005		1.606830888094902		0.14688451846837997		0.29376903693675993
381		19.360360223101452		1.1715344190597534		1.484105057117939		0.15176709285974502		0.30353418571949004
382		19.310268168104813		1.1271592378616333		1.4461077757191658		0.20554252014160157		0.41108504028320314
383		19.390602479921654		1.2102628946304321		1.5059134927034379		0.4059284648656845		0.811856929731369
384		19.631904748966917		1.2664846181869507		1.564969782512188		0.323843264734745		0.64768652946949
385		19.64679137407802		1.2742542028427124		1.5707531914949417		0.5085800385475159		1.0171600770950318
386		19.530704176984727		1.169784665107727		1.4683924551701546		0.1447236819922924		0.2894473639845848
387		19.323319613933563		1.2495850324630737		1.5321711629652977		0.1080679226577282		0.2161358453154564
388		19.42476619197987		1.2231266498565674		1.5336230494999885		0.47122558162212375		0.9424511632442475
389		19.337199222063646		1.2990632057189941		1.5795216684937476		0.10797133368849754		0.21594266737699508
390		19.42210544506088		1.228004813194275		1.5399460615110396		0.23275687854886054		0.4655137570977211
391		19.402491565793753		1.237640380859375		1.5384337534499168		0.12866486617326736		0.2573297323465347
392		19.48108919709921		1.2318918704986572		1.5361058042740823		0.11366434733271599		0.22732869466543199
393		19.242338347947225		1.2592136859893799		1.5409650645661355		0.16090921741127967		0.32181843482255934
394		19.21992287808098		1.173215627670288		1.4909139637565614		0.3531524387359619		0.7063048774719238
395		19.352723823860288		1.3017946481704712		1.6010471174001695		0.20830950771570206		0.4166190154314041
396		19.413100032135844		1.1061644554138184		1.4219343937563895		0.1957150823712349		0.3914301647424698
397		19.51810778887011		1.122448444366455		1.4403730835413933		0.10670242550969124		0.21340485101938247
398		19.37992001697421		1.0911906957626343		1.4080608156013488		0.15216726704239844		0.3043345340847969
399		19.43348759203218		1.2179244756698608		1.5172776501512528		0.18983173624277114		0.3796634724855423
400		19.51943646115251		1.2606444358825684		1.5614073888206481		0.2980336548805237		0.5960673097610474
401		19.59923002193682		1.1723346710205078		1.4810141943073272		0.1673748529791832		0.3347497059583664
402		19.520615809131414		1.1997401714324951		1.504466434006691		0.1168680025935173		0.2337360051870346
403		19.684076767181978		1.0973457098007202		1.4224146839165688		0.6622631063580513		1.3245262127161026
404		19.485960678197443		1.171366810798645		1.4844620842337608		0.16597208575606345		0.3319441715121269
405		19.471240585902706		1.2055460214614868		1.5171860715866088		0.11631109802126885		0.2326221960425377
406		19.357967062853277		1.2063469886779785		1.517988932635784		0.14268274105787276		0.28536548211574553
407		19.44452088000253		1.103080153465271		1.431126588203907		0.6694370863080025		1.338874172616005
408		19.539197439095005		1.242024302482605		1.540505268690586		0.11798311937451363		0.23596623874902725
409		19.530777181033045		1.223853349685669		1.511721410059929		0.11118221277594566		0.22236442555189131
410		19.65563999209553		1.2692333459854126		1.5513997317624093		0.11653838165998459		0.23307676331996918
411		19.328197662020102		1.1919771432876587		1.5047841906285286		0.10731252493858337		0.21462504987716674
412		19.252964034909382		1.156136155128479		1.4767749216914177		0.13460067279934884		0.2692013455986977
413		19.472278252942488		1.198318362236023		1.5027290930080415		0.6926031732261181		1.3852063464522362
414		19.42405907716602		1.101854681968689		1.4128629429864883		0.5183561841607094		1.0367123683214188
415		19.41325124609284		1.2427252531051636		1.5415391270446777		0.11510128236413002		0.23020256472826003
416		19.362236074870452		1.1298552751541138		1.4496436570119857		0.12524212675094604		0.2504842535018921
417		19.45666919881478		1.2219233512878418		1.5348142752289773		0.1731689087629318		0.3463378175258636
418		19.400799693074077		1.0941530466079712		1.418860384004116		0.5249504948139191		1.0499009896278382
419		19.50435363384895		1.2467986345291138		1.5520317062926292		0.21269169667959215		0.4253833933591843
420		19.591399814002216		1.1536282300949097		1.4694653922128678		0.1289341980755329		0.2578683961510658
421		19.832733982009813		1.1646537780761719		1.4745037789654731		0.10928265646100044		0.21856531292200088
422		19.64874152489938		1.1078722476959229		1.4311296456122398		0.10703822517991066		0.2140764503598213
423		19.60343171702698		1.1854313611984253		1.501168238799572		0.1412021009683609		0.2824042019367218
424		19.595751601969823		1.0961220264434814		1.4091561703062057		0.10016063638925553		0.20032127277851106
425		19.49537252401933		1.0662750005722046		1.3944894879865646		0.11007580985426903		0.22015161970853805
426		19.413064152002335		1.2468814849853516		1.5612151784825326		0.10154584999084473		0.20309169998168947
427		19.4556974361185		1.1974170207977295		1.5118849151802063		0.13710027077198028		0.27420054154396056
428		19.548098865896463		1.042860507965088		1.3708573882603645		0.11699110933542252		0.23398221867084504
429		19.5727956390474		1.164392113685608		1.4891931716537476		0.13242935053110122		0.26485870106220244
430		19.400170922046527		1.1079392433166504		1.4398268605327607		0.18629199164509774		0.3725839832901955
431		19.265222010901198		1.0506829023361206		1.389924244275093		0.10062400661110878		0.20124801322221755
432		19.48982352600433		1.1450697183609009		1.4638157526159286		0.5060829959869385		1.012165991973877
433		19.45887324702926		1.1006011962890625		1.419798038804531		0.1026269501388073		0.2052539002776146
434		19.36694635800086		1.1170811653137207		1.4331891965675354		0.19627571402788163		0.39255142805576326
435		19.310441880021244		1.1134415864944458		1.4286172109889985		0.16982823197841646		0.3396564639568329
436		19.444664421025664		1.099618911743164		1.4207841075110434		0.1031259622335434		0.2062519244670868
437		19.55787576804869		1.056296467781067		1.3896962065649032		0.14492809934616088		0.28985619869232176
438		19.65786121203564		1.2253429889678955		1.518667559440136		0.1011567479133606		0.2023134958267212
439		19.55497810104862		1.0580166578292847		1.3875439651584625		0.18447686012387277		0.36895372024774553
440		19.550000936025754		1.0241239070892334		1.3602475691986085		0.2808256536602974		0.5616513073205948
441		19.218792813830078		1.1010959148406982		1.4373612442326547		0.1011972144216299		0.2023944288432598
442		19.430783726042137		1.0587513446807861		1.3935519248437882		0.12426490895748138		0.24852981791496276
443		19.366582840913907		1.1994138956069946		1.5056361731386185		0.5251466621041297		1.0502933242082595
444		19.399581745034084		1.0732941627502441		1.4011817320609092		0.1153597112774849		0.2307194225549698
445		19.382949352031574		1.038329005241394		1.3748793533682824		0.19430967568159102		0.38861935136318204
446		19.298992353957146		1.1981054544448853		1.5112510152554512		0.15655987499952317		0.31311974999904635
447		19.18761908612214		1.1593900918960571		1.4728406528925895		0.1200714924454689		0.2401429848909378
448		19.358876754995435		1.079655408859253		1.4074068486022948		0.13247516890764235		0.2649503378152847
449		19.471556753851473		1.140236258506775		1.461471250100136		0.13624196922779083		0.27248393845558166
450		19.27094274596311		1.04643976688385		1.3834311150813103		0.10447163296937942		0.20894326593875884
451		19.48348309006542		1.1278315782546997		1.447447075920105		0.10670967264771461		0.21341934529542922
452		19.515040437923744		1.0805598497390747		1.4108797992038726		0.16227614443302155		0.3245522888660431
453		19.45100668282248		1.1386045217514038		1.4610872302269935		0.10665582147240639		0.21331164294481278
454		19.444902637042105		1.0844919681549072		1.4147424585342407		0.10562583657503129		0.21125167315006257
455		19.32303559803404		1.0106735229492188		1.3540603818011283		0.1370177290380001		0.2740354580760002
456		19.39165122807026		1.0826778411865234		1.4057288081145287		0.10070730335712433		0.20141460671424866
457		19.428172468207777		1.0943416357040405		1.4169730126070976		0.15273448747992516		0.3054689749598503
458		19.429474578937516		1.0759596824645996		1.4011506482625007		0.16237180871367454		0.3247436174273491
459		19.418183899950236		1.1077531576156616		1.4208468990826606		0.1503431182205677		0.3006862364411354
460		19.597474985057488		1.132184624671936		1.4439506738781929		0.11624714721441269		0.23249429442882538
461		19.686228354927152		1.1177351474761963		1.4383493212795257		0.09891341146230698		0.19782682292461395
462		19.61938108014874		1.1774542331695557		1.474083489534855		0.12379024496674537		0.24758048993349074
463		19.570342500926927		1.0784682035446167		1.4120656888723373		0.10338047983050347		0.20676095966100694
464		19.414515428012237		1.072460651397705		1.3943858639860154		0.23806074451208115		0.4761214890241623
465		19.38682695501484		1.1088066101074219		1.4303283493590355		0.5702258085131645		1.140451617026329
466		19.55602476396598		1.0072077512741089		1.3445720391845704		0.0947807296782732		0.1895614593565464
467		19.50287977606058		1.0125733613967896		1.3492110451102257		0.12409256758093834		0.24818513516187668
468		19.515277352184057		1.0985608100891113		1.4112666856336593		0.09649993152022361		0.19299986304044722
469		19.50295780110173		1.0897642374038696		1.4063978908157349		0.18549660133123397		0.37099320266246794
470		19.521425294922665		1.0622106790542603		1.4042117713832856		0.10347610147595405		0.2069522029519081
471		19.480668283998966		1.0270183086395264		1.3566560765886306		0.10816241577267646		0.21632483154535292
472		19.52239389717579		1.0640043020248413		1.3904579549193383		0.11142540590167045		0.2228508118033409
473		19.578252946026623		1.052341103553772		1.3859892669129372		0.10376224536299705		0.2075244907259941
474		19.589536186074838		1.045873999595642		1.3790639540863037		0.10306945644617081		0.20613891289234162
475		19.441572674084455		1.0488771200180054		1.3806213373756409		0.15761740348339082		0.31523480696678163
476		19.55445196200162		1.1104596853256226		1.4394322344827652		0.17018123816847802		0.34036247633695604
477		19.333996752044186		0.9940876960754395		1.331464324698448		0.10219845757782459		0.20439691515564917
478		19.32777648908086		1.0932010412216187		1.4149722055315972		0.14178836613297463		0.28357673226594926
479		19.41294121509418		1.03994619846344		1.377737554678917		0.09799987524151801		0.19599975048303603
480		19.527130010072142		1.1187727451324463		1.4297684035253524		0.09702873021364213		0.19405746042728425
481		19.555082774953917		0.9956608414649963		1.3385626820349694		0.13991715757846832		0.27983431515693663
482		19.40846544294618		1.014361023902893		1.349983618490696		0.09895048941969871		0.19790097883939742
483		19.49019858497195		1.0212866067886353		1.3660254651474952		0.14532108100056648		0.29064216200113296
484		19.419222631957382		1.0061540603637695		1.3378312454295158		0.10322005368471146		0.20644010736942292
485		19.44632543809712		0.9922437071800232		1.3395383343553544		0.35433185374736786		0.7086637074947357
486		19.416118453955278		1.0087566375732422		1.3542803128957748		0.0931881744891405		0.186376348978281
487		19.399081230862066		1.1086196899414062		1.4238292885375023		0.19467461432218552		0.38934922864437105
488		19.415096184937283		1.0092689990997314		1.3521230469655992		0.09364998177587985		0.1872999635517597
489		19.5588852961082		1.0038255453109741		1.3436304591298103		0.0930147699803114		0.1860295399606228
490		19.59209292079322		0.9563046097755432		1.303931395072937		0.10421154555082321		0.20842309110164642
491		19.699962536804378		0.9485793709754944		1.2952866764760018		0.14544549729824066		0.2908909945964813
492		19.556618147995323		1.0337944030761719		1.3683506419301033		0.21616122782230376		0.43232245564460753
493		19.393173377029598		1.0784879922866821		1.4049451070809365		0.0918731134235859		0.1837462268471718
494		19.381950669921935		1.1260114908218384		1.428518926255703		0.12706173992156983		0.25412347984313965
495		19.357326617930084		1.0226407051086426		1.357523766655922		0.11086719707250595		0.2217343941450119
496		19.44903012807481		0.9451863169670105		1.297789890282154		0.09810012281537056		0.19620024563074112
497		19.412503148894757		1.0284721851348877		1.3665850125813483		0.09695343561172486		0.1939068712234497
498		19.45716264192015		1.0113766193389893		1.354089338104725		0.09509002403020858		0.19018004806041716
499		19.45036411914043		0.9703487157821655		1.3129411195087433		0.09677773175239562		0.19355546350479125
500		19.48586231796071		0.9510201215744019		1.3038318329167367		0.09307505177855492		0.18615010355710984
501		19.570405325852334		1.0412681102752686		1.3793725099539758		0.2943228932023048		0.5886457864046096
502		19.601636070990935		1.0021796226501465		1.3449873475408554		0.14328588886260987		0.28657177772521975
503		19.646693172166124		1.0411508083343506		1.3707004693770408		0.09499873120784759		0.18999746241569518
504		19.528931946028024		0.9909424781799316		1.3326811792969704		0.09883800737261772		0.19767601474523544
505		19.523209856124595		0.9836872220039368		1.3302913824415208		0.0939488549888134		0.1878977099776268
506		19.3759613011498		0.9613696336746216		1.3033226111865044		0.4050204913377762		0.8100409826755524
507		19.466946905013174		0.9999739527702332		1.343253448905945		0.09585132141113281		0.19170264282226562
508		19.537689469987527		0.8735692501068115		1.2377583333539963		0.0908299432784319		0.1816598865568638
509		19.39529793197289		1.0760000944137573		1.404581984934807		0.54593678150177		1.09187356300354
510		19.620919401058927		1.0025955438613892		1.3402313819503784		0.10080681782960892		0.20161363565921783
511		19.531760022044182		0.9735687971115112		1.316496574766636		0.09256106681525707		0.18512213363051414
512		19.378066869918257		0.9973794221878052		1.3433721056699752		0.09878218459188938		0.19756436918377876
513		19.406726986868307		0.9212769269943237		1.2773913557481766		0.09620411807894706		0.19240823615789412
514		19.451995701063424		1.0122560262680054		1.3588088809990884		0.11678825900554657		0.23357651801109314
515		19.549408118939027		1.018075704574585		1.3572971472668647		0.09592088360488414		0.19184176720976828
516		19.545302872080356		0.9681204557418823		1.3094447561502456		0.5137801249861718		1.0275602499723435
517		19.687945204088464		0.9334263801574707		1.286694445617199		0.14741713182926178		0.29483426365852355
518		19.604367586085573		0.9870508313179016		1.334145445666313		0.09594459499120712		0.19188918998241425
519		19.715880760923028		1.0162622928619385		1.357498993422985		0.16000724827647209		0.32001449655294417
520		19.793220875086263		0.9371060132980347		1.2886707684087753		0.11343370742797852		0.22686741485595704
521		19.761524255853146		1.001052737236023		1.3379594615912438		0.09562610393166542		0.19125220786333083
522		19.794755234848708		0.9773447513580322		1.323604951376915		0.1043232849419117		0.2086465698838234
523		19.639894573949277		0.9790381193161011		1.3189066789364814		0.09769352739155293		0.19538705478310586
524		19.457275659777224		0.8970414400100708		1.2490355157852173		0.13802213711738587		0.27604427423477174
525		19.30696079786867		0.9403836727142334		1.2921590537309646		0.22997351676225664		0.45994703352451327
526		19.50378335104324		0.9557421803474426		1.3101466886687279		0.1015882482200861		0.2031764964401722
527		19.59029876301065		0.9320927858352661		1.2793918369436263		0.08979202190637589		0.17958404381275178
528		19.605289719067514		0.9466407299041748		1.2944290167975425		0.09013080525398254		0.18026161050796508
529		19.622253835201263		0.9159716367721558		1.2690451070928574		0.09194451866447925		0.1838890373289585
530		19.498532553901896		0.9315950274467468		1.2754076289081573		0.09955246017575264		0.1991049203515053
531		19.43097320292145		1.0068073272705078		1.3469831110453605		0.20590623603463173		0.41181247206926347
532		19.546533650020137		0.9431219100952148		1.3011111946678162		0.0969246272444725		0.193849254488945
533		19.57550546596758		0.9260475039482117		1.275094177544117		0.12005518484711647		0.24011036969423294
534		19.476497964933515		0.896274209022522		1.254658912267685		0.09103261396288871		0.18206522792577742
535		19.53402850497514		0.968916118144989		1.3120993064427375		0.2297968059360981		0.4595936118721962
536		19.65938924695365		0.9031590223312378		1.2642941827368737		0.11740284726023674		0.23480569452047348
537		19.425360314780846		0.9511628746986389		1.2955756696677208		0.08970036140680313		0.17940072281360625
538		19.507500311825424		0.9113039374351501		1.265715935602188		0.13430215801596643		0.26860431603193285
539		19.60839214292355		0.9639039039611816		1.3126169462299346		0.10146925458312035		0.2029385091662407
540		19.622028182959184		0.9338376522064209		1.2874258560562133		0.11678150663375854		0.23356301326751708
541		19.55514465086162		0.9410293698310852		1.294048872938156		0.08921385058164596		0.17842770116329193
542		19.588841991964728		0.9339809417724609		1.278573845720291		0.15063610074520112		0.30127220149040224
543		19.58061969000846		0.9576938152313232		1.3055277061414718		0.1229490269958973		0.2458980539917946
544		19.55708294105716		0.9473952651023865		1.3016318672609328		0.08804479030370713		0.17608958060741425
545		19.593805932905525		0.9034322500228882		1.2650287543797494		0.10460003142952919		0.20920006285905837
546		19.361312256893143		0.9303601384162903		1.2732858225107193		0.08945582872331143		0.17891165744662285
547		19.48797345883213		0.8916513919830322		1.2527087918519975		0.1756835242986679		0.3513670485973358
548		19.350313829956576		0.9660634994506836		1.3140176291060448		0.09709995776712894		0.1941999155342579
549		19.32077002292499		0.9231424927711487		1.2766262216567994		0.08906110035479069		0.17812220070958137
550		19.331018060911447		0.8945126533508301		1.2542143703722954		0.11939925938248634		0.23879851876497268
551		19.545171516016126		0.943923830986023		1.294979973883629		0.10075263571739197		0.20150527143478394
552		19.53535936702974		0.9796040654182434		1.3128225058555603		0.15928554669618605		0.3185710933923721
553		19.53826051997021		0.9201992154121399		1.2744478342151642		0.09970132277607918		0.19940264555215836
554		19.459907921031117		0.907396674156189		1.2602417031931876		0.0962641321092844		0.1925282642185688
555		19.296890700934455		0.879744291305542		1.2379778697514534		0.18695141345262528		0.37390282690525056
556		19.427849105093628		0.9311084747314453		1.2917288450884818		0.08903722035288811		0.17807444070577622
557		19.35446616495028		0.8849937915802002		1.244370047867298		0.11291342035531998		0.22582684071063996
558		19.35516958683729		0.9669784307479858		1.3069961748957635		0.23481320568323136		0.4696264113664627
559		19.358393305912614		0.8906570076942444		1.2448302441239356		0.10741195233166217		0.21482390466332435
560		19.435394671047106		0.8921915888786316		1.2515148314905167		0.14213841948509218		0.28427683897018435
561		19.698543241014704		0.8910821080207825		1.2431948603510856		0.12070488796234131		0.24140977592468263
562		19.732472992967814		0.9248402714729309		1.2722982546687127		0.11883324155211449		0.23766648310422897
563		19.659081185935065		0.8900414705276489		1.247206650261879		0.08576105337738991		0.17152210675477983
564		19.721879817079753		0.8794052004814148		1.2429902947163582		0.09190632874965668		0.18381265749931336
565		19.584359909174964		0.9336426258087158		1.2856525777506829		0.13274100840091704		0.2654820168018341
566		19.648838869063184		0.9121050834655762		1.2658828567433358		0.09332697394788265		0.1866539478957653
567		19.435608874075115		0.8778955340385437		1.2332299382853509		0.08621497023403644		0.1724299404680729
568		19.59733824012801		0.9040082097053528		1.2616477813959122		0.3188716493785381		0.6377432987570762
569		19.600034863920882		0.9245379567146301		1.2743469652295112		0.08745033541917802		0.17490067083835603
570		19.646720418008044		0.9081212878227234		1.259653453528881		0.10123004506826401		0.20246009013652802
571		19.635351323056966		0.8507601618766785		1.2122058628201484		0.30804806985259053		0.6160961397051811
572		19.541266382904723		0.9076849222183228		1.263972732126713		0.29054377052783964		0.5810875410556793
573		19.67684708093293		0.8722249865531921		1.2338992513537408		0.09947382246851921		0.19894764493703843
574		19.66263037803583		0.8783944249153137		1.2399402648258209		0.18723445620536805		0.3744689124107361
575		19.475419590016827		0.8668341040611267		1.2293875358343125		0.12074450432062149		0.24148900864124298
576		19.587201616959646		0.8926746845245361		1.2452003916239738		0.2294213710129261		0.4588427420258522
577		19.567695210920647		0.8774120807647705		1.238088062865734		0.08600209667086602		0.17200419334173203
578		19.451710511930287		0.8507851362228394		1.2188042810034752		0.09619639399945736		0.1923927879989147
579		19.473438994958997		0.8518193364143372		1.218590064957142		0.17486561378836632		0.34973122757673264
580		19.533444387838244		0.8862014412879944		1.247143215880394		0.08628646279871464		0.1725729255974293
581		19.579586962936446		0.8992859125137329		1.2558020676875115		0.09069450816810132		0.18138901633620264
582		19.4682588391006		0.8601644039154053		1.2205143906354905		0.10995849349796771		0.21991698699593543
583		19.54825932206586		0.849753737449646		1.2154939586043358		0.086173259344697		0.172346518689394
584		19.48961151507683		0.8551505208015442		1.214773711938858		0.09098858869075775		0.1819771773815155
585		19.491526363883168		0.8899878859519958		1.2520515386724471		0.08452086334228516		0.16904172668457032
586		19.718046830035746		0.8534339666366577		1.2183929799485207		0.13549138237833977		0.27098276475667954
587		19.65954332705587		0.8553505539894104		1.2162697227978707		0.11912876496911048		0.23825752993822097
588		19.608525495044887		0.8731930255889893		1.2353466298604012		0.09937970309257507		0.19875940618515014
589		19.40291357995011		0.8367781639099121		1.1992813450288773		0.08556815674602986		0.1711363134920597
590		19.510698379017413		0.872752845287323		1.2307651682448386		0.12440382440686226		0.24880764881372452
591		19.60944490507245		0.8525365591049194		1.2133882728075982		0.08579342475235462		0.17158684950470923
592		19.64609432895668		0.903088390827179		1.2554097507858277		0.11496098844408989		0.22992197688817978
593		19.603995823068544		0.8499675393104553		1.2192533153629304		0.13078191260099412		0.26156382520198823
594		19.545022272039205		0.8903786540031433		1.2509630099987983		0.08888395597040653		0.17776791194081307
595		19.565390737028793		0.8655705451965332		1.223320319402218		0.08424254841804504		0.1684850968360901
596		19.539457781007513		0.8765025734901428		1.2363847462821007		0.10734894320964813		0.21469788641929627
597		19.44547123881057		0.8611855506896973		1.2227252993130684		0.10099336854815483		0.20198673709630965
598		19.564723002025858		0.8302938938140869		1.1961911263537406		0.11114279713332653		0.22228559426665306
599		19.697932312032208		0.8111933469772339		1.1774968986701966		0.08354335385560989		0.16708670771121978
600		19.601799196098		0.8982279300689697		1.2566863928103447		0.08358087809681893		0.16716175619363785
601		19.3969082639087		0.8482223749160767		1.2105895937132836		0.0850804769039154		0.1701609538078308
602		19.49622849188745		0.848474383354187		1.2100159517860412		0.091622509136796		0.183245018273592
603		19.52922932198271		0.8540742993354797		1.2164451298165322		0.1098520787358284		0.2197041574716568
604		19.550424934830517		0.8557553887367249		1.2196617822146416		0.1621869647026062		0.3243739294052124
605		19.603643581969664		0.856289803981781		1.2170389276385307		0.08603624746203423		0.17207249492406845
606		19.481823947979137		0.8611118793487549		1.223666973259449		0.17929258009791374		0.3585851601958275
607		19.34903036803007		0.8449174165725708		1.2042317947220802		0.08289440643489361		0.16578881286978722
608		19.444988508010283		0.8540759086608887		1.2147286710166931		0.11209280581474304		0.22418561162948608
609		19.52025052602403		0.845539927482605		1.2115172822380067		0.0973162616699934		0.1946325233399868
610		19.62731381203048		0.8242924809455872		1.190859135298729		0.11647343257665634		0.23294686515331267
611		19.416292223148048		0.8311246633529663		1.1976527346301078		0.1090458542406559		0.2180917084813118
612		19.397959152935073		0.8550938963890076		1.2174164444828033		0.14696318637728692		0.29392637275457384
613		19.437823972897604		0.81998211145401		1.1817352148652076		0.08500631565451622		0.17001263130903244
614		19.401274658972397		0.8211908936500549		1.1892044676947593		0.09045565865933895		0.1809113173186779
615		19.276716982014477		0.8420072197914124		1.2054248135185242		0.10296764947175979		0.20593529894351958
616		19.390951537061483		0.8255432844161987		1.1959846147060393		0.12384252999424934		0.24768505998849868
617		19.569996122969314		0.8248639702796936		1.1845726768779754		0.08239393698573112		0.16478787397146225
618		19.524431449826807		0.8586485981941223		1.2116018530416488		0.08219858528971673		0.16439717057943345
619		19.506082271924242		0.8044945001602173		1.1715633302664756		0.08260175516009331		0.16520351032018663
620		19.567969531985		0.8485845923423767		1.2107785369062423		0.08491543580591679		0.16983087161183358
621		19.40035764896311		0.8192005753517151		1.179137171726227		0.10359696029424667		0.20719392058849334
622		19.593295064987615		0.83628249168396		1.1990840818643569		0.08805239662826062		0.17610479325652123
623		19.422184793045744		0.8259813785552979		1.1955556473851203		0.09650914511978627		0.19301829023957254
624		19.511454964987934		0.8055105209350586		1.1731860602879525		0.11870377751588822		0.23740755503177643
625		19.421572952065617		0.830829381942749		1.1944097040700912		0.08386114580333233		0.16772229160666466
626		19.481657684082165		0.8450630307197571		1.2098030839395524		0.08210640036165714		0.1642128007233143
627		19.26361158816144		0.8197916150093079		1.1839040300822259		0.09130178866386414		0.18260357732772828
628		19.542508257785812		0.8355574607849121		1.1960679784917831		0.10569395058751106		0.21138790117502212
629		19.599723323015496		0.8156595826148987		1.1829318250441552		0.18024547221064569		0.36049094442129137
630		19.541375738102943		0.8174710869789124		1.1796402926230432		0.08626123972535134		0.17252247945070268
631		19.485771220177412		0.821714460849762		1.1872920402956009		0.08158694767057896		0.16317389534115792
632		19.576059872983024		0.8153420686721802		1.179727068924904		0.08760871230065823		0.17521742460131645
633		19.473745872965083		0.824212372303009		1.1880568248796464		0.08133754053711892		0.16267508107423784
634		19.5234188279137		0.8199424147605896		1.1840368023180963		0.08211845398843289		0.16423690797686577
635		19.522340965922922		0.8170660734176636		1.180971355445385		0.15309251201748847		0.30618502403497694
636		19.57014318392612		0.8160978555679321		1.1826455134510994		0.08172316372990608		0.16344632745981216
637		19.59504534001462		0.8084942698478699		1.1716365189552307		0.08814165050685406		0.17628330101370812
638		19.412843129131943		0.7988448739051819		1.1638077746486664		0.0815959137827158		0.1631918275654316
639		19.505858903052285		0.8267388343811035		1.193653923418522		0.08892943187952042		0.17785886375904084
640		19.524144764058292		0.8041545152664185		1.1701785729002954		0.11319247396588325		0.2263849479317665
641		19.64368745009415		0.813450813293457		1.1772512620282174		0.08658040373921394		0.17316080747842788
642		19.661402695113793		0.8191667795181274		1.1764306469392776		0.08104170849323272		0.16208341698646545
643		19.60263850702904		0.8133308291435242		1.1868419730997086		0.08289749885201454		0.16579499770402908
644		19.501862038159743		0.8149595260620117		1.1849609490978719		0.08078561435341836		0.1615712287068367
645		19.47643459099345		0.8075659275054932		1.1724894131827355		0.08789331640899181		0.17578663281798362
646		19.4791344369296		0.82530677318573		1.189057924258709		0.08134164301455021		0.16268328602910043
647		19.50246947701089		0.8060694336891174		1.1741973768019676		0.08373884758651257		0.16747769517302513
648		19.58607575809583		0.8139104247093201		1.1829951710176467		0.0809832916766405		0.161966583353281
649		19.48835883801803		0.8017687797546387		1.1706440992236138		0.08065975112915039		0.16131950225830077
650		19.3700544340536		0.8030456900596619		1.1708466562008857		0.08157747980952262		0.16315495961904525
651		19.540367946960032		0.7972255349159241		1.1625139662265778		0.0808388999670744		0.1616777999341488
652		19.535376803949475		0.7899568676948547		1.1576607674169541		0.08480592271387577		0.16961184542775154
653		19.67992708995007		0.8020704388618469		1.1721287094330788		0.08424457423090935		0.1684891484618187
654		19.699034536955878		0.7994139790534973		1.1680099495887757		0.094519182112813		0.189038364225626
655		19.51009592995979		0.7973983883857727		1.1648114108014107		0.11718230140209197		0.23436460280418395
656		19.481765915174037		0.7952443361282349		1.160698593811989		0.08093769915401935		0.1618753983080387
657		19.50369034218602		0.7916315197944641		1.1565100956153869		0.08302384662628173		0.16604769325256347
658		19.505884343059734		0.7975033521652222		1.1603603084397316		0.10673140201866627		0.21346280403733253
659		19.724103464046493		0.7954933643341064		1.160054244670868		0.080458736500144		0.160917473000288
660		19.64755211980082		0.7958624958992004		1.1657784855031967		0.08565012942254543		0.17130025884509087
661		19.50937736593187		0.7939057350158691		1.1616518127930164		0.08025045458972455		0.1605009091794491
662		19.50699936109595		0.7857334017753601		1.145305888068676		0.08028665779531002		0.16057331559062005
663		19.49411039892584		0.79463130235672		1.1624161102485657		0.08311026930212975		0.1662205386042595
664		19.478190978057683		0.8015949130058289		1.1681649465203285		0.09953491013646126		0.19906982027292253
665		19.686213333858177		0.800300657749176		1.1676357130861281		0.07993528142869473		0.15987056285738946
666		19.685087714111432		0.7871713042259216		1.156270431098938		0.0978469796717167		0.1956939593434334
667		19.683870756998658		0.792231023311615		1.1595351314091682		0.08372624145448208		0.16745248290896417
668		19.522950598970056		0.7879347205162048		1.156032510535717		0.07969490868151188		0.15938981736302377
669		19.607835128204897		0.7886767983436584		1.1514682450699807		0.08053669816851616		0.16107339633703233
670		19.62769829807803		0.7940912246704102		1.165023482964039		0.07998221485316753		0.15996442970633507
671		19.507965330965817		0.7998661398887634		1.1600871955084802		0.08493803317844868		0.16987606635689737
672		19.583424237091094		0.7861294150352478		1.1509366810584067		0.07974430811703205		0.1594886162340641
673		19.737290303921327		0.8046258687973022		1.1693383101463317		0.08534343206882476		0.17068686413764952
674		19.671262218849733		0.7907566428184509		1.1576373742842674		0.0807857402741909		0.1615714805483818
675		19.37791351811029		0.783673882484436		1.1480382938361169		0.08072833086252212		0.16145666172504425
676		19.333544092951342		0.7783367037773132		1.1427404693508147		0.07981210408210754		0.15962420816421508
677		19.422131747938693		0.7910453081130981		1.1573990472245217		0.07981503788232804		0.15963007576465607
678		19.630093574989587		0.7764667272567749		1.1464072330760955		0.07956922815740108		0.15913845631480217
679		19.630957005079836		0.7867435216903687		1.1492707608294488		0.0808184078335762		0.1616368156671524
680		19.536840121028945		0.7736914753913879		1.1375180826616287		0.08524312980175018		0.17048625960350036
681		19.638651456916705		0.7985935211181641		1.156813934466839		0.08911476438343525		0.1782295287668705
682		19.646166619844735		0.7858977317810059		1.1528754694223404		0.07928085157871247		0.15856170315742493
683		19.452846199972555		0.7822637557983398		1.1450362071418763		0.08745190969407558		0.17490381938815117
684		19.520299401134253		0.7815465331077576		1.1516436426758767		0.08010961440503597		0.16021922881007195
685		19.603457025950775		0.7821624875068665		1.1466714724385738		0.08224241260886192		0.16448482521772384
686		19.64614758407697		0.7759242653846741		1.1401957459712029		0.08099208223819733		0.16198416447639466
687		19.490526547888294		0.7827787399291992		1.1456994717788695		0.08356703720986842		0.16713407441973685
688		19.46105771814473		0.7912032604217529		1.1530673690867423		0.1006878582984209		0.2013757165968418
689		19.456535131903365		0.7776581048965454		1.1450171984267234		0.08832962581813335		0.1766592516362667
690		19.52095840498805		0.7809154391288757		1.1462177831864357		0.07981201567649841		0.15962403135299683
691		19.604475958971307		0.7875332832336426		1.1491403609538078		0.07929904117584229		0.15859808235168457
692		19.488566466839984		0.7844083905220032		1.1514146120786666		0.1091148041844368		0.2182296083688736
693		19.48835509014316		0.7778982520103455		1.1424428484511375		0.07980735788345338		0.15961471576690675
694		19.51497392798774		0.7728357911109924		1.1377580288660527		0.07959711406230927		0.15919422812461853
695		19.440829745028168		0.7764337062835693		1.1414933263349534		0.08973025807738304		0.17946051615476608
696		19.559771578991786		0.7768521904945374		1.1411470344471932		0.07923309466540814		0.15846618933081627
697		19.593386970926076		0.7713475823402405		1.1350667101335525		0.07894855867028236		0.15789711734056472
698		19.659217228880152		0.7705010175704956		1.1324822307157516		0.07930075091421604		0.15860150182843208
699		19.527233622036874		0.7700406908988953		1.1358276151251794		0.08194024227559567		0.16388048455119134
700		19.480366471922025		0.7722129225730896		1.1353786906743049		0.11146031131148339		0.22292062262296677
701		19.472801891854033		0.771711528301239		1.135784639160633		0.07915742515921592		0.15831485031843184
702		19.4692885549739		0.7783439755439758		1.140474947450161		0.07873071503937244		0.15746143007874489
703		19.58727777400054		0.7697857022285461		1.135573625458479		0.11842811924815178		0.23685623849630355
704		19.68550878483802		0.7703569531440735		1.1361997982406615		0.08020853747427463		0.16041707494854926
705		19.63051362708211		0.7732300758361816		1.1333251609706878		0.07851307289600372		0.15702614579200744
706		19.562091537984088		0.7713605165481567		1.1346583970236779		0.08177454623579979		0.16354909247159957
707		19.461609336081892		0.7765205502510071		1.1375712022829056		0.07846421923637391		0.15692843847274782
708		19.447789722122252		0.7789490222930908		1.1415572104918956		0.0803125518232584		0.1606251036465168
709		19.697613619966432		0.7715728878974915		1.1354086774551868		0.07840575596392155		0.1568115119278431
710		19.625767224933952		0.7758704423904419		1.1373903201985358		0.07878723233938217		0.15757446467876435
711		19.66101366491057		0.7703617215156555		1.1315745661568641		0.0970991707354784		0.1941983414709568
712		19.560624815989286		0.7658330798149109		1.1290733909869195		0.07857982800006866		0.15715965600013732
713		19.625816490035504		0.7720802426338196		1.1333874428033828		0.07858548114299774		0.15717096228599547
714		19.587119723903015		0.7673572301864624		1.1297552501702308		0.07865893503725528		0.15731787007451056
715		19.70187509804964		0.7701860070228577		1.1324418567824364		0.07829792162179947		0.15659584324359893
716		19.625297732884064		0.7709605097770691		1.1301036846709251		0.07940421341061592		0.15880842682123184
717		19.553323878906667		0.7752797603607178		1.139278309442997		0.07834315841794014		0.15668631683588027
718		19.571765318978578		0.7713226079940796		1.129949522087574		0.08730647749900818		0.17461295499801635
719		19.50570423109457		0.7730390429496765		1.1336606805813312		0.07815315353870392		0.15630630707740784
720		19.535062420880422		0.7723621726036072		1.1323631766927242		0.07815734224617481		0.15631468449234961
721		19.593208787962794		0.7699257731437683		1.1305519598245621		0.08256473253369331		0.16512946506738663
722		19.57656219205819		0.7681140303611755		1.1266357745671272		0.0832858254134655		0.166571650826931
723		19.553001072024927		0.770149290561676		1.1326926059269906		0.07821026703715324		0.15642053407430648
724		19.490257953992113		0.767302393913269		1.1273557383656503		0.078344606462121		0.156689212924242
725		19.374031873885542		0.7672964930534363		1.1282721725296974		0.07882833050191403		0.15765666100382805
726		19.35250117513351		0.7702094912528992		1.129104253129959		0.07814546803236008		0.15629093606472017
727		19.46337042399682		0.7670695185661316		1.1286959389472009		0.07837167825102806		0.15674335650205612
728		19.676876895828173		0.7681717276573181		1.130849812861681		0.07841259497404099		0.15682518994808198
729		19.66029344080016		0.7657464742660522		1.1254583176922799		0.07797199894487858		0.15594399788975716
730		19.423382188891992		0.7699663639068604		1.129227982916832		0.07855629878044128		0.15711259756088256
731		19.42650415794924		0.7672054767608643		1.1301133036804198		0.07801468969285488		0.15602937938570977
732		19.355477440869436		0.7730617523193359		1.1315794729399682		0.07796220622360707		0.15592441244721414
733		19.527974249096587		0.7677791714668274		1.1290366347789764		0.07822346651256085		0.1564469330251217
734		19.65634116716683		0.7647395730018616		1.127827991054058		0.07867408730685711		0.15734817461371423
735		19.562719014007598		0.767401933670044		1.1268683550977707		0.07800301045179367		0.15600602090358734
736		19.422981549985707		0.7698186635971069		1.1280217666339873		0.07811657518148422		0.15623315036296845
737		19.550458007957786		0.7666460871696472		1.1259578844809532		0.07817807460129261		0.15635614920258523
738		19.38595735002309		0.7678534388542175		1.1234326199007034		0.07797389365434647		0.15594778730869294
739		19.49494514800608		0.7744432687759399		1.1355746097445487		0.08110451476573945		0.1622090295314789
740		19.71265369700268		0.7654308676719666		1.1255209175133705		0.07791923004984856		0.15583846009969712
741		19.54889593902044		0.7648051381111145		1.1256473199868202		0.07813559227585792		0.15627118455171585
742		19.437705835094675		0.7677922248840332		1.126656718158722		0.07811554412543774		0.15623108825087548
743		19.659011538140476		0.7694267630577087		1.1286658956086635		0.07782801077663898		0.15565602155327796
744		19.544940966181457		0.766436755657196		1.1254471596217155		0.07852330383956432		0.15704660767912865
745		19.544546315912157		0.766674816608429		1.1256884881591798		0.07780652768313885		0.1556130553662777
746		19.76064372085966		0.7682098150253296		1.1246105066227914		0.07779908697009087		0.15559817394018174
747		19.561378940939903		0.7653281688690186		1.1245458262836934		0.07783367177248002		0.15566734354496004
748		19.5617019420024		0.7666881084442139		1.1264775654339791		0.07825838081240653		0.15651676162481307
749		19.512642696965486		0.7649511694908142		1.1240278820180893		0.07776719424128532		0.15553438848257065
750		19.63515377510339		0.7673118710517883		1.124506164524555		0.07772880709171295		0.1554576141834259
751		19.76758824684657		0.7662048935890198		1.1229729309630394		0.07783687642812728		0.15567375285625457
752		19.751655356027186		0.7657907605171204		1.124522045071125		0.07782125793397426		0.15564251586794853
753		19.683455245103687		0.7657610177993774		1.123789798693657		0.07787251131236553		0.15574502262473106
754		19.627703729085624		0.763961672782898		1.1217864628958703		0.07771502091586589		0.15543004183173179
755		19.5838857810013		0.7663748264312744		1.1226901761698722		0.07775541108250618		0.15551082216501236
756		19.50414600688964		0.7640475034713745		1.1229763634324075		0.07776714039146901		0.15553428078293802
757		19.486156790982932		0.7656210660934448		1.1246601607942581		0.0776940731793642		0.1553881463587284
758		19.668817607220262		0.7635255455970764		1.1221489976358414		0.07777498705983162		0.15554997411966323
759		19.5063469579909		0.7657986283302307		1.1206510788130761		0.07770570701658726		0.15541141403317452
760		19.713968601077795		0.7661078572273254		1.1221970215582848		0.07767618084847927		0.15535236169695854
761		19.60776119492948		0.7645989060401917		1.1223090141916274		0.07772779532074928		0.15545559064149855
762		19.609148705145344		0.7657110691070557		1.12345217659235		0.07770989063382149		0.15541978126764297
763		19.4764621919021		0.7648693323135376		1.1215327516508102		0.07767264622151851		0.15534529244303702
764		19.788951537804678		0.7660832405090332		1.1223971203804015		0.07768625133037567		0.15537250266075134
765		19.6932688949164		0.7638950347900391		1.1226885294866562		0.07765009725391865		0.1553001945078373
766		19.58276680810377		0.7674153447151184		1.1225606911337376		0.07770090245306492		0.15540180490612984
767		19.503289016894996		0.7617127299308777		1.1186590565395356		0.07767513948678971		0.15535027897357942
768		19.36537344008684		0.7655640244483948		1.122663466219902		0.07767177613675594		0.15534355227351188
769		19.516800206154585		0.76613450050354		1.121885472021103		0.07771545886993408		0.15543091773986817
770		19.648301606066525		0.7646417617797852		1.1210670031809806		0.07985633803308011		0.15971267606616021
771		19.710754652041942		0.7648526430130005		1.1219933713316916		0.07767700264453888		0.15535400528907775
772		19.612009060103446		0.7646993398666382		1.1201355911159516		0.0776455347031355		0.155291069406271
773		19.447901203064248		0.7657588124275208		1.1194571602201462		0.07769475447237492		0.15538950894474984
774		19.528641853947192		0.7634056806564331		1.1212448233532906		0.07765602315068244		0.1553120463013649
775		19.28403613413684		0.7655534744262695		1.1225410124969482		0.07764941238760949		0.15529882477521897
776		19.648419459117576		0.7640649080276489		1.1207711781072616		0.07763262464106083		0.15526524928212165
777		19.55507520097308		0.7655272483825684		1.1223984364175796		0.07764115659892559		0.15528231319785119
778		19.749324487056583		0.7627822756767273		1.119262396018505		0.07764298746287823		0.15528597492575646
779		19.640801860019565		0.7661253213882446		1.121520970609188		0.07761383490860463		0.15522766981720926
780		19.558886447921395		0.7648624777793884		1.120085461217165		0.07764709760844707		0.15529419521689414
781		19.575739541091025		0.7657967209815979		1.1219096593761444		0.0776206433057785		0.155241286611557
782		19.621063459198922		0.7652807831764221		1.1226149209022522		0.07762514708936215		0.1552502941787243
783		19.700176677899435		0.7652746438980103		1.1200460823917389		0.07762414001524448		0.15524828003048896
784		19.597437547985464		0.7679510116577148		1.12298266102314		0.07762391661703587		0.15524783323407174
785		19.611750318901613		0.7668216824531555		1.1215137924480438		0.07764424571990967		0.15528849143981935
786		19.530587680172175		0.7665278911590576		1.1205349801027775		0.07763761038184167		0.15527522076368333
787		19.421291888924316		0.7644098401069641		1.120473226994276		0.07764025187194347		0.15528050374388694
788		19.583829731913283		0.7667604684829712		1.12184514985919		0.0776271234124899		0.1552542468249798
789		19.574177102185786		0.7654684782028198		1.121288788564205		0.07762739558815956		0.15525479117631913
790		19.452623980119824		0.766326904296875		1.1221510681414604		0.07762999001443387		0.15525998002886773
791		19.364005993120372		0.7653743624687195		1.1206598440134525		0.07761721678972244		0.15523443357944489
792		19.224397629033774		0.7654781341552734		1.121132238562107		0.07762310273349285		0.1552462054669857
793		19.22669925307855		0.7659710645675659		1.1204564165520667		0.07762349325418472		0.15524698650836943
794		19.4700591461733		0.7658157348632812		1.121486245881319		0.07762307834923267		0.15524615669846534
795		19.347508921055123		0.7643229365348816		1.1205600524806976		0.07762421899735927		0.15524843799471855
796		19.60009024012834		0.7641599774360657		1.118615792322159		0.07762462737560272		0.15524925475120543
797		19.569696846883744		0.7654380202293396		1.1218152284240723		0.07762365263402463		0.15524730526804925
798		19.52302479604259		0.7648460865020752		1.1220186722254752		0.07762356516122818		0.15524713032245635
799		19.59920631092973		0.7670353055000305		1.1212422054743767		0.07762355015873909		0.15524710031747818