Epoch	Duration				Loss Step Train			Loss Full Train			Loss Step Test			Loss Full Test
0		21.512695733981673		18.78243637084961		19.970242700042725		1.383630665397644		2.767261330795288
1		20.0276327879983		19.04505729675293		19.2484197631073		1.8266906898498536		3.653381379699707
2		20.11941019099322		15.02482795715332		14.819670660839082		1.4535223024368287		2.9070446048736573
3		20.546992493997095		10.917510986328125		10.889165510196685		1.1635928003311158		2.3271856006622316
4		20.70399165499839		14.882177352905273		14.311015949020385		1.9044618574142456		3.808923714828491
5		20.43785377201857		23.790424346923828		20.983347383804322		1.2197077096939086		2.4394154193878173
6		19.52284172902		17.860977172851562		16.83664331916809		1.2883435245513917		2.5766870491027833
7		20.414823449013056		14.964111328125		14.164049040908813		1.0304220796585084		2.060844159317017
8		20.504722668993054		23.842679977416992		21.631812809333802		1.0771197469711304		2.154239493942261
9		20.116075723984977		26.093379974365234		22.614624743728637		1.0131742345809938		2.0263484691619875
10		19.770304452016717		21.590822219848633		23.36473223121643		1.2683032152175904		2.5366064304351807
11		20.383171022986062		14.907678604125977		20.56026168117523		0.9233770987510681		1.8467541975021362
12		20.755261033016723		2.47301983833313		3.6897183156967164		0.7441375591754913		1.4882751183509826
13		20.594366369012278		1.784738540649414		2.284036095085144		0.638098714876175		1.27619742975235
14		20.234882151999045		1.5113896131515503		1.9616250819587708		0.6057826567173004		1.2115653134346007
15		20.007340743002715		1.6055374145507812		2.0350179193878173		0.5625970079898834		1.1251940159797669
16		20.443524943984812		1.418562650680542		1.8409667601013184		0.5686520531654358		1.1373041063308715
17		20.827762919012457		1.4098557233810425		1.82242323720932		0.5054492263078689		1.0108984526157379
18		20.655869156995323		1.531350016593933		1.9390724636650085		0.5076515785217285		1.015303157043457
19		19.46080497998628		1.280648112297058		1.673330550994873		0.4393684811592102		0.8787369623184204
20		20.673608864977723		1.2574659585952759		1.6419663557052613		0.4311305102348328		0.8622610204696656
21		20.645694068982266		1.3194024562835693		1.6985303229522706		0.42962182354927064		0.8592436470985413
22		20.791661333991215		1.2991068363189697		1.6792087585830688		0.48165193300247194		0.9633038660049439
23		20.455926788999932		1.2464081048965454		1.6242369584083558		0.4087492516756058		0.8174985033512115
24		19.907094867987325		1.2839702367782593		1.6535157703018188		0.3756724327564239		0.7513448655128478
25		20.539146574999904		1.2842893600463867		1.6566489769363404		0.504485789322853		1.008971578645706
26		20.893447231996106		1.2427140474319458		1.6164310004043578		0.38228621582984923		0.7645724316596985
27		20.83647370999097		1.2270891666412354		1.59252615483284		0.39203184785842893		0.7840636957168579
28		20.428167812002357		1.1603748798370361		1.5298937481403352		0.344236200261116		0.688472400522232
29		20.05308087298181		1.2070870399475098		1.575549588508606		0.37179744608402254		0.7435948921680451
30		20.360032292024698		1.2021318674087524		1.5712236856842041		0.527692928314209		1.055385856628418
31		20.83246016400517		1.2800365686416626		1.6442807104110717		0.32387243188619613		0.6477448637723923
32		20.395809204987017		1.176388144493103		1.5422070813941955		0.3219913571357727		0.6439827142715454
33		19.83498617299483		1.1769459247589111		1.540182604265213		0.7812954245090484		1.5625908490180969
34		20.453099995007506		1.1457599401474		1.5114241340446473		0.31162873442173006		0.6232574688434601
35		20.691889579989947		1.1744773387908936		1.5378235139560699		0.32268956146240235		0.6453791229248047
36		20.652364478999516		1.200971007347107		1.5581499378681183		0.31075497978925704		0.6215099595785141
37		20.17074652199517		1.1288529634475708		1.4948554991436005		0.29992798897027967		0.5998559779405593
38		19.991471622983227		1.103234052658081		1.4686914508342743		0.2855506095409393		0.5711012190818786
39		20.31370184701518		1.2046688795089722		1.5639451874637604		0.30116393327713015		0.6023278665542603
40		20.917501190007897		1.165202021598816		1.52474432847023		0.2884993811368942		0.5769987622737884
41		20.853107860020828		1.239214539527893		1.6076961094665527		0.28176937522888185		0.5635387504577637
42		20.454352356988238		1.068465232849121		1.4328170711898804		0.31573859746456145		0.6314771949291229
43		20.06722992900177		1.0808075666427612		1.4403946575546265		0.4808069785356522		0.9616139570713044
44		20.061366832989734		1.0992393493652344		1.4584280287933349		0.2613074674487114		0.5226149348974228
45		20.95723173499573		1.0802280902862549		1.439999441871643		0.2619037167072296		0.5238074334144592
46		20.315631406003376		1.1493839025497437		1.5122230896568298		0.30704463797807696		0.6140892759561539
47		19.932140902004903		1.0713461637496948		1.4331745708560943		0.24926649823188782		0.49853299646377564
48		20.37217363298987		1.1053273677825928		1.4660805019760133		0.39559786903858185		0.7911957380771637
49		20.82047749697813		1.1065632104873657		1.4688346762371063		0.24574187972545625		0.4914837594509125
50		20.92491499899188		1.1069949865341187		1.4667129006671906		0.25093777346611024		0.5018755469322205
51		20.458927646977827		1.040493369102478		1.403238225736618		0.38623032338619234		0.7724606467723847
52		20.015209939010674		1.0978386402130127		1.4554576398563386		0.23559685401916505		0.4711937080383301
53		20.18833510801778		1.0494139194488525		1.407285300798416		0.23935854420661926		0.4787170884132385
54		20.79007437999826		1.0215131044387817		1.3788335451698304		0.2297429802775383		0.4594859605550766
55		20.773625399015145		1.0724941492080688		1.422397678565979		0.9253210391998291		1.8506420783996582
56		20.432870410004398		1.0811808109283447		1.441031752719879		0.24369306223392487		0.48738612446784974
57		19.71077532999334		1.0592308044433594		1.419772594795227		0.3039098152041435		0.607819630408287
58		20.667684308020398		1.0640777349472046		1.4136503419876099		0.24084328339099884		0.48168656678199767
59		21.029997556004673		1.0733389854431152		1.4294812551689149		0.22546519815921784		0.4509303963184357
60		20.349325600021984		1.0887665748596191		1.4437004011154175		0.2439562296628952		0.4879124593257904
61		20.295072843000526		1.036503553390503		1.3957439178943634		0.27167734084129336		0.5433546816825867
62		20.366487529012375		1.041716456413269		1.3991867465782166		0.26462291135787963		0.5292458227157593
63		20.91024677900714		1.030501127243042		1.388785611448288		0.21513160160779954		0.4302632032155991
64		21.06571235100273		1.0725743770599365		1.4277037434577942		0.2467490448832512		0.4934980897665024
65		20.46174238898675		1.0094285011291504		1.3655521429252624		0.2580267989754677		0.5160535979509354
66		20.128936410008464		1.044762372970581		1.4059043088150025		0.27331229388713835		0.5466245877742767
67		20.098090108978795		1.1152658462524414		1.469185801591873		0.2581699427843094		0.5163398855686188
68		20.757227038004203		1.0712922811508179		1.428044134311676		0.20174569945335388		0.40349139890670777
69		20.753685909003252		1.0151907205581665		1.366218779182434		0.37500968469381335		0.7500193693876267
70		20.14984804499545		1.020767331123352		1.3755497400283814		0.32232249685525893		0.6446449937105179
71		20.187392637017183		0.972802996635437		1.3295138810825349		0.25828843829631803		0.5165768765926361
72		20.901333495014114		1.0665967464447021		1.4205187346076966		0.22721004922389984		0.4544200984477997
73		20.92457429401111		1.0510218143463135		1.4001558957481384		0.20027173055410386		0.4005434611082077
74		20.85860618800507		0.9884069561958313		1.341822553677559		0.19946435841321944		0.3989287168264389
75		20.47059923800407		1.077344298362732		1.4235494634914398		0.20206962218284608		0.40413924436569215
76		20.249490424001124		0.9991955161094666		1.3532135393810272		0.19142953696250917		0.38285907392501833
77		20.712708778999513		1.1205835342407227		1.4729003679180146		0.2556560162425041		0.5113120324850082
78		20.845393092022277		1.0202604532241821		1.3681896491670609		0.18617042070627213		0.37234084141254425
79		20.674475248990348		1.0290541648864746		1.3867493365192414		0.28922758390903475		0.5784551678180695
80		20.328973360999953		0.9994773268699646		1.354467961974144		0.19390355621576308		0.38780711243152616
81		20.130971650010906		1.0626908540725708		1.416824575624466		0.18541223995685577		0.37082447991371154
82		20.273458283016225		0.9630053043365479		1.3133191035985947		0.20388231546878816		0.4077646309375763
83		20.94261782398098		0.9341190457344055		1.2845745731687546		0.4364134005308151		0.8728268010616302
84		20.383063736982876		1.0514572858810425		1.41002428191185		0.17711495127677918		0.35422990255355835
85		20.209725257998798		1.0141867399215698		1.3647076636838913		0.4120405118346214		0.8240810236692429
86		20.675371819990687		0.9784184098243713		1.3291752606725693		0.17320549960136414		0.3464109992027283
87		20.890445487981196		1.085828423500061		1.4308231954574584		0.18263468470573424		0.3652693694114685
88		20.859602893004194		1.0106719732284546		1.3637504885149		0.40325984601974485		0.8065196920394897
89		20.719049714010907		1.0256586074829102		1.3810985832977294		0.185163476729393		0.370326953458786
90		20.607547268999042		0.9636205434799194		1.3187961765432359		0.18493378217220308		0.36986756434440615
91		20.26712283398956		0.9280965924263		1.2867464628267289		0.16956364177465438		0.33912728354930877
92		20.771869922988117		0.9830201268196106		1.3386582435274124		0.21993057056665422		0.43986114113330843
93		21.127413721987978		1.0282390117645264		1.377981838760376		0.20871460620164872		0.41742921240329744
94		20.73258215500391		0.9336020350456238		1.2861515277290345		0.16755218108892442		0.33510436217784884
95		19.631550443999004		1.1017229557037354		1.4448559158182144		0.1653370507836342		0.3306741015672684
96		20.77757595400908		1.0022555589675903		1.3480550880527495		0.20737095614671708		0.41474191229343416
97		20.880835923017003		0.9421321749687195		1.2955991082286835		0.24773286912441253		0.49546573824882506
98		20.68597368898918		0.9812929630279541		1.3330664085674286		0.25571578758955		0.5114315751791
99		20.28476359299384		0.9816948771476746		1.3383878177213668		0.15625180408358574		0.3125036081671715
100		20.090768537018448		0.9891393780708313		1.3390478639316559		0.21849465767145157		0.43698931534290314
101		20.787883704004344		0.9270651936531067		1.2785399179410935		0.1822502273917198		0.3645004547834396
102		20.937323627003934		0.9939925670623779		1.3434922428274154		0.24505750719308853		0.49011501438617705
103		20.965535738010658		0.995730459690094		1.356225867509842		0.16983748605251311		0.33967497210502623
104		20.44046344299568		0.9720194339752197		1.3285015441465378		0.20172754541635513		0.40345509083271025
105		20.25452137499815		0.9876369833946228		1.3382965932750701		0.15446914919614793		0.30893829839229586
106		20.360372077993816		0.9591805934906006		1.3161088249206543		0.1657504234790802		0.3315008469581604
107		20.952393737010425		0.9968871474266052		1.3506666165161132		0.15489382066726684		0.3097876413345337
108		20.53747276600916		0.9360701441764832		1.2947347204113007		0.2266732157111168		0.4533464314222336
109		20.144169743027305		0.9353013634681702		1.2909004267263413		0.15014022493958473		0.30028044987916946
110		20.454406044009374		0.9480496644973755		1.296218932094574		0.15242515444755556		0.3048503088951111
111		20.902160988014657		0.9828710556030273		1.329493413333893		0.17195744479894637		0.34391488959789274
112		20.933046332997037		0.9333296418190002		1.293246464242935		0.19353958854675293		0.38707917709350587
113		20.583021143014776		1.0382627248764038		1.3895704027414322		0.26717049778699875		0.5343409955739975
114		20.57869058698998		0.9365800023078918		1.291946982626915		0.3581716695189476		0.7163433390378952
115		20.32475049101049		0.9184678792953491		1.2739263145446778		0.14142272264957428		0.28284544529914857
116		21.00391559698619		0.9813608527183533		1.3334163371753693		0.22618469296693802		0.45236938593387604
117		21.191616894997424		0.928824245929718		1.2809228466749192		0.15876417274475096		0.31752834548950193
118		21.13067459798185		0.961485743522644		1.3098393686914445		0.14163746204972266		0.2832749240994453
119		20.636237789003644		1.0245829820632935		1.3709272965669632		0.1746738079547882		0.3493476159095764
120		20.21128026000224		0.9258850812911987		1.282236258559227		0.15476561161279678		0.30953122322559357
121		21.032160686998395		0.9780533909797668		1.332869299621582		0.2481201862335205		0.496240372467041
122		20.952769972005626		0.969100296497345		1.3168067645549775		0.1624328845858574		0.3248657691717148
123		20.509855990007054		0.9078787565231323		1.262654886507988		0.17710980793237685		0.3542196158647537
124		20.352766227995744		0.9693597555160522		1.3189167505550385		0.5267507741212845		1.053501548242569
125		20.3039587700041		1.0676723718643188		1.4082614269447327		0.13623626092076302		0.27247252184152604
126		20.962276792997727		0.9482913613319397		1.3022886735820771		0.13654473880529402		0.27308947761058805
127		20.982084658986423		0.9800313115119934		1.328226607618332		0.19446177299022674		0.3889235459804535
128		20.828154353017453		0.9192380905151367		1.28320358148098		0.1460693317115307		0.2921386634230614
129		20.37129016799736		0.9190365672111511		1.2843828117990495		0.2522835977911949		0.5045671955823898
130		20.185495862999232		0.9293328523635864		1.2765559569311142		0.422817030608654		0.845634061217308
131		20.704935215995647		0.9625674486160278		1.319640229768753		0.15602432872056962		0.31204865744113924
132		21.085842456988757		1.011286973953247		1.3612108457756043		0.14525540035963058		0.29051080071926116
133		20.641523881989997		0.9046705365180969		1.2608581052207948		0.15024989619255066		0.3004997923851013
134		20.344425849994877		0.9504178762435913		1.3063711794996262		0.20352905251979828		0.40705810503959655
135		20.84221566998167		0.9461033940315247		1.3084012009525299		0.14400515256524085		0.2880103051304817
136		21.16662238902063		0.907434344291687		1.2650423799324035		0.1926238267302513		0.3852476534605026
137		21.13937951301341		0.9120862483978271		1.27315307305336		0.18346665824651717		0.36693331649303434
138		20.83057639602339		0.9372886419296265		1.289789458847046		0.13193072848320006		0.2638614569664001
139		20.559357128979173		0.9138624668121338		1.2761169521713256		0.13647317118644714		0.2729463423728943
140		20.321966396004427		0.9387398958206177		1.2954106991529464		0.23534229420423508		0.47068458840847016
141		20.995677434984827		1.0052741765975952		1.3569623396110535		0.13386940900683403		0.26773881801366806
142		20.97797478400753		0.9128533601760864		1.2649265526819229		0.13715669288635254		0.2743133857727051
143		21.003986035997514		0.9392019510269165		1.2946627715396881		0.13799017328619956		0.2759803465723991
144		20.753900006006006		0.9124395251274109		1.2628196201705932		0.14860263671875		0.2972052734375
145		20.196069363009883		0.953376829624176		1.311919792280197		0.12990425797104835		0.2598085159420967
146		20.970906049013138		0.9445016384124756		1.2977664279317855		0.18477729275226593		0.36955458550453185
147		21.08379949000664		0.8887798190116882		1.2389254434633254		0.13438568502664566		0.2687713700532913
148		20.606416629976593		0.8961196541786194		1.2517958860254288		0.16523103853464127		0.33046207706928254
149		20.375746131001506		0.923881471157074		1.280401632218361		0.12552356588244437		0.25104713176488874
150		20.40103012000327		0.9167911410331726		1.2624675334310531		0.1490348904967308		0.2980697809934616
151		20.875389349006582		0.9371639490127563		1.294001166267395		0.22224949765205385		0.4444989953041077
152		20.94394065500819		0.8844669461250305		1.236529862127304		0.1249113058269024		0.2498226116538048
153		20.916004665981745		0.9059435725212097		1.2566018994760513		0.15496738389134407		0.30993476778268814
154		20.471726629999466		0.9078672528266907		1.268324946117401		0.3520384617805481		0.7040769235610962
155		20.16554887901293		0.943537175655365		1.2997835454320907		0.17507958362102508		0.35015916724205015
156		20.617936506983824		0.8785922527313232		1.231809459452629		0.1267547748506069		0.2535095497012138
157		20.991772731998935		0.8811387419700623		1.2412015147781372		0.12720340262651444		0.2544068052530289
158		20.79917758598458		0.9411415457725525		1.3028703120088578		0.4133808421254158		0.8267616842508316
159		20.458857443998568		0.9201075434684753		1.2750307322883605		0.1644926214337349		0.3289852428674698
160		20.704508756985888		0.8525624871253967		1.2044713524389268		0.13778849698901177		0.27557699397802354
161		21.12284553400241		0.9267353415489197		1.2822119469499589		0.14091939374804496		0.2818387874960899
162		21.218856474995846		0.9103843569755554		1.2709220068025588		0.15893246089816093		0.31786492179632186
163		21.06613449798897		0.9079769849777222		1.2682548834943772		0.13125201776623727		0.26250403553247453
164		20.686239298986038		0.9147711992263794		1.2696636793851852		0.13324741238355636		0.2664948247671127
165		20.25151941398508		0.9017599821090698		1.250158870897293		0.15018709607720376		0.3003741921544075
166		21.05314596000244		0.9117276072502136		1.269371440730095		0.128334185308218		0.256668370616436
167		21.05268223499297		0.8664429187774658		1.2195258683753014		0.12021699438691139		0.24043398877382277
168		21.15792807500111		0.9645292162895203		1.317752719693184		0.24757401788830757		0.49514803577661515
169		20.771151738998014		0.8567282557487488		1.2103441087913513		0.15891614618897437		0.31783229237794874
170		20.083684362005442		0.8978859186172485		1.2529301397609711		0.3235724360227585		0.647144872045517
171		20.78965642300318		0.9137760996818542		1.2684876026296616		0.22324845030903817		0.44649690061807634
172		21.158246996987145		0.8769628405570984		1.2289970783424378		0.27574175835847853		0.5514835167169571
173		20.55353766802		0.8847142457962036		1.2363396011924743		0.11813363248705865		0.2362672649741173
174		20.327218811988132		0.864531397819519		1.2259892034769058		0.13201226243972777		0.26402452487945555
175		20.440604625997366		0.8988127708435059		1.2504802965259552		0.15644843536019326		0.3128968707203865
176		21.125086090003606		0.8512940406799316		1.2058430786466598		0.2471787419617176		0.4943574839234352
177		21.128326139005367		0.9050678610801697		1.2653173778629303		0.11721573999524117		0.23443147999048233
178		20.82501592297922		0.9226321578025818		1.2781304440259933		0.12216375628113747		0.24432751256227495
179		20.40301763100433		0.8814298510551453		1.2307643269300461		0.14651435218453407		0.29302870436906814
180		20.182023066008696		0.9150778651237488		1.2714256966114044		0.13270363200306892		0.26540726400613784
181		20.836951144010527		0.8725941181182861		1.2311189725875855		0.11962303372621537		0.23924606745243074
182		21.073308739985805		0.897243082523346		1.2546688991737365		0.11437701336741447		0.22875402673482895
183		20.342642431001877		0.8407759070396423		1.2020559562110902		0.13209432993531228		0.26418865987062456
184		20.205503144999966		0.9000192880630493		1.2505883630919457		0.18235334368348122		0.36470668736696243
185		20.72939713500091		0.866314172744751		1.2308352161216736		0.12328944553732872		0.24657889107465744
186		20.907657974021276		0.8610175848007202		1.2174456244850158		0.11211748860478402		0.22423497720956803
187		20.833388166996883		0.8960514664649963		1.253347268383503		0.2923202492117882		0.5846404984235763
188		20.420617177995155		0.8561083674430847		1.2102701329421997		0.27669944565296173		0.5533988913059235
189		20.287605201010592		0.9569823741912842		1.3043045088768006		0.26100689334869387		0.5220137866973877
190		20.4781307419762		0.9016863703727722		1.260487173306942		0.11677330262064933		0.23354660524129867
191		21.015615347016137		0.8558514714241028		1.2100992507505417		0.153936371666193		0.307872743332386
192		20.902556305984035		0.8897242546081543		1.2494608461904526		0.11939734442234039		0.23879468884468077
193		20.433006598992506		0.8420277237892151		1.2006902921819687		0.11181649372577668		0.22363298745155336
194		20.327843037986895		0.8859733939170837		1.2399171783399583		0.25980145622491835		0.5196029124498367
195		20.157633908995194		0.8955478072166443		1.2505749918532372		0.19304981999397278		0.38609963998794555
196		21.073245020990726		0.8650025725364685		1.2279086932945251		0.1271935150563717		0.2543870301127434
197		20.425441405997844		0.886786162853241		1.2442271209168434		0.1145849111020565		0.229169822204113
198		20.27187402799609		0.8788583874702454		1.2351156255769729		0.1219540562570095		0.243908112514019
199		20.271275651000906		0.8417287468910217		1.1984728944540024		0.10974212059974671		0.21948424119949342
200		21.074697431002278		0.8735783100128174		1.2248851336574555		0.11086918292045593		0.22173836584091186
201		21.078510118008126		0.8933668732643127		1.2450844447946547		0.2265580070734024		0.4531160141468048
202		20.863475099991774		0.9053454399108887		1.2552569858026505		0.14618222103714942		0.29236444207429885
203		20.51510110698291		0.8546490669250488		1.2122915477418899		0.10895915299057961		0.21791830598115922
204		20.222035041020717		0.8814427256584167		1.2349418984889984		0.12734624109864234		0.2546924821972847
205		20.887604105024366		0.8879197239875793		1.245731744465828		0.11036596639752388		0.22073193279504777
206		21.09410886198748		0.8487042188644409		1.2065451407814025		0.11254551056623459		0.22509102113246918
207		21.037159066996537		0.8774768710136414		1.2355483527374267		0.11021189880371093		0.22042379760742187
208		20.027903221023735		0.8719764351844788		1.2304538553380966		0.11718341923356056		0.2343668384671211
209		20.72007891899557		0.8406099081039429		1.1992348316931725		0.11293179379701615		0.2258635875940323
210		21.01648022799054		0.8789387345314026		1.2394958388113975		0.11192903182506561		0.22385806365013122
211		20.96546251399559		0.8781417608261108		1.2337353355145455		0.11050676533579826		0.22101353067159651
212		20.594789616996422		0.867755651473999		1.222965232667923		0.19347081963419915		0.3869416392683983
213		20.482514347997494		0.8480731248855591		1.2011733907699584		0.11505737503767013		0.23011475007534027
214		20.295135089982068		0.8696868419647217		1.2282933661079407		0.24587332787513733		0.49174665575027465
215		21.08655950301909		0.8576776385307312		1.2145246526360511		0.11060674568414688		0.22121349136829377
216		20.99511920599616		0.8642117977142334		1.220163313035965		0.1081640999853611		0.2163281999707222
217		20.85575481300475		0.8919506669044495		1.2522598603725434		0.11042821159958839		0.22085642319917678
218		20.386939888005145		0.8447067737579346		1.206485337524414		0.11246475070118904		0.22492950140237808
219		20.019767518009758		0.849119246006012		1.2079902947759629		0.15404945822358132		0.30809891644716264
220		20.748322724015452		0.8210285902023315		1.1805961263012885		0.12261769891381263		0.24523539782762527
221		21.10719755201717		0.8424041867256165		1.2013363731455804		0.10799223738908768		0.21598447477817537
222		20.457812899025157		0.8475079536437988		1.2021944068193435		0.10693750169873238		0.21387500339746476
223		20.265821943001356		0.8526829481124878		1.2108527912521363		0.1300451391994953		0.2600902783989906
224		20.78158847297891		0.8341853022575378		1.189529750430584		0.13069500259757041		0.26139000519514083
225		20.958176918997196		0.8224294185638428		1.1828729902410506		0.12149668100476264		0.2429933620095253
226		21.163501349976286		0.8733264803886414		1.2297250162434579		0.19313343945741654		0.3862668789148331
227		20.682179378985893		0.8656929731369019		1.2217055798077583		0.10579686563611031		0.21159373127222061
228		20.59138845000416		0.8406352400779724		1.1966409108614922		0.11191217908263207		0.22382435816526414
229		20.405288689013105		0.8322522640228271		1.1897220833849906		0.15186700037717818		0.30373400075435636
230		20.90088024799479		0.850553035736084		1.2055509194350242		0.10903371708989143		0.21806743417978286
231		20.996676809998462		0.8413342833518982		1.1944678507757187		0.10703764106631279		0.21407528213262558
232		20.936271907994524		0.8342359066009521		1.1835939764046668		0.11072089504003525		0.2214417900800705
233		19.852484194998397		0.8395466804504395		1.193252868487835		0.10365876051783561		0.20731752103567122
234		20.99287709701457		0.8202974796295166		1.1734067860770225		0.10314108988046645		0.2062821797609329
235		21.156574713997543		0.8556984066963196		1.2095656840515137		0.1576222621500492		0.3152445243000984
236		20.940896303014597		0.8169987201690674		1.1732748127818107		0.10313626827597618		0.20627253655195235
237		20.55540561900125		0.8393230438232422		1.1926030897641182		0.13624169067144393		0.27248338134288785
238		20.378742140019313		0.8523852229118347		1.209147757616043		0.12000405741930008		0.24000811483860016
239		20.453155553987017		0.8346519470214844		1.1877894261837005		0.13658750917315482		0.27317501834630964
240		21.166647374018794		0.8406033515930176		1.1977282560276985		0.1240789946436882		0.2481579892873764
241		21.139924068003893		0.8232199549674988		1.1771175593233107		0.13781122861504555		0.2756224572300911
242		21.080438700999366		0.8313106894493103		1.1885696294403076		0.11599330530762672		0.23198661061525344
243		20.63665970301372		0.82981276512146		1.186838433482647		0.10955306606292725		0.2191061321258545
244		20.302047949982807		0.8195369243621826		1.178199510910511		0.11627367921471596		0.23254735842943192
245		20.82047181398957		0.8059986233711243		1.1662662945246696		0.10382222645282746		0.20764445290565492
246		20.906406413996592		0.9048817753791809		1.251804239959717		0.14982869854569436		0.2996573970913887
247		20.501615098997718		0.8287196159362793		1.1817295819306373		0.10133065574765206		0.20266131149530411
248		20.32240900400211		0.8222823739051819		1.184894662771225		0.10532120458483696		0.21064240916967392
249		20.877975303999847		0.8143023252487183		1.165996451957226		0.21004206789135932		0.42008413578271864
250		21.116879668988986		0.8671044111251831		1.2256033722114563		0.18326758070588112		0.36653516141176223
251		21.03472144700936		0.8614574074745178		1.2170651990318297		0.11639357590675355		0.2327871518135071
252		20.71714749399689		0.8379100561141968		1.1957338405680658		0.1021755028307438		0.2043510056614876
253		20.393649195990292		0.8202376961708069		1.1773391504883766		0.1055971555352211		0.2111943110704422
254		20.284450809995178		0.8240247368812561		1.184166093583107		0.1566351790189743		0.3132703580379486
255		20.742675065004732		0.8161041736602783		1.1737903587460519		0.10963143572211266		0.21926287144422532
256		20.906040431000292		0.8118385076522827		1.1699470971679689		0.1013508097410202		0.2027016194820404
257		19.622123971988913		0.8247272372245789		1.179780436091423		0.24112776883840562		0.48225553767681123
258		19.33739241497824		0.834148645401001		1.1865944968152047		0.10823669494390488		0.21647338988780976
259		19.352482384012546		0.8158543705940247		1.1675428828978538		0.0990546755105257		0.1981093510210514
260		19.263808925024932		0.8345770835876465		1.1932050268602372		0.11970668554902077		0.23941337109804153
261		19.366251118975924		0.837685763835907		1.199887348742485		0.10060231035351754		0.20120462070703507
262		19.465832378016785		0.828980028629303		1.1786660678696632		0.09983362423777581		0.19966724847555162
263		19.27133392597898		0.8202444911003113		1.1742085571813583		0.17088314311504363		0.34176628623008726
264		19.25166587298736		0.8146986365318298		1.1646140547370911		0.10007087129354476		0.20014174258708953
265		19.212523424008396		0.7977160215377808		1.156589443576336		0.09904368773698807		0.19808737547397615
266		19.228279622999253		0.802607536315918		1.1597283009147643		0.1010134137749672		0.2020268275499344
267		19.340121269982774		0.8037980198860168		1.1558308124518395		0.12369309231638909		0.24738618463277817
268		19.53931106501841		0.8076580166816711		1.1648780690312386		0.10033701815605163		0.20067403631210326
269		19.39613604400074		0.8275865316390991		1.192469748096466		0.10158616821765899		0.20317233643531799
270		19.580941233987687		0.7924686670303345		1.147896402926445		0.10404501032829284		0.2080900206565857
271		19.727145544980885		0.7960056066513062		1.155516674375534		0.12417852973341942		0.24835705946683884
272		19.729318550991593		0.801386833190918		1.1568798347449303		0.1280289289355278		0.2560578578710556
273		19.639905730000464		0.8103331923484802		1.1663812590146065		0.12361130552887917		0.24722261105775833
274		19.64634085498983		0.8218258619308472		1.183737006494999		0.09913941026329995		0.1982788205265999
275		19.613537553988863		0.796537458896637		1.1496016750955582		0.09780731762349605		0.1956146352469921
276		19.638720029004617		0.8092926144599915		1.1584177414822578		0.09971882221102714		0.19943764442205428
277		19.337710509018507		0.8231841325759888		1.1760570240092278		0.1042997116446495		0.208599423289299
278		19.26876778199221		0.7859784960746765		1.1388840031218528		0.10095881625413895		0.2019176325082779
279		19.481462808995275		0.8150139451026917		1.166009605052471		0.09807646586894989		0.19615293173789977
280		19.441884998988826		0.8122539520263672		1.175233190677166		0.09826358714103699		0.19652717428207397
281		19.370696665981086		0.8058828711509705		1.155486659591198		0.16758888953328133		0.33517777906656265
282		19.702623735007364		0.7913010716438293		1.1512674073672295		0.09630363981723786		0.19260727963447571
283		19.705709713016404		0.8036651611328125		1.1543929951620102		0.09633006051182746		0.19266012102365493
284		19.67456483398564		0.831152081489563		1.188348245563507		0.09695163915753365		0.1939032783150673
285		19.67787182200118		0.7724074721336365		1.1252050748753548		0.10940100727081299		0.21880201454162598
286		19.727168822020758		0.7900617122650146		1.1531448006606102		0.11158873122930527		0.22317746245861053
287		19.699185422010487		0.7910352349281311		1.1468350600790977		0.10660170712471008		0.21320341424942016
288		19.42890810300014		0.7889322638511658		1.139580960304737		0.0959724289894104		0.1919448579788208
289		19.469527437002398		0.806874692440033		1.1539703621339799		0.09642031500935555		0.1928406300187111
290		19.477730732003693		0.785076916217804		1.1385317436623574		0.0970808397948742		0.1941616795897484
291		19.310784218017943		0.8082631826400757		1.1673179026865959		0.09702464690208434		0.1940492938041687
292		19.427350051002577		0.7843047380447388		1.1380167569875717		0.09599368987083436		0.1919873797416687
293		19.3647847599932		0.7938581705093384		1.1498782728624344		0.09913696914315223		0.19827393828630446
294		19.31159473300795		0.8086393475532532		1.1696061211323738		0.11536128725409507		0.23072257450819014
295		19.49878317900584		0.7780942916870117		1.1350018359565734		0.16761635234355926		0.3352327046871185
296		19.57363033099682		0.8030701279640198		1.1518456006503106		0.09435066738724708		0.18870133477449416
297		19.49026334201335		0.784847617149353		1.1338678876018524		0.09641437376141548		0.19282874752283097
298		19.21620500399149		0.7807246446609497		1.1357568489265442		0.10265412613153457		0.20530825226306915
299		19.584212802001275		0.7878861427307129		1.1381157041096688		0.11011569010019302		0.22023138020038605
300		19.482478620979236		0.8022966384887695		1.1595996154594421		0.09532135425209999		0.19064270850419998
301		19.448053006984992		0.8021116852760315		1.1615574587392807		0.09474174809157848		0.18948349618315696
302		19.38561365698115		0.7814319133758545		1.135721647567749		0.0945158415466547		0.1890316830933094
303		19.261064971011365		0.7822773456573486		1.1267590496778488		0.12011206461787224		0.2402241292357445
304		19.235674220020883		0.7862051129341125		1.1488448760175705		0.09386363275945186		0.18772726551890373
305		19.26451763699879		0.7653167843818665		1.119516999719143		0.09546952667832374		0.1909390533566475
306		19.367591162008466		0.7704946398735046		1.1236820696496963		0.09391203157007694		0.18782406314015387
307		19.506039388972567		0.7918813228607178		1.145492356967926		0.10301114530563354		0.2060222906112671
308		19.43332511599874		0.7975372672080994		1.1512005592656136		0.09424930996894837		0.18849861993789674
309		19.672004927007947		0.7737329006195068		1.1338028139734269		0.094227863869071		0.188455727738142
310		19.61041149299126		0.782757580280304		1.1319046054553985		0.09397270857989788		0.18794541715979576
311		19.61252342199441		0.7772870659828186		1.1298401550626755		0.09360609927773475		0.1872121985554695
312		19.538374269002816		0.7854393720626831		1.1382777487540245		0.1908714364528656		0.3817428729057312
313		19.67884732800303		0.7769068479537964		1.1278066459751128		0.100219072920084		0.200438145840168
314		19.57868214600603		0.7931281328201294		1.1437241206264497		0.11100711358189583		0.22201422716379166
315		19.51558039401425		0.7835119366645813		1.1399004459500313		0.14930823040008545		0.2986164608001709
316		19.53137807600433		0.7775436639785767		1.1322086755156517		0.09415691407322883		0.18831382814645767
317		19.58499367799959		0.7675490975379944		1.1228464099860191		0.09336595427691936		0.18673190855383873
318		19.596427436976228		0.7775735855102539		1.1274123785185814		0.10360591013431548		0.20721182026863097
319		19.580581297981553		0.7791352272033691		1.135207585117817		0.09394339547157288		0.18788679094314575
320		19.553459451999515		0.7719900012016296		1.1267906264686585		0.09932484266757965		0.1986496853351593
321		19.616448749991832		0.7708516716957092		1.126646420223713		0.09227759455740452		0.18455518911480903
322		19.652620743989246		0.7675178050994873		1.1243460101222993		0.09621382017731667		0.19242764035463333
323		19.520439421990886		0.7798826098442078		1.1383726048994065		0.09310293124616147		0.18620586249232293
324		19.38190601899987		0.7797632813453674		1.129947953722477		0.09243415701687335		0.1848683140337467
325		19.3517648819834		0.7653756141662598		1.1177147040963173		0.09234215461909771		0.18468430923819543
326		19.349958342994796		0.777633547782898		1.1303589417505264		0.10571461930274964		0.21142923860549928
327		19.354746025026543		0.7561493515968323		1.1096559630560876		0.09252694102823734		0.1850538820564747
328		19.237240827991627		0.7646512985229492		1.1108591848492622		0.0941719595193863		0.1883439190387726
329		19.400477482995484		0.7735649943351746		1.119781740896702		0.1066802863061428		0.2133605726122856
330		19.454420008987654		0.7662465572357178		1.1168694826006889		0.09762806516885758		0.19525613033771516
331		19.36743544100318		0.7733392715454102		1.134053981666565		0.09221739518344402		0.18443479036688804
332		19.311758953990648		0.7695028185844421		1.1245228721547127		0.17250384957790374		0.3450076991558075
333		19.4429757540056		0.7588810920715332		1.1095277564835548		0.09804251466989518		0.19608502933979036
334		19.472133372008102		0.760963499546051		1.1181242035722732		0.09208321269750595		0.1841664253950119
335		19.579425063013332		0.7595144510269165		1.1166527219057083		0.10926737241148948		0.21853474482297897
336		19.36505594299524		0.7727360129356384		1.1279578869628906		0.09322592088282108		0.18645184176564217
337		19.366299404005986		0.7527914047241211		1.1012071993756294		0.09076387984454631		0.18152775968909263
338		19.440949010982877		0.7652239799499512		1.1178776708984375		0.0918449939906597		0.1836899879813194
339		19.396612833981635		0.7582138180732727		1.1102106419801712		0.09033388795554638		0.18066777591109276
340		19.35941873601405		0.7730475664138794		1.1225252360582352		0.09073347451984883		0.18146694903969765
341		19.40509430199745		0.764441728591919		1.1195672159028054		0.09491374641358852		0.18982749282717704
342		19.433227540022926		0.7588101625442505		1.1106752417182921		0.09428750516474246		0.18857501032948493
343		19.36166110500926		0.7700344920158386		1.1080539520168304		0.09792270236611367		0.19584540473222734
344		19.38664696199703		0.7682711482048035		1.1169800707411766		0.095676126947999		0.191352253895998
345		19.327966318000108		0.7711110711097717		1.1149874602150918		0.09749934483766556		0.19499868967533113
346		19.332331828016322		0.7551548480987549		1.1129177009439468		0.09193505515456199		0.18387011030912398
347		19.449329846014734		0.7604203224182129		1.1089082990503312		0.0910364046216011		0.1820728092432022
348		19.571260658995016		0.7773829698562622		1.128885263261795		0.14327380487322808		0.28654760974645616
349		19.360210657992866		0.7602384686470032		1.1105640618801116		0.09649303078055382		0.19298606156110765
350		19.37464171598549		0.757220447063446		1.1087774697136878		0.09209452517926693		0.18418905035853386
351		19.351414864999242		0.7575593590736389		1.109541361527443		0.0900179298132658		0.1800358596265316
352		19.321915373002412		0.7523720264434814		1.1042706319284439		0.08957348057925701		0.17914696115851403
353		19.34173253100016		0.7503936290740967		1.0997298661160468		0.08956808391511441		0.17913616783022882
354		19.37407024699496		0.7547307014465332		1.1111808854460716		0.08933808557391167		0.17867617114782333
355		19.34705219999887		0.7629207372665405		1.1101667503809929		0.09024418990015984		0.18048837980031968
356		19.268644586001756		0.7691510915756226		1.115048186776638		0.09059046213626862		0.18118092427253724
357		19.34312958800001		0.7574047446250916		1.1125543273162841		0.08948821256160736		0.1789764251232147
358		19.369806792994495		0.7497084736824036		1.1013391179561616		0.09453012385368346		0.18906024770736693
359		19.48874525699648		0.7633771896362305		1.1115572149181365		0.09187839510142803		0.18375679020285607
360		19.474347321985988		0.7601486444473267		1.1052976177430154		0.09382713125646114		0.18765426251292228
361		19.41919221301214		0.7513441443443298		1.0994173484992982		0.08999829368591308		0.17999658737182617
362		19.537980494002113		0.7510619163513184		1.1032023287796975		0.09058872582018375		0.1811774516403675
363		19.571652818995062		0.7655529379844666		1.1145861321997643		0.11482403056621551		0.22964806113243103
364		19.592462558008265		0.76134192943573		1.108978967139721		0.08884933071732522		0.17769866143465043
365		19.49045596300857		0.7452239394187927		1.0964023743987084		0.09571416634619236		0.1914283326923847
366		19.375916371005587		0.7476405501365662		1.0944653582572936		0.08899615020751953		0.17799230041503905
367		19.331697621004423		0.7532326579093933		1.1042082469391823		0.08843913196921349		0.17687826393842698
368		19.320639836980263		0.7437574863433838		1.0952510701274871		0.10960166526436806		0.2192033305287361
369		19.497917035012506		0.7542992234230042		1.1006164065098762		0.09335808419287205		0.1867161683857441
370		19.42338609500439		0.7560350298881531		1.0998984161949157		0.08869895572960376		0.17739791145920752
371		19.445473130996106		0.7515982389450073		1.1007753568005563		0.09167559633255006		0.1833511926651001
372		19.355412323988276		0.7440090179443359		1.0933968393993378		0.0886337541103363		0.1772675082206726
373		19.34816805398441		0.7583380341529846		1.102348517267704		0.0897327246338129		0.1794654492676258
374		19.417311735014664		0.7528772354125977		1.1052544288754462		0.08861365520656109		0.17722731041312217
375		19.414084301999537		0.7462353706359863		1.0937738796663283		0.08970870839357376		0.1794174167871475
376		19.52764081201167		0.742534339427948		1.092803302590847		0.08933373793065548		0.17866747586131096
377		19.512340546003543		0.7482911348342896		1.0960304000997543		0.09057445598244666		0.18114891196489333
378		19.532116410991875		0.7417106628417969		1.088473625383377		0.08807492853999138		0.17614985707998276
379		19.502600296982564		0.7482598423957825		1.0959907285118102		0.08828059967458247		0.17656119934916495
380		19.498853705998044		0.7476691007614136		1.0931836375427246		0.08982558836042881		0.17965117672085762
381		19.490600188990356		0.7534052133560181		1.0988168111610412		0.0884483937561512		0.1768967875123024
382		19.401118687994312		0.7451464533805847		1.0918667549991607		0.08781031143069268		0.17562062286138536
383		19.44616241598851		0.7516796588897705		1.0968456257891654		0.09255677445232868		0.18511354890465737
384		19.428330297989305		0.7416253685951233		1.0882782569479943		0.08874352281689644		0.1774870456337929
385		19.48883750499226		0.7468839883804321		1.0980063343596458		0.15449425684213638		0.30898851368427277
386		19.5117217139923		0.7464814782142639		1.0901371092295646		0.09078800306618214		0.18157600613236427
387		19.61518396201427		0.7475103735923767		1.0965161169171334		0.0882793877929449		0.1765587755858898
388		19.659680137003306		0.736811101436615		1.0870172063040733		0.08775266072452069		0.17550532144904138
389		19.361052930995356		0.7508817911148071		1.0947457822036744		0.08938917413055897		0.17877834826111794
390		19.564836198987905		0.7461989521980286		1.0891297836589813		0.0873780097514391		0.1747560195028782
391		19.33716527299839		0.7524985671043396		1.094511436536312		0.09390098609328269		0.18780197218656539
392		19.28944668499753		0.7504943609237671		1.0952198537755014		0.08834038094878197		0.17668076189756393
393		19.467673556995578		0.7405790686607361		1.089292117562294		0.08829689126312733		0.17659378252625466
394		19.532425515993964		0.7421755790710449		1.093145041615963		0.12189700593352318		0.24379401186704636
395		19.412288907013135		0.7400669455528259		1.09089833455801		0.09255104222297668		0.18510208444595336
396		19.456516177975573		0.7366733551025391		1.0827930775904655		0.0874145884603262		0.1748291769206524
397		19.481304528017063		0.7431473135948181		1.0887130181193352		0.08696721516251564		0.17393443032503128
398		19.52744315000018		0.7437095046043396		1.0838532445788382		0.08689952460229397		0.17379904920458794
399		19.540570910001406		0.7398959994316101		1.083204100561142		0.1038533228456974		0.2077066456913948
400		19.53558985798736		0.7381680011749268		1.0839748138308525		0.09157375240027904		0.18314750480055808
401		19.627149735984858		0.7425488829612732		1.08913647097826		0.09696786383390427		0.19393572766780853
402		19.572843158995965		0.7427537441253662		1.0898119796681405		0.08780135020017624		0.17560270040035247
403		19.40084697600105		0.7365226149559021		1.0821120376825333		0.10721027098894119		0.21442054197788238
404		19.388580913015176		0.7402693033218384		1.0839942881727218		0.08700992003977298		0.17401984007954596
405		19.621406280988595		0.7389857769012451		1.0883290752458572		0.0870900760114193		0.1741801520228386
406		19.457471175992396		0.7378574013710022		1.0836025855970384		0.08690215000212193		0.17380430000424385
407		19.375786484015407		0.739814043045044		1.0829068193006515		0.09924694945812225		0.1984938989162445
408		19.276666613994166		0.7389234304428101		1.0869787359642982		0.0866401168704033		0.1732802337408066
409		19.54726766902604		0.7432312369346619		1.087868427605629		0.08668531442880631		0.17337062885761262
410		19.222378081001807		0.7403249740600586		1.0849840530276298		0.08674232968688012		0.17348465937376023
411		19.2880071499967		0.7378989458084106		1.0837257075810431		0.08673096262812614		0.1734619252562523
412		19.424338331009494		0.7390230894088745		1.0808442722296714		0.086612180018425		0.17322436003685
413		19.320819427986862		0.7412785887718201		1.08256808031559		0.08899587245583535		0.1779917449116707
414		19.309606755006826		0.7402597665786743		1.0825384950637817		0.09487093618512153		0.18974187237024306
415		19.598697267007083		0.7473974227905273		1.085135098466873		0.08660667247772216		0.17321334495544433
416		19.476789729989832		0.7351986765861511		1.0838443246865272		0.08652287572920322		0.17304575145840645
417		19.372811028995784		0.743904173374176		1.0841610855293273		0.08826805924773216		0.17653611849546433
418		19.435279689991148		0.741591215133667		1.080460623497963		0.09052958770990371		0.18105917541980743
419		19.413075471005868		0.7385278940200806		1.0799016215610504		0.0863164672523737		0.1726329345047474
420		19.384986949997256		0.7325436472892761		1.0793648803687095		0.08651913543045521		0.17303827086091042
421		19.338813016016502		0.7413581013679504		1.081360994257927		0.08637852007746696		0.17275704015493393
422		19.33732164601679		0.7362066507339478		1.080835424668789		0.0864088699489832		0.1728177398979664
423		19.225732276012423		0.7375047206878662		1.081264636774063		0.086422288402915		0.17284457680583
424		19.319391641998664		0.7325488328933716		1.0790291262030602		0.08618955563604831		0.17237911127209662
425		19.410798182012513		0.7424711585044861		1.0787488356733321		0.08605482324957847		0.17210964649915694
426		19.39638276200276		0.7433292269706726		1.0806928354620933		0.08620707987844944		0.1724141597568989
427		19.384122084011324		0.7444995641708374		1.0824896658849716		0.08697344278991222		0.17394688557982443
428		19.356237316998886		0.7327601909637451		1.077127177004814		0.08615527725815773		0.17231055451631547
429		19.378355815977557		0.7363770008087158		1.0796825946044921		0.08710427835583687		0.17420855671167373
430		19.342074944026535		0.738267183303833		1.0773510861706734		0.08707526513636112		0.17415053027272223
431		19.28022513599717		0.7339387536048889		1.0785977190375329		0.08603872425556183		0.17207744851112367
432		19.298112295975443		0.7331705093383789		1.077885840690136		0.08664353955686092		0.17328707911372185
433		19.341427361010574		0.7369740605354309		1.0769754327440262		0.08604111691713333		0.17208223383426666
434		19.431539291981608		0.7354856729507446		1.0782382581949235		0.08597949738800525		0.1719589947760105
435		19.34188448099303		0.7413918375968933		1.0781118057131767		0.08590617133080959		0.17181234266161918
436		19.37952695900458		0.7391762137413025		1.0771846379876138		0.08618717319369316		0.17237434638738633
437		19.43911368199042		0.7361001372337341		1.0768811939382552		0.08596237291693687		0.17192474583387374
438		19.461110139003722		0.7342687249183655		1.076414630343914		0.08587614618241787		0.17175229236483575
439		19.306059913011268		0.7323311567306519		1.0758921502804757		0.08601031882464885		0.1720206376492977
440		19.50356860901229		0.737837016582489		1.0775568040919303		0.08593981516063214		0.17187963032126427
441		19.424928307009395		0.7341258525848389		1.0752905700492859		0.08582059073150158		0.17164118146300317
442		19.316926381987287		0.733859658241272		1.0752981567144393		0.08576813876330852		0.17153627752661704
443		19.42936514597386		0.7364978194236755		1.0788868074822426		0.08603814544677735		0.1720762908935547
444		19.586343152011978		0.733829915523529		1.0771338983678818		0.08570245296359062		0.17140490592718124
445		19.570779386995127		0.7342519164085388		1.0769521032857894		0.08618569051623344		0.17237138103246688
446		19.605689628981054		0.7304773330688477		1.0728191977882384		0.08566789951920509		0.17133579903841017
447		19.79896192398155		0.7386177778244019		1.0763736938476562		0.08569132128059864		0.17138264256119728
448		19.75243404597859		0.7377105355262756		1.075776888217926		0.08599021858870984		0.17198043717741968
449		19.637351856013993		0.7393087148666382		1.0786949076724053		0.08564367709755898		0.17128735419511795
450		19.55778240901418		0.7339569330215454		1.074522438943386		0.08617749612033367		0.17235499224066733
451		19.522561305988347		0.7429767847061157		1.0758491140103341		0.08562650130987168		0.17125300261974336
452		19.632182000001194		0.7341172695159912		1.0757308129549026		0.0861034313172102		0.1722068626344204
453		19.545945074001793		0.7292084693908691		1.07422479190588		0.08557200334370137		0.17114400668740273
454		19.437419408990536		0.7308096885681152		1.075336757750511		0.0856656240016222		0.1713312480032444
455		19.45296606901684		0.7383158206939697		1.075633063929081		0.08557791448533535		0.1711558289706707
456		19.473312526999507		0.7337748408317566		1.0734071746492386		0.0856103919684887		0.1712207839369774
457		19.58201824798016		0.7381324768066406		1.0761650677084922		0.08551326299011708		0.17102652598023416
458		19.57938256399939		0.7399843335151672		1.0748975160741805		0.08559958360195159		0.17119916720390319
459		19.58405222298461		0.7336058616638184		1.0755876995158196		0.08558937409222125		0.1711787481844425
460		19.640204708004603		0.7336527705192566		1.0740085069799423		0.08554733979403972		0.17109467958807945
461		19.515011359006166		0.7356475591659546		1.0750641759562491		0.08555817712843418		0.17111635425686836
462		19.547857736004516		0.7340072393417358		1.0737523582148552		0.08553133797347545		0.1710626759469509
463		19.589989568979945		0.7368375658988953		1.0740974217534065		0.08552579330801964		0.17105158661603928
464		19.49806310600252		0.7332509756088257		1.0748934288525582		0.08554033432900905		0.1710806686580181
465		19.496103776997188		0.7318775057792664		1.0744390202879905		0.08554299775063992		0.17108599550127984
466		19.430370226007653		0.7360682487487793		1.0736241280770302		0.08554912650883198		0.17109825301766396
467		19.51921675101039		0.736660361289978		1.07367050355196		0.08551700442135333		0.17103400884270667
468		19.33192992900149		0.7332367897033691		1.0713184832668305		0.08546199470162391		0.17092398940324782
469		19.459030044992687		0.7367553114891052		1.0728033875489236		0.08550262063741684		0.17100524127483369
470		19.50580618699314		0.7390285134315491		1.0742186796617508		0.08547317107915878		0.17094634215831755
471		19.441173129016533		0.7351436018943787		1.0723447716212273		0.08548830066919327		0.17097660133838655
472		19.553474718995858		0.7342754602432251		1.0744805059838296		0.08546004168689252		0.17092008337378503
473		19.532144715980394		0.74247145652771		1.0744663539242745		0.0854441653728485		0.170888330745697
474		19.658438140002545		0.7331387400627136		1.0733953027176857		0.08546169965863228		0.17092339931726455
475		19.589531448000344		0.7362667918205261		1.0724970347929002		0.08545403251945972		0.17090806503891945
476		19.626585828023963		0.7369635701179504		1.0728927049207688		0.08547137893736362		0.17094275787472724
477		19.41580466099549		0.7318816184997559		1.073326428296566		0.0854560043334961		0.1709120086669922
478		19.47582990297815		0.7348387241363525		1.0736918053364755		0.08545523888468742		0.17091047776937485
479		19.361637402005726		0.73575359582901		1.0739229716515541		0.08545694549679757		0.17091389099359514
480		19.57289803601452		0.7341066002845764		1.073404335565567		0.08547378849983216		0.1709475769996643
481		19.501326295983745		0.7301095724105835		1.0735683756184577		0.08544697815477847		0.17089395630955695
482		19.40659792299266		0.7356428503990173		1.0730876552414894		0.08544589494168758		0.17089178988337517
483		19.451387615001295		0.7396448850631714		1.0739815126419068		0.08543427032232284		0.17086854064464568
484		19.32741433000774		0.7355313301086426		1.073672098259926		0.08544838102161885		0.1708967620432377
485		19.494583332998445		0.7348160147666931		1.0735613471269607		0.0854478707998991		0.1708957415997982
486		19.48457969998708		0.7396344542503357		1.0742998598194122		0.08543440128564835		0.1708688025712967
487		19.399126839009114		0.7380009889602661		1.0727778367042542		0.08542757639288902		0.17085515278577804
488		19.616723771992838		0.7310214638710022		1.071500755534172		0.08542674633860588		0.17085349267721175
489		19.52728370501427		0.7301565408706665		1.0733118239927293		0.08542959778010845		0.1708591955602169
490		19.44558428399614		0.7368992567062378		1.0715525339794159		0.08543582175076007		0.17087164350152015
491		19.510427324014017		0.7348928451538086		1.0731114192581177		0.08543945740759373		0.17087891481518747
492		19.444609275000403		0.7347568273544312		1.074921326212883		0.08543063760101795		0.1708612752020359
493		19.630170444987016		0.7384105920791626		1.0732147151517868		0.0854301974684		0.1708603949368
494		19.41386889698333		0.7320975065231323		1.0729556765580177		0.08542986550331115		0.1708597310066223
495		19.362787875987124		0.7359492182731628		1.0745542932868004		0.08542885987460613		0.17085771974921227
496		19.45279050298268		0.7389700412750244		1.0734861390304566		0.08542920141816139		0.17085840283632278
497		19.327328649000265		0.7361973524093628		1.072001123688221		0.08542869415283204		0.17085738830566408
498		19.45038648499758		0.7353352904319763		1.0732028858232499		0.08542878668904305		0.1708575733780861
499		19.493523548997473		0.7354217767715454		1.0738243587493896		0.08542880452275277		0.17085760904550554