Epoch	Duration				Loss Step Train			Loss Full Train			Loss Step Test			Loss Full Test
0		19.912524126993958		31.646713256835938		32.63485261100769		1.9776044731140137		3.9552089462280273
1		19.88385264002136		41.33436965942383		34.800400562782286		3.3854857444763184		6.770971488952637
2		19.82241181700374		21.062074661254883		17.88846561416626		3.168424801826477		6.336849603652954
3		19.846867113985354		18.159900665283203		16.298789249343873		1.3378562017440796		2.675712403488159
4		20.005879956006538		13.734908103942871		12.253882656364441		1.8941593437194824		3.7883186874389647
5		19.911114789021667		13.924027442932129		12.454034237709045		1.1414046295166016		2.282809259033203
6		19.826453879009932		17.260765075683594		15.319513683376313		1.2296150394439698		2.4592300788879395
7		19.87354763399344		12.921603202819824		11.35057871580124		1.1944855615615844		2.3889711231231687
8		19.800599176989635		18.694719314575195		16.248279427986144		1.0266993133544922		2.0533986267089843
9		19.8743759309873		13.351929664611816		11.77489362789154		1.0549388870239258		2.1098777740478516
10		19.870000163995428		20.095169067382812		23.50267999404907		1.1217982042312622		2.2435964084625244
11		19.852921134006465		17.48444366455078		22.971755499267577		2.262251714134216		4.524503428268432
12		19.843032217992004		8.923828125		13.644236517333985		1.1614203886032104		2.322840777206421
13		19.842075127002317		8.232110023498535		13.332160051956176		0.9117923571586609		1.8235847143173218
14		19.920948014012538		5.283054351806641		8.19267107963562		0.9913966653823852		1.9827933307647705
15		19.812609641987365		2.8535001277923584		3.3058986882019044		0.8902251089096069		1.7804502178192139
16		19.844117366999853		2.3333218097686768		2.7002532876586915		1.0486299746513366		2.097259949302673
17		19.829861289006658		2.414503574371338		2.6953312324905396		0.7237437799453735		1.447487559890747
18		19.826365100976545		2.5562195777893066		2.752496308479309		0.6040384314060211		1.2080768628120422
19		19.84415367001202		2.006492853164673		2.2749057792282104		0.5735738811016082		1.1471477622032165
20		19.801095207978506		2.385571002960205		2.5753195004081726		0.7571367549896241		1.5142735099792481
21		19.813355489022797		2.094228506088257		2.3330027878570556		0.593201532125473		1.186403064250946
22		19.848381288989913		2.0936074256896973		2.327035832824707		0.6984761235713959		1.3969522471427918
23		19.84217438401538		2.542546510696411		2.703838008880615		1.0176915384292602		2.0353830768585204
24		19.830992462986615		1.7259910106658936		2.00012589099884		0.481453107714653		0.962906215429306
25		19.822851916018408		2.093642234802246		2.3156988974571227		1.7897188135147095		3.579437627029419
26		19.77016169700073		2.3396012783050537		2.5286983032798767		0.5846373211860657		1.1692746423721314
27		19.835008843016112		1.90372633934021		2.130721502685547		2.18555518321991		4.37111036643982
28		19.864744391990826		1.9080055952072144		2.145335834903717		0.41968914062976836		0.8393782812595367
29		19.917689657013398		1.9562135934829712		2.196926552696228		0.6673437886238098		1.3346875772476197
30		19.92478472701623		2.197129726409912		2.3874551147460936		0.6067564905166626		1.2135129810333252
31		19.89223300400772		1.9066805839538574		2.133087907447815		0.3750825092077255		0.750165018415451
32		19.945854767982382		2.05397629737854		2.253553319129944		0.3981253976583481		0.7962507953166962
33		19.91363975801505		2.115720510482788		2.274625459547043		0.40312352917194366		0.8062470583438873
34		19.810480642976472		1.7756558656692505		2.016495007534027		0.35368196206092833		0.7073639241218567
35		19.915620751009556		1.949625849723816		2.1379374692726136		0.4227834981203079		0.8455669962406158
36		19.89666281902464		1.768815279006958		2.0026017374515535		0.34103143420219423		0.6820628684043885
37		19.89710390099208		1.8407803773880005		2.0738279181861876		0.6715836444616318		1.3431672889232635
38		19.852117471018573		1.8071573972702026		2.031846036520004		0.31101427810192106		0.6220285562038421
39		19.749670958990464		2.0282633304595947		2.2202171724700928		0.3115918791294098		0.6231837582588196
40		19.70558118901681		1.8899648189544678		2.0789237779045107		0.3392489709377289		0.6784979418754578
41		19.732173125987174		1.815252661705017		2.0195406915569305		0.34355274112224576		0.6871054822444915
42		19.7585867960006		1.800191879272461		2.0358252311611174		2.001893786048889		4.003787572097778
43		19.676988819992403		2.02658748626709		2.1745812185096742		0.4322806337952614		0.8645612675905228
44		19.865077911992557		1.667082667350769		1.9146915333557128		0.3539853431463242		0.7079706862926484
45		19.85988790000556		1.757850170135498		1.9971342584323883		0.3185699712991715		0.637139942598343
46		19.872010020015296		2.2512407302856445		2.3670190002632143		0.4128735127449036		0.8257470254898072
47		19.908593865984585		1.688051462173462		1.9243418602371216		0.2586635579228401		0.5173271158456803
48		19.98345190100372		1.577574610710144		1.8433439735889434		0.29760426450967786		0.5952085290193557
49		19.965946852986235		1.9871242046356201		2.1685318102073667		0.25911026468276976		0.5182205293655395
50		19.799389438005164		1.8417160511016846		2.0574351511001585		0.3085497875213623		0.6170995750427246
51		19.797914429975208		2.048064947128296		2.221933070936203		0.3589530872106552		0.7179061744213104
52		19.811301651992835		1.748682975769043		1.9577894192504883		0.2572710187077522		0.5145420374155044
53		19.777583058021264		1.712168574333191		1.9393728789234161		0.2402756061553955		0.480551212310791
54		19.817684072011616		2.1519951820373535		2.275757407550812		0.24093722698688508		0.48187445397377016
55		19.824653861986008		1.6348309516906738		1.8647525176906585		0.43472667293548584		0.8694533458709717
56		19.85477698800969		1.7437885999679565		1.9678217630195618		0.313318388915062		0.626636777830124
57		19.791865931008942		2.126589059829712		2.24319702252388		0.35670725672245024		0.7134145134449005
58		19.844200035004178		1.5597913265228271		1.790929547958374		0.3064934883117676		0.6129869766235352
59		19.89109969898709		1.9601919651031494		2.128633145608902		0.303313182592392		0.606626365184784
60		19.85546033497667		1.6195344924926758		1.848122353668213		0.4975671608924866		0.9951343217849732
61		19.85617498602369		1.747371792793274		1.9586929882144928		0.7631550932645798		1.5263101865291595
62		19.844654813001398		2.0035228729248047		2.1531050860881806		0.9457242573022843		1.8914485146045685
63		19.919543537020218		1.7135885953903198		1.9283225471878052		0.2203859501481056		0.4407719002962112
64		19.946447394991992		2.036133289337158		2.1719433761119844		0.23297450685501098		0.46594901371002195
65		20.01309638400562		1.8178117275238037		2.014905621614456		0.3740407574892044		0.7480815149784088
66		19.96876530398731		2.0932817459106445		2.212591374464035		1.1690281345367433		2.3380562690734865
67		19.942300110997166		1.6455661058425903		1.879676000881195		0.7238567259550095		1.447713451910019
68		19.901629036001395		1.6086713075637817		1.8674536381292344		0.2307056452870369		0.4614112905740738
69		19.829618521005614		2.044802188873291		2.190113944683075		1.0890683381319046		2.1781366762638092
70		19.732901868992485		1.6946555376052856		1.923905183134079		0.7783893692970276		1.5567787385940552
71		19.937193840014515		1.7976510524749756		1.9975768068599702		0.3993045796990395		0.798609159398079
72		19.91460406500846		1.918439507484436		2.075746932449341		0.2621067736506462		0.5242135473012924
73		19.93861096102046		1.8718568086624146		2.0494282186317445		0.20488058683872223		0.40976117367744447
74		19.993423765990883		1.8882153034210205		2.0553111235046386		0.2368770654797554		0.4737541309595108
75		19.91057636399637		1.7452129125595093		1.9626394313049316		0.2160788875579834		0.4321577751159668
76		19.983319538005162		1.981042742729187		2.1392506254577635		0.627141197514534		1.254282395029068
77		20.093845027004136		1.9108188152313232		2.101312669286728		0.4122285845756531		0.8244571691513062
78		20.044394594995538		1.823721170425415		2.0101021184062957		0.24640971447229384		0.4928194289445877
79		19.97962696297327		1.7044588327407837		1.9195557213783263		1.0979365854740142		2.1958731709480284
80		19.929881424002815		2.001988172531128		2.159432249794006		0.28818046547174453		0.5763609309434891
81		19.86251630098559		1.942652940750122		2.1087443883609773		0.19462105085849762		0.38924210171699525
82		20.021505584998522		1.5072578191757202		1.7471629667949677		0.2481048359632492		0.4962096719264984
83		20.007158412015997		1.7082877159118652		1.920167836341858		1.8599802235841751		3.7199604471683503
84		19.91019671401591		2.012730360031128		2.168425936255455		0.19648305081129075		0.3929661016225815
85		20.06352253901423		2.146613359451294		2.2604677897167207		0.7255683497428894		1.4511366994857788
86		20.14076133398339		1.7758957147598267		1.9940259352397918		0.21302396963834763		0.42604793927669526
87		19.929521385987755		1.7272624969482422		1.9599663633918762		0.227512056350708		0.455024112701416
88		19.829085429984843		1.9891880750656128		2.130388080201149		0.9530351084470748		1.9060702168941497
89		19.827471616998082		1.7294520139694214		1.9439468286800385		0.3342663832426071		0.6685327664852142
90		19.842046388977906		1.7563059329986572		1.9676197493362426		0.4665702062487602		0.9331404124975204
91		19.906938986998284		1.4178293943405151		1.6926037175226212		0.1852154844880104		0.3704309689760208
92		19.962975878006546		1.6020326614379883		1.8315163637161256		0.6692837226629257		1.3385674453258514
93		20.059304082999006		2.0365848541259766		2.174334418311119		0.1844141015648842		0.3688282031297684
94		19.976630864024628		1.8574944734573364		2.069198160276413		0.2501338925004005		0.500267785000801
95		20.024071558000287		1.6770007610321045		1.8832691878509522		0.1773215301632881		0.3546430603265762
96		19.961867178993998		1.7223281860351562		1.9248109130096436		0.23656640948057175		0.4731328189611435
97		19.930581694992725		1.4504011869430542		1.7067335913419723		0.3220606744647026		0.6441213489294052
98		19.961023526004283		1.8598346710205078		2.0499351036310194		1.3601632385730744		2.720326477146149
99		19.978787447995273		1.8950644731521606		2.074400396771431		0.2857537968635559		0.5715075937271118
100		19.970010191987967		1.4334464073181152		1.6928990237379073		0.7543529305100442		1.5087058610200883
101		19.974136131000705		1.7586932182312012		1.9599880952310562		0.26014219501018526		0.5202843900203705
102		20.045003429986537		1.5759496688842773		1.7985017974472046		0.3839497925162315		0.767899585032463
103		19.891284751996864		1.8626478910446167		2.055007376036644		0.2201624011516571		0.4403248023033142
104		19.817362830013735		1.6467911005020142		1.872992057285309		0.2134542605280876		0.4269085210561752
105		19.81276036100462		1.8823716640472412		2.079396631565094		0.42741365171670914		0.8548273034334183
106		19.875112095993245		1.6535463333129883		1.8931697916030883		0.1981057507753372		0.3962115015506744
107		19.877749587991275		2.8206534385681152		2.7872403192615507		0.4507478348493576		0.9014956696987152
108		19.915543039998738		1.6830885410308838		1.9090308274936676		0.18994486978054045		0.3798897395610809
109		20.043247658992186		1.51340651512146		1.7599222401952743		0.23978233855962752		0.47956467711925505
110		19.816576480021467		1.7444720268249512		1.9459948582792281		0.20524048018455504		0.4104809603691101
111		19.818742783012567		1.7250535488128662		1.9274231083154678		0.27307297897338867		0.5461459579467773
112		19.791296956973383		1.7858617305755615		1.9764506047010422		0.20915030624866485		0.4183006124973297
113		19.905824827001197		2.1713879108428955		2.299765464324951		0.5925696957945824		1.1851393915891648
114		19.97829388300306		1.5000085830688477		1.7594655570983886		0.5900326243400573		1.1800652486801146
115		19.931259106000653		1.5490143299102783		1.7895419805669786		0.19617454897165298		0.39234909794330597
116		20.13099782698555		1.8370780944824219		2.018941540899277		0.5427855308055878		1.0855710616111756
117		20.120864627999254		1.5911179780960083		1.817595287809372		0.1823215343594551		0.3646430687189102
118		20.072604297020007		1.872382402420044		2.056682382674217		0.16411851117610932		0.32823702235221863
119		20.093688131019007		1.9197721481323242		2.1168612962675093		0.3503593690276146		0.7007187380552292
120		20.054495768010383		1.9157114028930664		2.1152717189788817		0.6177901826858521		1.2355803653717041
121		19.99236263000057		1.771645426750183		1.9578627730321885		0.7095710863351822		1.4191421726703644
122		20.067752550996374		1.9534283876419067		2.1112082531023026		0.2792980085849762		0.5585960171699524
123		20.005045056983363		1.5982521772384644		1.8324135457801818		0.3316551798224449		0.6633103596448898
124		20.046579364017816		1.919593334197998		2.082138131585121		1.1027592166900635		2.205518433380127
125		20.00604525199742		1.578115463256836		1.8164707645082474		0.19771502431035043		0.39543004862070086
126		20.01197989398497		1.6232731342315674		1.8517104503297805		0.2201815107345581		0.4403630214691162
127		20.010508973995456		1.8204740285873413		2.008836252131462		0.3934561456441879		0.7869122912883758
128		20.057953319017543		1.9792852401733398		2.1628069571638107		0.5027323994517326		1.0054647989034653
129		19.984909106016858		1.8691285848617554		2.099805136303902		1.005140579020977		2.010281158041954
130		20.082966817979468		1.63584303855896		1.8545060783338547		1.4879611403942108		2.9759222807884216
131		20.037542593985563		1.7724151611328125		1.9742308036375045		0.25114098027944565		0.5022819605588913
132		20.081365851016017		1.9158719778060913		2.089391935811043		0.18635110360383988		0.37270220720767977
133		20.073326253972482		1.6676273345947266		1.880290729150772		0.1887039422929287		0.3774078845858574
134		19.964810862991726		1.7059245109558105		1.9169509723806382		0.665221302807331		1.330442605614662
135		20.024387857003603		1.7273352146148682		1.955987665143013		0.2934899520516396		0.5869799041032792
136		20.15781294699991		1.5605366230010986		1.8182892401361466		0.7561782180309295		1.512356436061859
137		20.252514507999877		1.5592364072799683		1.7961378436756135		0.49332511655092237		0.9866502331018447
138		20.190576474997215		1.680407166481018		1.878823352751732		0.2808703419804573		0.5617406839609146
139		20.174154413980432		2.0168118476867676		2.188781909265518		0.20395829533338547		0.40791659066677094
140		20.08341004900285		1.6261216402053833		1.8516056238889693		0.3013718444108963		0.6027436888217926
141		20.19010382401757		1.845664620399475		2.0530792251110075		0.3036494262814522		0.6072988525629044
142		20.098956233996432		1.3788028955459595		1.665179948000908		0.18032960048913957		0.36065920097827914
143		20.144250810000813		2.312209129333496		2.412499361886978		0.24572882119417191		0.49145764238834383
144		20.243079790991032		1.7148058414459229		1.9248038089609145		0.21668672991991042		0.43337345983982084
145		20.19481149801868		1.6882623434066772		1.8956671728038788		0.46986133093833926		0.9397226618766785
146		20.078178210009355		1.6977589130401611		1.9124985027074815		0.2824190058588982		0.5648380117177964
147		20.164806295011658		1.7161623239517212		1.9245057473754883		0.2538704920053482		0.5077409840106965
148		20.11523922998458		1.9953699111938477		2.1019179560184478		0.4683753281712532		0.9367506563425064
149		20.051096462993883		1.521647572517395		1.771510934228897		0.15625370442867278		0.31250740885734557
150		20.004035096993903		1.6570029258728027		1.8615720991325377		0.15105578215122223		0.30211156430244446
151		20.209098088991595		1.9959194660186768		2.1386164881896974		0.6146622091293334		1.229324418258667
152		20.220956881996244		1.636048436164856		1.862282606678009		0.15947801232337952		0.31895602464675904
153		20.07189397700131		2.0915186405181885		2.2481366696596146		0.531203060734272		1.062406121468544
154		20.095171405992005		1.8628088235855103		2.0224463979959486		0.35998947525024416		0.7199789505004883
155		20.115208105999045		1.8712537288665771		2.0397559807682035		0.26616525268554686		0.5323305053710937
156		20.11356575798709		1.5251497030258179		1.766758163919449		0.15469461212158203		0.30938922424316406
157		20.147746757022105		1.6159906387329102		1.8295450511550904		0.6621470068216324		1.3242940136432648
158		20.108756855974207		1.7929879426956177		1.9828864529418946		1.3725021597862244		2.7450043195724487
159		20.079169595002895		1.5382288694381714		1.7728220508432389		0.30824910604953765		0.6164982120990753
160		20.14476689399453		1.413944959640503		1.6900374956703186		0.1859754273235798		0.3719508546471596
161		20.1149434960098		1.9256513118743896		2.085545610165596		0.2505527638077736		0.5011055276155472
162		20.069575931003783		1.6525943279266357		1.8747638890218734		0.2257430647611618		0.4514861295223236
163		20.280470347992377		1.5158958435058594		1.7617528767395019		0.45168997002840044		0.9033799400568009
164		20.126058527006535		1.7919363975524902		1.9580019486951827		0.23823805598020553		0.47647611196041106
165		20.087690063985065		1.4678187370300293		1.7215406966638565		0.27079572050571443		0.5415914410114289
166		20.073769237002125		1.928463339805603		2.1294541830015183		0.4256208237528801		0.8512416475057601
167		20.075493443000596		1.4097604751586914		1.6783514422607422		0.1593597942173481		0.3187195884346962
168		20.06774912797846		1.7708176374435425		1.9705488249778746		0.6476907313585282		1.2953814627170563
169		20.114495148009155		1.6964046955108643		1.915828936343193		0.4444740849852562		0.8889481699705124
170		20.135995471006026		1.5764745473861694		1.8166269991016388		2.69133165769577		5.38266331539154
171		20.09543002099963		1.7420216798782349		1.9474184349966048		0.7495278100848198		1.4990556201696397
172		20.154509772983147		1.6724188327789307		1.8824296656942368		0.7287039660096168		1.4574079320192337
173		20.029595995001728		1.7262980937957764		1.9329986763381959		0.17916188180446624		0.3583237636089325
174		20.090228215995012		1.537787914276123		1.7976841507005692		0.23667664006948472		0.47335328013896943
175		20.155572102987207		1.6840734481811523		1.9163689682626723		0.27098468893766403		0.5419693778753281
176		20.17907100400771		1.346081256866455		1.6273209051561355		0.3288248202681541		0.6576496405363083
177		20.149894169997424		1.7875797748565674		1.9717330931282044		0.14930292885303498		0.29860585770606995
178		20.224721968988888		1.800787091255188		1.9897429745149613		0.6257055107951164		1.2514110215902328
179		20.170461094006896		1.4530329704284668		1.7098422869110108		0.15027813898921014		0.30055627797842027
180		20.187664980010595		1.7160764932632446		1.9200012024307251		0.23131571383476257		0.46263142766952514
181		20.141107179020764		1.571412444114685		1.8097651109075545		0.17318974447250365		0.3463794889450073
182		20.123255457001505		1.891627311706543		2.0715510009479523		0.16412161500453948		0.32824323000907896
183		20.215709837008035		1.7395575046539307		1.954937072815895		0.20472585768699647		0.40945171537399294
184		20.157346922991564		1.6776615381240845		1.8790484876775742		0.37088821572065356		0.7417764314413071
185		20.150965195993194		1.492680311203003		1.7510803552627563		0.2243613017678261		0.4487226035356522
186		20.134056711016456		1.5993444919586182		1.8291393625497818		0.16122098069787025		0.3224419613957405
187		20.147625823999988		1.7985999584197998		2.009590006899834		1.2346075230836868		2.4692150461673736
188		20.229697433009278		1.4686672687530518		1.722868314819336		0.3785881405711174		0.7571762811422348
189		20.22886972798733		1.6493287086486816		1.8690504136323929		0.5484673605561257		1.0969347211122513
190		20.205468970001675		1.7961137294769287		2.002281652584076		0.21934931998252868		0.43869863996505737
191		20.28698150801938		1.483356237411499		1.729016388106346		0.6093237039327621		1.2186474078655243
192		20.305694048991427		1.7285730838775635		1.9421942402744292		0.14865693255066872		0.29731386510133745
193		20.17390118900221		1.5048019886016846		1.7393815683174134		0.13731258440613747		0.27462516881227494
194		20.051730534003582		1.5595297813415527		1.8021345925092698		0.8704992017269134		1.7409984034538268
195		20.116150828980608		1.6391911506652832		1.8590137273406981		0.4962555279374123		0.9925110558748246
196		20.048555763991317		1.33565092086792		1.6185730457687377		0.25340045449733734		0.5068009089946747
197		20.032574504992226		1.4653494358062744		1.7277562460422515		0.14245153083205223		0.28490306166410445
198		20.180797295004595		1.741249442100525		1.9752209852838516		0.15699771233201026		0.31399542466402053
199		20.27342102100374		1.3031129837036133		1.5833770790958404		0.1531815517783165		0.306363103556633
200		20.179888917016797		1.8006510734558105		1.983915181980133		0.18158409249186516		0.3631681849837303
201		20.353922032983974		1.5329147577285767		1.7691428607416153		0.6954238288879394		1.3908476577758788
202		20.25932906399248		1.5364007949829102		1.761949351568222		0.3902984448313713		0.7805968896627427
203		20.23733768099919		1.5238553285598755		1.7687184694099427		0.2775126278400421		0.5550252556800842
204		20.25864214700414		1.6845990419387817		1.9224797380638123		0.24224623899459838		0.48449247798919676
205		20.2286473409913		1.88004732131958		2.0412954732227324		0.42005071144104006		0.8401014228820801
206		20.21743043899187		1.4145166873931885		1.6787553904390335		0.16265014321804047		0.32530028643608094
207		20.259047898987774		1.4673364162445068		1.7268169183444977		0.17633700858354567		0.35267401716709135
208		20.250719072006177		1.9440804719924927		2.1370931400489805		0.13630748787522315		0.2726149757504463
209		20.168826843990246		1.5253229141235352		1.7695927776718139		0.15344531111717225		0.3068906222343445
210		20.220936229015933		1.553797960281372		1.7947863095474244		0.6618976465463638		1.3237952930927277
211		20.427446326997597		1.6159244775772095		1.8415234099197388		0.132625256472826		0.265250512945652
212		20.329465991992038		1.5688787698745728		1.8001547135400773		0.18483380224108695		0.3696676044821739
213		20.351812701992458		1.4197734594345093		1.6883952412700654		0.1731330980837345		0.346266196167469
214		20.35909440499381		1.6157974004745483		1.8338225309753418		1.5612888230323791		3.1225776460647583
215		20.315545944002224		1.9083293676376343		2.0801327577638626		0.13521348795890809		0.27042697591781617
216		20.420086191996234		1.330264687538147		1.5937729130220413		0.6068427690148354		1.2136855380296707
217		20.41998148598941		1.722697138786316		1.936701309800148		0.20078112789392472		0.40156225578784943
218		20.351298097986728		1.532566785812378		1.7804343430042266		0.191107492518425		0.38221498503685
219		20.308005183993373		1.4590297937393188		1.7410211652851104		0.34365832389593126		0.6873166477918625
220		20.1845551939914		1.5667221546173096		1.7964596232795715		0.1916008272409439		0.3832016544818878
221		20.120093406003434		1.5601170063018799		1.7980399903297424		0.1353929043650627		0.2707858087301254
222		20.14216626898269		1.6467647552490234		1.870624096956253		0.16043098891973495		0.3208619778394699
223		20.205797144008102		1.5395921468734741		1.7832157540035247		0.27464078031778333		0.5492815606355667
224		20.273462202982046		1.5379871129989624		1.7705314742088318		0.25008761694431303		0.5001752338886261
225		20.198695005004993		1.7870789766311646		2.0029594079780577		0.3403112659931183		0.6806225319862366
226		20.15090607100865		1.4073946475982666		1.6632330008888245		0.18081810932159423		0.36163621864318846
227		20.28584776900243		1.6315187215805054		1.8586413771486283		0.13969199389219283		0.27938398778438567
228		20.212121663993457		1.8235008716583252		2.018227949061394		0.44147227309942244		0.8829445461988449
229		20.231462919997284		1.3739923238754272		1.6447930480957031		0.2308464998960495		0.461692999792099
230		20.261741448979592		1.6738337278366089		1.9113358569622039		0.2320171974658966		0.4640343949317932
231		20.332192190020578		1.4691473245620728		1.718178485980034		0.16652183520793915		0.3330436704158783
232		20.307109877001494		1.6330302953720093		1.863172005443573		0.15667752640247345		0.3133550528049469
233		20.31751402100781		1.5729163885116577		1.7976545961523056		0.12710953503847122		0.25421907007694244
234		20.308201615989674		1.4368168115615845		1.6886558349990846		0.14586289017796517		0.29172578035593033
235		20.331224163994193		1.6884441375732422		1.8868607909059525		0.3824893776893616		0.7649787553787232
236		20.287836061004782		1.3732980489730835		1.650844020395279		0.12436585054993629		0.24873170109987258
237		20.376221418991918		1.6116445064544678		1.8255146821880341		0.24025970853567125		0.4805194170713425
238		20.337672713008942		1.4147413969039917		1.6958547924685479		0.15626437081098557		0.31252874162197114
239		20.079347705002874		1.5706851482391357		1.7980397299480437		1.3707229793787004		2.7414459587574007
240		20.219978717999766		1.65040123462677		1.8583688541507721		0.18244266545772553		0.36488533091545106
241		20.12992158997804		1.5396623611450195		1.78582995718956		0.2710314873456955		0.542062974691391
242		20.10431128300843		1.2784024477005005		1.5652408531141282		0.5031437710523605		1.006287542104721
243		20.155183431023033		1.4674153327941895		1.710975962023735		0.2123595787525177		0.4247191575050354
244		20.181258246011566		1.9412364959716797		2.0683758142089843		0.269395846927166		0.538791693854332
245		20.28682377000223		1.498903512954712		1.752224800066948		0.1364470468759537		0.2728940937519074
246		20.37094296599389		1.5772979259490967		1.8056233471298218		0.5334225692629814		1.0668451385259627
247		20.309075824014144		1.682223916053772		1.8949359510183335		0.1393745352268219		0.2787490704536438
248		20.16869384900201		1.3011229038238525		1.6008356129121781		0.17036339038014411		0.34072678076028823
249		20.201219465001486		1.5786486864089966		1.8077323201084137		0.7535188364982605		1.507037672996521
250		20.10972265098826		1.559632658958435		1.8033412531185151		0.4034304928064346		0.8068609856128692
251		20.360975032992428		1.440392255783081		1.6859271280002595		0.18105558581352235		0.3621111716270447
252		20.37866321601905		1.752827763557434		1.9597724822807312		0.16595392389297486		0.33190784778594973
253		20.424003085005097		1.6227941513061523		1.851296208539009		0.2947272705078125		0.589454541015625
254		20.443502965994412		1.6247807741165161		1.8605404475736618		0.45654500207901		0.91309000415802
255		20.386361167998984		1.4812735319137573		1.7372788294553756		0.32389408017396926		0.6477881603479385
256		20.387732945993776		1.4111671447753906		1.6815301458644867		0.13871062076091767		0.27742124152183534
257		20.386170003010193		1.4817662239074707		1.7390466758108138		0.44216259261369706		0.8843251852273941
258		20.28448023198871		1.5366755723953247		1.7741302980661393		0.1742281864464283		0.3484563728928566
259		20.265304246975575		1.454011082649231		1.7047951676893234		0.12247614910006523		0.24495229820013045
260		20.280859354999848		1.4834351539611816		1.7430369030761719		0.15660071852207183		0.31320143704414366
261		20.16693657002179		1.518021583557129		1.776410430636406		0.12229066663384437		0.24458133326768874
262		20.156472711998504		1.3333086967468262		1.6162435364151		0.13751325039863588		0.27502650079727176
263		20.149540440994315		1.746853232383728		1.946401595439911		0.3812587092280388		0.7625174184560776
264		20.280306230997667		1.3422404527664185		1.6211194982862474		0.1234212362587452		0.2468424725174904
265		20.17269588599447		1.431544303894043		1.6938432163906096		0.2169650915145874		0.4339301830291748
266		20.24544503900688		1.3812299966812134		1.645186228251457		0.14308739829659461		0.28617479659318923
267		20.212604113999987		1.3014439344406128		1.5960197403001786		0.16013261840939522		0.32026523681879043
268		20.149306550010806		1.4577490091323853		1.7208805864477157		0.13526193694472313		0.27052387388944626
269		20.17693327998859		1.355991005897522		1.6327184402418136		0.26992952758073807		0.5398590551614761
270		20.242174332990544		1.3912314176559448		1.6645619512987138		0.6250528783798218		1.2501057567596436
271		20.333428223995725		1.607980728149414		1.832492365627289		0.27503130774497986		0.5500626154899597
272		20.299356286006514		1.2306344509124756		1.5359163361167907		0.27383282907009127		0.5476656581401825
273		20.218069206021028		1.3676557540893555		1.6382452999067307		0.13442323598265649		0.26884647196531297
274		20.16659219400026		1.5833497047424316		1.8287220917844773		0.5352925704836845		1.070585140967369
275		20.067295868997462		1.620881199836731		1.835579087882042		0.15775866653323173		0.31551733306646346
276		20.251511973008746		1.3138009309768677		1.5780090621471405		0.17648611056804658		0.35297222113609317
277		20.295633161993464		1.5555638074874878		1.786844619822502		0.22613929200172425		0.4522785840034485
278		20.324040007020812		1.6259015798568726		1.8422666669368744		0.20223333253860473		0.40446666507720946
279		20.251012189983157		1.3143366575241089		1.5999832458734513		0.13794781593680383		0.27589563187360766
280		20.250622305000434		1.6328076124191284		1.8499633936738968		0.14816461848020554		0.2963292369604111
281		20.254634040000383		1.3285490274429321		1.6139068730783463		0.31058604143857954		0.6211720828771591
282		20.161782116018003		1.2762447595596313		1.5692227677774429		0.19217441341876984		0.3843488268375397
283		20.202604410995264		1.6505422592163086		1.8397895329666138		0.11944424422383308		0.23888848844766616
284		20.219430436991388		1.765682578086853		1.9577411777067184		0.1994344804286957		0.3988689608573914
285		20.24628101399867		1.34161376953125		1.6094137796998025		0.5303110597133637		1.0606221194267273
286		20.192672886012588		1.5719499588012695		1.810212243309021		0.22680698263645171		0.45361396527290343
287		20.19753894698806		1.3704029321670532		1.64488390001297		0.2814685042619705		0.562937008523941
288		20.343456791015342		1.296598196029663		1.5911321149921418		0.15146743767261506		0.3029348753452301
289		20.342569400992943		1.565446376800537		1.8210892322254182		0.12130853068828583		0.24261706137657166
290		20.294690303999232		1.3954112529754639		1.6523131736564636		0.19707433475255967		0.39414866950511934
291		20.26331952100736		1.2869294881820679		1.561261441116333		0.1849271964251995		0.369854392850399
292		20.230689228978008		1.3083659410476685		1.5843177179312706		0.12082701809406281		0.24165403618812561
293		20.269348867004737		1.3727644681930542		1.6363068591308594		0.12410669767856598		0.24821339535713197
294		20.311725758976536		1.321158528327942		1.5987490788459777		0.17476219334602355		0.3495243866920471
295		20.26500786500401		1.237491250038147		1.527470784957409		0.8923518195152282		1.7847036390304565
296		20.302579126000637		1.5527002811431885		1.7922089749240875		0.1165635462641716		0.2331270925283432
297		20.240438997978345		1.4604482650756836		1.7079546536827088		0.15454099072813987		0.30908198145627974
298		20.19770627300022		1.377148985862732		1.63957892598629		0.12624814147353172		0.25249628294706344
299		20.27638907599612		1.3481022119522095		1.6265470994186402		0.2995205293774605		0.599041058754921
300		20.149300983990543		1.4642047882080078		1.7259655047178268		0.14319692647457122		0.28639385294914244
301		20.246013723983197		1.5718504190444946		1.800624260969162		0.1295384380042553		0.2590768760085106
302		20.24591479502851		1.3337624073028564		1.6035136440873146		0.12513172078728677		0.25026344157457353
303		20.223731723002857		1.3152594566345215		1.6007200677466393		0.2955030076980591		0.5910060153961182
304		20.25714424898615		1.2972685098648071		1.5877315083646775		0.11807674354314804		0.23615348708629608
305		20.222417737008072		1.2727115154266357		1.5609133069705963		0.12619136340618134		0.2523827268123627
306		20.267261749017052		1.4010710716247559		1.6622312327671052		0.13447329159975052		0.26894658319950104
307		20.257042293000268		1.3381105661392212		1.6101746313905716		0.17176869902014733		0.34353739804029465
308		20.17308417201275		1.4774943590164185		1.7139376779842377		0.13140568033456804		0.2628113606691361
309		20.208169057994382		1.6159497499465942		1.8741518813562392		0.14975290476083755		0.2995058095216751
310		20.19090139400214		1.3468981981277466		1.638467064933777		0.15469358327388763		0.30938716654777526
311		20.230374945007497		1.4329817295074463		1.6873062611055374		0.12480317566394807		0.24960635132789613
312		20.306533062976087		1.354534387588501		1.6318604550647735		0.3874381546139717		0.7748763092279434
313		20.304856169997947		1.3481065034866333		1.61706225669384		0.18633613740205765		0.3726722748041153
314		20.409827364986995		1.589444637298584		1.830823386669159		0.11987760534286498		0.23975521068572997
315		20.369833486998687		1.3430063724517822		1.617503626689911		0.2040567810833454		0.4081135621666908
316		20.32460297399666		1.2771748304367065		1.5635320856499673		0.12915548868179322		0.25831097736358644
317		20.382256620010594		1.3168559074401855		1.6047713348484038		0.11671909001469612		0.23343818002939223
318		20.20322767799371		1.3787593841552734		1.6360359572720529		0.3876365146875381		0.7752730293750763
319		20.20238197699655		1.389412760734558		1.6606204543542862		0.13099165387749673		0.26198330775499346
320		20.34829094397719		1.3755911588668823		1.643111215672493		0.1286735945880413		0.2573471891760826
321		20.387303174007684		1.2211112976074219		1.527514550008774		0.15722352929115296		0.3144470585823059
322		20.259233458986273		1.2801331281661987		1.5831858556413652		0.13081191554665567		0.26162383109331133
323		20.272141458000988		1.429089069366455		1.7073746643161773		0.13783295622467995		0.2756659124493599
324		20.260818331997143		1.5026724338531494		1.7394801338100434		0.12535433623194694		0.2507086724638939
325		20.1682121650083		1.092239260673523		1.4320151644253731		0.3014797379434109		0.6029594758868217
326		20.276908764004475		1.3994805812835693		1.66932713511467		0.7513734377861023		1.5027468755722047
327		20.284913170995424		1.200745940208435		1.4996832188773155		0.22333633629083632		0.44667267258167265
328		20.278982851014007		1.3003764152526855		1.5915417661976814		0.21397718589305878		0.42795437178611756
329		20.411668644985184		1.2939493656158447		1.5774903807830811		0.2335917232275009		0.4671834464550018
330		20.440827110025566		1.2299153804779053		1.523109646129608		0.14609066566228868		0.29218133132457735
331		20.252377102005994		1.3607916831970215		1.6422428359794616		0.1485871855199337		0.2971743710398674
332		20.226194958988344		1.3769538402557373		1.658138351945877		0.18439037450551987		0.36878074901103974
333		20.24383805997786		1.2169122695922852		1.5063327337694168		0.1118964702129364		0.2237929404258728
334		20.24165960898972		1.4052941799163818		1.6679732729363441		0.11576293828487397		0.23152587656974793
335		20.231218222994357		1.2527440786361694		1.560866091980934		0.18013665395379067		0.36027330790758133
336		20.306870816013543		1.3525201082229614		1.6351978230333328		0.13248573621511459		0.26497147243022917
337		20.30895859899465		1.1507965326309204		1.4672894183444978		0.12715454416275024		0.2543090883255005
338		20.319525689003058		1.4155290126800537		1.685615525662899		0.11603681350946426		0.23207362701892853
339		20.254939016973367		1.392076849937439		1.664541691479683		0.11315842148661613		0.22631684297323226
340		20.332547115976922		1.4030510187149048		1.6774437425017357		0.1426001755952835		0.285200351190567
341		20.430620959989028		1.222084879875183		1.5086440146827698		0.16144135411977767		0.32288270823955534
342		20.41402051199111		1.3352526426315308		1.6071342214775086		0.1416717769742012		0.2833435539484024
343		20.39963453798555		1.2844123840332031		1.573975449514389		0.3372086947083473		0.6744173894166946
344		20.29575931598083		1.2308622598648071		1.527753220744133		0.20124250725507736		0.4024850145101547
345		20.337624170992058		1.3721004724502563		1.6413881157684327		0.4123020370304584		0.8246040740609168
346		20.35482375099673		1.294979214668274		1.5950902086377143		0.21776240581274034		0.4355248116254807
347		20.15100778499618		1.287117838859558		1.5798623507523537		0.14509542523622512		0.29019085047245025
348		20.35838123501162		1.354637622833252		1.6368663822650908		0.5419201822996139		1.0838403645992278
349		20.181926411023596		1.218047022819519		1.5109700132751465		0.12152778502106666		0.24305557004213332
350		20.220189396990463		1.348162055015564		1.6304617883443833		0.1176553860783577		0.2353107721567154
351		20.167866256990237		1.1620824337005615		1.4763897974205018		0.2069779849886894		0.4139559699773788
352		20.201290917000733		1.276615023612976		1.57062765560627		0.14106846938133238		0.28213693876266477
353		20.226866204000544		1.4600441455841064		1.718505243062973		0.12904584636688232		0.25809169273376464
354		20.088064134004526		1.2361953258514404		1.529147084710598		0.13075745885372161		0.26151491770744323
355		20.11092084099073		1.32193922996521		1.6157953365015985		0.14518825396895407		0.29037650793790815
356		20.11976731501636		1.2438889741897583		1.5444017622232438		0.12270992043614387		0.24541984087228774
357		20.17446159000974		1.3176169395446777		1.6092433024930954		0.12038077909946442		0.24076155819892883
358		20.19769993398222		1.310001254081726		1.5958474236941338		0.15268184694647788		0.30536369389295576
359		20.25594515199191		1.3981654644012451		1.6460405621623992		0.10610956212878227		0.21221912425756453
360		20.240119287976995		1.2334562540054321		1.5234443967604636		0.16100980809926987		0.32201961619853975
361		20.291472101002		1.4198291301727295		1.6699745808935165		0.17056815013885498		0.34113630027770997
362		20.3688671120035		1.2326023578643799		1.5382802081656457		0.10904326089024544		0.21808652178049087
363		20.300367579999147		1.1887913942337036		1.4949941133594513		0.2144096055150032		0.4288192110300064
364		20.40289451199351		1.2570692300796509		1.5550537220096587		0.12203415469527244		0.24406830939054489
365		20.314889100991422		1.3215134143829346		1.5835945106840135		0.3127859210014343		0.6255718420028686
366		20.295381014992017		1.2294285297393799		1.5342810082268714		0.12892813444137574		0.2578562688827515
367		20.17314138400252		1.3211965560913086		1.5991072140598297		0.1888785210609436		0.3777570421218872
368		20.165786201978335		1.2338145971298218		1.5274385995388031		0.8630867625236511		1.7261735250473023
369		20.237171196000418		1.455562949180603		1.7102524670791626		0.7719503967881203		1.5439007935762405
370		20.15220109000802		1.27141273021698		1.572419720196724		0.13331433184742927		0.26662866369485855
371		20.162610928004142		1.3501063585281372		1.622570751018524		0.19913479970693587		0.39826959941387174
372		20.243543779011816		1.2653099298477173		1.5512608897066116		0.13368271047472954		0.2673654209494591
373		20.28565678099403		1.2662739753723145		1.5540327855300904		0.3640739832043648		0.7281479664087296
374		20.3248633989715		1.2469149827957153		1.5525586595630645		0.17398117797374726		0.34796235594749453
375		20.12015093700029		1.1703912019729614		1.4821048912525177		0.13673108491301536		0.2734621698260307
376		20.327350455976557		1.2256979942321777		1.5227533623242377		0.12502598157525063		0.25005196315050127
377		20.341989142994862		1.1729782819747925		1.482788131275177		0.18647917507886885		0.3729583501577377
378		20.310300523997284		1.0928829908370972		1.4212985978031158		0.18589811735749245		0.3717962347149849
379		20.113940897979774		1.4025384187698364		1.6675391065692902		0.15659522551894187		0.31319045103788373
380		20.154955688980408		1.3393155336380005		1.606830888094902		0.14688451846837997		0.29376903693675993
381		20.190594783984125		1.1715344190597534		1.484105057117939		0.15176709285974502		0.30353418571949004
382		20.18837157500093		1.1271592378616333		1.4461077757191658		0.20554252014160157		0.41108504028320314
383		20.17848559000413		1.2102628946304321		1.5059134927034379		0.4059284648656845		0.811856929731369
384		20.15040040400345		1.2664846181869507		1.564969782512188		0.323843264734745		0.64768652946949
385		20.14144230200327		1.2742542028427124		1.5707531914949417		0.5085800385475159		1.0171600770950318
386		20.174700634990586		1.169784665107727		1.4683924551701546		0.1447236819922924		0.2894473639845848
387		20.233634300006088		1.2495850324630737		1.5321711629652977		0.1080679226577282		0.2161358453154564
388		20.25907485600328		1.2231266498565674		1.5336230494999885		0.47122558162212375		0.9424511632442475
389		20.24958786298521		1.2990632057189941		1.5795216684937476		0.10797133368849754		0.21594266737699508
390		20.22041711001657		1.228004813194275		1.5399460615110396		0.23275687854886054		0.4655137570977211
391		20.23201555298874		1.237640380859375		1.5384337534499168		0.12866486617326736		0.2573297323465347
392		20.265895615011686		1.2318918704986572		1.5361058042740823		0.11366434733271599		0.22732869466543199
393		20.258711088012205		1.2592136859893799		1.5409650645661355		0.16090921741127967		0.32181843482255934
394		20.22654434098513		1.173215627670288		1.4909139637565614		0.3531524387359619		0.7063048774719238
395		20.114739975018892		1.3017946481704712		1.6010471174001695		0.20830950771570206		0.4166190154314041
396		20.226342317997478		1.1061644554138184		1.4219343937563895		0.1957150823712349		0.3914301647424698
397		20.37390030900133		1.122448444366455		1.4403730835413933		0.10670242550969124		0.21340485101938247
398		20.32286556897452		1.0911906957626343		1.4080608156013488		0.15216726704239844		0.3043345340847969
399		20.31307394299074		1.2179244756698608		1.5172776501512528		0.18983173624277114		0.3796634724855423
400		20.381162839010358		1.2606444358825684		1.5614073888206481		0.2980336548805237		0.5960673097610474
401		20.27796048001619		1.1723346710205078		1.4810141943073272		0.1673748529791832		0.3347497059583664
402		20.290762290009297		1.1997401714324951		1.504466434006691		0.1168680025935173		0.2337360051870346
403		20.213041340990458		1.0973457098007202		1.4224146839165688		0.6622631063580513		1.3245262127161026
404		20.107514564995654		1.171366810798645		1.4844620842337608		0.16597208575606345		0.3319441715121269
405		20.23960997298127		1.2055460214614868		1.5171860715866088		0.11631109802126885		0.2326221960425377
406		20.193102766002994		1.2063469886779785		1.517988932635784		0.14268274105787276		0.28536548211574553
407		20.360180201998446		1.103080153465271		1.431126588203907		0.6694370863080025		1.338874172616005
408		20.296133859985275		1.242024302482605		1.540505268690586		0.11798311937451363		0.23596623874902725
409		20.15794450600515		1.223853349685669		1.511721410059929		0.11118221277594566		0.22236442555189131
410		20.357908627018332		1.2692333459854126		1.5513997317624093		0.11653838165998459		0.23307676331996918
411		20.33409717399627		1.1919771432876587		1.5047841906285286		0.10731252493858337		0.21462504987716674
412		20.285547523002606		1.156136155128479		1.4767749216914177		0.13460067279934884		0.2692013455986977
413		20.300921431015013		1.198318362236023		1.5027290930080415		0.6926031732261181		1.3852063464522362
414		20.32694746198831		1.101854681968689		1.4128629429864883		0.5183561841607094		1.0367123683214188
415		20.287785655993503		1.2427252531051636		1.5415391270446777		0.11510128236413002		0.23020256472826003
416		20.383118616999127		1.1298552751541138		1.4496436570119857		0.12524212675094604		0.2504842535018921
417		20.366023512993706		1.2219233512878418		1.5348142752289773		0.1731689087629318		0.3463378175258636
418		20.29663336998783		1.0941530466079712		1.418860384004116		0.5249504948139191		1.0499009896278382
419		20.249211252987152		1.2467986345291138		1.5520317062926292		0.21269169667959215		0.4253833933591843
420		20.271695019007893		1.1536282300949097		1.4694653922128678		0.1289341980755329		0.2578683961510658
421		20.294212902983418		1.1646537780761719		1.4745037789654731		0.10928265646100044		0.21856531292200088
422		20.18345146300271		1.1078722476959229		1.4311296456122398		0.10703822517991066		0.2140764503598213
423		20.17142291800701		1.1854313611984253		1.501168238799572		0.1412021009683609		0.2824042019367218
424		20.183261098980438		1.0961220264434814		1.4091561703062057		0.10016063638925553		0.20032127277851106
425		20.230053700011922		1.0662750005722046		1.3944894879865646		0.11007580985426903		0.22015161970853805
426		20.26549853599863		1.2468814849853516		1.5612151784825326		0.10154584999084473		0.20309169998168947
427		20.34953652898548		1.1974170207977295		1.5118849151802063		0.13710027077198028		0.27420054154396056
428		20.365234577999217		1.042860507965088		1.3708573882603645		0.11699110933542252		0.23398221867084504
429		20.38737435801886		1.164392113685608		1.4891931716537476		0.13242935053110122		0.26485870106220244
430		20.296248043014202		1.1079392433166504		1.4398268605327607		0.18629199164509774		0.3725839832901955
431		20.196576673013624		1.0506829023361206		1.389924244275093		0.10062400661110878		0.20124801322221755
432		20.142186801007483		1.1450697183609009		1.4638157526159286		0.5060829959869385		1.012165991973877
433		20.146928577014478		1.1006011962890625		1.419798038804531		0.1026269501388073		0.2052539002776146
434		20.1430930570059		1.1170811653137207		1.4331891965675354		0.19627571402788163		0.39255142805576326
435		20.256920486019226		1.1134415864944458		1.4286172109889985		0.16982823197841646		0.3396564639568329
436		20.37638235700433		1.099618911743164		1.4207841075110434		0.1031259622335434		0.2062519244670868
437		20.325285196013283		1.056296467781067		1.3896962065649032		0.14492809934616088		0.28985619869232176
438		20.412892072024988		1.2253429889678955		1.518667559440136		0.1011567479133606		0.2023134958267212
439		20.371033231989713		1.0580166578292847		1.3875439651584625		0.18447686012387277		0.36895372024774553
440		20.408252776018344		1.0241239070892334		1.3602475691986085		0.2808256536602974		0.5616513073205948
441		20.399037269002292		1.1010959148406982		1.4373612442326547		0.1011972144216299		0.2023944288432598
442		20.346224053995684		1.0587513446807861		1.3935519248437882		0.12426490895748138		0.24852981791496276
443		20.454545528977178		1.1994138956069946		1.5056361731386185		0.5251466621041297		1.0502933242082595
444		20.349696022982243		1.0732941627502441		1.4011817320609092		0.1153597112774849		0.2307194225549698
445		20.336782361002406		1.038329005241394		1.3748793533682824		0.19430967568159102		0.38861935136318204
446		20.457475864997832		1.1981054544448853		1.5112510152554512		0.15655987499952317		0.31311974999904635
447		20.379638565005735		1.1593900918960571		1.4728406528925895		0.1200714924454689		0.2401429848909378
448		20.23769773801905		1.079655408859253		1.4074068486022948		0.13247516890764235		0.2649503378152847
449		20.289998416992603		1.140236258506775		1.461471250100136		0.13624196922779083		0.27248393845558166
450		20.11188989301445		1.04643976688385		1.3834311150813103		0.10447163296937942		0.20894326593875884
451		20.197317528974963		1.1278315782546997		1.447447075920105		0.10670967264771461		0.21341934529542922
452		20.259814293007366		1.0805598497390747		1.4108797992038726		0.16227614443302155		0.3245522888660431
453		20.25031026400393		1.1386045217514038		1.4610872302269935		0.10665582147240639		0.21331164294481278
454		20.213615964981727		1.0844919681549072		1.4147424585342407		0.10562583657503129		0.21125167315006257
455		20.222224500001175		1.0106735229492188		1.3540603818011283		0.1370177290380001		0.2740354580760002
456		20.1950733900012		1.0826778411865234		1.4057288081145287		0.10070730335712433		0.20141460671424866
457		20.273222268995596		1.0943416357040405		1.4169730126070976		0.15273448747992516		0.3054689749598503
458		20.214308472990524		1.0759596824645996		1.4011506482625007		0.16237180871367454		0.3247436174273491
459		20.11708172300132		1.1077531576156616		1.4208468990826606		0.1503431182205677		0.3006862364411354
460		20.155684869998368		1.132184624671936		1.4439506738781929		0.11624714721441269		0.23249429442882538
461		20.115736495004967		1.1177351474761963		1.4383493212795257		0.09891341146230698		0.19782682292461395
462		20.134094628010644		1.1774542331695557		1.474083489534855		0.12379024496674537		0.24758048993349074
463		20.252048405003734		1.0784682035446167		1.4120656888723373		0.10338047983050347		0.20676095966100694
464		20.16167456601397		1.072460651397705		1.3943858639860154		0.23806074451208115		0.4761214890241623
465		20.15238454300561		1.1088066101074219		1.4303283493590355		0.5702258085131645		1.140451617026329
466		20.137256779009476		1.0072077512741089		1.3445720391845704		0.0947807296782732		0.1895614593565464
467		20.15260606299853		1.0125733613967896		1.3492110451102257		0.12409256758093834		0.24818513516187668
468		20.146384432999184		1.0985608100891113		1.4112666856336593		0.09649993152022361		0.19299986304044722
469		20.128802538994933		1.0897642374038696		1.4063978908157349		0.18549660133123397		0.37099320266246794
470		20.191667965991655		1.0622106790542603		1.4042117713832856		0.10347610147595405		0.2069522029519081
471		20.214386993000517		1.0270183086395264		1.3566560765886306		0.10816241577267646		0.21632483154535292
472		20.1949254689971		1.0640043020248413		1.3904579549193383		0.11142540590167045		0.2228508118033409
473		20.163442891993327		1.052341103553772		1.3859892669129372		0.10376224536299705		0.2075244907259941
474		20.126265587023227		1.045873999595642		1.3790639540863037		0.10306945644617081		0.20613891289234162
475		20.156460058991797		1.0488771200180054		1.3806213373756409		0.15761740348339082		0.31523480696678163
476		20.130147344985744		1.1104596853256226		1.4394322344827652		0.17018123816847802		0.34036247633695604
477		20.146388772001956		0.9940876960754395		1.331464324698448		0.10219845757782459		0.20439691515564917
478		20.09280408799532		1.0932010412216187		1.4149722055315972		0.14178836613297463		0.28357673226594926
479		20.149799833016004		1.03994619846344		1.377737554678917		0.09799987524151801		0.19599975048303603
480		20.410286419995828		1.1187727451324463		1.4297684035253524		0.09702873021364213		0.19405746042728425
481		20.175642567977775		0.9956608414649963		1.3385626820349694		0.13991715757846832		0.27983431515693663
482		20.181776017998345		1.014361023902893		1.349983618490696		0.09895048941969871		0.19790097883939742
483		20.153504415997304		1.0212866067886353		1.3660254651474952		0.14532108100056648		0.29064216200113296
484		20.191306266002357		1.0061540603637695		1.3378312454295158		0.10322005368471146		0.20644010736942292
485		20.22251734198653		0.9922437071800232		1.3395383343553544		0.35433185374736786		0.7086637074947357
486		20.27062619201024		1.0087566375732422		1.3542803128957748		0.0931881744891405		0.186376348978281
487		20.347568112018052		1.1086196899414062		1.4238292885375023		0.19467461432218552		0.38934922864437105
488		20.198176186997443		1.0092689990997314		1.3521230469655992		0.09364998177587985		0.1872999635517597
489		20.272201158979442		1.0038255453109741		1.3436304591298103		0.0930147699803114		0.1860295399606228
490		20.258463619014947		0.9563046097755432		1.303931395072937		0.10421154555082321		0.20842309110164642
491		20.097596376988804		0.9485793709754944		1.2952866764760018		0.14544549729824066		0.2908909945964813
492		20.208148407982662		1.0337944030761719		1.3683506419301033		0.21616122782230376		0.43232245564460753
493		20.151601491001202		1.0784879922866821		1.4049451070809365		0.0918731134235859		0.1837462268471718
494		20.23348205300863		1.1260114908218384		1.428518926255703		0.12706173992156983		0.25412347984313965
495		20.13264039400383		1.0226407051086426		1.357523766655922		0.11086719707250595		0.2217343941450119
496		20.20309092500247		0.9451863169670105		1.297789890282154		0.09810012281537056		0.19620024563074112
497		20.139143749023788		1.0284721851348877		1.3665850125813483		0.09695343561172486		0.1939068712234497
498		20.163118344004033		1.0113766193389893		1.354089338104725		0.09509002403020858		0.19018004806041716
499		20.21681275899755		0.9703487157821655		1.3129411195087433		0.09677773175239562		0.19355546350479125
500		20.165663819003385		0.9510201215744019		1.3038318329167367		0.09307505177855492		0.18615010355710984
501		20.19383761199424		1.0412681102752686		1.3793725099539758		0.2943228932023048		0.5886457864046096
502		20.215144125017105		1.0021796226501465		1.3449873475408554		0.14328588886260987		0.28657177772521975
503		20.21231209000689		1.0411508083343506		1.3707004693770408		0.09499873120784759		0.18999746241569518
504		20.262836604000768		0.9909424781799316		1.3326811792969704		0.09883800737261772		0.19767601474523544
505		20.342662459006533		0.9836872220039368		1.3302913824415208		0.0939488549888134		0.1878977099776268
506		20.29381170999841		0.9613696336746216		1.3033226111865044		0.4050204913377762		0.8100409826755524
507		20.329541609011358		0.9999739527702332		1.343253448905945		0.09585132141113281		0.19170264282226562
508		20.30765746202087		0.8735692501068115		1.2377583333539963		0.0908299432784319		0.1816598865568638
509		20.17309524898883		1.0760000944137573		1.404581984934807		0.54593678150177		1.09187356300354
510		20.210028400004376		1.0025955438613892		1.3402313819503784		0.10080681782960892		0.20161363565921783
511		20.18580542501877		0.9735687971115112		1.316496574766636		0.09256106681525707		0.18512213363051414
512		20.359443641005782		0.9973794221878052		1.3433721056699752		0.09878218459188938		0.19756436918377876
513		20.30573318299139		0.9212769269943237		1.2773913557481766		0.09620411807894706		0.19240823615789412
514		20.140003909007646		1.0122560262680054		1.3588088809990884		0.11678825900554657		0.23357651801109314
515		20.07971168999211		1.018075704574585		1.3572971472668647		0.09592088360488414		0.19184176720976828
516		20.12840459201834		0.9681204557418823		1.3094447561502456		0.5137801249861718		1.0275602499723435
517		20.224392727017403		0.9334263801574707		1.286694445617199		0.14741713182926178		0.29483426365852355
518		20.206578737008385		0.9870508313179016		1.334145445666313		0.09594459499120712		0.19188918998241425
519		20.216905815002974		1.0162622928619385		1.357498993422985		0.16000724827647209		0.32001449655294417
520		20.234539149998454		0.9371060132980347		1.2886707684087753		0.11343370742797852		0.22686741485595704
521		20.31385790798231		1.001052737236023		1.3379594615912438		0.09562610393166542		0.19125220786333083
522		20.23780022698338		0.9773447513580322		1.323604951376915		0.1043232849419117		0.2086465698838234
523		20.10139324798365		0.9790381193161011		1.3189066789364814		0.09769352739155293		0.19538705478310586
524		20.162310134008294		0.8970414400100708		1.2490355157852173		0.13802213711738587		0.27604427423477174
525		20.152475536015118		0.9403836727142334		1.2921590537309646		0.22997351676225664		0.45994703352451327
526		20.28469764298643		0.9557421803474426		1.3101466886687279		0.1015882482200861		0.2031764964401722
527		20.220325556001626		0.9320927858352661		1.2793918369436263		0.08979202190637589		0.17958404381275178
528		20.382500773994252		0.9466407299041748		1.2944290167975425		0.09013080525398254		0.18026161050796508
529		20.364863802009495		0.9159716367721558		1.2690451070928574		0.09194451866447925		0.1838890373289585
530		20.16683949297294		0.9315950274467468		1.2754076289081573		0.09955246017575264		0.1991049203515053
531		20.167425861989614		1.0068073272705078		1.3469831110453605		0.20590623603463173		0.41181247206926347
532		20.238187358976575		0.9431219100952148		1.3011111946678162		0.0969246272444725		0.193849254488945
533		20.29373203200521		0.9260475039482117		1.275094177544117		0.12005518484711647		0.24011036969423294
534		20.30121452800813		0.896274209022522		1.254658912267685		0.09103261396288871		0.18206522792577742
535		20.25344906200189		0.968916118144989		1.3120993064427375		0.2297968059360981		0.4595936118721962
536		20.25693090900313		0.9031590223312378		1.2642941827368737		0.11740284726023674		0.23480569452047348
537		20.29687420098344		0.9511628746986389		1.2955756696677208		0.08970036140680313		0.17940072281360625
538		20.27636880002683		0.9113039374351501		1.265715935602188		0.13430215801596643		0.26860431603193285
539		20.342676391999703		0.9639039039611816		1.3126169462299346		0.10146925458312035		0.2029385091662407
540		20.30885750098969		0.9338376522064209		1.2874258560562133		0.11678150663375854		0.23356301326751708
541		20.301820391992806		0.9410293698310852		1.294048872938156		0.08921385058164596		0.17842770116329193
542		20.35110700299265		0.9339809417724609		1.278573845720291		0.15063610074520112		0.30127220149040224
543		20.41603153399774		0.9576938152313232		1.3055277061414718		0.1229490269958973		0.2458980539917946
544		20.29217083498952		0.9473952651023865		1.3016318672609328		0.08804479030370713		0.17608958060741425
545		20.437408437981503		0.9034322500228882		1.2650287543797494		0.10460003142952919		0.20920006285905837
546		20.27970960800303		0.9303601384162903		1.2732858225107193		0.08945582872331143		0.17891165744662285
547		20.31159640898113		0.8916513919830322		1.2527087918519975		0.1756835242986679		0.3513670485973358
548		20.21627245200216		0.9660634994506836		1.3140176291060448		0.09709995776712894		0.1941999155342579
549		20.311794123990694		0.9231424927711487		1.2766262216567994		0.08906110035479069		0.17812220070958137
550		20.2487510300125		0.8945126533508301		1.2542143703722954		0.11939925938248634		0.23879851876497268
551		20.308985729003325		0.943923830986023		1.294979973883629		0.10075263571739197		0.20150527143478394
552		20.16571204099455		0.9796040654182434		1.3128225058555603		0.15928554669618605		0.3185710933923721
553		20.21786517702276		0.9201992154121399		1.2744478342151642		0.09970132277607918		0.19940264555215836
554		20.181326941004954		0.907396674156189		1.2602417031931876		0.0962641321092844		0.1925282642185688
555		20.34233140500146		0.879744291305542		1.2379778697514534		0.18695141345262528		0.37390282690525056
556		20.33213024798897		0.9311084747314453		1.2917288450884818		0.08903722035288811		0.17807444070577622
557		20.426251258002594		0.8849937915802002		1.244370047867298		0.11291342035531998		0.22582684071063996
558		20.421296426997287		0.9669784307479858		1.3069961748957635		0.23481320568323136		0.4696264113664627
559		20.304088609002065		0.8906570076942444		1.2448302441239356		0.10741195233166217		0.21482390466332435
560		20.406785866012797		0.8921915888786316		1.2515148314905167		0.14213841948509218		0.28427683897018435
561		20.2871152079897		0.8910821080207825		1.2431948603510856		0.12070488796234131		0.24140977592468263
562		20.25601145598921		0.9248402714729309		1.2722982546687127		0.11883324155211449		0.23766648310422897
563		20.22570904000895		0.8900414705276489		1.247206650261879		0.08576105337738991		0.17152210675477983
564		20.331933666020632		0.8794052004814148		1.2429902947163582		0.09190632874965668		0.18381265749931336
565		20.374156231002416		0.9336426258087158		1.2856525777506829		0.13274100840091704		0.2654820168018341
566		20.35014037397923		0.9121050834655762		1.2658828567433358		0.09332697394788265		0.1866539478957653
567		20.29586422300781		0.8778955340385437		1.2332299382853509		0.08621497023403644		0.1724299404680729
568		20.30873713697656		0.9040082097053528		1.2616477813959122		0.3188716493785381		0.6377432987570762
569		20.359390027006157		0.9245379567146301		1.2743469652295112		0.08745033541917802		0.17490067083835603
570		20.296869089012034		0.9081212878227234		1.259653453528881		0.10123004506826401		0.20246009013652802
571		20.23212751801475		0.8507601618766785		1.2122058628201484		0.30804806985259053		0.6160961397051811
572		20.30298999202205		0.9076849222183228		1.263972732126713		0.29054377052783964		0.5810875410556793
573		20.314126164012123		0.8722249865531921		1.2338992513537408		0.09947382246851921		0.19894764493703843
574		20.374172771989834		0.8783944249153137		1.2399402648258209		0.18723445620536805		0.3744689124107361
575		20.314425479999045		0.8668341040611267		1.2293875358343125		0.12074450432062149		0.24148900864124298
576		20.419639324012678		0.8926746845245361		1.2452003916239738		0.2294213710129261		0.4588427420258522
577		20.458356199000264		0.8774120807647705		1.238088062865734		0.08600209667086602		0.17200419334173203
578		20.241665182984434		0.8507851362228394		1.2188042810034752		0.09619639399945736		0.1923927879989147
579		20.33649041200988		0.8518193364143372		1.218590064957142		0.17486561378836632		0.34973122757673264
580		20.308289362001233		0.8862014412879944		1.247143215880394		0.08628646279871464		0.1725729255974293
581		20.353567758982535		0.8992859125137329		1.2558020676875115		0.09069450816810132		0.18138901633620264
582		20.38589625500026		0.8601644039154053		1.2205143906354905		0.10995849349796771		0.21991698699593543
583		20.201067417976446		0.849753737449646		1.2154939586043358		0.086173259344697		0.172346518689394
584		20.352886022999883		0.8551505208015442		1.214773711938858		0.09098858869075775		0.1819771773815155
585		20.405417302972637		0.8899878859519958		1.2520515386724471		0.08452086334228516		0.16904172668457032
586		20.373297259997344		0.8534339666366577		1.2183929799485207		0.13549138237833977		0.27098276475667954
587		20.315294444008032		0.8553505539894104		1.2162697227978707		0.11912876496911048		0.23825752993822097
588		20.37681200701627		0.8731930255889893		1.2353466298604012		0.09937970309257507		0.19875940618515014
589		20.50309181099874		0.8367781639099121		1.1992813450288773		0.08556815674602986		0.1711363134920597
590		20.379451805987628		0.872752845287323		1.2307651682448386		0.12440382440686226		0.24880764881372452
591		20.419063168985303		0.8525365591049194		1.2133882728075982		0.08579342475235462		0.17158684950470923
592		20.40411852998659		0.903088390827179		1.2554097507858277		0.11496098844408989		0.22992197688817978
593		20.431335500994464		0.8499675393104553		1.2192533153629304		0.13078191260099412		0.26156382520198823
594		20.20325051099644		0.8903786540031433		1.2509630099987983		0.08888395597040653		0.17776791194081307
595		20.13357891800115		0.8655705451965332		1.223320319402218		0.08424254841804504		0.1684850968360901
596		20.090619288996095		0.8765025734901428		1.2363847462821007		0.10734894320964813		0.21469788641929627
597		20.20151720600552		0.8611855506896973		1.2227252993130684		0.10099336854815483		0.20198673709630965
598		20.170463746995665		0.8302938938140869		1.1961911263537406		0.11114279713332653		0.22228559426665306
599		20.132392822997645		0.8111933469772339		1.1774968986701966		0.08354335385560989		0.16708670771121978
600		20.051470704987878		0.8982279300689697		1.2566863928103447		0.08358087809681893		0.16716175619363785
601		20.144387268985156		0.8482223749160767		1.2105895937132836		0.0850804769039154		0.1701609538078308
602		20.151325390004786		0.848474383354187		1.2100159517860412		0.091622509136796		0.183245018273592
603		20.164087028009817		0.8540742993354797		1.2164451298165322		0.1098520787358284		0.2197041574716568
604		20.151434751984198		0.8557553887367249		1.2196617822146416		0.1621869647026062		0.3243739294052124
605		20.182554107013857		0.856289803981781		1.2170389276385307		0.08603624746203423		0.17207249492406845
606		20.158631400001468		0.8611118793487549		1.223666973259449		0.17929258009791374		0.3585851601958275
607		20.162709897995228		0.8449174165725708		1.2042317947220802		0.08289440643489361		0.16578881286978722
608		20.12683271401329		0.8540759086608887		1.2147286710166931		0.11209280581474304		0.22418561162948608
609		20.303768047015183		0.845539927482605		1.2115172822380067		0.0973162616699934		0.1946325233399868
610		20.243903558002785		0.8242924809455872		1.190859135298729		0.11647343257665634		0.23294686515331267
611		20.294303654984105		0.8311246633529663		1.1976527346301078		0.1090458542406559		0.2180917084813118
612		20.181659672001842		0.8550938963890076		1.2174164444828033		0.14696318637728692		0.29392637275457384
613		20.220205268997233		0.81998211145401		1.1817352148652076		0.08500631565451622		0.17001263130903244
614		20.301566681009717		0.8211908936500549		1.1892044676947593		0.09045565865933895		0.1809113173186779
615		20.416160257009324		0.8420072197914124		1.2054248135185242		0.10296764947175979		0.20593529894351958
616		20.318348668981344		0.8255432844161987		1.1959846147060393		0.12384252999424934		0.24768505998849868
617		20.45995106699411		0.8248639702796936		1.1845726768779754		0.08239393698573112		0.16478787397146225
618		20.306047032005154		0.8586485981941223		1.2116018530416488		0.08219858528971673		0.16439717057943345
619		20.291028481995454		0.8044945001602173		1.1715633302664756		0.08260175516009331		0.16520351032018663
620		20.332649996998953		0.8485845923423767		1.2107785369062423		0.08491543580591679		0.16983087161183358
621		20.31600506399991		0.8192005753517151		1.179137171726227		0.10359696029424667		0.20719392058849334
622		20.33573655699729		0.83628249168396		1.1990840818643569		0.08805239662826062		0.17610479325652123
623		20.25892944599036		0.8259813785552979		1.1955556473851203		0.09650914511978627		0.19301829023957254
624		20.321607087011216		0.8055105209350586		1.1731860602879525		0.11870377751588822		0.23740755503177643
625		20.22407041300903		0.830829381942749		1.1944097040700912		0.08386114580333233		0.16772229160666466
626		20.27151285400032		0.8450630307197571		1.2098030839395524		0.08210640036165714		0.1642128007233143
627		20.263186959986342		0.8197916150093079		1.1839040300822259		0.09130178866386414		0.18260357732772828
628		20.380862316000275		0.8355574607849121		1.1960679784917831		0.10569395058751106		0.21138790117502212
629		20.318935261981096		0.8156595826148987		1.1829318250441552		0.18024547221064569		0.36049094442129137
630		20.16576498799259		0.8174710869789124		1.1796402926230432		0.08626123972535134		0.17252247945070268
631		20.146078316989588		0.821714460849762		1.1872920402956009		0.08158694767057896		0.16317389534115792
632		20.160275597008877		0.8153420686721802		1.179727068924904		0.08760871230065823		0.17521742460131645
633		20.324349393020384		0.824212372303009		1.1880568248796464		0.08133754053711892		0.16267508107423784
634		20.36504032200901		0.8199424147605896		1.1840368023180963		0.08211845398843289		0.16423690797686577
635		20.312370216997806		0.8170660734176636		1.180971355445385		0.15309251201748847		0.30618502403497694
636		20.29017078099423		0.8160978555679321		1.1826455134510994		0.08172316372990608		0.16344632745981216
637		20.200846826977795		0.8084942698478699		1.1716365189552307		0.08814165050685406		0.17628330101370812
638		20.236877775983885		0.7988448739051819		1.1638077746486664		0.0815959137827158		0.1631918275654316
639		20.27115869699628		0.8267388343811035		1.193653923418522		0.08892943187952042		0.17785886375904084
640		20.295330338005442		0.8041545152664185		1.1701785729002954		0.11319247396588325		0.2263849479317665
641		20.310618914023507		0.813450813293457		1.1772512620282174		0.08658040373921394		0.17316080747842788
642		20.324946306005586		0.8191667795181274		1.1764306469392776		0.08104170849323272		0.16208341698646545
643		20.302933430008125		0.8133308291435242		1.1868419730997086		0.08289749885201454		0.16579499770402908
644		20.33931535499869		0.8149595260620117		1.1849609490978719		0.08078561435341836		0.1615712287068367
645		20.30671661402448		0.8075659275054932		1.1724894131827355		0.08789331640899181		0.17578663281798362
646		20.312427720986307		0.82530677318573		1.189057924258709		0.08134164301455021		0.16268328602910043
647		20.320924820989603		0.8060694336891174		1.1741973768019676		0.08373884758651257		0.16747769517302513
648		20.305675938987406		0.8139104247093201		1.1829951710176467		0.0809832916766405		0.161966583353281
649		20.321165961999213		0.8017687797546387		1.1706440992236138		0.08065975112915039		0.16131950225830077
650		20.290094986004988		0.8030456900596619		1.1708466562008857		0.08157747980952262		0.16315495961904525
651		20.287605705001624		0.7972255349159241		1.1625139662265778		0.0808388999670744		0.1616777999341488
652		20.348969127982855		0.7899568676948547		1.1576607674169541		0.08480592271387577		0.16961184542775154
653		20.355810767010553		0.8020704388618469		1.1721287094330788		0.08424457423090935		0.1684891484618187
654		20.326087371009635		0.7994139790534973		1.1680099495887757		0.094519182112813		0.189038364225626
655		20.243244746990968		0.7973983883857727		1.1648114108014107		0.11718230140209197		0.23436460280418395
656		20.228355107014067		0.7952443361282349		1.160698593811989		0.08093769915401935		0.1618753983080387
657		20.353767546999734		0.7916315197944641		1.1565100956153869		0.08302384662628173		0.16604769325256347
658		20.366247745987494		0.7975033521652222		1.1603603084397316		0.10673140201866627		0.21346280403733253
659		20.324176266003633		0.7954933643341064		1.160054244670868		0.080458736500144		0.160917473000288
660		20.37729823202244		0.7958624958992004		1.1657784855031967		0.08565012942254543		0.17130025884509087
661		20.41829633200541		0.7939057350158691		1.1616518127930164		0.08025045458972455		0.1605009091794491
662		20.2096488160023		0.7857334017753601		1.145305888068676		0.08028665779531002		0.16057331559062005
663		20.218710189976264		0.79463130235672		1.1624161102485657		0.08311026930212975		0.1662205386042595
664		20.2408956180152		0.8015949130058289		1.1681649465203285		0.09953491013646126		0.19906982027292253
665		20.313234088011086		0.800300657749176		1.1676357130861281		0.07993528142869473		0.15987056285738946
666		20.307842053007334		0.7871713042259216		1.156270431098938		0.0978469796717167		0.1956939593434334
667		20.38341711301473		0.792231023311615		1.1595351314091682		0.08372624145448208		0.16745248290896417
668		20.24387396298698		0.7879347205162048		1.156032510535717		0.07969490868151188		0.15938981736302377
669		20.26913300601882		0.7886767983436584		1.1514682450699807		0.08053669816851616		0.16107339633703233
670		20.26133876500535		0.7940912246704102		1.165023482964039		0.07998221485316753		0.15996442970633507
671		20.222522953001317		0.7998661398887634		1.1600871955084802		0.08493803317844868		0.16987606635689737
672		20.402813622000394		0.7861294150352478		1.1509366810584067		0.07974430811703205		0.1594886162340641
673		20.47868665601709		0.8046258687973022		1.1693383101463317		0.08534343206882476		0.17068686413764952
674		20.41702541100676		0.7907566428184509		1.1576373742842674		0.0807857402741909		0.1615714805483818
675		20.38814060599543		0.783673882484436		1.1480382938361169		0.08072833086252212		0.16145666172504425
676		20.481650203990284		0.7783367037773132		1.1427404693508147		0.07981210408210754		0.15962420816421508
677		20.47056511801202		0.7910453081130981		1.1573990472245217		0.07981503788232804		0.15963007576465607
678		20.470083454012638		0.7764667272567749		1.1464072330760955		0.07956922815740108		0.15913845631480217
679		20.298175370000536		0.7867435216903687		1.1492707608294488		0.0808184078335762		0.1616368156671524
680		20.24886631499976		0.7736914753913879		1.1375180826616287		0.08524312980175018		0.17048625960350036
681		20.300112906988943		0.7985935211181641		1.156813934466839		0.08911476438343525		0.1782295287668705
682		20.358655841992004		0.7858977317810059		1.1528754694223404		0.07928085157871247		0.15856170315742493
683		20.270107246993575		0.7822637557983398		1.1450362071418763		0.08745190969407558		0.17490381938815117
684		20.23307595899678		0.7815465331077576		1.1516436426758767		0.08010961440503597		0.16021922881007195
685		20.207895764004206		0.7821624875068665		1.1466714724385738		0.08224241260886192		0.16448482521772384
686		20.201431710011093		0.7759242653846741		1.1401957459712029		0.08099208223819733		0.16198416447639466
687		20.319879745016806		0.7827787399291992		1.1456994717788695		0.08356703720986842		0.16713407441973685
688		20.28734762998647		0.7912032604217529		1.1530673690867423		0.1006878582984209		0.2013757165968418
689		20.237993226008257		0.7776581048965454		1.1450171984267234		0.08832962581813335		0.1766592516362667
690		20.295640933996765		0.7809154391288757		1.1462177831864357		0.07981201567649841		0.15962403135299683
691		20.362336846999824		0.7875332832336426		1.1491403609538078		0.07929904117584229		0.15859808235168457
692		20.353100925014587		0.7844083905220032		1.1514146120786666		0.1091148041844368		0.2182296083688736
693		20.37466427500476		0.7778982520103455		1.1424428484511375		0.07980735788345338		0.15961471576690675
694		20.30216436399496		0.7728357911109924		1.1377580288660527		0.07959711406230927		0.15919422812461853
695		20.475233384000603		0.7764337062835693		1.1414933263349534		0.08973025807738304		0.17946051615476608
696		20.28594352400978		0.7768521904945374		1.1411470344471932		0.07923309466540814		0.15846618933081627
697		20.248904434993165		0.7713475823402405		1.1350667101335525		0.07894855867028236		0.15789711734056472
698		20.25621796498308		0.7705010175704956		1.1324822307157516		0.07930075091421604		0.15860150182843208
699		20.277857987995958		0.7700406908988953		1.1358276151251794		0.08194024227559567		0.16388048455119134
700		20.14107445400441		0.7722129225730896		1.1353786906743049		0.11146031131148339		0.22292062262296677
701		20.2938943199988		0.771711528301239		1.135784639160633		0.07915742515921592		0.15831485031843184
702		20.256687451998005		0.7783439755439758		1.140474947450161		0.07873071503937244		0.15746143007874489
703		20.33684098001686		0.7697857022285461		1.135573625458479		0.11842811924815178		0.23685623849630355
704		20.24562518199673		0.7703569531440735		1.1361997982406615		0.08020853747427463		0.16041707494854926
705		20.29877843800932		0.7732300758361816		1.1333251609706878		0.07851307289600372		0.15702614579200744
706		20.47850849601673		0.7713605165481567		1.1346583970236779		0.08177454623579979		0.16354909247159957
707		20.402982183994027		0.7765205502510071		1.1375712022829056		0.07846421923637391		0.15692843847274782
708		20.21581723098643		0.7789490222930908		1.1415572104918956		0.0803125518232584		0.1606251036465168
709		20.150084330991376		0.7715728878974915		1.1354086774551868		0.07840575596392155		0.1568115119278431
710		20.169310240016785		0.7758704423904419		1.1373903201985358		0.07878723233938217		0.15757446467876435
711		20.195117774012033		0.7703617215156555		1.1315745661568641		0.0970991707354784		0.1941983414709568
712		20.182672844006447		0.7658330798149109		1.1290733909869195		0.07857982800006866		0.15715965600013732
713		20.294219756993698		0.7720802426338196		1.1333874428033828		0.07858548114299774		0.15717096228599547
714		20.31543625300401		0.7673572301864624		1.1297552501702308		0.07865893503725528		0.15731787007451056
715		20.288051025010645		0.7701860070228577		1.1324418567824364		0.07829792162179947		0.15659584324359893
716		20.25979158899281		0.7709605097770691		1.1301036846709251		0.07940421341061592		0.15880842682123184
717		20.39618348600925		0.7752797603607178		1.139278309442997		0.07834315841794014		0.15668631683588027
718		20.251029883977026		0.7713226079940796		1.129949522087574		0.08730647749900818		0.17461295499801635
719		20.212375017028535		0.7730390429496765		1.1336606805813312		0.07815315353870392		0.15630630707740784
720		20.20036258100299		0.7723621726036072		1.1323631766927242		0.07815734224617481		0.15631468449234961
721		20.26942389801843		0.7699257731437683		1.1305519598245621		0.08256473253369331		0.16512946506738663
722		20.269918684003642		0.7681140303611755		1.1266357745671272		0.0832858254134655		0.166571650826931
723		20.275430019013584		0.770149290561676		1.1326926059269906		0.07821026703715324		0.15642053407430648
724		20.297272251016693		0.767302393913269		1.1273557383656503		0.078344606462121		0.156689212924242
725		20.140460789989447		0.7672964930534363		1.1282721725296974		0.07882833050191403		0.15765666100382805
726		20.199650071997894		0.7702094912528992		1.129104253129959		0.07814546803236008		0.15629093606472017
727		20.248318973986898		0.7670695185661316		1.1286959389472009		0.07837167825102806		0.15674335650205612
728		20.317457468016073		0.7681717276573181		1.130849812861681		0.07841259497404099		0.15682518994808198
729		20.359361780982		0.7657464742660522		1.1254583176922799		0.07797199894487858		0.15594399788975716
730		20.194818585994653		0.7699663639068604		1.129227982916832		0.07855629878044128		0.15711259756088256
731		20.248704473982798		0.7672054767608643		1.1301133036804198		0.07801468969285488		0.15602937938570977
732		20.14763302402571		0.7730617523193359		1.1315794729399682		0.07796220622360707		0.15592441244721414
733		20.14572482201038		0.7677791714668274		1.1290366347789764		0.07822346651256085		0.1564469330251217
734		20.105025124998065		0.7647395730018616		1.127827991054058		0.07867408730685711		0.15734817461371423
735		20.31301694602007		0.767401933670044		1.1268683550977707		0.07800301045179367		0.15600602090358734
736		20.322476111003198		0.7698186635971069		1.1280217666339873		0.07811657518148422		0.15623315036296845
737		20.256354843004374		0.7666460871696472		1.1259578844809532		0.07817807460129261		0.15635614920258523
738		20.303316705016186		0.7678534388542175		1.1234326199007034		0.07797389365434647		0.15594778730869294
739		20.26484854600858		0.7744432687759399		1.1355746097445487		0.08110451476573945		0.1622090295314789
740		20.264378922001924		0.7654308676719666		1.1255209175133705		0.07791923004984856		0.15583846009969712
741		20.25037969200639		0.7648051381111145		1.1256473199868202		0.07813559227585792		0.15627118455171585
742		20.231061661004787		0.7677922248840332		1.126656718158722		0.07811554412543774		0.15623108825087548
743		20.28793775898521		0.7694267630577087		1.1286658956086635		0.07782801077663898		0.15565602155327796
744		20.21606174999033		0.766436755657196		1.1254471596217155		0.07852330383956432		0.15704660767912865
745		20.352548266993836		0.766674816608429		1.1256884881591798		0.07780652768313885		0.1556130553662777
746		20.249992324999766		0.7682098150253296		1.1246105066227914		0.07779908697009087		0.15559817394018174
747		20.30164080800023		0.7653281688690186		1.1245458262836934		0.07783367177248002		0.15566734354496004
748		20.312334333983017		0.7666881084442139		1.1264775654339791		0.07825838081240653		0.15651676162481307
749		20.30508380601532		0.7649511694908142		1.1240278820180893		0.07776719424128532		0.15553438848257065
750		20.219737345003523		0.7673118710517883		1.124506164524555		0.07772880709171295		0.1554576141834259
751		20.251762014988344		0.7662048935890198		1.1229729309630394		0.07783687642812728		0.15567375285625457
752		20.29895255100564		0.7657907605171204		1.124522045071125		0.07782125793397426		0.15564251586794853
753		20.359871994995046		0.7657610177993774		1.123789798693657		0.07787251131236553		0.15574502262473106
754		20.361676478001755		0.763961672782898		1.1217864628958703		0.07771502091586589		0.15543004183173179
755		20.347084164997796		0.7663748264312744		1.1226901761698722		0.07775541108250618		0.15551082216501236
756		20.311123759980546		0.7640475034713745		1.1229763634324075		0.07776714039146901		0.15553428078293802
757		20.40795946700382		0.7656210660934448		1.1246601607942581		0.0776940731793642		0.1553881463587284
758		20.324100022000493		0.7635255455970764		1.1221489976358414		0.07777498705983162		0.15554997411966323
759		20.35021755102207		0.7657986283302307		1.1206510788130761		0.07770570701658726		0.15541141403317452
760		20.501288061990635		0.7661078572273254		1.1221970215582848		0.07767618084847927		0.15535236169695854
761		20.448169523995603		0.7645989060401917		1.1223090141916274		0.07772779532074928		0.15545559064149855
762		20.385570957005257		0.7657110691070557		1.12345217659235		0.07770989063382149		0.15541978126764297
763		20.478663109999616		0.7648693323135376		1.1215327516508102		0.07767264622151851		0.15534529244303702
764		20.212421074975282		0.7660832405090332		1.1223971203804015		0.07768625133037567		0.15537250266075134
765		20.38036221600487		0.7638950347900391		1.1226885294866562		0.07765009725391865		0.1553001945078373
766		20.314376244001323		0.7674153447151184		1.1225606911337376		0.07770090245306492		0.15540180490612984
767		20.257092518993886		0.7617127299308777		1.1186590565395356		0.07767513948678971		0.15535027897357942
768		20.32466353100608		0.7655640244483948		1.122663466219902		0.07767177613675594		0.15534355227351188
769		20.24994325399166		0.76613450050354		1.121885472021103		0.07771545886993408		0.15543091773986817
770		20.322257049003383		0.7646417617797852		1.1210670031809806		0.07985633803308011		0.15971267606616021
771		20.331073737994302		0.7648526430130005		1.1219933713316916		0.07767700264453888		0.15535400528907775
772		20.319724339002278		0.7646993398666382		1.1201355911159516		0.0776455347031355		0.155291069406271
773		20.3100649699918		0.7657588124275208		1.1194571602201462		0.07769475447237492		0.15538950894474984
774		20.237904437002726		0.7634056806564331		1.1212448233532906		0.07765602315068244		0.1553120463013649
775		20.34920249899733		0.7655534744262695		1.1225410124969482		0.07764941238760949		0.15529882477521897
776		20.37130796999554		0.7640649080276489		1.1207711781072616		0.07763262464106083		0.15526524928212165
777		20.247895225009415		0.7655272483825684		1.1223984364175796		0.07764115659892559		0.15528231319785119
778		20.230109469994204		0.7627822756767273		1.119262396018505		0.07764298746287823		0.15528597492575646
779		20.470446583989542		0.7661253213882446		1.121520970609188		0.07761383490860463		0.15522766981720926
780		20.55699186300626		0.7648624777793884		1.120085461217165		0.07764709760844707		0.15529419521689414
781		20.553037956997287		0.7657967209815979		1.1219096593761444		0.0776206433057785		0.155241286611557
782		20.530724985001143		0.7652807831764221		1.1226149209022522		0.07762514708936215		0.1552502941787243
783		20.36962054600008		0.7652746438980103		1.1200460823917389		0.07762414001524448		0.15524828003048896
784		20.466451688000234		0.7679510116577148		1.12298266102314		0.07762391661703587		0.15524783323407174
785		20.506407234002836		0.7668216824531555		1.1215137924480438		0.07764424571990967		0.15528849143981935
786		20.2913926159963		0.7665278911590576		1.1205349801027775		0.07763761038184167		0.15527522076368333
787		20.336685866001062		0.7644098401069641		1.120473226994276		0.07764025187194347		0.15528050374388694
788		20.38694917500834		0.7667604684829712		1.12184514985919		0.0776271234124899		0.1552542468249798
789		20.501275988994166		0.7654684782028198		1.121288788564205		0.07762739558815956		0.15525479117631913
790		20.453464573976817		0.766326904296875		1.1221510681414604		0.07762999001443387		0.15525998002886773
791		20.235555333987577		0.7653743624687195		1.1206598440134525		0.07761721678972244		0.15523443357944489
792		20.24480358697474		0.7654781341552734		1.121132238562107		0.07762310273349285		0.1552462054669857
793		20.29356307198759		0.7659710645675659		1.1204564165520667		0.07762349325418472		0.15524698650836943
794		20.245097713021096		0.7658157348632812		1.121486245881319		0.07762307834923267		0.15524615669846534
795		20.28304626099998		0.7643229365348816		1.1205600524806976		0.07762421899735927		0.15524843799471855
796		20.316218555002706		0.7641599774360657		1.118615792322159		0.07762462737560272		0.15524925475120543
797		20.487240475980798		0.7654380202293396		1.1218152284240723		0.07762365263402463		0.15524730526804925
798		20.47594811700401		0.7648460865020752		1.1220186722254752		0.07762356516122818		0.15524713032245635
799		20.45068753202213		0.7670353055000305		1.1212422054743767		0.07762355015873909		0.15524710031747818